Archive member included because of file (symbol)

/usr/bin/../lib/gcc/arm-none-eabi/4.9.3/armv7-m/libgcc.a(_arm_addsubdf3.o)
                              build/src/bluetooth.o (__aeabi_dsub)
/usr/bin/../lib/gcc/arm-none-eabi/4.9.3/armv7-m/libgcc.a(_arm_muldivdf3.o)
                              build/src/battery.o (__aeabi_dmul)
/usr/bin/../lib/gcc/arm-none-eabi/4.9.3/armv7-m/libgcc.a(_arm_cmpdf2.o)
                              build/src/battery.o (__aeabi_dcmplt)
/usr/bin/../lib/gcc/arm-none-eabi/4.9.3/armv7-m/libgcc.a(_arm_fixunsdfsi.o)
                              build/src/battery.o (__aeabi_d2uiz)
/usr/bin/../lib/gcc/arm-none-eabi/4.9.3/armv7-m/libgcc.a(_arm_truncdfsf2.o)
                              build/src/battery.o (__aeabi_d2f)
/usr/bin/../lib/gcc/arm-none-eabi/4.9.3/armv7-m/libgcc.a(_arm_addsubsf3.o)
                              build/src/battery.o (__aeabi_i2f)
/usr/bin/../lib/gcc/arm-none-eabi/4.9.3/armv7-m/libgcc.a(_arm_cmpsf2.o)
                              build/src/battery.o (__aeabi_fcmpgt)
/usr/bin/../lib/gcc/arm-none-eabi/4.9.3/../../../../arm-none-eabi/lib/armv7-m/libg.a(lib_a-exit.o)
                              /usr/bin/../lib/gcc/arm-none-eabi/4.9.3/../../../../arm-none-eabi/lib/armv7-m/crt0.o (exit)
/usr/bin/../lib/gcc/arm-none-eabi/4.9.3/../../../../arm-none-eabi/lib/armv7-m/libg.a(lib_a-impure.o)
                              /usr/bin/../lib/gcc/arm-none-eabi/4.9.3/../../../../arm-none-eabi/lib/armv7-m/libg.a(lib_a-exit.o) (_global_impure_ptr)
/usr/bin/../lib/gcc/arm-none-eabi/4.9.3/../../../../arm-none-eabi/lib/armv7-m/libg.a(lib_a-init.o)
                              /usr/bin/../lib/gcc/arm-none-eabi/4.9.3/../../../../arm-none-eabi/lib/armv7-m/crt0.o (__libc_init_array)
/usr/bin/../lib/gcc/arm-none-eabi/4.9.3/../../../../arm-none-eabi/lib/armv7-m/libg.a(lib_a-memset.o)
                              /usr/bin/../lib/gcc/arm-none-eabi/4.9.3/../../../../arm-none-eabi/lib/armv7-m/crt0.o (memset)
/usr/bin/../lib/gcc/arm-none-eabi/4.9.3/../../../../arm-none-eabi/lib/armv7-m/libg.a(lib_a-__call_atexit.o)
                              /usr/bin/../lib/gcc/arm-none-eabi/4.9.3/../../../../arm-none-eabi/lib/armv7-m/libg.a(lib_a-exit.o) (__call_exitprocs)
/usr/bin/../lib/gcc/arm-none-eabi/4.9.3/../../../../arm-none-eabi/lib/armv7-m/libg.a(lib_a-atexit.o)
                              /usr/bin/../lib/gcc/arm-none-eabi/4.9.3/../../../../arm-none-eabi/lib/armv7-m/libg.a(lib_a-__call_atexit.o) (atexit)
/usr/bin/../lib/gcc/arm-none-eabi/4.9.3/../../../../arm-none-eabi/lib/armv7-m/libg.a(lib_a-fini.o)
                              /usr/bin/../lib/gcc/arm-none-eabi/4.9.3/../../../../arm-none-eabi/lib/armv7-m/libg.a(lib_a-__call_atexit.o) (__libc_fini_array)
/usr/bin/../lib/gcc/arm-none-eabi/4.9.3/../../../../arm-none-eabi/lib/armv7-m/libg.a(lib_a-__atexit.o)
                              /usr/bin/../lib/gcc/arm-none-eabi/4.9.3/../../../../arm-none-eabi/lib/armv7-m/libg.a(lib_a-atexit.o) (__register_exitproc)
/usr/bin/../lib/gcc/arm-none-eabi/4.9.3/../../../../arm-none-eabi/lib/armv7-m/libnosys.a(_exit.o)
                              /usr/bin/../lib/gcc/arm-none-eabi/4.9.3/../../../../arm-none-eabi/lib/armv7-m/libg.a(lib_a-exit.o) (_exit)
/usr/bin/../lib/gcc/arm-none-eabi/4.9.3/../../../../arm-none-eabi/lib/armv7-m/libm.a(lib_a-s_round.o)
                              build/src/bluetooth.o (round)

Allocating common symbols
Common symbol       size              file

batteryCapacity     0x1               build/src/battery.o

Discarded input sections

 .debug_frame   0x0000000000000000       0x30 /usr/bin/../lib/gcc/arm-none-eabi/4.9.3/../../../../arm-none-eabi/lib/armv7-m/libm.a(lib_a-s_round.o)
 .ARM.attributes
                0x0000000000000000       0x2d /usr/bin/../lib/gcc/arm-none-eabi/4.9.3/../../../../arm-none-eabi/lib/armv7-m/libm.a(lib_a-s_round.o)

Memory Configuration

Name             Origin             Length             Attributes
FLASH            0x0000000008000000 0x0000000000080000 xr
RAM              0x0000000020000000 0x0000000000014000 xrw
MEMORY_B1        0x0000000060000000 0x0000000000000000 xr
*default*        0x0000000000000000 0xffffffffffffffff

Linker script and memory map

LOAD /usr/bin/../lib/gcc/arm-none-eabi/4.9.3/armv7-m/crti.o
LOAD /usr/bin/../lib/gcc/arm-none-eabi/4.9.3/armv7-m/crtbegin.o
LOAD /usr/bin/../lib/gcc/arm-none-eabi/4.9.3/../../../../arm-none-eabi/lib/armv7-m/crt0.o
LOAD build/src/main.o
LOAD build/src/system_stm32l1xx.o
LOAD build/src/startup_stm32l1xx_xl.o
LOAD build/src/battery.o
LOAD build/src/bluetooth.o
START GROUP
LOAD /usr/bin/../lib/gcc/arm-none-eabi/4.9.3/armv7-m/libgcc.a
LOAD /usr/bin/../lib/gcc/arm-none-eabi/4.9.3/../../../../arm-none-eabi/lib/armv7-m/libg.a
LOAD /usr/bin/../lib/gcc/arm-none-eabi/4.9.3/../../../../arm-none-eabi/lib/armv7-m/libc.a
END GROUP
START GROUP
LOAD /usr/bin/../lib/gcc/arm-none-eabi/4.9.3/armv7-m/libgcc.a
LOAD /usr/bin/../lib/gcc/arm-none-eabi/4.9.3/../../../../arm-none-eabi/lib/armv7-m/libc.a
LOAD /usr/bin/../lib/gcc/arm-none-eabi/4.9.3/../../../../arm-none-eabi/lib/armv7-m/libnosys.a
END GROUP
LOAD /usr/bin/../lib/gcc/arm-none-eabi/4.9.3/armv7-m/crtend.o
LOAD /usr/bin/../lib/gcc/arm-none-eabi/4.9.3/armv7-m/crtn.o
                0x0000000020014000                _estack = 0x20014000
                0x0000000000000200                _Min_Heap_Size = 0x200
                0x0000000000000400                _Min_Stack_Size = 0x400

.isr_vector     0x0000000008000000      0x13c
                0x0000000008000000                . = ALIGN (0x4)
 *(.isr_vector)
 .isr_vector    0x0000000008000000      0x13c build/src/startup_stm32l1xx_xl.o
                0x0000000008000000                g_pfnVectors
                0x000000000800013c                . = ALIGN (0x4)

.text           0x0000000008000140     0x1848
                0x0000000008000140                . = ALIGN (0x4)
 *(.text)
 .text          0x0000000008000140        0x0 /usr/bin/../lib/gcc/arm-none-eabi/4.9.3/armv7-m/crti.o
 .text          0x0000000008000140       0x5c /usr/bin/../lib/gcc/arm-none-eabi/4.9.3/armv7-m/crtbegin.o
 .text          0x000000000800019c       0x74 /usr/bin/../lib/gcc/arm-none-eabi/4.9.3/../../../../arm-none-eabi/lib/armv7-m/crt0.o
                0x000000000800019c                _mainCRTStartup
                0x000000000800019c                _start
 .text          0x0000000008000210        0xc build/src/main.o
                0x0000000008000210                main
 .text          0x000000000800021c      0x2d8 build/src/system_stm32l1xx.o
                0x000000000800021c                SystemInit
                0x0000000008000280                SystemCoreClockUpdate
 .text          0x00000000080004f4       0x14 build/src/startup_stm32l1xx_xl.o
 .text          0x0000000008000508      0x22c build/src/battery.o
                0x0000000008000508                battery_ADC1_Init
                0x0000000008000708                ADC1_IRQHandler
 *fill*         0x0000000008000734        0x4 
 .text          0x0000000008000738      0x1e8 build/src/bluetooth.o
                0x0000000008000914                USART1_IRQHandler
 .text          0x0000000008000920      0x370 /usr/bin/../lib/gcc/arm-none-eabi/4.9.3/armv7-m/libgcc.a(_arm_addsubdf3.o)
                0x0000000008000920                __aeabi_drsub
                0x0000000008000928                __aeabi_dsub
                0x0000000008000928                __subdf3
                0x000000000800092c                __adddf3
                0x000000000800092c                __aeabi_dadd
                0x0000000008000ba4                __aeabi_ui2d
                0x0000000008000ba4                __floatunsidf
                0x0000000008000bc4                __floatsidf
                0x0000000008000bc4                __aeabi_i2d
                0x0000000008000be8                __extendsfdf2
                0x0000000008000be8                __aeabi_f2d
                0x0000000008000c24                __aeabi_ul2d
                0x0000000008000c24                __floatundidf
                0x0000000008000c34                __floatdidf
                0x0000000008000c34                __aeabi_l2d
 .text          0x0000000008000c90      0x424 /usr/bin/../lib/gcc/arm-none-eabi/4.9.3/armv7-m/libgcc.a(_arm_muldivdf3.o)
                0x0000000008000c90                __aeabi_dmul
                0x0000000008000c90                __muldf3
                0x0000000008000ee4                __aeabi_ddiv
                0x0000000008000ee4                __divdf3
 .text          0x00000000080010b4      0x110 /usr/bin/../lib/gcc/arm-none-eabi/4.9.3/armv7-m/libgcc.a(_arm_cmpdf2.o)
                0x00000000080010b4                __gtdf2
                0x00000000080010b4                __gedf2
                0x00000000080010bc                __ltdf2
                0x00000000080010bc                __ledf2
                0x00000000080010c4                __cmpdf2
                0x00000000080010c4                __eqdf2
                0x00000000080010c4                __nedf2
                0x0000000008001140                __aeabi_cdrcmple
                0x0000000008001150                __aeabi_cdcmple
                0x0000000008001150                __aeabi_cdcmpeq
                0x0000000008001160                __aeabi_dcmpeq
                0x0000000008001174                __aeabi_dcmplt
                0x0000000008001188                __aeabi_dcmple
                0x000000000800119c                __aeabi_dcmpge
                0x00000000080011b0                __aeabi_dcmpgt
 .text          0x00000000080011c4       0x40 /usr/bin/../lib/gcc/arm-none-eabi/4.9.3/armv7-m/libgcc.a(_arm_fixunsdfsi.o)
                0x00000000080011c4                __fixunsdfsi
                0x00000000080011c4                __aeabi_d2uiz
 .text          0x0000000008001204       0xa0 /usr/bin/../lib/gcc/arm-none-eabi/4.9.3/armv7-m/libgcc.a(_arm_truncdfsf2.o)
                0x0000000008001204                __aeabi_d2f
                0x0000000008001204                __truncdfsf2
 .text          0x00000000080012a4      0x21c /usr/bin/../lib/gcc/arm-none-eabi/4.9.3/armv7-m/libgcc.a(_arm_addsubsf3.o)
                0x00000000080012a4                __aeabi_frsub
                0x00000000080012ac                __subsf3
                0x00000000080012ac                __aeabi_fsub
                0x00000000080012b0                __aeabi_fadd
                0x00000000080012b0                __addsf3
                0x0000000008001410                __aeabi_ui2f
                0x0000000008001410                __floatunsisf
                0x0000000008001418                __aeabi_i2f
                0x0000000008001418                __floatsisf
                0x0000000008001434                __floatundisf
                0x0000000008001434                __aeabi_ul2f
                0x0000000008001444                __floatdisf
                0x0000000008001444                __aeabi_l2f
 .text          0x00000000080014c0       0xec /usr/bin/../lib/gcc/arm-none-eabi/4.9.3/armv7-m/libgcc.a(_arm_cmpsf2.o)
                0x00000000080014c0                __gtsf2
                0x00000000080014c0                __gesf2
                0x00000000080014c8                __lesf2
                0x00000000080014c8                __ltsf2
                0x00000000080014d0                __nesf2
                0x00000000080014d0                __eqsf2
                0x00000000080014d0                __cmpsf2
                0x0000000008001530                __aeabi_cfrcmple
                0x0000000008001538                __aeabi_cfcmple
                0x0000000008001538                __aeabi_cfcmpeq
                0x0000000008001548                __aeabi_fcmpeq
                0x000000000800155c                __aeabi_fcmplt
                0x0000000008001570                __aeabi_fcmple
                0x0000000008001584                __aeabi_fcmpge
                0x0000000008001598                __aeabi_fcmpgt
 .text          0x00000000080015ac        0x0 /usr/bin/../lib/gcc/arm-none-eabi/4.9.3/../../../../arm-none-eabi/lib/armv7-m/libg.a(lib_a-exit.o)
 .text          0x00000000080015ac        0x0 /usr/bin/../lib/gcc/arm-none-eabi/4.9.3/../../../../arm-none-eabi/lib/armv7-m/libg.a(lib_a-impure.o)
 .text          0x00000000080015ac        0x0 /usr/bin/../lib/gcc/arm-none-eabi/4.9.3/../../../../arm-none-eabi/lib/armv7-m/libg.a(lib_a-init.o)
 .text          0x00000000080015ac        0x0 /usr/bin/../lib/gcc/arm-none-eabi/4.9.3/../../../../arm-none-eabi/lib/armv7-m/libg.a(lib_a-memset.o)
 .text          0x00000000080015ac        0x0 /usr/bin/../lib/gcc/arm-none-eabi/4.9.3/../../../../arm-none-eabi/lib/armv7-m/libg.a(lib_a-__call_atexit.o)
 .text          0x00000000080015ac        0x0 /usr/bin/../lib/gcc/arm-none-eabi/4.9.3/../../../../arm-none-eabi/lib/armv7-m/libg.a(lib_a-atexit.o)
 .text          0x00000000080015ac        0x0 /usr/bin/../lib/gcc/arm-none-eabi/4.9.3/../../../../arm-none-eabi/lib/armv7-m/libg.a(lib_a-fini.o)
 .text          0x00000000080015ac        0x0 /usr/bin/../lib/gcc/arm-none-eabi/4.9.3/../../../../arm-none-eabi/lib/armv7-m/libg.a(lib_a-__atexit.o)
 .text          0x00000000080015ac        0x0 /usr/bin/../lib/gcc/arm-none-eabi/4.9.3/../../../../arm-none-eabi/lib/armv7-m/libnosys.a(_exit.o)
 .text          0x00000000080015ac        0x0 /usr/bin/../lib/gcc/arm-none-eabi/4.9.3/armv7-m/crtend.o
 .text          0x00000000080015ac        0x0 /usr/bin/../lib/gcc/arm-none-eabi/4.9.3/armv7-m/crtn.o
 .text          0x00000000080015ac        0x0 /usr/bin/../lib/gcc/arm-none-eabi/4.9.3/../../../../arm-none-eabi/lib/armv7-m/libm.a(lib_a-s_round.o)
 *(.text*)
 .text.Reset_Handler
                0x00000000080015ac       0x48 build/src/startup_stm32l1xx_xl.o
                0x00000000080015ac                Reset_Handler
 .text.Default_Handler
                0x00000000080015f4        0x2 build/src/startup_stm32l1xx_xl.o
                0x00000000080015f4                RTC_Alarm_IRQHandler
                0x00000000080015f4                EXTI2_IRQHandler
                0x00000000080015f4                COMP_ACQ_IRQHandler
                0x00000000080015f4                DebugMon_Handler
                0x00000000080015f4                HardFault_Handler
                0x00000000080015f4                TIM10_IRQHandler
                0x00000000080015f4                USB_HP_IRQHandler
                0x00000000080015f4                TIM6_IRQHandler
                0x00000000080015f4                SysTick_Handler
                0x00000000080015f4                PVD_IRQHandler
                0x00000000080015f4                PendSV_Handler
                0x00000000080015f4                NMI_Handler
                0x00000000080015f4                EXTI3_IRQHandler
                0x00000000080015f4                EXTI0_IRQHandler
                0x00000000080015f4                I2C2_EV_IRQHandler
                0x00000000080015f4                UsageFault_Handler
                0x00000000080015f4                SPI1_IRQHandler
                0x00000000080015f4                USB_FS_WKUP_IRQHandler
                0x00000000080015f4                DMA2_Channel2_IRQHandler
                0x00000000080015f4                DMA1_Channel4_IRQHandler
                0x00000000080015f4                USART3_IRQHandler
                0x00000000080015f4                DMA1_Channel7_IRQHandler
                0x00000000080015f4                LCD_IRQHandler
                0x00000000080015f4                UART5_IRQHandler
                0x00000000080015f4                TIM4_IRQHandler
                0x00000000080015f4                DMA2_Channel1_IRQHandler
                0x00000000080015f4                I2C1_EV_IRQHandler
                0x00000000080015f4                DMA1_Channel6_IRQHandler
                0x00000000080015f4                UART4_IRQHandler
                0x00000000080015f4                DMA2_Channel4_IRQHandler
                0x00000000080015f4                TIM3_IRQHandler
                0x00000000080015f4                RCC_IRQHandler
                0x00000000080015f4                DMA1_Channel1_IRQHandler
                0x00000000080015f4                Default_Handler
                0x00000000080015f4                EXTI15_10_IRQHandler
                0x00000000080015f4                TIM7_IRQHandler
                0x00000000080015f4                TIM5_IRQHandler
                0x00000000080015f4                EXTI9_5_IRQHandler
                0x00000000080015f4                TIM9_IRQHandler
                0x00000000080015f4                TAMPER_STAMP_IRQHandler
                0x00000000080015f4                RTC_WKUP_IRQHandler
                0x00000000080015f4                SPI2_IRQHandler
                0x00000000080015f4                MemManage_Handler
                0x00000000080015f4                SVC_Handler
                0x00000000080015f4                DMA2_Channel5_IRQHandler
                0x00000000080015f4                DMA1_Channel5_IRQHandler
                0x00000000080015f4                USB_LP_IRQHandler
                0x00000000080015f4                EXTI4_IRQHandler
                0x00000000080015f4                DMA1_Channel3_IRQHandler
                0x00000000080015f4                COMP_IRQHandler
                0x00000000080015f4                WWDG_IRQHandler
                0x00000000080015f4                TIM2_IRQHandler
                0x00000000080015f4                DAC_IRQHandler
                0x00000000080015f4                EXTI1_IRQHandler
                0x00000000080015f4                AES_IRQHandler
                0x00000000080015f4                TIM11_IRQHandler
                0x00000000080015f4                USART2_IRQHandler
                0x00000000080015f4                I2C2_ER_IRQHandler
                0x00000000080015f4                DMA1_Channel2_IRQHandler
                0x00000000080015f4                FLASH_IRQHandler
                0x00000000080015f4                BusFault_Handler
                0x00000000080015f4                SPI3_IRQHandler
                0x00000000080015f4                I2C1_ER_IRQHandler
                0x00000000080015f4                DMA2_Channel3_IRQHandler
 *fill*         0x00000000080015f6        0x2 
 .text.exit     0x00000000080015f8       0x20 /usr/bin/../lib/gcc/arm-none-eabi/4.9.3/../../../../arm-none-eabi/lib/armv7-m/libg.a(lib_a-exit.o)
                0x00000000080015f8                exit
 .text.__libc_init_array
                0x0000000008001618       0x50 /usr/bin/../lib/gcc/arm-none-eabi/4.9.3/../../../../arm-none-eabi/lib/armv7-m/libg.a(lib_a-init.o)
                0x0000000008001618                __libc_init_array
 .text.memset   0x0000000008001668       0x9c /usr/bin/../lib/gcc/arm-none-eabi/4.9.3/../../../../arm-none-eabi/lib/armv7-m/libg.a(lib_a-memset.o)
                0x0000000008001668                memset
 .text.startup.register_fini
                0x0000000008001704       0x14 /usr/bin/../lib/gcc/arm-none-eabi/4.9.3/../../../../arm-none-eabi/lib/armv7-m/libg.a(lib_a-__call_atexit.o)
 .text.__call_exitprocs
                0x0000000008001718       0xd4 /usr/bin/../lib/gcc/arm-none-eabi/4.9.3/../../../../arm-none-eabi/lib/armv7-m/libg.a(lib_a-__call_atexit.o)
                0x0000000008001718                __call_exitprocs
 .text.atexit   0x00000000080017ec        0xc /usr/bin/../lib/gcc/arm-none-eabi/4.9.3/../../../../arm-none-eabi/lib/armv7-m/libg.a(lib_a-atexit.o)
                0x00000000080017ec                atexit
 .text.__libc_fini_array
                0x00000000080017f8       0x2c /usr/bin/../lib/gcc/arm-none-eabi/4.9.3/../../../../arm-none-eabi/lib/armv7-m/libg.a(lib_a-fini.o)
                0x00000000080017f8                __libc_fini_array
 .text.__register_exitproc
                0x0000000008001824       0xa4 /usr/bin/../lib/gcc/arm-none-eabi/4.9.3/../../../../arm-none-eabi/lib/armv7-m/libg.a(lib_a-__atexit.o)
                0x0000000008001824                __register_exitproc
 .text._exit    0x00000000080018c8        0x4 /usr/bin/../lib/gcc/arm-none-eabi/4.9.3/../../../../arm-none-eabi/lib/armv7-m/libnosys.a(_exit.o)
                0x00000000080018c8                _exit
 .text.round    0x00000000080018cc       0xa0 /usr/bin/../lib/gcc/arm-none-eabi/4.9.3/../../../../arm-none-eabi/lib/armv7-m/libm.a(lib_a-s_round.o)
                0x00000000080018cc                round
 *(.glue_7)
 .glue_7        0x0000000000000000        0x0 linker stubs
 *(.glue_7t)
 .glue_7t       0x0000000000000000        0x0 linker stubs
 *(.eh_frame)
 .eh_frame      0x000000000800196c        0x0 /usr/bin/../lib/gcc/arm-none-eabi/4.9.3/armv7-m/crtbegin.o
 .eh_frame      0x000000000800196c        0x4 /usr/bin/../lib/gcc/arm-none-eabi/4.9.3/armv7-m/crtend.o
 *(.init)
 .init          0x0000000008001970        0x4 /usr/bin/../lib/gcc/arm-none-eabi/4.9.3/armv7-m/crti.o
                0x0000000008001970                _init
 .init          0x0000000008001974        0x8 /usr/bin/../lib/gcc/arm-none-eabi/4.9.3/armv7-m/crtn.o
 *(.fini)
 .fini          0x000000000800197c        0x4 /usr/bin/../lib/gcc/arm-none-eabi/4.9.3/armv7-m/crti.o
                0x000000000800197c                _fini
 .fini          0x0000000008001980        0x8 /usr/bin/../lib/gcc/arm-none-eabi/4.9.3/armv7-m/crtn.o
                0x0000000008001988                . = ALIGN (0x4)
                0x0000000008001988                _etext = .

.vfp11_veneer   0x0000000008001988        0x0
 .vfp11_veneer  0x0000000000000000        0x0 linker stubs

.v4_bx          0x0000000008001988        0x0
 .v4_bx         0x0000000000000000        0x0 linker stubs

.iplt           0x0000000008001988        0x0
 .iplt          0x0000000000000000        0x0 /usr/bin/../lib/gcc/arm-none-eabi/4.9.3/armv7-m/crtbegin.o

.rodata         0x0000000008001988        0x8
                0x0000000008001988                . = ALIGN (0x4)
 *(.rodata)
 *(.rodata*)
 .rodata.str1.4
                0x0000000008001988        0x4 /usr/bin/../lib/gcc/arm-none-eabi/4.9.3/../../../../arm-none-eabi/lib/armv7-m/libg.a(lib_a-impure.o)
                                          0x2 (size before relaxing)
 .rodata._global_impure_ptr
                0x000000000800198c        0x4 /usr/bin/../lib/gcc/arm-none-eabi/4.9.3/../../../../arm-none-eabi/lib/armv7-m/libg.a(lib_a-impure.o)
                0x000000000800198c                _global_impure_ptr
                0x0000000008001990                . = ALIGN (0x4)

.ARM.extab      0x0000000008001990        0x0
 *(.ARM.extab* .gnu.linkonce.armextab.*)
 .ARM.extab     0x0000000008001990        0x0 /usr/bin/../lib/gcc/arm-none-eabi/4.9.3/../../../../arm-none-eabi/lib/armv7-m/crt0.o

.ARM            0x0000000008001990        0x8
                0x0000000008001990                __exidx_start = .
 *(.ARM.exidx*)
 .ARM.exidx     0x0000000008001990        0x8 /usr/bin/../lib/gcc/arm-none-eabi/4.9.3/../../../../arm-none-eabi/lib/armv7-m/crt0.o
                0x0000000008001998                __exidx_end = .

.rel.dyn        0x0000000008001998        0x0
 .rel.iplt      0x0000000000000000        0x0 /usr/bin/../lib/gcc/arm-none-eabi/4.9.3/armv7-m/crtbegin.o

.preinit_array  0x0000000008001998        0x0
                0x0000000008001998                PROVIDE (__preinit_array_start, .)
 *(.preinit_array*)
                0x0000000008001998                PROVIDE (__preinit_array_end, .)

.init_array     0x0000000008001998        0x8
                0x0000000008001998                PROVIDE (__init_array_start, .)
 *(SORT(.init_array.*))
 .init_array.00000
                0x0000000008001998        0x4 /usr/bin/../lib/gcc/arm-none-eabi/4.9.3/../../../../arm-none-eabi/lib/armv7-m/libg.a(lib_a-__call_atexit.o)
 *(.init_array*)
 .init_array    0x000000000800199c        0x4 /usr/bin/../lib/gcc/arm-none-eabi/4.9.3/armv7-m/crtbegin.o
                0x00000000080019a0                PROVIDE (__init_array_end, .)

.fini_array     0x00000000080019a0        0x4
                0x00000000080019a0                PROVIDE (__fini_array_start, .)
 *(SORT(.fini_array.*))
 *(.fini_array*)
 .fini_array    0x00000000080019a0        0x4 /usr/bin/../lib/gcc/arm-none-eabi/4.9.3/armv7-m/crtbegin.o
                0x00000000080019a4                PROVIDE (__fini_array_end, .)
                0x00000000080019a4                _sidata = LOADADDR (.data)

.data           0x0000000020000000      0x454 load address 0x00000000080019a4
                0x0000000020000000                . = ALIGN (0x4)
                0x0000000020000000                _sdata = .
 *(.data)
 .data          0x0000000020000000        0x0 /usr/bin/../lib/gcc/arm-none-eabi/4.9.3/armv7-m/crti.o
 .data          0x0000000020000000        0x4 /usr/bin/../lib/gcc/arm-none-eabi/4.9.3/armv7-m/crtbegin.o
                0x0000000020000000                __dso_handle
 .data          0x0000000020000004        0x0 /usr/bin/../lib/gcc/arm-none-eabi/4.9.3/../../../../arm-none-eabi/lib/armv7-m/crt0.o
 .data          0x0000000020000004        0x0 build/src/main.o
 .data          0x0000000020000004       0x20 build/src/system_stm32l1xx.o
                0x0000000020000004                SystemCoreClock
                0x0000000020000008                PLLMulTable
                0x0000000020000014                AHBPrescTable
 .data          0x0000000020000024        0x0 build/src/startup_stm32l1xx_xl.o
 .data          0x0000000020000024        0x0 build/src/battery.o
 .data          0x0000000020000024        0x0 build/src/bluetooth.o
 .data          0x0000000020000024        0x0 /usr/bin/../lib/gcc/arm-none-eabi/4.9.3/armv7-m/libgcc.a(_arm_addsubdf3.o)
 .data          0x0000000020000024        0x0 /usr/bin/../lib/gcc/arm-none-eabi/4.9.3/armv7-m/libgcc.a(_arm_muldivdf3.o)
 .data          0x0000000020000024        0x0 /usr/bin/../lib/gcc/arm-none-eabi/4.9.3/armv7-m/libgcc.a(_arm_cmpdf2.o)
 .data          0x0000000020000024        0x0 /usr/bin/../lib/gcc/arm-none-eabi/4.9.3/armv7-m/libgcc.a(_arm_fixunsdfsi.o)
 .data          0x0000000020000024        0x0 /usr/bin/../lib/gcc/arm-none-eabi/4.9.3/armv7-m/libgcc.a(_arm_truncdfsf2.o)
 .data          0x0000000020000024        0x0 /usr/bin/../lib/gcc/arm-none-eabi/4.9.3/armv7-m/libgcc.a(_arm_addsubsf3.o)
 .data          0x0000000020000024        0x0 /usr/bin/../lib/gcc/arm-none-eabi/4.9.3/armv7-m/libgcc.a(_arm_cmpsf2.o)
 .data          0x0000000020000024        0x0 /usr/bin/../lib/gcc/arm-none-eabi/4.9.3/../../../../arm-none-eabi/lib/armv7-m/libg.a(lib_a-exit.o)
 .data          0x0000000020000024        0x0 /usr/bin/../lib/gcc/arm-none-eabi/4.9.3/../../../../arm-none-eabi/lib/armv7-m/libg.a(lib_a-impure.o)
 .data          0x0000000020000024        0x0 /usr/bin/../lib/gcc/arm-none-eabi/4.9.3/../../../../arm-none-eabi/lib/armv7-m/libg.a(lib_a-init.o)
 .data          0x0000000020000024        0x0 /usr/bin/../lib/gcc/arm-none-eabi/4.9.3/../../../../arm-none-eabi/lib/armv7-m/libg.a(lib_a-memset.o)
 .data          0x0000000020000024        0x0 /usr/bin/../lib/gcc/arm-none-eabi/4.9.3/../../../../arm-none-eabi/lib/armv7-m/libg.a(lib_a-__call_atexit.o)
 .data          0x0000000020000024        0x0 /usr/bin/../lib/gcc/arm-none-eabi/4.9.3/../../../../arm-none-eabi/lib/armv7-m/libg.a(lib_a-atexit.o)
 .data          0x0000000020000024        0x0 /usr/bin/../lib/gcc/arm-none-eabi/4.9.3/../../../../arm-none-eabi/lib/armv7-m/libg.a(lib_a-fini.o)
 .data          0x0000000020000024        0x0 /usr/bin/../lib/gcc/arm-none-eabi/4.9.3/../../../../arm-none-eabi/lib/armv7-m/libg.a(lib_a-__atexit.o)
 .data          0x0000000020000024        0x0 /usr/bin/../lib/gcc/arm-none-eabi/4.9.3/../../../../arm-none-eabi/lib/armv7-m/libnosys.a(_exit.o)
 .data          0x0000000020000024        0x0 /usr/bin/../lib/gcc/arm-none-eabi/4.9.3/armv7-m/crtend.o
 .data          0x0000000020000024        0x0 /usr/bin/../lib/gcc/arm-none-eabi/4.9.3/armv7-m/crtn.o
 .data          0x0000000020000024        0x0 /usr/bin/../lib/gcc/arm-none-eabi/4.9.3/../../../../arm-none-eabi/lib/armv7-m/libm.a(lib_a-s_round.o)
 *(.data*)
 *fill*         0x0000000020000024        0x4 
 .data.impure_data
                0x0000000020000028      0x428 /usr/bin/../lib/gcc/arm-none-eabi/4.9.3/../../../../arm-none-eabi/lib/armv7-m/libg.a(lib_a-impure.o)
 .data._impure_ptr
                0x0000000020000450        0x4 /usr/bin/../lib/gcc/arm-none-eabi/4.9.3/../../../../arm-none-eabi/lib/armv7-m/libg.a(lib_a-impure.o)
                0x0000000020000450                _impure_ptr
 *(.RamFunc)
                0x0000000020000454                . = ALIGN (0x4)
                0x0000000020000454                _edata = .

.jcr            0x0000000020000454        0x4 load address 0x0000000008001df8
 .jcr           0x0000000020000454        0x0 /usr/bin/../lib/gcc/arm-none-eabi/4.9.3/armv7-m/crtbegin.o
 .jcr           0x0000000020000454        0x4 /usr/bin/../lib/gcc/arm-none-eabi/4.9.3/armv7-m/crtend.o

.igot.plt       0x0000000020000458        0x0 load address 0x0000000008001dfc
 .igot.plt      0x0000000000000000        0x0 /usr/bin/../lib/gcc/arm-none-eabi/4.9.3/armv7-m/crtbegin.o
                0x0000000020000458                . = ALIGN (0x4)

.bss            0x0000000020000458       0x20 load address 0x0000000008001dfc
                0x0000000020000458                _sbss = .
                0x0000000020000458                __bss_start__ = _sbss
 *(.bss)
 .bss           0x0000000020000458        0x0 /usr/bin/../lib/gcc/arm-none-eabi/4.9.3/armv7-m/crti.o
 .bss           0x0000000020000458       0x1c /usr/bin/../lib/gcc/arm-none-eabi/4.9.3/armv7-m/crtbegin.o
 .bss           0x0000000020000474        0x0 /usr/bin/../lib/gcc/arm-none-eabi/4.9.3/../../../../arm-none-eabi/lib/armv7-m/crt0.o
 .bss           0x0000000020000474        0x0 build/src/main.o
 .bss           0x0000000020000474        0x0 build/src/system_stm32l1xx.o
 .bss           0x0000000020000474        0x0 build/src/startup_stm32l1xx_xl.o
 .bss           0x0000000020000474        0x0 build/src/battery.o
 .bss           0x0000000020000474        0x0 build/src/bluetooth.o
 .bss           0x0000000020000474        0x0 /usr/bin/../lib/gcc/arm-none-eabi/4.9.3/armv7-m/libgcc.a(_arm_addsubdf3.o)
 .bss           0x0000000020000474        0x0 /usr/bin/../lib/gcc/arm-none-eabi/4.9.3/armv7-m/libgcc.a(_arm_muldivdf3.o)
 .bss           0x0000000020000474        0x0 /usr/bin/../lib/gcc/arm-none-eabi/4.9.3/armv7-m/libgcc.a(_arm_cmpdf2.o)
 .bss           0x0000000020000474        0x0 /usr/bin/../lib/gcc/arm-none-eabi/4.9.3/armv7-m/libgcc.a(_arm_fixunsdfsi.o)
 .bss           0x0000000020000474        0x0 /usr/bin/../lib/gcc/arm-none-eabi/4.9.3/armv7-m/libgcc.a(_arm_truncdfsf2.o)
 .bss           0x0000000020000474        0x0 /usr/bin/../lib/gcc/arm-none-eabi/4.9.3/armv7-m/libgcc.a(_arm_addsubsf3.o)
 .bss           0x0000000020000474        0x0 /usr/bin/../lib/gcc/arm-none-eabi/4.9.3/armv7-m/libgcc.a(_arm_cmpsf2.o)
 .bss           0x0000000020000474        0x0 /usr/bin/../lib/gcc/arm-none-eabi/4.9.3/../../../../arm-none-eabi/lib/armv7-m/libg.a(lib_a-exit.o)
 .bss           0x0000000020000474        0x0 /usr/bin/../lib/gcc/arm-none-eabi/4.9.3/../../../../arm-none-eabi/lib/armv7-m/libg.a(lib_a-impure.o)
 .bss           0x0000000020000474        0x0 /usr/bin/../lib/gcc/arm-none-eabi/4.9.3/../../../../arm-none-eabi/lib/armv7-m/libg.a(lib_a-init.o)
 .bss           0x0000000020000474        0x0 /usr/bin/../lib/gcc/arm-none-eabi/4.9.3/../../../../arm-none-eabi/lib/armv7-m/libg.a(lib_a-memset.o)
 .bss           0x0000000020000474        0x0 /usr/bin/../lib/gcc/arm-none-eabi/4.9.3/../../../../arm-none-eabi/lib/armv7-m/libg.a(lib_a-__call_atexit.o)
 .bss           0x0000000020000474        0x0 /usr/bin/../lib/gcc/arm-none-eabi/4.9.3/../../../../arm-none-eabi/lib/armv7-m/libg.a(lib_a-atexit.o)
 .bss           0x0000000020000474        0x0 /usr/bin/../lib/gcc/arm-none-eabi/4.9.3/../../../../arm-none-eabi/lib/armv7-m/libg.a(lib_a-fini.o)
 .bss           0x0000000020000474        0x0 /usr/bin/../lib/gcc/arm-none-eabi/4.9.3/../../../../arm-none-eabi/lib/armv7-m/libg.a(lib_a-__atexit.o)
 .bss           0x0000000020000474        0x0 /usr/bin/../lib/gcc/arm-none-eabi/4.9.3/../../../../arm-none-eabi/lib/armv7-m/libnosys.a(_exit.o)
 .bss           0x0000000020000474        0x0 /usr/bin/../lib/gcc/arm-none-eabi/4.9.3/armv7-m/crtend.o
 .bss           0x0000000020000474        0x0 /usr/bin/../lib/gcc/arm-none-eabi/4.9.3/armv7-m/crtn.o
 .bss           0x0000000020000474        0x0 /usr/bin/../lib/gcc/arm-none-eabi/4.9.3/../../../../arm-none-eabi/lib/armv7-m/libm.a(lib_a-s_round.o)
 *(.bss*)
 *(COMMON)
 COMMON         0x0000000020000474        0x1 build/src/battery.o
                0x0000000020000474                batteryCapacity
                0x0000000020000478                . = ALIGN (0x4)
 *fill*         0x0000000020000475        0x3 
                0x0000000020000478                _ebss = .
                0x0000000020000478                __bss_end__ = _ebss

._user_heap_stack
                0x0000000020000478      0x600 load address 0x0000000008001dfc
                0x0000000020000478                . = ALIGN (0x4)
                0x0000000020000478                PROVIDE (end, .)
                0x0000000020000478                PROVIDE (_end, .)
                0x0000000020000678                . = (. + _Min_Heap_Size)
 *fill*         0x0000000020000478      0x200 
                0x0000000020000a78                . = (. + _Min_Stack_Size)
 *fill*         0x0000000020000678      0x400 
                0x0000000020000a78                . = ALIGN (0x4)

.memory_b1_text
 *(.mb1text)
 *(.mb1text*)
 *(.mb1rodata)
 *(.mb1rodata*)

/DISCARD/
 libc.a(*)
 libm.a(*)
 libgcc.a(*)

.ARM.attributes
                0x0000000000000000       0x29
 *(.ARM.attributes)
 .ARM.attributes
                0x0000000000000000       0x1d /usr/bin/../lib/gcc/arm-none-eabi/4.9.3/armv7-m/crti.o
 .ARM.attributes
                0x000000000000001d       0x2d /usr/bin/../lib/gcc/arm-none-eabi/4.9.3/armv7-m/crtbegin.o
 .ARM.attributes
                0x000000000000004a       0x1b /usr/bin/../lib/gcc/arm-none-eabi/4.9.3/../../../../arm-none-eabi/lib/armv7-m/crt0.o
 .ARM.attributes
                0x0000000000000065       0x33 build/src/main.o
 .ARM.attributes
                0x0000000000000098       0x33 build/src/system_stm32l1xx.o
 .ARM.attributes
                0x00000000000000cb       0x21 build/src/startup_stm32l1xx_xl.o
 .ARM.attributes
                0x00000000000000ec       0x33 build/src/battery.o
 .ARM.attributes
                0x000000000000011f       0x33 build/src/bluetooth.o
 .ARM.attributes
                0x0000000000000152       0x1d /usr/bin/../lib/gcc/arm-none-eabi/4.9.3/armv7-m/libgcc.a(_arm_addsubdf3.o)
 .ARM.attributes
                0x000000000000016f       0x1d /usr/bin/../lib/gcc/arm-none-eabi/4.9.3/armv7-m/libgcc.a(_arm_muldivdf3.o)
 .ARM.attributes
                0x000000000000018c       0x1d /usr/bin/../lib/gcc/arm-none-eabi/4.9.3/armv7-m/libgcc.a(_arm_cmpdf2.o)
 .ARM.attributes
                0x00000000000001a9       0x1d /usr/bin/../lib/gcc/arm-none-eabi/4.9.3/armv7-m/libgcc.a(_arm_fixunsdfsi.o)
 .ARM.attributes
                0x00000000000001c6       0x1d /usr/bin/../lib/gcc/arm-none-eabi/4.9.3/armv7-m/libgcc.a(_arm_truncdfsf2.o)
 .ARM.attributes
                0x00000000000001e3       0x1d /usr/bin/../lib/gcc/arm-none-eabi/4.9.3/armv7-m/libgcc.a(_arm_addsubsf3.o)
 .ARM.attributes
                0x0000000000000200       0x1d /usr/bin/../lib/gcc/arm-none-eabi/4.9.3/armv7-m/libgcc.a(_arm_cmpsf2.o)
 .ARM.attributes
                0x000000000000021d       0x2d /usr/bin/../lib/gcc/arm-none-eabi/4.9.3/../../../../arm-none-eabi/lib/armv7-m/libg.a(lib_a-exit.o)
 .ARM.attributes
                0x000000000000024a       0x2d /usr/bin/../lib/gcc/arm-none-eabi/4.9.3/../../../../arm-none-eabi/lib/armv7-m/libg.a(lib_a-impure.o)
 .ARM.attributes
                0x0000000000000277       0x2d /usr/bin/../lib/gcc/arm-none-eabi/4.9.3/../../../../arm-none-eabi/lib/armv7-m/libg.a(lib_a-init.o)
 .ARM.attributes
                0x00000000000002a4       0x2d /usr/bin/../lib/gcc/arm-none-eabi/4.9.3/../../../../arm-none-eabi/lib/armv7-m/libg.a(lib_a-memset.o)
 .ARM.attributes
                0x00000000000002d1       0x2d /usr/bin/../lib/gcc/arm-none-eabi/4.9.3/../../../../arm-none-eabi/lib/armv7-m/libg.a(lib_a-__call_atexit.o)
 .ARM.attributes
                0x00000000000002fe       0x2d /usr/bin/../lib/gcc/arm-none-eabi/4.9.3/../../../../arm-none-eabi/lib/armv7-m/libg.a(lib_a-atexit.o)
 .ARM.attributes
                0x000000000000032b       0x2d /usr/bin/../lib/gcc/arm-none-eabi/4.9.3/../../../../arm-none-eabi/lib/armv7-m/libg.a(lib_a-fini.o)
 .ARM.attributes
                0x0000000000000358       0x2d /usr/bin/../lib/gcc/arm-none-eabi/4.9.3/../../../../arm-none-eabi/lib/armv7-m/libg.a(lib_a-__atexit.o)
 .ARM.attributes
                0x0000000000000385       0x2d /usr/bin/../lib/gcc/arm-none-eabi/4.9.3/../../../../arm-none-eabi/lib/armv7-m/libnosys.a(_exit.o)
 .ARM.attributes
                0x00000000000003b2       0x2d /usr/bin/../lib/gcc/arm-none-eabi/4.9.3/armv7-m/crtend.o
 .ARM.attributes
                0x00000000000003df       0x1d /usr/bin/../lib/gcc/arm-none-eabi/4.9.3/armv7-m/crtn.o
OUTPUT(build/main.elf elf32-littlearm)

.debug_info     0x0000000000000000     0x154b
 .debug_info    0x0000000000000000       0xd9 build/src/main.o
 .debug_info    0x00000000000000d9      0x54a build/src/system_stm32l1xx.o
 .debug_info    0x0000000000000623       0x7b build/src/startup_stm32l1xx_xl.o
 .debug_info    0x000000000000069e      0x795 build/src/battery.o
 .debug_info    0x0000000000000e33      0x718 build/src/bluetooth.o

.debug_abbrev   0x0000000000000000      0x4d8
 .debug_abbrev  0x0000000000000000       0x7d build/src/main.o
 .debug_abbrev  0x000000000000007d      0x147 build/src/system_stm32l1xx.o
 .debug_abbrev  0x00000000000001c4       0x12 build/src/startup_stm32l1xx_xl.o
 .debug_abbrev  0x00000000000001d6      0x19d build/src/battery.o
 .debug_abbrev  0x0000000000000373      0x165 build/src/bluetooth.o

.debug_aranges  0x0000000000000000       0xa8
 .debug_aranges
                0x0000000000000000       0x20 build/src/main.o
 .debug_aranges
                0x0000000000000020       0x20 build/src/system_stm32l1xx.o
 .debug_aranges
                0x0000000000000040       0x28 build/src/startup_stm32l1xx_xl.o
 .debug_aranges
                0x0000000000000068       0x20 build/src/battery.o
 .debug_aranges
                0x0000000000000088       0x20 build/src/bluetooth.o

.debug_line     0x0000000000000000      0x532
 .debug_line    0x0000000000000000       0xc9 build/src/main.o
 .debug_line    0x00000000000000c9      0x181 build/src/system_stm32l1xx.o
 .debug_line    0x000000000000024a       0x77 build/src/startup_stm32l1xx_xl.o
 .debug_line    0x00000000000002c1      0x141 build/src/battery.o
 .debug_line    0x0000000000000402      0x130 build/src/bluetooth.o

.debug_str      0x0000000000000000      0x8d9
 .debug_str     0x0000000000000000      0x15e build/src/main.o
                                        0x1a6 (size before relaxing)
 .debug_str     0x000000000000015e      0x1e8 build/src/system_stm32l1xx.o
                                        0x368 (size before relaxing)
 .debug_str     0x0000000000000346      0x4ea build/src/battery.o
                                        0x72e (size before relaxing)
 .debug_str     0x0000000000000830       0xa9 build/src/bluetooth.o
                                        0x6d3 (size before relaxing)

.comment        0x0000000000000000       0x70
 .comment       0x0000000000000000       0x70 build/src/main.o
                                         0x71 (size before relaxing)
 .comment       0x0000000000000000       0x71 build/src/system_stm32l1xx.o
 .comment       0x0000000000000000       0x71 build/src/battery.o
 .comment       0x0000000000000000       0x71 build/src/bluetooth.o

.debug_frame    0x0000000000000000      0x3c8
 .debug_frame   0x0000000000000000       0x2c build/src/main.o
 .debug_frame   0x000000000000002c       0x7c build/src/system_stm32l1xx.o
 .debug_frame   0x00000000000000a8       0xd8 build/src/battery.o
 .debug_frame   0x0000000000000180       0xc8 build/src/bluetooth.o
 .debug_frame   0x0000000000000248       0x28 /usr/bin/../lib/gcc/arm-none-eabi/4.9.3/../../../../arm-none-eabi/lib/armv7-m/libg.a(lib_a-exit.o)
 .debug_frame   0x0000000000000270       0x2c /usr/bin/../lib/gcc/arm-none-eabi/4.9.3/../../../../arm-none-eabi/lib/armv7-m/libg.a(lib_a-init.o)
 .debug_frame   0x000000000000029c       0x34 /usr/bin/../lib/gcc/arm-none-eabi/4.9.3/../../../../arm-none-eabi/lib/armv7-m/libg.a(lib_a-memset.o)
 .debug_frame   0x00000000000002d0       0x50 /usr/bin/../lib/gcc/arm-none-eabi/4.9.3/../../../../arm-none-eabi/lib/armv7-m/libg.a(lib_a-__call_atexit.o)
 .debug_frame   0x0000000000000320       0x20 /usr/bin/../lib/gcc/arm-none-eabi/4.9.3/../../../../arm-none-eabi/lib/armv7-m/libg.a(lib_a-atexit.o)
 .debug_frame   0x0000000000000340       0x34 /usr/bin/../lib/gcc/arm-none-eabi/4.9.3/../../../../arm-none-eabi/lib/armv7-m/libg.a(lib_a-fini.o)
 .debug_frame   0x0000000000000374       0x34 /usr/bin/../lib/gcc/arm-none-eabi/4.9.3/../../../../arm-none-eabi/lib/armv7-m/libg.a(lib_a-__atexit.o)
 .debug_frame   0x00000000000003a8       0x20 /usr/bin/../lib/gcc/arm-none-eabi/4.9.3/../../../../arm-none-eabi/lib/armv7-m/libnosys.a(_exit.o)

.debug_ranges   0x0000000000000000       0x20
 .debug_ranges  0x0000000000000000       0x20 build/src/startup_stm32l1xx_xl.o
