Archive member included because of file (symbol)

/usr/bin/../lib/gcc/arm-none-eabi/4.9.3/armv7-m/libgcc.a(_arm_addsubdf3.o)
                              build/src/bluetooth.o (__aeabi_dsub)
/usr/bin/../lib/gcc/arm-none-eabi/4.9.3/armv7-m/libgcc.a(_arm_muldivdf3.o)
                              build/src/battery.o (__aeabi_dmul)
/usr/bin/../lib/gcc/arm-none-eabi/4.9.3/armv7-m/libgcc.a(_arm_cmpdf2.o)
                              build/src/battery.o (__aeabi_dcmplt)
/usr/bin/../lib/gcc/arm-none-eabi/4.9.3/armv7-m/libgcc.a(_arm_fixunsdfsi.o)
                              build/src/battery.o (__aeabi_d2uiz)
/usr/bin/../lib/gcc/arm-none-eabi/4.9.3/armv7-m/libgcc.a(_arm_truncdfsf2.o)
                              build/src/battery.o (__aeabi_d2f)
/usr/bin/../lib/gcc/arm-none-eabi/4.9.3/armv7-m/libgcc.a(_arm_addsubsf3.o)
                              build/src/battery.o (__aeabi_i2f)
/usr/bin/../lib/gcc/arm-none-eabi/4.9.3/armv7-m/libgcc.a(_arm_cmpsf2.o)
                              build/src/battery.o (__aeabi_fcmpgt)
/usr/bin/../lib/gcc/arm-none-eabi/4.9.3/../../../../arm-none-eabi/lib/armv7-m/libg.a(lib_a-exit.o)
                              /usr/bin/../lib/gcc/arm-none-eabi/4.9.3/../../../../arm-none-eabi/lib/armv7-m/crt0.o (exit)
/usr/bin/../lib/gcc/arm-none-eabi/4.9.3/../../../../arm-none-eabi/lib/armv7-m/libg.a(lib_a-impure.o)
                              /usr/bin/../lib/gcc/arm-none-eabi/4.9.3/../../../../arm-none-eabi/lib/armv7-m/libg.a(lib_a-exit.o) (_global_impure_ptr)
/usr/bin/../lib/gcc/arm-none-eabi/4.9.3/../../../../arm-none-eabi/lib/armv7-m/libg.a(lib_a-init.o)
                              /usr/bin/../lib/gcc/arm-none-eabi/4.9.3/../../../../arm-none-eabi/lib/armv7-m/crt0.o (__libc_init_array)
/usr/bin/../lib/gcc/arm-none-eabi/4.9.3/../../../../arm-none-eabi/lib/armv7-m/libg.a(lib_a-memset.o)
                              /usr/bin/../lib/gcc/arm-none-eabi/4.9.3/../../../../arm-none-eabi/lib/armv7-m/crt0.o (memset)
/usr/bin/../lib/gcc/arm-none-eabi/4.9.3/../../../../arm-none-eabi/lib/armv7-m/libg.a(lib_a-__call_atexit.o)
                              /usr/bin/../lib/gcc/arm-none-eabi/4.9.3/../../../../arm-none-eabi/lib/armv7-m/libg.a(lib_a-exit.o) (__call_exitprocs)
/usr/bin/../lib/gcc/arm-none-eabi/4.9.3/../../../../arm-none-eabi/lib/armv7-m/libg.a(lib_a-atexit.o)
                              /usr/bin/../lib/gcc/arm-none-eabi/4.9.3/../../../../arm-none-eabi/lib/armv7-m/libg.a(lib_a-__call_atexit.o) (atexit)
/usr/bin/../lib/gcc/arm-none-eabi/4.9.3/../../../../arm-none-eabi/lib/armv7-m/libg.a(lib_a-fini.o)
                              /usr/bin/../lib/gcc/arm-none-eabi/4.9.3/../../../../arm-none-eabi/lib/armv7-m/libg.a(lib_a-__call_atexit.o) (__libc_fini_array)
/usr/bin/../lib/gcc/arm-none-eabi/4.9.3/../../../../arm-none-eabi/lib/armv7-m/libg.a(lib_a-__atexit.o)
                              /usr/bin/../lib/gcc/arm-none-eabi/4.9.3/../../../../arm-none-eabi/lib/armv7-m/libg.a(lib_a-atexit.o) (__register_exitproc)
/usr/bin/../lib/gcc/arm-none-eabi/4.9.3/../../../../arm-none-eabi/lib/armv7-m/libnosys.a(_exit.o)
                              /usr/bin/../lib/gcc/arm-none-eabi/4.9.3/../../../../arm-none-eabi/lib/armv7-m/libg.a(lib_a-exit.o) (_exit)
/usr/bin/../lib/gcc/arm-none-eabi/4.9.3/../../../../arm-none-eabi/lib/armv7-m/libm.a(lib_a-s_round.o)
                              build/src/bluetooth.o (round)

Allocating common symbols
Common symbol       size              file

batteryCapacity     0x1               build/src/battery.o
a                   0x4               build/src/sensors.o

Discarded input sections

 .debug_frame   0x0000000000000000       0x30 /usr/bin/../lib/gcc/arm-none-eabi/4.9.3/../../../../arm-none-eabi/lib/armv7-m/libm.a(lib_a-s_round.o)
 .ARM.attributes
                0x0000000000000000       0x2d /usr/bin/../lib/gcc/arm-none-eabi/4.9.3/../../../../arm-none-eabi/lib/armv7-m/libm.a(lib_a-s_round.o)

Memory Configuration

Name             Origin             Length             Attributes
FLASH            0x0000000008000000 0x0000000000080000 xr
RAM              0x0000000020000000 0x0000000000014000 xrw
MEMORY_B1        0x0000000060000000 0x0000000000000000 xr
*default*        0x0000000000000000 0xffffffffffffffff

Linker script and memory map

LOAD /usr/bin/../lib/gcc/arm-none-eabi/4.9.3/armv7-m/crti.o
LOAD /usr/bin/../lib/gcc/arm-none-eabi/4.9.3/armv7-m/crtbegin.o
LOAD /usr/bin/../lib/gcc/arm-none-eabi/4.9.3/../../../../arm-none-eabi/lib/armv7-m/crt0.o
LOAD build/src/main.o
LOAD build/src/system_stm32l1xx.o
LOAD build/src/startup_stm32l1xx_xl.o
LOAD build/src/battery.o
LOAD build/src/bluetooth.o
LOAD build/src/display.o
LOAD build/src/picture.o
LOAD build/src/icons.o
LOAD build/src/sensors.o
START GROUP
LOAD /usr/bin/../lib/gcc/arm-none-eabi/4.9.3/armv7-m/libgcc.a
LOAD /usr/bin/../lib/gcc/arm-none-eabi/4.9.3/../../../../arm-none-eabi/lib/armv7-m/libg.a
LOAD /usr/bin/../lib/gcc/arm-none-eabi/4.9.3/../../../../arm-none-eabi/lib/armv7-m/libc.a
END GROUP
START GROUP
LOAD /usr/bin/../lib/gcc/arm-none-eabi/4.9.3/armv7-m/libgcc.a
LOAD /usr/bin/../lib/gcc/arm-none-eabi/4.9.3/../../../../arm-none-eabi/lib/armv7-m/libc.a
LOAD /usr/bin/../lib/gcc/arm-none-eabi/4.9.3/../../../../arm-none-eabi/lib/armv7-m/libnosys.a
END GROUP
LOAD /usr/bin/../lib/gcc/arm-none-eabi/4.9.3/armv7-m/crtend.o
LOAD /usr/bin/../lib/gcc/arm-none-eabi/4.9.3/armv7-m/crtn.o
                0x0000000020014000                _estack = 0x20014000
                0x0000000000000200                _Min_Heap_Size = 0x200
                0x0000000000000400                _Min_Stack_Size = 0x400

.isr_vector     0x0000000008000000      0x13c
                0x0000000008000000                . = ALIGN (0x4)
 *(.isr_vector)
 .isr_vector    0x0000000008000000      0x13c build/src/startup_stm32l1xx_xl.o
                0x0000000008000000                g_pfnVectors
                0x000000000800013c                . = ALIGN (0x4)

.text           0x0000000008000140     0x39d0
                0x0000000008000140                . = ALIGN (0x4)
 *(.text)
 .text          0x0000000008000140        0x0 /usr/bin/../lib/gcc/arm-none-eabi/4.9.3/armv7-m/crti.o
 .text          0x0000000008000140       0x5c /usr/bin/../lib/gcc/arm-none-eabi/4.9.3/armv7-m/crtbegin.o
 .text          0x000000000800019c       0x74 /usr/bin/../lib/gcc/arm-none-eabi/4.9.3/../../../../arm-none-eabi/lib/armv7-m/crt0.o
                0x000000000800019c                _mainCRTStartup
                0x000000000800019c                _start
 .text          0x0000000008000210        0xc build/src/main.o
                0x0000000008000210                main
 .text          0x000000000800021c      0x2d8 build/src/system_stm32l1xx.o
                0x000000000800021c                SystemInit
                0x0000000008000280                SystemCoreClockUpdate
 .text          0x00000000080004f4       0x14 build/src/startup_stm32l1xx_xl.o
 .text          0x0000000008000508      0x22c build/src/battery.o
                0x0000000008000708                ADC1_IRQHandler
 *fill*         0x0000000008000734        0x4 
 .text          0x0000000008000738      0x274 build/src/bluetooth.o
                0x0000000008000738                bluetooth_t
                0x00000000080009a0                USART1_IRQHandler
 .text          0x00000000080009ac      0x360 build/src/display.o
                0x00000000080009ac                display_t
 .text          0x0000000008000d0c     0x1110 build/src/picture.o
                0x0000000008000d0c                getPicture
                0x0000000008000d44                addLogoFrame
                0x0000000008000d84                addBatteryFrame
                0x0000000008000e54                addCallFrame
                0x0000000008000e94                removeCallFrame
                0x0000000008000ed4                addSmsFrame
                0x0000000008000f14                removeSmsFrame
                0x0000000008000f54                addMailFrame
                0x0000000008000f94                removeMailFrame
                0x0000000008000fd4                addHumidityFrame
                0x00000000080012c8                addTemperatureFrame
                0x00000000080015bc                addDateFrame
                0x0000000008001934                addTimeFrame
 .text          0x0000000008001e1c      0x9a0 build/src/icons.o
                0x0000000008001e1c                getLogoIcon
                0x0000000008001e54                getBatteryIcon0
                0x0000000008001e8c                getBatteryIcon25
                0x0000000008001ec4                getBatteryIcon50
                0x0000000008001efc                getBatteryIcon75
                0x0000000008001f34                getBatteryIcon100
                0x0000000008001f6c                getMissedCallIcon
                0x0000000008001fa4                getNewSmsIcon
                0x0000000008001fdc                getNewMailIcon
                0x0000000008002014                removeNotificationIcon
                0x000000000800204c                getSmallZeroNumberIcon
                0x0000000008002084                getSmallOneNumberIcon
                0x00000000080020bc                getSmallTwoNumberIcon
                0x00000000080020f4                getSmallThreeNumberIcon
                0x000000000800212c                getSmallFourNumberIcon
                0x0000000008002164                getSmallFiveNumberIcon
                0x000000000800219c                getSmallSixNumberIcon
                0x00000000080021d4                getSmallSevenNumberIcon
                0x000000000800220c                getSmallEightNumberIcon
                0x0000000008002244                getSmallNineNumberIcon
                0x000000000800227c                getMediumZeroNumberIcon
                0x00000000080022b4                getSmallPercentIcon
                0x00000000080022ec                getMediumOneNumberIcon
                0x0000000008002324                getSmallCelsiusIcon
                0x000000000800235c                getMediumTwoNumberIcon
                0x0000000008002394                getMediumThreeNumberIcon
                0x00000000080023cc                getMediumFourNumberIcon
                0x0000000008002404                getMediumFiveNumberIcon
                0x000000000800243c                getMediumSixNumberIcon
                0x0000000008002474                getMediumSevenNumberIcon
                0x00000000080024ac                getMediumEightNumberIcon
                0x00000000080024e4                getMediumNineNumberIcon
                0x000000000800251c                getMediumDotIcon
                0x0000000008002554                getBigZeroNumberIcon
                0x000000000800258c                getBigOneNumberIcon
                0x00000000080025c4                getBigTwoNumberIcon
                0x00000000080025fc                getBigThreeNumberIcon
                0x0000000008002634                getBigFourNumberIcon
                0x000000000800266c                getBigFiveNumberIcon
                0x00000000080026a4                getBigSixNumberIcon
                0x00000000080026dc                getBigSevenNumberIcon
                0x0000000008002714                getBigEightNumberIcon
                0x000000000800274c                getBigNineNumberIcon
                0x0000000008002784                getBigColonIcon
 .text          0x00000000080027bc      0x2ec build/src/sensors.o
                0x00000000080027bc                sensors_t
 .text          0x0000000008002aa8      0x370 /usr/bin/../lib/gcc/arm-none-eabi/4.9.3/armv7-m/libgcc.a(_arm_addsubdf3.o)
                0x0000000008002aa8                __aeabi_drsub
                0x0000000008002ab0                __aeabi_dsub
                0x0000000008002ab0                __subdf3
                0x0000000008002ab4                __adddf3
                0x0000000008002ab4                __aeabi_dadd
                0x0000000008002d2c                __aeabi_ui2d
                0x0000000008002d2c                __floatunsidf
                0x0000000008002d4c                __floatsidf
                0x0000000008002d4c                __aeabi_i2d
                0x0000000008002d70                __extendsfdf2
                0x0000000008002d70                __aeabi_f2d
                0x0000000008002dac                __aeabi_ul2d
                0x0000000008002dac                __floatundidf
                0x0000000008002dbc                __floatdidf
                0x0000000008002dbc                __aeabi_l2d
 .text          0x0000000008002e18      0x424 /usr/bin/../lib/gcc/arm-none-eabi/4.9.3/armv7-m/libgcc.a(_arm_muldivdf3.o)
                0x0000000008002e18                __aeabi_dmul
                0x0000000008002e18                __muldf3
                0x000000000800306c                __aeabi_ddiv
                0x000000000800306c                __divdf3
 .text          0x000000000800323c      0x110 /usr/bin/../lib/gcc/arm-none-eabi/4.9.3/armv7-m/libgcc.a(_arm_cmpdf2.o)
                0x000000000800323c                __gtdf2
                0x000000000800323c                __gedf2
                0x0000000008003244                __ltdf2
                0x0000000008003244                __ledf2
                0x000000000800324c                __cmpdf2
                0x000000000800324c                __eqdf2
                0x000000000800324c                __nedf2
                0x00000000080032c8                __aeabi_cdrcmple
                0x00000000080032d8                __aeabi_cdcmple
                0x00000000080032d8                __aeabi_cdcmpeq
                0x00000000080032e8                __aeabi_dcmpeq
                0x00000000080032fc                __aeabi_dcmplt
                0x0000000008003310                __aeabi_dcmple
                0x0000000008003324                __aeabi_dcmpge
                0x0000000008003338                __aeabi_dcmpgt
 .text          0x000000000800334c       0x40 /usr/bin/../lib/gcc/arm-none-eabi/4.9.3/armv7-m/libgcc.a(_arm_fixunsdfsi.o)
                0x000000000800334c                __fixunsdfsi
                0x000000000800334c                __aeabi_d2uiz
 .text          0x000000000800338c       0xa0 /usr/bin/../lib/gcc/arm-none-eabi/4.9.3/armv7-m/libgcc.a(_arm_truncdfsf2.o)
                0x000000000800338c                __aeabi_d2f
                0x000000000800338c                __truncdfsf2
 .text          0x000000000800342c      0x21c /usr/bin/../lib/gcc/arm-none-eabi/4.9.3/armv7-m/libgcc.a(_arm_addsubsf3.o)
                0x000000000800342c                __aeabi_frsub
                0x0000000008003434                __subsf3
                0x0000000008003434                __aeabi_fsub
                0x0000000008003438                __aeabi_fadd
                0x0000000008003438                __addsf3
                0x0000000008003598                __aeabi_ui2f
                0x0000000008003598                __floatunsisf
                0x00000000080035a0                __aeabi_i2f
                0x00000000080035a0                __floatsisf
                0x00000000080035bc                __floatundisf
                0x00000000080035bc                __aeabi_ul2f
                0x00000000080035cc                __floatdisf
                0x00000000080035cc                __aeabi_l2f
 .text          0x0000000008003648       0xec /usr/bin/../lib/gcc/arm-none-eabi/4.9.3/armv7-m/libgcc.a(_arm_cmpsf2.o)
                0x0000000008003648                __gtsf2
                0x0000000008003648                __gesf2
                0x0000000008003650                __lesf2
                0x0000000008003650                __ltsf2
                0x0000000008003658                __nesf2
                0x0000000008003658                __eqsf2
                0x0000000008003658                __cmpsf2
                0x00000000080036b8                __aeabi_cfrcmple
                0x00000000080036c0                __aeabi_cfcmple
                0x00000000080036c0                __aeabi_cfcmpeq
                0x00000000080036d0                __aeabi_fcmpeq
                0x00000000080036e4                __aeabi_fcmplt
                0x00000000080036f8                __aeabi_fcmple
                0x000000000800370c                __aeabi_fcmpge
                0x0000000008003720                __aeabi_fcmpgt
 .text          0x0000000008003734        0x0 /usr/bin/../lib/gcc/arm-none-eabi/4.9.3/../../../../arm-none-eabi/lib/armv7-m/libg.a(lib_a-exit.o)
 .text          0x0000000008003734        0x0 /usr/bin/../lib/gcc/arm-none-eabi/4.9.3/../../../../arm-none-eabi/lib/armv7-m/libg.a(lib_a-impure.o)
 .text          0x0000000008003734        0x0 /usr/bin/../lib/gcc/arm-none-eabi/4.9.3/../../../../arm-none-eabi/lib/armv7-m/libg.a(lib_a-init.o)
 .text          0x0000000008003734        0x0 /usr/bin/../lib/gcc/arm-none-eabi/4.9.3/../../../../arm-none-eabi/lib/armv7-m/libg.a(lib_a-memset.o)
 .text          0x0000000008003734        0x0 /usr/bin/../lib/gcc/arm-none-eabi/4.9.3/../../../../arm-none-eabi/lib/armv7-m/libg.a(lib_a-__call_atexit.o)
 .text          0x0000000008003734        0x0 /usr/bin/../lib/gcc/arm-none-eabi/4.9.3/../../../../arm-none-eabi/lib/armv7-m/libg.a(lib_a-atexit.o)
 .text          0x0000000008003734        0x0 /usr/bin/../lib/gcc/arm-none-eabi/4.9.3/../../../../arm-none-eabi/lib/armv7-m/libg.a(lib_a-fini.o)
 .text          0x0000000008003734        0x0 /usr/bin/../lib/gcc/arm-none-eabi/4.9.3/../../../../arm-none-eabi/lib/armv7-m/libg.a(lib_a-__atexit.o)
 .text          0x0000000008003734        0x0 /usr/bin/../lib/gcc/arm-none-eabi/4.9.3/../../../../arm-none-eabi/lib/armv7-m/libnosys.a(_exit.o)
 .text          0x0000000008003734        0x0 /usr/bin/../lib/gcc/arm-none-eabi/4.9.3/armv7-m/crtend.o
 .text          0x0000000008003734        0x0 /usr/bin/../lib/gcc/arm-none-eabi/4.9.3/armv7-m/crtn.o
 .text          0x0000000008003734        0x0 /usr/bin/../lib/gcc/arm-none-eabi/4.9.3/../../../../arm-none-eabi/lib/armv7-m/libm.a(lib_a-s_round.o)
 *(.text*)
 .text.Reset_Handler
                0x0000000008003734       0x48 build/src/startup_stm32l1xx_xl.o
                0x0000000008003734                Reset_Handler
 .text.Default_Handler
                0x000000000800377c        0x2 build/src/startup_stm32l1xx_xl.o
                0x000000000800377c                RTC_Alarm_IRQHandler
                0x000000000800377c                EXTI2_IRQHandler
                0x000000000800377c                COMP_ACQ_IRQHandler
                0x000000000800377c                DebugMon_Handler
                0x000000000800377c                HardFault_Handler
                0x000000000800377c                TIM10_IRQHandler
                0x000000000800377c                USB_HP_IRQHandler
                0x000000000800377c                TIM6_IRQHandler
                0x000000000800377c                SysTick_Handler
                0x000000000800377c                PVD_IRQHandler
                0x000000000800377c                PendSV_Handler
                0x000000000800377c                NMI_Handler
                0x000000000800377c                EXTI3_IRQHandler
                0x000000000800377c                EXTI0_IRQHandler
                0x000000000800377c                I2C2_EV_IRQHandler
                0x000000000800377c                UsageFault_Handler
                0x000000000800377c                SPI1_IRQHandler
                0x000000000800377c                USB_FS_WKUP_IRQHandler
                0x000000000800377c                DMA2_Channel2_IRQHandler
                0x000000000800377c                DMA1_Channel4_IRQHandler
                0x000000000800377c                USART3_IRQHandler
                0x000000000800377c                DMA1_Channel7_IRQHandler
                0x000000000800377c                LCD_IRQHandler
                0x000000000800377c                UART5_IRQHandler
                0x000000000800377c                TIM4_IRQHandler
                0x000000000800377c                DMA2_Channel1_IRQHandler
                0x000000000800377c                I2C1_EV_IRQHandler
                0x000000000800377c                DMA1_Channel6_IRQHandler
                0x000000000800377c                UART4_IRQHandler
                0x000000000800377c                DMA2_Channel4_IRQHandler
                0x000000000800377c                TIM3_IRQHandler
                0x000000000800377c                RCC_IRQHandler
                0x000000000800377c                DMA1_Channel1_IRQHandler
                0x000000000800377c                Default_Handler
                0x000000000800377c                EXTI15_10_IRQHandler
                0x000000000800377c                TIM7_IRQHandler
                0x000000000800377c                TIM5_IRQHandler
                0x000000000800377c                EXTI9_5_IRQHandler
                0x000000000800377c                TIM9_IRQHandler
                0x000000000800377c                TAMPER_STAMP_IRQHandler
                0x000000000800377c                RTC_WKUP_IRQHandler
                0x000000000800377c                SPI2_IRQHandler
                0x000000000800377c                MemManage_Handler
                0x000000000800377c                SVC_Handler
                0x000000000800377c                DMA2_Channel5_IRQHandler
                0x000000000800377c                DMA1_Channel5_IRQHandler
                0x000000000800377c                USB_LP_IRQHandler
                0x000000000800377c                EXTI4_IRQHandler
                0x000000000800377c                DMA1_Channel3_IRQHandler
                0x000000000800377c                COMP_IRQHandler
                0x000000000800377c                WWDG_IRQHandler
                0x000000000800377c                TIM2_IRQHandler
                0x000000000800377c                DAC_IRQHandler
                0x000000000800377c                EXTI1_IRQHandler
                0x000000000800377c                AES_IRQHandler
                0x000000000800377c                TIM11_IRQHandler
                0x000000000800377c                USART2_IRQHandler
                0x000000000800377c                I2C2_ER_IRQHandler
                0x000000000800377c                DMA1_Channel2_IRQHandler
                0x000000000800377c                FLASH_IRQHandler
                0x000000000800377c                BusFault_Handler
                0x000000000800377c                SPI3_IRQHandler
                0x000000000800377c                I2C1_ER_IRQHandler
                0x000000000800377c                DMA2_Channel3_IRQHandler
 *fill*         0x000000000800377e        0x2 
 .text.exit     0x0000000008003780       0x20 /usr/bin/../lib/gcc/arm-none-eabi/4.9.3/../../../../arm-none-eabi/lib/armv7-m/libg.a(lib_a-exit.o)
                0x0000000008003780                exit
 .text.__libc_init_array
                0x00000000080037a0       0x50 /usr/bin/../lib/gcc/arm-none-eabi/4.9.3/../../../../arm-none-eabi/lib/armv7-m/libg.a(lib_a-init.o)
                0x00000000080037a0                __libc_init_array
 .text.memset   0x00000000080037f0       0x9c /usr/bin/../lib/gcc/arm-none-eabi/4.9.3/../../../../arm-none-eabi/lib/armv7-m/libg.a(lib_a-memset.o)
                0x00000000080037f0                memset
 .text.startup.register_fini
                0x000000000800388c       0x14 /usr/bin/../lib/gcc/arm-none-eabi/4.9.3/../../../../arm-none-eabi/lib/armv7-m/libg.a(lib_a-__call_atexit.o)
 .text.__call_exitprocs
                0x00000000080038a0       0xd4 /usr/bin/../lib/gcc/arm-none-eabi/4.9.3/../../../../arm-none-eabi/lib/armv7-m/libg.a(lib_a-__call_atexit.o)
                0x00000000080038a0                __call_exitprocs
 .text.atexit   0x0000000008003974        0xc /usr/bin/../lib/gcc/arm-none-eabi/4.9.3/../../../../arm-none-eabi/lib/armv7-m/libg.a(lib_a-atexit.o)
                0x0000000008003974                atexit
 .text.__libc_fini_array
                0x0000000008003980       0x2c /usr/bin/../lib/gcc/arm-none-eabi/4.9.3/../../../../arm-none-eabi/lib/armv7-m/libg.a(lib_a-fini.o)
                0x0000000008003980                __libc_fini_array
 .text.__register_exitproc
                0x00000000080039ac       0xa4 /usr/bin/../lib/gcc/arm-none-eabi/4.9.3/../../../../arm-none-eabi/lib/armv7-m/libg.a(lib_a-__atexit.o)
                0x00000000080039ac                __register_exitproc
 .text._exit    0x0000000008003a50        0x4 /usr/bin/../lib/gcc/arm-none-eabi/4.9.3/../../../../arm-none-eabi/lib/armv7-m/libnosys.a(_exit.o)
                0x0000000008003a50                _exit
 .text.round    0x0000000008003a54       0xa0 /usr/bin/../lib/gcc/arm-none-eabi/4.9.3/../../../../arm-none-eabi/lib/armv7-m/libm.a(lib_a-s_round.o)
                0x0000000008003a54                round
 *(.glue_7)
 .glue_7        0x0000000000000000        0x0 linker stubs
 *(.glue_7t)
 .glue_7t       0x0000000000000000        0x0 linker stubs
 *(.eh_frame)
 .eh_frame      0x0000000008003af4        0x0 /usr/bin/../lib/gcc/arm-none-eabi/4.9.3/armv7-m/crtbegin.o
 .eh_frame      0x0000000008003af4        0x4 /usr/bin/../lib/gcc/arm-none-eabi/4.9.3/armv7-m/crtend.o
 *(.init)
 .init          0x0000000008003af8        0x4 /usr/bin/../lib/gcc/arm-none-eabi/4.9.3/armv7-m/crti.o
                0x0000000008003af8                _init
 .init          0x0000000008003afc        0x8 /usr/bin/../lib/gcc/arm-none-eabi/4.9.3/armv7-m/crtn.o
 *(.fini)
 .fini          0x0000000008003b04        0x4 /usr/bin/../lib/gcc/arm-none-eabi/4.9.3/armv7-m/crti.o
                0x0000000008003b04                _fini
 .fini          0x0000000008003b08        0x8 /usr/bin/../lib/gcc/arm-none-eabi/4.9.3/armv7-m/crtn.o
                0x0000000008003b10                . = ALIGN (0x4)
                0x0000000008003b10                _etext = .

.vfp11_veneer   0x0000000008003b10        0x0
 .vfp11_veneer  0x0000000000000000        0x0 linker stubs

.v4_bx          0x0000000008003b10        0x0
 .v4_bx         0x0000000000000000        0x0 linker stubs

.iplt           0x0000000008003b10        0x0
 .iplt          0x0000000000000000        0x0 /usr/bin/../lib/gcc/arm-none-eabi/4.9.3/armv7-m/crtbegin.o

.rodata         0x0000000008003b10     0x1148
                0x0000000008003b10                . = ALIGN (0x4)
 *(.rodata)
 .rodata        0x0000000008003b10       0x2a build/src/bluetooth.o
 *fill*         0x0000000008003b3a        0x2 
 .rodata        0x0000000008003b3c        0x8 build/src/picture.o
 .rodata        0x0000000008003b44     0x110c build/src/icons.o
 *(.rodata*)
 .rodata.str1.4
                0x0000000008004c50        0x4 /usr/bin/../lib/gcc/arm-none-eabi/4.9.3/../../../../arm-none-eabi/lib/armv7-m/libg.a(lib_a-impure.o)
                                          0x2 (size before relaxing)
 .rodata._global_impure_ptr
                0x0000000008004c54        0x4 /usr/bin/../lib/gcc/arm-none-eabi/4.9.3/../../../../arm-none-eabi/lib/armv7-m/libg.a(lib_a-impure.o)
                0x0000000008004c54                _global_impure_ptr
                0x0000000008004c58                . = ALIGN (0x4)

.ARM.extab      0x0000000008004c58        0x0
 *(.ARM.extab* .gnu.linkonce.armextab.*)
 .ARM.extab     0x0000000008004c58        0x0 /usr/bin/../lib/gcc/arm-none-eabi/4.9.3/../../../../arm-none-eabi/lib/armv7-m/crt0.o

.ARM            0x0000000008004c58        0x8
                0x0000000008004c58                __exidx_start = .
 *(.ARM.exidx*)
 .ARM.exidx     0x0000000008004c58        0x8 /usr/bin/../lib/gcc/arm-none-eabi/4.9.3/../../../../arm-none-eabi/lib/armv7-m/crt0.o
                0x0000000008004c60                __exidx_end = .

.rel.dyn        0x0000000008004c60        0x0
 .rel.iplt      0x0000000000000000        0x0 /usr/bin/../lib/gcc/arm-none-eabi/4.9.3/armv7-m/crtbegin.o

.preinit_array  0x0000000008004c60        0x0
                0x0000000008004c60                PROVIDE (__preinit_array_start, .)
 *(.preinit_array*)
                0x0000000008004c60                PROVIDE (__preinit_array_end, .)

.init_array     0x0000000008004c60        0x8
                0x0000000008004c60                PROVIDE (__init_array_start, .)
 *(SORT(.init_array.*))
 .init_array.00000
                0x0000000008004c60        0x4 /usr/bin/../lib/gcc/arm-none-eabi/4.9.3/../../../../arm-none-eabi/lib/armv7-m/libg.a(lib_a-__call_atexit.o)
 *(.init_array*)
 .init_array    0x0000000008004c64        0x4 /usr/bin/../lib/gcc/arm-none-eabi/4.9.3/armv7-m/crtbegin.o
                0x0000000008004c68                PROVIDE (__init_array_end, .)

.fini_array     0x0000000008004c68        0x4
                0x0000000008004c68                PROVIDE (__fini_array_start, .)
 *(SORT(.fini_array.*))
 *(.fini_array*)
 .fini_array    0x0000000008004c68        0x4 /usr/bin/../lib/gcc/arm-none-eabi/4.9.3/armv7-m/crtbegin.o
                0x0000000008004c6c                PROVIDE (__fini_array_end, .)
                0x0000000008004c6c                _sidata = LOADADDR (.data)

.data           0x0000000020000000      0x454 load address 0x0000000008004c6c
                0x0000000020000000                . = ALIGN (0x4)
                0x0000000020000000                _sdata = .
 *(.data)
 .data          0x0000000020000000        0x0 /usr/bin/../lib/gcc/arm-none-eabi/4.9.3/armv7-m/crti.o
 .data          0x0000000020000000        0x4 /usr/bin/../lib/gcc/arm-none-eabi/4.9.3/armv7-m/crtbegin.o
                0x0000000020000000                __dso_handle
 .data          0x0000000020000004        0x0 /usr/bin/../lib/gcc/arm-none-eabi/4.9.3/../../../../arm-none-eabi/lib/armv7-m/crt0.o
 .data          0x0000000020000004        0x0 build/src/main.o
 .data          0x0000000020000004       0x20 build/src/system_stm32l1xx.o
                0x0000000020000004                SystemCoreClock
                0x0000000020000008                PLLMulTable
                0x0000000020000014                AHBPrescTable
 .data          0x0000000020000024        0x0 build/src/startup_stm32l1xx_xl.o
 .data          0x0000000020000024        0x0 build/src/battery.o
 .data          0x0000000020000024        0x0 build/src/bluetooth.o
 .data          0x0000000020000024        0x0 build/src/display.o
 .data          0x0000000020000024        0x0 build/src/picture.o
 .data          0x0000000020000024        0x0 build/src/icons.o
 .data          0x0000000020000024        0x0 build/src/sensors.o
 .data          0x0000000020000024        0x0 /usr/bin/../lib/gcc/arm-none-eabi/4.9.3/armv7-m/libgcc.a(_arm_addsubdf3.o)
 .data          0x0000000020000024        0x0 /usr/bin/../lib/gcc/arm-none-eabi/4.9.3/armv7-m/libgcc.a(_arm_muldivdf3.o)
 .data          0x0000000020000024        0x0 /usr/bin/../lib/gcc/arm-none-eabi/4.9.3/armv7-m/libgcc.a(_arm_cmpdf2.o)
 .data          0x0000000020000024        0x0 /usr/bin/../lib/gcc/arm-none-eabi/4.9.3/armv7-m/libgcc.a(_arm_fixunsdfsi.o)
 .data          0x0000000020000024        0x0 /usr/bin/../lib/gcc/arm-none-eabi/4.9.3/armv7-m/libgcc.a(_arm_truncdfsf2.o)
 .data          0x0000000020000024        0x0 /usr/bin/../lib/gcc/arm-none-eabi/4.9.3/armv7-m/libgcc.a(_arm_addsubsf3.o)
 .data          0x0000000020000024        0x0 /usr/bin/../lib/gcc/arm-none-eabi/4.9.3/armv7-m/libgcc.a(_arm_cmpsf2.o)
 .data          0x0000000020000024        0x0 /usr/bin/../lib/gcc/arm-none-eabi/4.9.3/../../../../arm-none-eabi/lib/armv7-m/libg.a(lib_a-exit.o)
 .data          0x0000000020000024        0x0 /usr/bin/../lib/gcc/arm-none-eabi/4.9.3/../../../../arm-none-eabi/lib/armv7-m/libg.a(lib_a-impure.o)
 .data          0x0000000020000024        0x0 /usr/bin/../lib/gcc/arm-none-eabi/4.9.3/../../../../arm-none-eabi/lib/armv7-m/libg.a(lib_a-init.o)
 .data          0x0000000020000024        0x0 /usr/bin/../lib/gcc/arm-none-eabi/4.9.3/../../../../arm-none-eabi/lib/armv7-m/libg.a(lib_a-memset.o)
 .data          0x0000000020000024        0x0 /usr/bin/../lib/gcc/arm-none-eabi/4.9.3/../../../../arm-none-eabi/lib/armv7-m/libg.a(lib_a-__call_atexit.o)
 .data          0x0000000020000024        0x0 /usr/bin/../lib/gcc/arm-none-eabi/4.9.3/../../../../arm-none-eabi/lib/armv7-m/libg.a(lib_a-atexit.o)
 .data          0x0000000020000024        0x0 /usr/bin/../lib/gcc/arm-none-eabi/4.9.3/../../../../arm-none-eabi/lib/armv7-m/libg.a(lib_a-fini.o)
 .data          0x0000000020000024        0x0 /usr/bin/../lib/gcc/arm-none-eabi/4.9.3/../../../../arm-none-eabi/lib/armv7-m/libg.a(lib_a-__atexit.o)
 .data          0x0000000020000024        0x0 /usr/bin/../lib/gcc/arm-none-eabi/4.9.3/../../../../arm-none-eabi/lib/armv7-m/libnosys.a(_exit.o)
 .data          0x0000000020000024        0x0 /usr/bin/../lib/gcc/arm-none-eabi/4.9.3/armv7-m/crtend.o
 .data          0x0000000020000024        0x0 /usr/bin/../lib/gcc/arm-none-eabi/4.9.3/armv7-m/crtn.o
 .data          0x0000000020000024        0x0 /usr/bin/../lib/gcc/arm-none-eabi/4.9.3/../../../../arm-none-eabi/lib/armv7-m/libm.a(lib_a-s_round.o)
 *(.data*)
 *fill*         0x0000000020000024        0x4 
 .data.impure_data
                0x0000000020000028      0x428 /usr/bin/../lib/gcc/arm-none-eabi/4.9.3/../../../../arm-none-eabi/lib/armv7-m/libg.a(lib_a-impure.o)
 .data._impure_ptr
                0x0000000020000450        0x4 /usr/bin/../lib/gcc/arm-none-eabi/4.9.3/../../../../arm-none-eabi/lib/armv7-m/libg.a(lib_a-impure.o)
                0x0000000020000450                _impure_ptr
 *(.RamFunc)
                0x0000000020000454                . = ALIGN (0x4)
                0x0000000020000454                _edata = .

.jcr            0x0000000020000454        0x4 load address 0x00000000080050c0
 .jcr           0x0000000020000454        0x0 /usr/bin/../lib/gcc/arm-none-eabi/4.9.3/armv7-m/crtbegin.o
 .jcr           0x0000000020000454        0x4 /usr/bin/../lib/gcc/arm-none-eabi/4.9.3/armv7-m/crtend.o

.igot.plt       0x0000000020000458        0x0 load address 0x00000000080050c4
 .igot.plt      0x0000000000000000        0x0 /usr/bin/../lib/gcc/arm-none-eabi/4.9.3/armv7-m/crtbegin.o
                0x0000000020000458                . = ALIGN (0x4)

.bss            0x0000000020000458      0x824 load address 0x00000000080050c4
                0x0000000020000458                _sbss = .
                0x0000000020000458                __bss_start__ = _sbss
 *(.bss)
 .bss           0x0000000020000458        0x0 /usr/bin/../lib/gcc/arm-none-eabi/4.9.3/armv7-m/crti.o
 .bss           0x0000000020000458       0x1c /usr/bin/../lib/gcc/arm-none-eabi/4.9.3/armv7-m/crtbegin.o
 .bss           0x0000000020000474        0x0 /usr/bin/../lib/gcc/arm-none-eabi/4.9.3/../../../../arm-none-eabi/lib/armv7-m/crt0.o
 .bss           0x0000000020000474        0x0 build/src/main.o
 .bss           0x0000000020000474        0x0 build/src/system_stm32l1xx.o
 .bss           0x0000000020000474        0x0 build/src/startup_stm32l1xx_xl.o
 .bss           0x0000000020000474        0x0 build/src/battery.o
 .bss           0x0000000020000474        0x0 build/src/bluetooth.o
 .bss           0x0000000020000474        0x0 build/src/display.o
 .bss           0x0000000020000474      0x800 build/src/picture.o
 .bss           0x0000000020000c74        0x0 build/src/icons.o
 .bss           0x0000000020000c74        0x0 build/src/sensors.o
 .bss           0x0000000020000c74        0x0 /usr/bin/../lib/gcc/arm-none-eabi/4.9.3/armv7-m/libgcc.a(_arm_addsubdf3.o)
 .bss           0x0000000020000c74        0x0 /usr/bin/../lib/gcc/arm-none-eabi/4.9.3/armv7-m/libgcc.a(_arm_muldivdf3.o)
 .bss           0x0000000020000c74        0x0 /usr/bin/../lib/gcc/arm-none-eabi/4.9.3/armv7-m/libgcc.a(_arm_cmpdf2.o)
 .bss           0x0000000020000c74        0x0 /usr/bin/../lib/gcc/arm-none-eabi/4.9.3/armv7-m/libgcc.a(_arm_fixunsdfsi.o)
 .bss           0x0000000020000c74        0x0 /usr/bin/../lib/gcc/arm-none-eabi/4.9.3/armv7-m/libgcc.a(_arm_truncdfsf2.o)
 .bss           0x0000000020000c74        0x0 /usr/bin/../lib/gcc/arm-none-eabi/4.9.3/armv7-m/libgcc.a(_arm_addsubsf3.o)
 .bss           0x0000000020000c74        0x0 /usr/bin/../lib/gcc/arm-none-eabi/4.9.3/armv7-m/libgcc.a(_arm_cmpsf2.o)
 .bss           0x0000000020000c74        0x0 /usr/bin/../lib/gcc/arm-none-eabi/4.9.3/../../../../arm-none-eabi/lib/armv7-m/libg.a(lib_a-exit.o)
 .bss           0x0000000020000c74        0x0 /usr/bin/../lib/gcc/arm-none-eabi/4.9.3/../../../../arm-none-eabi/lib/armv7-m/libg.a(lib_a-impure.o)
 .bss           0x0000000020000c74        0x0 /usr/bin/../lib/gcc/arm-none-eabi/4.9.3/../../../../arm-none-eabi/lib/armv7-m/libg.a(lib_a-init.o)
 .bss           0x0000000020000c74        0x0 /usr/bin/../lib/gcc/arm-none-eabi/4.9.3/../../../../arm-none-eabi/lib/armv7-m/libg.a(lib_a-memset.o)
 .bss           0x0000000020000c74        0x0 /usr/bin/../lib/gcc/arm-none-eabi/4.9.3/../../../../arm-none-eabi/lib/armv7-m/libg.a(lib_a-__call_atexit.o)
 .bss           0x0000000020000c74        0x0 /usr/bin/../lib/gcc/arm-none-eabi/4.9.3/../../../../arm-none-eabi/lib/armv7-m/libg.a(lib_a-atexit.o)
 .bss           0x0000000020000c74        0x0 /usr/bin/../lib/gcc/arm-none-eabi/4.9.3/../../../../arm-none-eabi/lib/armv7-m/libg.a(lib_a-fini.o)
 .bss           0x0000000020000c74        0x0 /usr/bin/../lib/gcc/arm-none-eabi/4.9.3/../../../../arm-none-eabi/lib/armv7-m/libg.a(lib_a-__atexit.o)
 .bss           0x0000000020000c74        0x0 /usr/bin/../lib/gcc/arm-none-eabi/4.9.3/../../../../arm-none-eabi/lib/armv7-m/libnosys.a(_exit.o)
 .bss           0x0000000020000c74        0x0 /usr/bin/../lib/gcc/arm-none-eabi/4.9.3/armv7-m/crtend.o
 .bss           0x0000000020000c74        0x0 /usr/bin/../lib/gcc/arm-none-eabi/4.9.3/armv7-m/crtn.o
 .bss           0x0000000020000c74        0x0 /usr/bin/../lib/gcc/arm-none-eabi/4.9.3/../../../../arm-none-eabi/lib/armv7-m/libm.a(lib_a-s_round.o)
 *(.bss*)
 *(COMMON)
 COMMON         0x0000000020000c74        0x1 build/src/battery.o
                0x0000000020000c74                batteryCapacity
 *fill*         0x0000000020000c75        0x3 
 COMMON         0x0000000020000c78        0x4 build/src/sensors.o
                0x0000000020000c78                a
                0x0000000020000c7c                . = ALIGN (0x4)
                0x0000000020000c7c                _ebss = .
                0x0000000020000c7c                __bss_end__ = _ebss

._user_heap_stack
                0x0000000020000c7c      0x600 load address 0x00000000080050c4
                0x0000000020000c7c                . = ALIGN (0x4)
                0x0000000020000c7c                PROVIDE (end, .)
                0x0000000020000c7c                PROVIDE (_end, .)
                0x0000000020000e7c                . = (. + _Min_Heap_Size)
 *fill*         0x0000000020000c7c      0x200 
                0x000000002000127c                . = (. + _Min_Stack_Size)
 *fill*         0x0000000020000e7c      0x400 
                0x000000002000127c                . = ALIGN (0x4)

.memory_b1_text
 *(.mb1text)
 *(.mb1text*)
 *(.mb1rodata)
 *(.mb1rodata*)

/DISCARD/
 libc.a(*)
 libm.a(*)
 libgcc.a(*)

.ARM.attributes
                0x0000000000000000       0x29
 *(.ARM.attributes)
 .ARM.attributes
                0x0000000000000000       0x1d /usr/bin/../lib/gcc/arm-none-eabi/4.9.3/armv7-m/crti.o
 .ARM.attributes
                0x000000000000001d       0x2d /usr/bin/../lib/gcc/arm-none-eabi/4.9.3/armv7-m/crtbegin.o
 .ARM.attributes
                0x000000000000004a       0x1b /usr/bin/../lib/gcc/arm-none-eabi/4.9.3/../../../../arm-none-eabi/lib/armv7-m/crt0.o
 .ARM.attributes
                0x0000000000000065       0x33 build/src/main.o
 .ARM.attributes
                0x0000000000000098       0x33 build/src/system_stm32l1xx.o
 .ARM.attributes
                0x00000000000000cb       0x21 build/src/startup_stm32l1xx_xl.o
 .ARM.attributes
                0x00000000000000ec       0x33 build/src/battery.o
 .ARM.attributes
                0x000000000000011f       0x33 build/src/bluetooth.o
 .ARM.attributes
                0x0000000000000152       0x33 build/src/display.o
 .ARM.attributes
                0x0000000000000185       0x33 build/src/picture.o
 .ARM.attributes
                0x00000000000001b8       0x33 build/src/icons.o
 .ARM.attributes
                0x00000000000001eb       0x33 build/src/sensors.o
 .ARM.attributes
                0x000000000000021e       0x1d /usr/bin/../lib/gcc/arm-none-eabi/4.9.3/armv7-m/libgcc.a(_arm_addsubdf3.o)
 .ARM.attributes
                0x000000000000023b       0x1d /usr/bin/../lib/gcc/arm-none-eabi/4.9.3/armv7-m/libgcc.a(_arm_muldivdf3.o)
 .ARM.attributes
                0x0000000000000258       0x1d /usr/bin/../lib/gcc/arm-none-eabi/4.9.3/armv7-m/libgcc.a(_arm_cmpdf2.o)
 .ARM.attributes
                0x0000000000000275       0x1d /usr/bin/../lib/gcc/arm-none-eabi/4.9.3/armv7-m/libgcc.a(_arm_fixunsdfsi.o)
 .ARM.attributes
                0x0000000000000292       0x1d /usr/bin/../lib/gcc/arm-none-eabi/4.9.3/armv7-m/libgcc.a(_arm_truncdfsf2.o)
 .ARM.attributes
                0x00000000000002af       0x1d /usr/bin/../lib/gcc/arm-none-eabi/4.9.3/armv7-m/libgcc.a(_arm_addsubsf3.o)
 .ARM.attributes
                0x00000000000002cc       0x1d /usr/bin/../lib/gcc/arm-none-eabi/4.9.3/armv7-m/libgcc.a(_arm_cmpsf2.o)
 .ARM.attributes
                0x00000000000002e9       0x2d /usr/bin/../lib/gcc/arm-none-eabi/4.9.3/../../../../arm-none-eabi/lib/armv7-m/libg.a(lib_a-exit.o)
 .ARM.attributes
                0x0000000000000316       0x2d /usr/bin/../lib/gcc/arm-none-eabi/4.9.3/../../../../arm-none-eabi/lib/armv7-m/libg.a(lib_a-impure.o)
 .ARM.attributes
                0x0000000000000343       0x2d /usr/bin/../lib/gcc/arm-none-eabi/4.9.3/../../../../arm-none-eabi/lib/armv7-m/libg.a(lib_a-init.o)
 .ARM.attributes
                0x0000000000000370       0x2d /usr/bin/../lib/gcc/arm-none-eabi/4.9.3/../../../../arm-none-eabi/lib/armv7-m/libg.a(lib_a-memset.o)
 .ARM.attributes
                0x000000000000039d       0x2d /usr/bin/../lib/gcc/arm-none-eabi/4.9.3/../../../../arm-none-eabi/lib/armv7-m/libg.a(lib_a-__call_atexit.o)
 .ARM.attributes
                0x00000000000003ca       0x2d /usr/bin/../lib/gcc/arm-none-eabi/4.9.3/../../../../arm-none-eabi/lib/armv7-m/libg.a(lib_a-atexit.o)
 .ARM.attributes
                0x00000000000003f7       0x2d /usr/bin/../lib/gcc/arm-none-eabi/4.9.3/../../../../arm-none-eabi/lib/armv7-m/libg.a(lib_a-fini.o)
 .ARM.attributes
                0x0000000000000424       0x2d /usr/bin/../lib/gcc/arm-none-eabi/4.9.3/../../../../arm-none-eabi/lib/armv7-m/libg.a(lib_a-__atexit.o)
 .ARM.attributes
                0x0000000000000451       0x2d /usr/bin/../lib/gcc/arm-none-eabi/4.9.3/../../../../arm-none-eabi/lib/armv7-m/libnosys.a(_exit.o)
 .ARM.attributes
                0x000000000000047e       0x2d /usr/bin/../lib/gcc/arm-none-eabi/4.9.3/armv7-m/crtend.o
 .ARM.attributes
                0x00000000000004ab       0x1d /usr/bin/../lib/gcc/arm-none-eabi/4.9.3/armv7-m/crtn.o
OUTPUT(build/main.elf elf32-littlearm)

.debug_info     0x0000000000000000     0x3443
 .debug_info    0x0000000000000000       0xc7 build/src/main.o
 .debug_info    0x00000000000000c7      0x54a build/src/system_stm32l1xx.o
 .debug_info    0x0000000000000611       0x7b build/src/startup_stm32l1xx_xl.o
 .debug_info    0x000000000000068c      0x795 build/src/battery.o
 .debug_info    0x0000000000000e21      0x764 build/src/bluetooth.o
 .debug_info    0x0000000000001585      0x6dd build/src/display.o
 .debug_info    0x0000000000001c62      0x6a6 build/src/picture.o
 .debug_info    0x0000000000002308      0xc58 build/src/icons.o
 .debug_info    0x0000000000002f60      0x4e3 build/src/sensors.o

.debug_abbrev   0x0000000000000000      0xa2d
 .debug_abbrev  0x0000000000000000       0x65 build/src/main.o
 .debug_abbrev  0x0000000000000065      0x147 build/src/system_stm32l1xx.o
 .debug_abbrev  0x00000000000001ac       0x12 build/src/startup_stm32l1xx_xl.o
 .debug_abbrev  0x00000000000001be      0x19d build/src/battery.o
 .debug_abbrev  0x000000000000035b      0x193 build/src/bluetooth.o
 .debug_abbrev  0x00000000000004ee      0x173 build/src/display.o
 .debug_abbrev  0x0000000000000661      0x19b build/src/picture.o
 .debug_abbrev  0x00000000000007fc       0xd2 build/src/icons.o
 .debug_abbrev  0x00000000000008ce      0x15f build/src/sensors.o

.debug_aranges  0x0000000000000000      0x128
 .debug_aranges
                0x0000000000000000       0x20 build/src/main.o
 .debug_aranges
                0x0000000000000020       0x20 build/src/system_stm32l1xx.o
 .debug_aranges
                0x0000000000000040       0x28 build/src/startup_stm32l1xx_xl.o
 .debug_aranges
                0x0000000000000068       0x20 build/src/battery.o
 .debug_aranges
                0x0000000000000088       0x20 build/src/bluetooth.o
 .debug_aranges
                0x00000000000000a8       0x20 build/src/display.o
 .debug_aranges
                0x00000000000000c8       0x20 build/src/picture.o
 .debug_aranges
                0x00000000000000e8       0x20 build/src/icons.o
 .debug_aranges
                0x0000000000000108       0x20 build/src/sensors.o

.debug_line     0x0000000000000000      0xd66
 .debug_line    0x0000000000000000       0xc9 build/src/main.o
 .debug_line    0x00000000000000c9      0x181 build/src/system_stm32l1xx.o
 .debug_line    0x000000000000024a       0x77 build/src/startup_stm32l1xx_xl.o
 .debug_line    0x00000000000002c1      0x13d build/src/battery.o
 .debug_line    0x00000000000003fe      0x14a build/src/bluetooth.o
 .debug_line    0x0000000000000548      0x1cf build/src/display.o
 .debug_line    0x0000000000000717      0x305 build/src/picture.o
 .debug_line    0x0000000000000a1c      0x18b build/src/icons.o
 .debug_line    0x0000000000000ba7      0x1bf build/src/sensors.o

.debug_str      0x0000000000000000     0x1492
 .debug_str     0x0000000000000000      0x14c build/src/main.o
                                        0x194 (size before relaxing)
 .debug_str     0x000000000000014c      0x1e3 build/src/system_stm32l1xx.o
                                        0x368 (size before relaxing)
 .debug_str     0x000000000000032f      0x501 build/src/battery.o
                                        0x733 (size before relaxing)
 .debug_str     0x0000000000000830       0xe2 build/src/bluetooth.o
                                        0x70c (size before relaxing)
 .debug_str     0x0000000000000912      0x1b2 build/src/display.o
                                        0x448 (size before relaxing)
 .debug_str     0x0000000000000ac4      0x20c build/src/picture.o
                                        0x3b5 (size before relaxing)
 .debug_str     0x0000000000000cd0      0x6bc build/src/icons.o
                                        0x852 (size before relaxing)
 .debug_str     0x000000000000138c      0x106 build/src/sensors.o
                                        0x3b0 (size before relaxing)

.comment        0x0000000000000000       0x70
 .comment       0x0000000000000000       0x70 build/src/main.o
                                         0x71 (size before relaxing)
 .comment       0x0000000000000000       0x71 build/src/system_stm32l1xx.o
 .comment       0x0000000000000000       0x71 build/src/battery.o
 .comment       0x0000000000000000       0x71 build/src/bluetooth.o
 .comment       0x0000000000000000       0x71 build/src/display.o
 .comment       0x0000000000000000       0x71 build/src/picture.o
 .comment       0x0000000000000000       0x71 build/src/icons.o
 .comment       0x0000000000000000       0x71 build/src/sensors.o

.debug_frame    0x0000000000000000     0x10ac
 .debug_frame   0x0000000000000000       0x2c build/src/main.o
 .debug_frame   0x000000000000002c       0x7c build/src/system_stm32l1xx.o
 .debug_frame   0x00000000000000a8       0xd8 build/src/battery.o
 .debug_frame   0x0000000000000180      0x128 build/src/bluetooth.o
 .debug_frame   0x00000000000002a8      0x184 build/src/display.o
 .debug_frame   0x000000000000042c      0x270 build/src/picture.o
 .debug_frame   0x000000000000069c      0x6f0 build/src/icons.o
 .debug_frame   0x0000000000000d8c      0x1a0 build/src/sensors.o
 .debug_frame   0x0000000000000f2c       0x28 /usr/bin/../lib/gcc/arm-none-eabi/4.9.3/../../../../arm-none-eabi/lib/armv7-m/libg.a(lib_a-exit.o)
 .debug_frame   0x0000000000000f54       0x2c /usr/bin/../lib/gcc/arm-none-eabi/4.9.3/../../../../arm-none-eabi/lib/armv7-m/libg.a(lib_a-init.o)
 .debug_frame   0x0000000000000f80       0x34 /usr/bin/../lib/gcc/arm-none-eabi/4.9.3/../../../../arm-none-eabi/lib/armv7-m/libg.a(lib_a-memset.o)
 .debug_frame   0x0000000000000fb4       0x50 /usr/bin/../lib/gcc/arm-none-eabi/4.9.3/../../../../arm-none-eabi/lib/armv7-m/libg.a(lib_a-__call_atexit.o)
 .debug_frame   0x0000000000001004       0x20 /usr/bin/../lib/gcc/arm-none-eabi/4.9.3/../../../../arm-none-eabi/lib/armv7-m/libg.a(lib_a-atexit.o)
 .debug_frame   0x0000000000001024       0x34 /usr/bin/../lib/gcc/arm-none-eabi/4.9.3/../../../../arm-none-eabi/lib/armv7-m/libg.a(lib_a-fini.o)
 .debug_frame   0x0000000000001058       0x34 /usr/bin/../lib/gcc/arm-none-eabi/4.9.3/../../../../arm-none-eabi/lib/armv7-m/libg.a(lib_a-__atexit.o)
 .debug_frame   0x000000000000108c       0x20 /usr/bin/../lib/gcc/arm-none-eabi/4.9.3/../../../../arm-none-eabi/lib/armv7-m/libnosys.a(_exit.o)

.debug_ranges   0x0000000000000000       0x20
 .debug_ranges  0x0000000000000000       0x20 build/src/startup_stm32l1xx_xl.o
