Archive member included because of file (symbol)

/usr/bin/../lib/gcc/arm-none-eabi/4.9.3/armv7-m/libgcc.a(_arm_addsubdf3.o)
                              build/src/bluetooth.o (__aeabi_dsub)
/usr/bin/../lib/gcc/arm-none-eabi/4.9.3/armv7-m/libgcc.a(_arm_muldivdf3.o)
                              build/src/battery.o (__aeabi_dmul)
/usr/bin/../lib/gcc/arm-none-eabi/4.9.3/armv7-m/libgcc.a(_arm_cmpdf2.o)
                              build/src/battery.o (__aeabi_dcmplt)
/usr/bin/../lib/gcc/arm-none-eabi/4.9.3/armv7-m/libgcc.a(_arm_fixunsdfsi.o)
                              build/src/battery.o (__aeabi_d2uiz)
/usr/bin/../lib/gcc/arm-none-eabi/4.9.3/armv7-m/libgcc.a(_arm_truncdfsf2.o)
                              build/src/battery.o (__aeabi_d2f)
/usr/bin/../lib/gcc/arm-none-eabi/4.9.3/armv7-m/libgcc.a(_arm_addsubsf3.o)
                              build/src/battery.o (__aeabi_i2f)
/usr/bin/../lib/gcc/arm-none-eabi/4.9.3/armv7-m/libgcc.a(_arm_cmpsf2.o)
                              build/src/battery.o (__aeabi_fcmpgt)
/usr/bin/../lib/gcc/arm-none-eabi/4.9.3/../../../../arm-none-eabi/lib/armv7-m/libg.a(lib_a-exit.o)
                              /usr/bin/../lib/gcc/arm-none-eabi/4.9.3/../../../../arm-none-eabi/lib/armv7-m/crt0.o (exit)
/usr/bin/../lib/gcc/arm-none-eabi/4.9.3/../../../../arm-none-eabi/lib/armv7-m/libg.a(lib_a-impure.o)
                              /usr/bin/../lib/gcc/arm-none-eabi/4.9.3/../../../../arm-none-eabi/lib/armv7-m/libg.a(lib_a-exit.o) (_global_impure_ptr)
/usr/bin/../lib/gcc/arm-none-eabi/4.9.3/../../../../arm-none-eabi/lib/armv7-m/libg.a(lib_a-init.o)
                              /usr/bin/../lib/gcc/arm-none-eabi/4.9.3/../../../../arm-none-eabi/lib/armv7-m/crt0.o (__libc_init_array)
/usr/bin/../lib/gcc/arm-none-eabi/4.9.3/../../../../arm-none-eabi/lib/armv7-m/libg.a(lib_a-memset.o)
                              /usr/bin/../lib/gcc/arm-none-eabi/4.9.3/../../../../arm-none-eabi/lib/armv7-m/crt0.o (memset)
/usr/bin/../lib/gcc/arm-none-eabi/4.9.3/../../../../arm-none-eabi/lib/armv7-m/libg.a(lib_a-__call_atexit.o)
                              /usr/bin/../lib/gcc/arm-none-eabi/4.9.3/../../../../arm-none-eabi/lib/armv7-m/libg.a(lib_a-exit.o) (__call_exitprocs)
/usr/bin/../lib/gcc/arm-none-eabi/4.9.3/../../../../arm-none-eabi/lib/armv7-m/libg.a(lib_a-atexit.o)
                              /usr/bin/../lib/gcc/arm-none-eabi/4.9.3/../../../../arm-none-eabi/lib/armv7-m/libg.a(lib_a-__call_atexit.o) (atexit)
/usr/bin/../lib/gcc/arm-none-eabi/4.9.3/../../../../arm-none-eabi/lib/armv7-m/libg.a(lib_a-fini.o)
                              /usr/bin/../lib/gcc/arm-none-eabi/4.9.3/../../../../arm-none-eabi/lib/armv7-m/libg.a(lib_a-__call_atexit.o) (__libc_fini_array)
/usr/bin/../lib/gcc/arm-none-eabi/4.9.3/../../../../arm-none-eabi/lib/armv7-m/libg.a(lib_a-__atexit.o)
                              /usr/bin/../lib/gcc/arm-none-eabi/4.9.3/../../../../arm-none-eabi/lib/armv7-m/libg.a(lib_a-atexit.o) (__register_exitproc)
/usr/bin/../lib/gcc/arm-none-eabi/4.9.3/../../../../arm-none-eabi/lib/armv7-m/libnosys.a(_exit.o)
                              /usr/bin/../lib/gcc/arm-none-eabi/4.9.3/../../../../arm-none-eabi/lib/armv7-m/libg.a(lib_a-exit.o) (_exit)
/usr/bin/../lib/gcc/arm-none-eabi/4.9.3/../../../../arm-none-eabi/lib/armv7-m/libm.a(lib_a-s_round.o)
                              build/src/bluetooth.o (round)

Allocating common symbols
Common symbol       size              file

batteryCapacity     0x1               build/src/battery.o

Discarded input sections

 .debug_frame   0x0000000000000000       0x30 /usr/bin/../lib/gcc/arm-none-eabi/4.9.3/../../../../arm-none-eabi/lib/armv7-m/libm.a(lib_a-s_round.o)
 .ARM.attributes
                0x0000000000000000       0x2d /usr/bin/../lib/gcc/arm-none-eabi/4.9.3/../../../../arm-none-eabi/lib/armv7-m/libm.a(lib_a-s_round.o)

Memory Configuration

Name             Origin             Length             Attributes
FLASH            0x0000000008000000 0x0000000000080000 xr
RAM              0x0000000020000000 0x0000000000014000 xrw
MEMORY_B1        0x0000000060000000 0x0000000000000000 xr
*default*        0x0000000000000000 0xffffffffffffffff

Linker script and memory map

LOAD /usr/bin/../lib/gcc/arm-none-eabi/4.9.3/armv7-m/crti.o
LOAD /usr/bin/../lib/gcc/arm-none-eabi/4.9.3/armv7-m/crtbegin.o
LOAD /usr/bin/../lib/gcc/arm-none-eabi/4.9.3/../../../../arm-none-eabi/lib/armv7-m/crt0.o
LOAD build/src/main.o
LOAD build/src/system_stm32l1xx.o
LOAD build/src/startup_stm32l1xx_xl.o
LOAD build/src/battery.o
LOAD build/src/bluetooth.o
LOAD build/src/display.o
LOAD build/src/picture.o
LOAD build/src/icons.o
LOAD build/src/sensors.o
LOAD build/src/clock.o
LOAD build/src/button.o
START GROUP
LOAD /usr/bin/../lib/gcc/arm-none-eabi/4.9.3/armv7-m/libgcc.a
LOAD /usr/bin/../lib/gcc/arm-none-eabi/4.9.3/../../../../arm-none-eabi/lib/armv7-m/libg.a
LOAD /usr/bin/../lib/gcc/arm-none-eabi/4.9.3/../../../../arm-none-eabi/lib/armv7-m/libc.a
END GROUP
START GROUP
LOAD /usr/bin/../lib/gcc/arm-none-eabi/4.9.3/armv7-m/libgcc.a
LOAD /usr/bin/../lib/gcc/arm-none-eabi/4.9.3/../../../../arm-none-eabi/lib/armv7-m/libc.a
LOAD /usr/bin/../lib/gcc/arm-none-eabi/4.9.3/../../../../arm-none-eabi/lib/armv7-m/libnosys.a
END GROUP
LOAD /usr/bin/../lib/gcc/arm-none-eabi/4.9.3/armv7-m/crtend.o
LOAD /usr/bin/../lib/gcc/arm-none-eabi/4.9.3/armv7-m/crtn.o
                0x0000000020014000                _estack = 0x20014000
                0x0000000000000200                _Min_Heap_Size = 0x200
                0x0000000000000400                _Min_Stack_Size = 0x400

.isr_vector     0x0000000008000000      0x13c
                0x0000000008000000                . = ALIGN (0x4)
 *(.isr_vector)
 .isr_vector    0x0000000008000000      0x13c build/src/startup_stm32l1xx_xl.o
                0x0000000008000000                g_pfnVectors
                0x000000000800013c                . = ALIGN (0x4)

.text           0x0000000008000140     0x3edc
                0x0000000008000140                . = ALIGN (0x4)
 *(.text)
 .text          0x0000000008000140        0x0 /usr/bin/../lib/gcc/arm-none-eabi/4.9.3/armv7-m/crti.o
 .text          0x0000000008000140       0x5c /usr/bin/../lib/gcc/arm-none-eabi/4.9.3/armv7-m/crtbegin.o
 .text          0x000000000800019c       0x74 /usr/bin/../lib/gcc/arm-none-eabi/4.9.3/../../../../arm-none-eabi/lib/armv7-m/crt0.o
                0x000000000800019c                _mainCRTStartup
                0x000000000800019c                _start
 .text          0x0000000008000210        0xc build/src/main.o
                0x0000000008000210                main
 .text          0x000000000800021c      0x2d8 build/src/system_stm32l1xx.o
                0x000000000800021c                SystemInit
                0x0000000008000280                SystemCoreClockUpdate
 .text          0x00000000080004f4       0x14 build/src/startup_stm32l1xx_xl.o
 .text          0x0000000008000508      0x1fc build/src/battery.o
                0x0000000008000508                battery_t
                0x00000000080006d4                ADC1_IRQHandler
 *fill*         0x0000000008000704        0x4 
 .text          0x0000000008000708      0x23c build/src/bluetooth.o
                0x0000000008000708                bluetooth_t
                0x0000000008000924                USART1_IRQHandler
 .text          0x0000000008000944      0x360 build/src/display.o
                0x0000000008000944                display_t
 .text          0x0000000008000ca4     0x10d4 build/src/picture.o
                0x0000000008000ca4                getPicture
                0x0000000008000ccc                addLogoFrame
                0x0000000008000d0c                addBatteryFrame
                0x0000000008000dd8                addCallFrame
                0x0000000008000e18                removeCallFrame
                0x0000000008000e58                addSmsFrame
                0x0000000008000e98                removeSmsFrame
                0x0000000008000ed8                addMailFrame
                0x0000000008000f18                removeMailFrame
                0x0000000008000f58                addHumidityFrame
                0x0000000008001248                addTemperatureFrame
                0x0000000008001538                addDateFrame
                0x00000000080018ac                addTimeFrame
 .text          0x0000000008001d78      0x9a0 build/src/icons.o
                0x0000000008001d78                getLogoIcon
                0x0000000008001db0                getBatteryIcon0
                0x0000000008001de8                getBatteryIcon25
                0x0000000008001e20                getBatteryIcon50
                0x0000000008001e58                getBatteryIcon75
                0x0000000008001e90                getBatteryIcon100
                0x0000000008001ec8                getMissedCallIcon
                0x0000000008001f00                getNewSmsIcon
                0x0000000008001f38                getNewMailIcon
                0x0000000008001f70                removeNotificationIcon
                0x0000000008001fa8                getSmallZeroNumberIcon
                0x0000000008001fe0                getSmallOneNumberIcon
                0x0000000008002018                getSmallTwoNumberIcon
                0x0000000008002050                getSmallThreeNumberIcon
                0x0000000008002088                getSmallFourNumberIcon
                0x00000000080020c0                getSmallFiveNumberIcon
                0x00000000080020f8                getSmallSixNumberIcon
                0x0000000008002130                getSmallSevenNumberIcon
                0x0000000008002168                getSmallEightNumberIcon
                0x00000000080021a0                getSmallNineNumberIcon
                0x00000000080021d8                getMediumZeroNumberIcon
                0x0000000008002210                getSmallPercentIcon
                0x0000000008002248                getMediumOneNumberIcon
                0x0000000008002280                getSmallCelsiusIcon
                0x00000000080022b8                getMediumTwoNumberIcon
                0x00000000080022f0                getMediumThreeNumberIcon
                0x0000000008002328                getMediumFourNumberIcon
                0x0000000008002360                getMediumFiveNumberIcon
                0x0000000008002398                getMediumSixNumberIcon
                0x00000000080023d0                getMediumSevenNumberIcon
                0x0000000008002408                getMediumEightNumberIcon
                0x0000000008002440                getMediumNineNumberIcon
                0x0000000008002478                getMediumDotIcon
                0x00000000080024b0                getBigZeroNumberIcon
                0x00000000080024e8                getBigOneNumberIcon
                0x0000000008002520                getBigTwoNumberIcon
                0x0000000008002558                getBigThreeNumberIcon
                0x0000000008002590                getBigFourNumberIcon
                0x00000000080025c8                getBigFiveNumberIcon
                0x0000000008002600                getBigSixNumberIcon
                0x0000000008002638                getBigSevenNumberIcon
                0x0000000008002670                getBigEightNumberIcon
                0x00000000080026a8                getBigNineNumberIcon
                0x00000000080026e0                getBigColonIcon
 .text          0x0000000008002718      0x2cc build/src/sensors.o
                0x0000000008002718                sensors_t
 .text          0x00000000080029e4      0x3fc build/src/clock.o
                0x00000000080029e4                clock_t
                0x0000000008002db4                RTC_Alarm_IRQHandler
 .text          0x0000000008002de0      0x1d4 build/src/button.o
                0x0000000008002de0                button_t
                0x0000000008002f18                EXTI3_IRQHandler
                0x0000000008002f38                TIM2_IRQHandler
 .text          0x0000000008002fb4      0x370 /usr/bin/../lib/gcc/arm-none-eabi/4.9.3/armv7-m/libgcc.a(_arm_addsubdf3.o)
                0x0000000008002fb4                __aeabi_drsub
                0x0000000008002fbc                __aeabi_dsub
                0x0000000008002fbc                __subdf3
                0x0000000008002fc0                __adddf3
                0x0000000008002fc0                __aeabi_dadd
                0x0000000008003238                __aeabi_ui2d
                0x0000000008003238                __floatunsidf
                0x0000000008003258                __floatsidf
                0x0000000008003258                __aeabi_i2d
                0x000000000800327c                __extendsfdf2
                0x000000000800327c                __aeabi_f2d
                0x00000000080032b8                __aeabi_ul2d
                0x00000000080032b8                __floatundidf
                0x00000000080032c8                __floatdidf
                0x00000000080032c8                __aeabi_l2d
 .text          0x0000000008003324      0x424 /usr/bin/../lib/gcc/arm-none-eabi/4.9.3/armv7-m/libgcc.a(_arm_muldivdf3.o)
                0x0000000008003324                __aeabi_dmul
                0x0000000008003324                __muldf3
                0x0000000008003578                __aeabi_ddiv
                0x0000000008003578                __divdf3
 .text          0x0000000008003748      0x110 /usr/bin/../lib/gcc/arm-none-eabi/4.9.3/armv7-m/libgcc.a(_arm_cmpdf2.o)
                0x0000000008003748                __gtdf2
                0x0000000008003748                __gedf2
                0x0000000008003750                __ltdf2
                0x0000000008003750                __ledf2
                0x0000000008003758                __cmpdf2
                0x0000000008003758                __eqdf2
                0x0000000008003758                __nedf2
                0x00000000080037d4                __aeabi_cdrcmple
                0x00000000080037e4                __aeabi_cdcmple
                0x00000000080037e4                __aeabi_cdcmpeq
                0x00000000080037f4                __aeabi_dcmpeq
                0x0000000008003808                __aeabi_dcmplt
                0x000000000800381c                __aeabi_dcmple
                0x0000000008003830                __aeabi_dcmpge
                0x0000000008003844                __aeabi_dcmpgt
 .text          0x0000000008003858       0x40 /usr/bin/../lib/gcc/arm-none-eabi/4.9.3/armv7-m/libgcc.a(_arm_fixunsdfsi.o)
                0x0000000008003858                __fixunsdfsi
                0x0000000008003858                __aeabi_d2uiz
 .text          0x0000000008003898       0xa0 /usr/bin/../lib/gcc/arm-none-eabi/4.9.3/armv7-m/libgcc.a(_arm_truncdfsf2.o)
                0x0000000008003898                __aeabi_d2f
                0x0000000008003898                __truncdfsf2
 .text          0x0000000008003938      0x21c /usr/bin/../lib/gcc/arm-none-eabi/4.9.3/armv7-m/libgcc.a(_arm_addsubsf3.o)
                0x0000000008003938                __aeabi_frsub
                0x0000000008003940                __subsf3
                0x0000000008003940                __aeabi_fsub
                0x0000000008003944                __aeabi_fadd
                0x0000000008003944                __addsf3
                0x0000000008003aa4                __aeabi_ui2f
                0x0000000008003aa4                __floatunsisf
                0x0000000008003aac                __aeabi_i2f
                0x0000000008003aac                __floatsisf
                0x0000000008003ac8                __floatundisf
                0x0000000008003ac8                __aeabi_ul2f
                0x0000000008003ad8                __floatdisf
                0x0000000008003ad8                __aeabi_l2f
 .text          0x0000000008003b54       0xec /usr/bin/../lib/gcc/arm-none-eabi/4.9.3/armv7-m/libgcc.a(_arm_cmpsf2.o)
                0x0000000008003b54                __gtsf2
                0x0000000008003b54                __gesf2
                0x0000000008003b5c                __lesf2
                0x0000000008003b5c                __ltsf2
                0x0000000008003b64                __nesf2
                0x0000000008003b64                __eqsf2
                0x0000000008003b64                __cmpsf2
                0x0000000008003bc4                __aeabi_cfrcmple
                0x0000000008003bcc                __aeabi_cfcmple
                0x0000000008003bcc                __aeabi_cfcmpeq
                0x0000000008003bdc                __aeabi_fcmpeq
                0x0000000008003bf0                __aeabi_fcmplt
                0x0000000008003c04                __aeabi_fcmple
                0x0000000008003c18                __aeabi_fcmpge
                0x0000000008003c2c                __aeabi_fcmpgt
 .text          0x0000000008003c40        0x0 /usr/bin/../lib/gcc/arm-none-eabi/4.9.3/../../../../arm-none-eabi/lib/armv7-m/libg.a(lib_a-exit.o)
 .text          0x0000000008003c40        0x0 /usr/bin/../lib/gcc/arm-none-eabi/4.9.3/../../../../arm-none-eabi/lib/armv7-m/libg.a(lib_a-impure.o)
 .text          0x0000000008003c40        0x0 /usr/bin/../lib/gcc/arm-none-eabi/4.9.3/../../../../arm-none-eabi/lib/armv7-m/libg.a(lib_a-init.o)
 .text          0x0000000008003c40        0x0 /usr/bin/../lib/gcc/arm-none-eabi/4.9.3/../../../../arm-none-eabi/lib/armv7-m/libg.a(lib_a-memset.o)
 .text          0x0000000008003c40        0x0 /usr/bin/../lib/gcc/arm-none-eabi/4.9.3/../../../../arm-none-eabi/lib/armv7-m/libg.a(lib_a-__call_atexit.o)
 .text          0x0000000008003c40        0x0 /usr/bin/../lib/gcc/arm-none-eabi/4.9.3/../../../../arm-none-eabi/lib/armv7-m/libg.a(lib_a-atexit.o)
 .text          0x0000000008003c40        0x0 /usr/bin/../lib/gcc/arm-none-eabi/4.9.3/../../../../arm-none-eabi/lib/armv7-m/libg.a(lib_a-fini.o)
 .text          0x0000000008003c40        0x0 /usr/bin/../lib/gcc/arm-none-eabi/4.9.3/../../../../arm-none-eabi/lib/armv7-m/libg.a(lib_a-__atexit.o)
 .text          0x0000000008003c40        0x0 /usr/bin/../lib/gcc/arm-none-eabi/4.9.3/../../../../arm-none-eabi/lib/armv7-m/libnosys.a(_exit.o)
 .text          0x0000000008003c40        0x0 /usr/bin/../lib/gcc/arm-none-eabi/4.9.3/armv7-m/crtend.o
 .text          0x0000000008003c40        0x0 /usr/bin/../lib/gcc/arm-none-eabi/4.9.3/armv7-m/crtn.o
 .text          0x0000000008003c40        0x0 /usr/bin/../lib/gcc/arm-none-eabi/4.9.3/../../../../arm-none-eabi/lib/armv7-m/libm.a(lib_a-s_round.o)
 *(.text*)
 .text.Reset_Handler
                0x0000000008003c40       0x48 build/src/startup_stm32l1xx_xl.o
                0x0000000008003c40                Reset_Handler
 .text.Default_Handler
                0x0000000008003c88        0x2 build/src/startup_stm32l1xx_xl.o
                0x0000000008003c88                EXTI2_IRQHandler
                0x0000000008003c88                COMP_ACQ_IRQHandler
                0x0000000008003c88                DebugMon_Handler
                0x0000000008003c88                HardFault_Handler
                0x0000000008003c88                TIM10_IRQHandler
                0x0000000008003c88                USB_HP_IRQHandler
                0x0000000008003c88                TIM6_IRQHandler
                0x0000000008003c88                SysTick_Handler
                0x0000000008003c88                PVD_IRQHandler
                0x0000000008003c88                PendSV_Handler
                0x0000000008003c88                NMI_Handler
                0x0000000008003c88                EXTI0_IRQHandler
                0x0000000008003c88                I2C2_EV_IRQHandler
                0x0000000008003c88                UsageFault_Handler
                0x0000000008003c88                SPI1_IRQHandler
                0x0000000008003c88                USB_FS_WKUP_IRQHandler
                0x0000000008003c88                DMA2_Channel2_IRQHandler
                0x0000000008003c88                DMA1_Channel4_IRQHandler
                0x0000000008003c88                USART3_IRQHandler
                0x0000000008003c88                DMA1_Channel7_IRQHandler
                0x0000000008003c88                LCD_IRQHandler
                0x0000000008003c88                UART5_IRQHandler
                0x0000000008003c88                TIM4_IRQHandler
                0x0000000008003c88                DMA2_Channel1_IRQHandler
                0x0000000008003c88                I2C1_EV_IRQHandler
                0x0000000008003c88                DMA1_Channel6_IRQHandler
                0x0000000008003c88                UART4_IRQHandler
                0x0000000008003c88                DMA2_Channel4_IRQHandler
                0x0000000008003c88                TIM3_IRQHandler
                0x0000000008003c88                RCC_IRQHandler
                0x0000000008003c88                DMA1_Channel1_IRQHandler
                0x0000000008003c88                Default_Handler
                0x0000000008003c88                EXTI15_10_IRQHandler
                0x0000000008003c88                TIM7_IRQHandler
                0x0000000008003c88                TIM5_IRQHandler
                0x0000000008003c88                EXTI9_5_IRQHandler
                0x0000000008003c88                TIM9_IRQHandler
                0x0000000008003c88                TAMPER_STAMP_IRQHandler
                0x0000000008003c88                RTC_WKUP_IRQHandler
                0x0000000008003c88                SPI2_IRQHandler
                0x0000000008003c88                MemManage_Handler
                0x0000000008003c88                SVC_Handler
                0x0000000008003c88                DMA2_Channel5_IRQHandler
                0x0000000008003c88                DMA1_Channel5_IRQHandler
                0x0000000008003c88                USB_LP_IRQHandler
                0x0000000008003c88                EXTI4_IRQHandler
                0x0000000008003c88                DMA1_Channel3_IRQHandler
                0x0000000008003c88                COMP_IRQHandler
                0x0000000008003c88                WWDG_IRQHandler
                0x0000000008003c88                DAC_IRQHandler
                0x0000000008003c88                EXTI1_IRQHandler
                0x0000000008003c88                AES_IRQHandler
                0x0000000008003c88                TIM11_IRQHandler
                0x0000000008003c88                USART2_IRQHandler
                0x0000000008003c88                I2C2_ER_IRQHandler
                0x0000000008003c88                DMA1_Channel2_IRQHandler
                0x0000000008003c88                FLASH_IRQHandler
                0x0000000008003c88                BusFault_Handler
                0x0000000008003c88                SPI3_IRQHandler
                0x0000000008003c88                I2C1_ER_IRQHandler
                0x0000000008003c88                DMA2_Channel3_IRQHandler
 *fill*         0x0000000008003c8a        0x2 
 .text.exit     0x0000000008003c8c       0x20 /usr/bin/../lib/gcc/arm-none-eabi/4.9.3/../../../../arm-none-eabi/lib/armv7-m/libg.a(lib_a-exit.o)
                0x0000000008003c8c                exit
 .text.__libc_init_array
                0x0000000008003cac       0x50 /usr/bin/../lib/gcc/arm-none-eabi/4.9.3/../../../../arm-none-eabi/lib/armv7-m/libg.a(lib_a-init.o)
                0x0000000008003cac                __libc_init_array
 .text.memset   0x0000000008003cfc       0x9c /usr/bin/../lib/gcc/arm-none-eabi/4.9.3/../../../../arm-none-eabi/lib/armv7-m/libg.a(lib_a-memset.o)
                0x0000000008003cfc                memset
 .text.startup.register_fini
                0x0000000008003d98       0x14 /usr/bin/../lib/gcc/arm-none-eabi/4.9.3/../../../../arm-none-eabi/lib/armv7-m/libg.a(lib_a-__call_atexit.o)
 .text.__call_exitprocs
                0x0000000008003dac       0xd4 /usr/bin/../lib/gcc/arm-none-eabi/4.9.3/../../../../arm-none-eabi/lib/armv7-m/libg.a(lib_a-__call_atexit.o)
                0x0000000008003dac                __call_exitprocs
 .text.atexit   0x0000000008003e80        0xc /usr/bin/../lib/gcc/arm-none-eabi/4.9.3/../../../../arm-none-eabi/lib/armv7-m/libg.a(lib_a-atexit.o)
                0x0000000008003e80                atexit
 .text.__libc_fini_array
                0x0000000008003e8c       0x2c /usr/bin/../lib/gcc/arm-none-eabi/4.9.3/../../../../arm-none-eabi/lib/armv7-m/libg.a(lib_a-fini.o)
                0x0000000008003e8c                __libc_fini_array
 .text.__register_exitproc
                0x0000000008003eb8       0xa4 /usr/bin/../lib/gcc/arm-none-eabi/4.9.3/../../../../arm-none-eabi/lib/armv7-m/libg.a(lib_a-__atexit.o)
                0x0000000008003eb8                __register_exitproc
 .text._exit    0x0000000008003f5c        0x4 /usr/bin/../lib/gcc/arm-none-eabi/4.9.3/../../../../arm-none-eabi/lib/armv7-m/libnosys.a(_exit.o)
                0x0000000008003f5c                _exit
 .text.round    0x0000000008003f60       0xa0 /usr/bin/../lib/gcc/arm-none-eabi/4.9.3/../../../../arm-none-eabi/lib/armv7-m/libm.a(lib_a-s_round.o)
                0x0000000008003f60                round
 *(.glue_7)
 .glue_7        0x0000000000000000        0x0 linker stubs
 *(.glue_7t)
 .glue_7t       0x0000000000000000        0x0 linker stubs
 *(.eh_frame)
 .eh_frame      0x0000000008004000        0x0 /usr/bin/../lib/gcc/arm-none-eabi/4.9.3/armv7-m/crtbegin.o
 .eh_frame      0x0000000008004000        0x4 /usr/bin/../lib/gcc/arm-none-eabi/4.9.3/armv7-m/crtend.o
 *(.init)
 .init          0x0000000008004004        0x4 /usr/bin/../lib/gcc/arm-none-eabi/4.9.3/armv7-m/crti.o
                0x0000000008004004                _init
 .init          0x0000000008004008        0x8 /usr/bin/../lib/gcc/arm-none-eabi/4.9.3/armv7-m/crtn.o
 *(.fini)
 .fini          0x0000000008004010        0x4 /usr/bin/../lib/gcc/arm-none-eabi/4.9.3/armv7-m/crti.o
                0x0000000008004010                _fini
 .fini          0x0000000008004014        0x8 /usr/bin/../lib/gcc/arm-none-eabi/4.9.3/armv7-m/crtn.o
                0x000000000800401c                . = ALIGN (0x4)
                0x000000000800401c                _etext = .

.vfp11_veneer   0x000000000800401c        0x0
 .vfp11_veneer  0x0000000000000000        0x0 linker stubs

.v4_bx          0x000000000800401c        0x0
 .v4_bx         0x0000000000000000        0x0 linker stubs

.iplt           0x000000000800401c        0x0
 .iplt          0x0000000000000000        0x0 /usr/bin/../lib/gcc/arm-none-eabi/4.9.3/armv7-m/crtbegin.o

.rodata         0x000000000800401c     0x1140
                0x000000000800401c                . = ALIGN (0x4)
 *(.rodata)
 .rodata        0x000000000800401c       0x2a build/src/bluetooth.o
 *fill*         0x0000000008004046        0x2 
 .rodata        0x0000000008004048     0x110c build/src/icons.o
 *(.rodata*)
 .rodata.str1.4
                0x0000000008005154        0x4 /usr/bin/../lib/gcc/arm-none-eabi/4.9.3/../../../../arm-none-eabi/lib/armv7-m/libg.a(lib_a-impure.o)
                                          0x2 (size before relaxing)
 .rodata._global_impure_ptr
                0x0000000008005158        0x4 /usr/bin/../lib/gcc/arm-none-eabi/4.9.3/../../../../arm-none-eabi/lib/armv7-m/libg.a(lib_a-impure.o)
                0x0000000008005158                _global_impure_ptr
                0x000000000800515c                . = ALIGN (0x4)

.ARM.extab      0x000000000800515c        0x0
 *(.ARM.extab* .gnu.linkonce.armextab.*)
 .ARM.extab     0x000000000800515c        0x0 /usr/bin/../lib/gcc/arm-none-eabi/4.9.3/../../../../arm-none-eabi/lib/armv7-m/crt0.o

.ARM            0x000000000800515c        0x8
                0x000000000800515c                __exidx_start = .
 *(.ARM.exidx*)
 .ARM.exidx     0x000000000800515c        0x8 /usr/bin/../lib/gcc/arm-none-eabi/4.9.3/../../../../arm-none-eabi/lib/armv7-m/crt0.o
                0x0000000008005164                __exidx_end = .

.rel.dyn        0x0000000008005164        0x0
 .rel.iplt      0x0000000000000000        0x0 /usr/bin/../lib/gcc/arm-none-eabi/4.9.3/armv7-m/crtbegin.o

.preinit_array  0x0000000008005164        0x0
                0x0000000008005164                PROVIDE (__preinit_array_start, .)
 *(.preinit_array*)
                0x0000000008005164                PROVIDE (__preinit_array_end, .)

.init_array     0x0000000008005164        0x8
                0x0000000008005164                PROVIDE (__init_array_start, .)
 *(SORT(.init_array.*))
 .init_array.00000
                0x0000000008005164        0x4 /usr/bin/../lib/gcc/arm-none-eabi/4.9.3/../../../../arm-none-eabi/lib/armv7-m/libg.a(lib_a-__call_atexit.o)
 *(.init_array*)
 .init_array    0x0000000008005168        0x4 /usr/bin/../lib/gcc/arm-none-eabi/4.9.3/armv7-m/crtbegin.o
                0x000000000800516c                PROVIDE (__init_array_end, .)

.fini_array     0x000000000800516c        0x4
                0x000000000800516c                PROVIDE (__fini_array_start, .)
 *(SORT(.fini_array.*))
 *(.fini_array*)
 .fini_array    0x000000000800516c        0x4 /usr/bin/../lib/gcc/arm-none-eabi/4.9.3/armv7-m/crtbegin.o
                0x0000000008005170                PROVIDE (__fini_array_end, .)
                0x0000000008005170                _sidata = LOADADDR (.data)

.data           0x0000000020000000      0x454 load address 0x0000000008005170
                0x0000000020000000                . = ALIGN (0x4)
                0x0000000020000000                _sdata = .
 *(.data)
 .data          0x0000000020000000        0x0 /usr/bin/../lib/gcc/arm-none-eabi/4.9.3/armv7-m/crti.o
 .data          0x0000000020000000        0x4 /usr/bin/../lib/gcc/arm-none-eabi/4.9.3/armv7-m/crtbegin.o
                0x0000000020000000                __dso_handle
 .data          0x0000000020000004        0x0 /usr/bin/../lib/gcc/arm-none-eabi/4.9.3/../../../../arm-none-eabi/lib/armv7-m/crt0.o
 .data          0x0000000020000004        0x0 build/src/main.o
 .data          0x0000000020000004       0x20 build/src/system_stm32l1xx.o
                0x0000000020000004                SystemCoreClock
                0x0000000020000008                PLLMulTable
                0x0000000020000014                AHBPrescTable
 .data          0x0000000020000024        0x0 build/src/startup_stm32l1xx_xl.o
 .data          0x0000000020000024        0x0 build/src/battery.o
 .data          0x0000000020000024        0x0 build/src/bluetooth.o
 .data          0x0000000020000024        0x0 build/src/display.o
 .data          0x0000000020000024        0x0 build/src/picture.o
 .data          0x0000000020000024        0x0 build/src/icons.o
 .data          0x0000000020000024        0x0 build/src/sensors.o
 .data          0x0000000020000024        0x0 build/src/clock.o
 .data          0x0000000020000024        0x0 build/src/button.o
 .data          0x0000000020000024        0x0 /usr/bin/../lib/gcc/arm-none-eabi/4.9.3/armv7-m/libgcc.a(_arm_addsubdf3.o)
 .data          0x0000000020000024        0x0 /usr/bin/../lib/gcc/arm-none-eabi/4.9.3/armv7-m/libgcc.a(_arm_muldivdf3.o)
 .data          0x0000000020000024        0x0 /usr/bin/../lib/gcc/arm-none-eabi/4.9.3/armv7-m/libgcc.a(_arm_cmpdf2.o)
 .data          0x0000000020000024        0x0 /usr/bin/../lib/gcc/arm-none-eabi/4.9.3/armv7-m/libgcc.a(_arm_fixunsdfsi.o)
 .data          0x0000000020000024        0x0 /usr/bin/../lib/gcc/arm-none-eabi/4.9.3/armv7-m/libgcc.a(_arm_truncdfsf2.o)
 .data          0x0000000020000024        0x0 /usr/bin/../lib/gcc/arm-none-eabi/4.9.3/armv7-m/libgcc.a(_arm_addsubsf3.o)
 .data          0x0000000020000024        0x0 /usr/bin/../lib/gcc/arm-none-eabi/4.9.3/armv7-m/libgcc.a(_arm_cmpsf2.o)
 .data          0x0000000020000024        0x0 /usr/bin/../lib/gcc/arm-none-eabi/4.9.3/../../../../arm-none-eabi/lib/armv7-m/libg.a(lib_a-exit.o)
 .data          0x0000000020000024        0x0 /usr/bin/../lib/gcc/arm-none-eabi/4.9.3/../../../../arm-none-eabi/lib/armv7-m/libg.a(lib_a-impure.o)
 .data          0x0000000020000024        0x0 /usr/bin/../lib/gcc/arm-none-eabi/4.9.3/../../../../arm-none-eabi/lib/armv7-m/libg.a(lib_a-init.o)
 .data          0x0000000020000024        0x0 /usr/bin/../lib/gcc/arm-none-eabi/4.9.3/../../../../arm-none-eabi/lib/armv7-m/libg.a(lib_a-memset.o)
 .data          0x0000000020000024        0x0 /usr/bin/../lib/gcc/arm-none-eabi/4.9.3/../../../../arm-none-eabi/lib/armv7-m/libg.a(lib_a-__call_atexit.o)
 .data          0x0000000020000024        0x0 /usr/bin/../lib/gcc/arm-none-eabi/4.9.3/../../../../arm-none-eabi/lib/armv7-m/libg.a(lib_a-atexit.o)
 .data          0x0000000020000024        0x0 /usr/bin/../lib/gcc/arm-none-eabi/4.9.3/../../../../arm-none-eabi/lib/armv7-m/libg.a(lib_a-fini.o)
 .data          0x0000000020000024        0x0 /usr/bin/../lib/gcc/arm-none-eabi/4.9.3/../../../../arm-none-eabi/lib/armv7-m/libg.a(lib_a-__atexit.o)
 .data          0x0000000020000024        0x0 /usr/bin/../lib/gcc/arm-none-eabi/4.9.3/../../../../arm-none-eabi/lib/armv7-m/libnosys.a(_exit.o)
 .data          0x0000000020000024        0x0 /usr/bin/../lib/gcc/arm-none-eabi/4.9.3/armv7-m/crtend.o
 .data          0x0000000020000024        0x0 /usr/bin/../lib/gcc/arm-none-eabi/4.9.3/armv7-m/crtn.o
 .data          0x0000000020000024        0x0 /usr/bin/../lib/gcc/arm-none-eabi/4.9.3/../../../../arm-none-eabi/lib/armv7-m/libm.a(lib_a-s_round.o)
 *(.data*)
 *fill*         0x0000000020000024        0x4 
 .data.impure_data
                0x0000000020000028      0x428 /usr/bin/../lib/gcc/arm-none-eabi/4.9.3/../../../../arm-none-eabi/lib/armv7-m/libg.a(lib_a-impure.o)
 .data._impure_ptr
                0x0000000020000450        0x4 /usr/bin/../lib/gcc/arm-none-eabi/4.9.3/../../../../arm-none-eabi/lib/armv7-m/libg.a(lib_a-impure.o)
                0x0000000020000450                _impure_ptr
 *(.RamFunc)
                0x0000000020000454                . = ALIGN (0x4)
                0x0000000020000454                _edata = .

.jcr            0x0000000020000454        0x4 load address 0x00000000080055c4
 .jcr           0x0000000020000454        0x0 /usr/bin/../lib/gcc/arm-none-eabi/4.9.3/armv7-m/crtbegin.o
 .jcr           0x0000000020000454        0x4 /usr/bin/../lib/gcc/arm-none-eabi/4.9.3/armv7-m/crtend.o

.igot.plt       0x0000000020000458        0x0 load address 0x00000000080055c8
 .igot.plt      0x0000000000000000        0x0 /usr/bin/../lib/gcc/arm-none-eabi/4.9.3/armv7-m/crtbegin.o
                0x0000000020000458                . = ALIGN (0x4)

.bss            0x0000000020000458      0x824 load address 0x00000000080055c8
                0x0000000020000458                _sbss = .
                0x0000000020000458                __bss_start__ = _sbss
 *(.bss)
 .bss           0x0000000020000458        0x0 /usr/bin/../lib/gcc/arm-none-eabi/4.9.3/armv7-m/crti.o
 .bss           0x0000000020000458       0x1c /usr/bin/../lib/gcc/arm-none-eabi/4.9.3/armv7-m/crtbegin.o
 .bss           0x0000000020000474        0x0 /usr/bin/../lib/gcc/arm-none-eabi/4.9.3/../../../../arm-none-eabi/lib/armv7-m/crt0.o
 .bss           0x0000000020000474        0x0 build/src/main.o
 .bss           0x0000000020000474        0x0 build/src/system_stm32l1xx.o
 .bss           0x0000000020000474        0x0 build/src/startup_stm32l1xx_xl.o
 .bss           0x0000000020000474        0x0 build/src/battery.o
 .bss           0x0000000020000474        0x0 build/src/bluetooth.o
 .bss           0x0000000020000474        0x0 build/src/display.o
 .bss           0x0000000020000474      0x800 build/src/picture.o
 .bss           0x0000000020000c74        0x0 build/src/icons.o
 .bss           0x0000000020000c74        0x0 build/src/sensors.o
 .bss           0x0000000020000c74        0x0 build/src/clock.o
 .bss           0x0000000020000c74        0x4 build/src/button.o
 .bss           0x0000000020000c78        0x0 /usr/bin/../lib/gcc/arm-none-eabi/4.9.3/armv7-m/libgcc.a(_arm_addsubdf3.o)
 .bss           0x0000000020000c78        0x0 /usr/bin/../lib/gcc/arm-none-eabi/4.9.3/armv7-m/libgcc.a(_arm_muldivdf3.o)
 .bss           0x0000000020000c78        0x0 /usr/bin/../lib/gcc/arm-none-eabi/4.9.3/armv7-m/libgcc.a(_arm_cmpdf2.o)
 .bss           0x0000000020000c78        0x0 /usr/bin/../lib/gcc/arm-none-eabi/4.9.3/armv7-m/libgcc.a(_arm_fixunsdfsi.o)
 .bss           0x0000000020000c78        0x0 /usr/bin/../lib/gcc/arm-none-eabi/4.9.3/armv7-m/libgcc.a(_arm_truncdfsf2.o)
 .bss           0x0000000020000c78        0x0 /usr/bin/../lib/gcc/arm-none-eabi/4.9.3/armv7-m/libgcc.a(_arm_addsubsf3.o)
 .bss           0x0000000020000c78        0x0 /usr/bin/../lib/gcc/arm-none-eabi/4.9.3/armv7-m/libgcc.a(_arm_cmpsf2.o)
 .bss           0x0000000020000c78        0x0 /usr/bin/../lib/gcc/arm-none-eabi/4.9.3/../../../../arm-none-eabi/lib/armv7-m/libg.a(lib_a-exit.o)
 .bss           0x0000000020000c78        0x0 /usr/bin/../lib/gcc/arm-none-eabi/4.9.3/../../../../arm-none-eabi/lib/armv7-m/libg.a(lib_a-impure.o)
 .bss           0x0000000020000c78        0x0 /usr/bin/../lib/gcc/arm-none-eabi/4.9.3/../../../../arm-none-eabi/lib/armv7-m/libg.a(lib_a-init.o)
 .bss           0x0000000020000c78        0x0 /usr/bin/../lib/gcc/arm-none-eabi/4.9.3/../../../../arm-none-eabi/lib/armv7-m/libg.a(lib_a-memset.o)
 .bss           0x0000000020000c78        0x0 /usr/bin/../lib/gcc/arm-none-eabi/4.9.3/../../../../arm-none-eabi/lib/armv7-m/libg.a(lib_a-__call_atexit.o)
 .bss           0x0000000020000c78        0x0 /usr/bin/../lib/gcc/arm-none-eabi/4.9.3/../../../../arm-none-eabi/lib/armv7-m/libg.a(lib_a-atexit.o)
 .bss           0x0000000020000c78        0x0 /usr/bin/../lib/gcc/arm-none-eabi/4.9.3/../../../../arm-none-eabi/lib/armv7-m/libg.a(lib_a-fini.o)
 .bss           0x0000000020000c78        0x0 /usr/bin/../lib/gcc/arm-none-eabi/4.9.3/../../../../arm-none-eabi/lib/armv7-m/libg.a(lib_a-__atexit.o)
 .bss           0x0000000020000c78        0x0 /usr/bin/../lib/gcc/arm-none-eabi/4.9.3/../../../../arm-none-eabi/lib/armv7-m/libnosys.a(_exit.o)
 .bss           0x0000000020000c78        0x0 /usr/bin/../lib/gcc/arm-none-eabi/4.9.3/armv7-m/crtend.o
 .bss           0x0000000020000c78        0x0 /usr/bin/../lib/gcc/arm-none-eabi/4.9.3/armv7-m/crtn.o
 .bss           0x0000000020000c78        0x0 /usr/bin/../lib/gcc/arm-none-eabi/4.9.3/../../../../arm-none-eabi/lib/armv7-m/libm.a(lib_a-s_round.o)
 *(.bss*)
 *(COMMON)
 COMMON         0x0000000020000c78        0x1 build/src/battery.o
                0x0000000020000c78                batteryCapacity
                0x0000000020000c7c                . = ALIGN (0x4)
 *fill*         0x0000000020000c79        0x3 
                0x0000000020000c7c                _ebss = .
                0x0000000020000c7c                __bss_end__ = _ebss

._user_heap_stack
                0x0000000020000c7c      0x600 load address 0x00000000080055c8
                0x0000000020000c7c                . = ALIGN (0x4)
                0x0000000020000c7c                PROVIDE (end, .)
                0x0000000020000c7c                PROVIDE (_end, .)
                0x0000000020000e7c                . = (. + _Min_Heap_Size)
 *fill*         0x0000000020000c7c      0x200 
                0x000000002000127c                . = (. + _Min_Stack_Size)
 *fill*         0x0000000020000e7c      0x400 
                0x000000002000127c                . = ALIGN (0x4)

.memory_b1_text
 *(.mb1text)
 *(.mb1text*)
 *(.mb1rodata)
 *(.mb1rodata*)

/DISCARD/
 libc.a(*)
 libm.a(*)
 libgcc.a(*)

.ARM.attributes
                0x0000000000000000       0x29
 *(.ARM.attributes)
 .ARM.attributes
                0x0000000000000000       0x1d /usr/bin/../lib/gcc/arm-none-eabi/4.9.3/armv7-m/crti.o
 .ARM.attributes
                0x000000000000001d       0x2d /usr/bin/../lib/gcc/arm-none-eabi/4.9.3/armv7-m/crtbegin.o
 .ARM.attributes
                0x000000000000004a       0x1b /usr/bin/../lib/gcc/arm-none-eabi/4.9.3/../../../../arm-none-eabi/lib/armv7-m/crt0.o
 .ARM.attributes
                0x0000000000000065       0x33 build/src/main.o
 .ARM.attributes
                0x0000000000000098       0x33 build/src/system_stm32l1xx.o
 .ARM.attributes
                0x00000000000000cb       0x21 build/src/startup_stm32l1xx_xl.o
 .ARM.attributes
                0x00000000000000ec       0x33 build/src/battery.o
 .ARM.attributes
                0x000000000000011f       0x33 build/src/bluetooth.o
 .ARM.attributes
                0x0000000000000152       0x33 build/src/display.o
 .ARM.attributes
                0x0000000000000185       0x33 build/src/picture.o
 .ARM.attributes
                0x00000000000001b8       0x33 build/src/icons.o
 .ARM.attributes
                0x00000000000001eb       0x33 build/src/sensors.o
 .ARM.attributes
                0x000000000000021e       0x33 build/src/clock.o
 .ARM.attributes
                0x0000000000000251       0x33 build/src/button.o
 .ARM.attributes
                0x0000000000000284       0x1d /usr/bin/../lib/gcc/arm-none-eabi/4.9.3/armv7-m/libgcc.a(_arm_addsubdf3.o)
 .ARM.attributes
                0x00000000000002a1       0x1d /usr/bin/../lib/gcc/arm-none-eabi/4.9.3/armv7-m/libgcc.a(_arm_muldivdf3.o)
 .ARM.attributes
                0x00000000000002be       0x1d /usr/bin/../lib/gcc/arm-none-eabi/4.9.3/armv7-m/libgcc.a(_arm_cmpdf2.o)
 .ARM.attributes
                0x00000000000002db       0x1d /usr/bin/../lib/gcc/arm-none-eabi/4.9.3/armv7-m/libgcc.a(_arm_fixunsdfsi.o)
 .ARM.attributes
                0x00000000000002f8       0x1d /usr/bin/../lib/gcc/arm-none-eabi/4.9.3/armv7-m/libgcc.a(_arm_truncdfsf2.o)
 .ARM.attributes
                0x0000000000000315       0x1d /usr/bin/../lib/gcc/arm-none-eabi/4.9.3/armv7-m/libgcc.a(_arm_addsubsf3.o)
 .ARM.attributes
                0x0000000000000332       0x1d /usr/bin/../lib/gcc/arm-none-eabi/4.9.3/armv7-m/libgcc.a(_arm_cmpsf2.o)
 .ARM.attributes
                0x000000000000034f       0x2d /usr/bin/../lib/gcc/arm-none-eabi/4.9.3/../../../../arm-none-eabi/lib/armv7-m/libg.a(lib_a-exit.o)
 .ARM.attributes
                0x000000000000037c       0x2d /usr/bin/../lib/gcc/arm-none-eabi/4.9.3/../../../../arm-none-eabi/lib/armv7-m/libg.a(lib_a-impure.o)
 .ARM.attributes
                0x00000000000003a9       0x2d /usr/bin/../lib/gcc/arm-none-eabi/4.9.3/../../../../arm-none-eabi/lib/armv7-m/libg.a(lib_a-init.o)
 .ARM.attributes
                0x00000000000003d6       0x2d /usr/bin/../lib/gcc/arm-none-eabi/4.9.3/../../../../arm-none-eabi/lib/armv7-m/libg.a(lib_a-memset.o)
 .ARM.attributes
                0x0000000000000403       0x2d /usr/bin/../lib/gcc/arm-none-eabi/4.9.3/../../../../arm-none-eabi/lib/armv7-m/libg.a(lib_a-__call_atexit.o)
 .ARM.attributes
                0x0000000000000430       0x2d /usr/bin/../lib/gcc/arm-none-eabi/4.9.3/../../../../arm-none-eabi/lib/armv7-m/libg.a(lib_a-atexit.o)
 .ARM.attributes
                0x000000000000045d       0x2d /usr/bin/../lib/gcc/arm-none-eabi/4.9.3/../../../../arm-none-eabi/lib/armv7-m/libg.a(lib_a-fini.o)
 .ARM.attributes
                0x000000000000048a       0x2d /usr/bin/../lib/gcc/arm-none-eabi/4.9.3/../../../../arm-none-eabi/lib/armv7-m/libg.a(lib_a-__atexit.o)
 .ARM.attributes
                0x00000000000004b7       0x2d /usr/bin/../lib/gcc/arm-none-eabi/4.9.3/../../../../arm-none-eabi/lib/armv7-m/libnosys.a(_exit.o)
 .ARM.attributes
                0x00000000000004e4       0x2d /usr/bin/../lib/gcc/arm-none-eabi/4.9.3/armv7-m/crtend.o
 .ARM.attributes
                0x0000000000000511       0x1d /usr/bin/../lib/gcc/arm-none-eabi/4.9.3/armv7-m/crtn.o
OUTPUT(build/main.elf elf32-littlearm)

.debug_info     0x0000000000000000     0x4439
 .debug_info    0x0000000000000000       0xc7 build/src/main.o
 .debug_info    0x00000000000000c7      0x54a build/src/system_stm32l1xx.o
 .debug_info    0x0000000000000611       0x7b build/src/startup_stm32l1xx_xl.o
 .debug_info    0x000000000000068c      0x75a build/src/battery.o
 .debug_info    0x0000000000000de6      0x718 build/src/bluetooth.o
 .debug_info    0x00000000000014fe      0x6ce build/src/display.o
 .debug_info    0x0000000000001bcc      0x69f build/src/picture.o
 .debug_info    0x000000000000226b      0xc58 build/src/icons.o
 .debug_info    0x0000000000002ec3      0x492 build/src/sensors.o
 .debug_info    0x0000000000003355      0x890 build/src/clock.o
 .debug_info    0x0000000000003be5      0x854 build/src/button.o

.debug_abbrev   0x0000000000000000      0xccb
 .debug_abbrev  0x0000000000000000       0x65 build/src/main.o
 .debug_abbrev  0x0000000000000065      0x147 build/src/system_stm32l1xx.o
 .debug_abbrev  0x00000000000001ac       0x12 build/src/startup_stm32l1xx_xl.o
 .debug_abbrev  0x00000000000001be      0x15c build/src/battery.o
 .debug_abbrev  0x000000000000031a      0x191 build/src/bluetooth.o
 .debug_abbrev  0x00000000000004ab      0x184 build/src/display.o
 .debug_abbrev  0x000000000000062f      0x199 build/src/picture.o
 .debug_abbrev  0x00000000000007c8       0xd2 build/src/icons.o
 .debug_abbrev  0x000000000000089a      0x13e build/src/sensors.o
 .debug_abbrev  0x00000000000009d8      0x1b7 build/src/clock.o
 .debug_abbrev  0x0000000000000b8f      0x13c build/src/button.o

.debug_aranges  0x0000000000000000      0x168
 .debug_aranges
                0x0000000000000000       0x20 build/src/main.o
 .debug_aranges
                0x0000000000000020       0x20 build/src/system_stm32l1xx.o
 .debug_aranges
                0x0000000000000040       0x28 build/src/startup_stm32l1xx_xl.o
 .debug_aranges
                0x0000000000000068       0x20 build/src/battery.o
 .debug_aranges
                0x0000000000000088       0x20 build/src/bluetooth.o
 .debug_aranges
                0x00000000000000a8       0x20 build/src/display.o
 .debug_aranges
                0x00000000000000c8       0x20 build/src/picture.o
 .debug_aranges
                0x00000000000000e8       0x20 build/src/icons.o
 .debug_aranges
                0x0000000000000108       0x20 build/src/sensors.o
 .debug_aranges
                0x0000000000000128       0x20 build/src/clock.o
 .debug_aranges
                0x0000000000000148       0x20 build/src/button.o

.debug_line     0x0000000000000000     0x1005
 .debug_line    0x0000000000000000       0xcd build/src/main.o
 .debug_line    0x00000000000000cd      0x181 build/src/system_stm32l1xx.o
 .debug_line    0x000000000000024e       0x77 build/src/startup_stm32l1xx_xl.o
 .debug_line    0x00000000000002c5      0x13c build/src/battery.o
 .debug_line    0x0000000000000401      0x140 build/src/bluetooth.o
 .debug_line    0x0000000000000541      0x1ce build/src/display.o
 .debug_line    0x000000000000070f      0x305 build/src/picture.o
 .debug_line    0x0000000000000a14      0x18b build/src/icons.o
 .debug_line    0x0000000000000b9f      0x1ab build/src/sensors.o
 .debug_line    0x0000000000000d4a      0x184 build/src/clock.o
 .debug_line    0x0000000000000ece      0x137 build/src/button.o

.debug_str      0x0000000000000000     0x1692
 .debug_str     0x0000000000000000      0x14c build/src/main.o
                                        0x194 (size before relaxing)
 .debug_str     0x000000000000014c      0x1e3 build/src/system_stm32l1xx.o
                                        0x368 (size before relaxing)
 .debug_str     0x000000000000032f      0x4e1 build/src/battery.o
                                        0x713 (size before relaxing)
 .debug_str     0x0000000000000810       0xbf build/src/bluetooth.o
                                        0x6e4 (size before relaxing)
 .debug_str     0x00000000000008cf      0x1b0 build/src/display.o
                                        0x441 (size before relaxing)
 .debug_str     0x0000000000000a7f      0x21a build/src/picture.o
                                        0x3c3 (size before relaxing)
 .debug_str     0x0000000000000c99      0x6bc build/src/icons.o
                                        0x852 (size before relaxing)
 .debug_str     0x0000000000001355       0xb4 build/src/sensors.o
                                        0x359 (size before relaxing)
 .debug_str     0x0000000000001409      0x1b9 build/src/clock.o
                                        0x79d (size before relaxing)
 .debug_str     0x00000000000015c2       0xd0 build/src/button.o
                                        0x794 (size before relaxing)

.comment        0x0000000000000000       0x70
 .comment       0x0000000000000000       0x70 build/src/main.o
                                         0x71 (size before relaxing)
 .comment       0x0000000000000000       0x71 build/src/system_stm32l1xx.o
 .comment       0x0000000000000000       0x71 build/src/battery.o
 .comment       0x0000000000000000       0x71 build/src/bluetooth.o
 .comment       0x0000000000000000       0x71 build/src/display.o
 .comment       0x0000000000000000       0x71 build/src/picture.o
 .comment       0x0000000000000000       0x71 build/src/icons.o
 .comment       0x0000000000000000       0x71 build/src/sensors.o
 .comment       0x0000000000000000       0x71 build/src/clock.o
 .comment       0x0000000000000000       0x71 build/src/button.o

.debug_frame    0x0000000000000000     0x115c
 .debug_frame   0x0000000000000000       0x2c build/src/main.o
 .debug_frame   0x000000000000002c       0x7c build/src/system_stm32l1xx.o
 .debug_frame   0x00000000000000a8       0xac build/src/battery.o
 .debug_frame   0x0000000000000154       0xdc build/src/bluetooth.o
 .debug_frame   0x0000000000000230      0x164 build/src/display.o
 .debug_frame   0x0000000000000394      0x270 build/src/picture.o
 .debug_frame   0x0000000000000604      0x6f0 build/src/icons.o
 .debug_frame   0x0000000000000cf4      0x124 build/src/sensors.o
 .debug_frame   0x0000000000000e18       0xc0 build/src/clock.o
 .debug_frame   0x0000000000000ed8      0x104 build/src/button.o
 .debug_frame   0x0000000000000fdc       0x28 /usr/bin/../lib/gcc/arm-none-eabi/4.9.3/../../../../arm-none-eabi/lib/armv7-m/libg.a(lib_a-exit.o)
 .debug_frame   0x0000000000001004       0x2c /usr/bin/../lib/gcc/arm-none-eabi/4.9.3/../../../../arm-none-eabi/lib/armv7-m/libg.a(lib_a-init.o)
 .debug_frame   0x0000000000001030       0x34 /usr/bin/../lib/gcc/arm-none-eabi/4.9.3/../../../../arm-none-eabi/lib/armv7-m/libg.a(lib_a-memset.o)
 .debug_frame   0x0000000000001064       0x50 /usr/bin/../lib/gcc/arm-none-eabi/4.9.3/../../../../arm-none-eabi/lib/armv7-m/libg.a(lib_a-__call_atexit.o)
 .debug_frame   0x00000000000010b4       0x20 /usr/bin/../lib/gcc/arm-none-eabi/4.9.3/../../../../arm-none-eabi/lib/armv7-m/libg.a(lib_a-atexit.o)
 .debug_frame   0x00000000000010d4       0x34 /usr/bin/../lib/gcc/arm-none-eabi/4.9.3/../../../../arm-none-eabi/lib/armv7-m/libg.a(lib_a-fini.o)
 .debug_frame   0x0000000000001108       0x34 /usr/bin/../lib/gcc/arm-none-eabi/4.9.3/../../../../arm-none-eabi/lib/armv7-m/libg.a(lib_a-__atexit.o)
 .debug_frame   0x000000000000113c       0x20 /usr/bin/../lib/gcc/arm-none-eabi/4.9.3/../../../../arm-none-eabi/lib/armv7-m/libnosys.a(_exit.o)

.debug_ranges   0x0000000000000000       0x20
 .debug_ranges  0x0000000000000000       0x20 build/src/startup_stm32l1xx_xl.o
