Archive member included because of file (symbol)

/usr/bin/../lib/gcc/arm-none-eabi/4.9.3/armv7-m/libgcc.a(_arm_addsubdf3.o)
                              build/src/bluetooth.o (__aeabi_dsub)
/usr/bin/../lib/gcc/arm-none-eabi/4.9.3/armv7-m/libgcc.a(_arm_muldivdf3.o)
                              build/src/battery.o (__aeabi_dmul)
/usr/bin/../lib/gcc/arm-none-eabi/4.9.3/armv7-m/libgcc.a(_arm_cmpdf2.o)
                              build/src/battery.o (__aeabi_dcmplt)
/usr/bin/../lib/gcc/arm-none-eabi/4.9.3/armv7-m/libgcc.a(_arm_fixunsdfsi.o)
                              build/src/battery.o (__aeabi_d2uiz)
/usr/bin/../lib/gcc/arm-none-eabi/4.9.3/armv7-m/libgcc.a(_arm_truncdfsf2.o)
                              build/src/battery.o (__aeabi_d2f)
/usr/bin/../lib/gcc/arm-none-eabi/4.9.3/armv7-m/libgcc.a(_arm_addsubsf3.o)
                              build/src/battery.o (__aeabi_i2f)
/usr/bin/../lib/gcc/arm-none-eabi/4.9.3/armv7-m/libgcc.a(_arm_cmpsf2.o)
                              build/src/battery.o (__aeabi_fcmpgt)
/usr/bin/../lib/gcc/arm-none-eabi/4.9.3/../../../../arm-none-eabi/lib/armv7-m/libg.a(lib_a-exit.o)
                              /usr/bin/../lib/gcc/arm-none-eabi/4.9.3/../../../../arm-none-eabi/lib/armv7-m/crt0.o (exit)
/usr/bin/../lib/gcc/arm-none-eabi/4.9.3/../../../../arm-none-eabi/lib/armv7-m/libg.a(lib_a-impure.o)
                              /usr/bin/../lib/gcc/arm-none-eabi/4.9.3/../../../../arm-none-eabi/lib/armv7-m/libg.a(lib_a-exit.o) (_global_impure_ptr)
/usr/bin/../lib/gcc/arm-none-eabi/4.9.3/../../../../arm-none-eabi/lib/armv7-m/libg.a(lib_a-init.o)
                              /usr/bin/../lib/gcc/arm-none-eabi/4.9.3/../../../../arm-none-eabi/lib/armv7-m/crt0.o (__libc_init_array)
/usr/bin/../lib/gcc/arm-none-eabi/4.9.3/../../../../arm-none-eabi/lib/armv7-m/libg.a(lib_a-memset.o)
                              /usr/bin/../lib/gcc/arm-none-eabi/4.9.3/../../../../arm-none-eabi/lib/armv7-m/crt0.o (memset)
/usr/bin/../lib/gcc/arm-none-eabi/4.9.3/../../../../arm-none-eabi/lib/armv7-m/libg.a(lib_a-__call_atexit.o)
                              /usr/bin/../lib/gcc/arm-none-eabi/4.9.3/../../../../arm-none-eabi/lib/armv7-m/libg.a(lib_a-exit.o) (__call_exitprocs)
/usr/bin/../lib/gcc/arm-none-eabi/4.9.3/../../../../arm-none-eabi/lib/armv7-m/libg.a(lib_a-atexit.o)
                              /usr/bin/../lib/gcc/arm-none-eabi/4.9.3/../../../../arm-none-eabi/lib/armv7-m/libg.a(lib_a-__call_atexit.o) (atexit)
/usr/bin/../lib/gcc/arm-none-eabi/4.9.3/../../../../arm-none-eabi/lib/armv7-m/libg.a(lib_a-fini.o)
                              /usr/bin/../lib/gcc/arm-none-eabi/4.9.3/../../../../arm-none-eabi/lib/armv7-m/libg.a(lib_a-__call_atexit.o) (__libc_fini_array)
/usr/bin/../lib/gcc/arm-none-eabi/4.9.3/../../../../arm-none-eabi/lib/armv7-m/libg.a(lib_a-__atexit.o)
                              /usr/bin/../lib/gcc/arm-none-eabi/4.9.3/../../../../arm-none-eabi/lib/armv7-m/libg.a(lib_a-atexit.o) (__register_exitproc)
/usr/bin/../lib/gcc/arm-none-eabi/4.9.3/../../../../arm-none-eabi/lib/armv7-m/libnosys.a(_exit.o)
                              /usr/bin/../lib/gcc/arm-none-eabi/4.9.3/../../../../arm-none-eabi/lib/armv7-m/libg.a(lib_a-exit.o) (_exit)
/usr/bin/../lib/gcc/arm-none-eabi/4.9.3/../../../../arm-none-eabi/lib/armv7-m/libm.a(lib_a-s_round.o)
                              build/src/bluetooth.o (round)

Allocating common symbols
Common symbol       size              file

batteryCapacity     0x1               build/src/battery.o
cnt                 0x4               build/src/button.o

Discarded input sections

 .debug_frame   0x0000000000000000       0x30 /usr/bin/../lib/gcc/arm-none-eabi/4.9.3/../../../../arm-none-eabi/lib/armv7-m/libm.a(lib_a-s_round.o)
 .ARM.attributes
                0x0000000000000000       0x2d /usr/bin/../lib/gcc/arm-none-eabi/4.9.3/../../../../arm-none-eabi/lib/armv7-m/libm.a(lib_a-s_round.o)

Memory Configuration

Name             Origin             Length             Attributes
FLASH            0x0000000008000000 0x0000000000080000 xr
RAM              0x0000000020000000 0x0000000000014000 xrw
MEMORY_B1        0x0000000060000000 0x0000000000000000 xr
*default*        0x0000000000000000 0xffffffffffffffff

Linker script and memory map

LOAD /usr/bin/../lib/gcc/arm-none-eabi/4.9.3/armv7-m/crti.o
LOAD /usr/bin/../lib/gcc/arm-none-eabi/4.9.3/armv7-m/crtbegin.o
LOAD /usr/bin/../lib/gcc/arm-none-eabi/4.9.3/../../../../arm-none-eabi/lib/armv7-m/crt0.o
LOAD build/src/main.o
LOAD build/src/system_stm32l1xx.o
LOAD build/src/startup_stm32l1xx_xl.o
LOAD build/src/battery.o
LOAD build/src/bluetooth.o
LOAD build/src/display.o
LOAD build/src/picture.o
LOAD build/src/icons.o
LOAD build/src/sensors.o
LOAD build/src/clock.o
LOAD build/src/button.o
START GROUP
LOAD /usr/bin/../lib/gcc/arm-none-eabi/4.9.3/armv7-m/libgcc.a
LOAD /usr/bin/../lib/gcc/arm-none-eabi/4.9.3/../../../../arm-none-eabi/lib/armv7-m/libg.a
LOAD /usr/bin/../lib/gcc/arm-none-eabi/4.9.3/../../../../arm-none-eabi/lib/armv7-m/libc.a
END GROUP
START GROUP
LOAD /usr/bin/../lib/gcc/arm-none-eabi/4.9.3/armv7-m/libgcc.a
LOAD /usr/bin/../lib/gcc/arm-none-eabi/4.9.3/../../../../arm-none-eabi/lib/armv7-m/libc.a
LOAD /usr/bin/../lib/gcc/arm-none-eabi/4.9.3/../../../../arm-none-eabi/lib/armv7-m/libnosys.a
END GROUP
LOAD /usr/bin/../lib/gcc/arm-none-eabi/4.9.3/armv7-m/crtend.o
LOAD /usr/bin/../lib/gcc/arm-none-eabi/4.9.3/armv7-m/crtn.o
                0x0000000020014000                _estack = 0x20014000
                0x0000000000000200                _Min_Heap_Size = 0x200
                0x0000000000000400                _Min_Stack_Size = 0x400

.isr_vector     0x0000000008000000      0x13c
                0x0000000008000000                . = ALIGN (0x4)
 *(.isr_vector)
 .isr_vector    0x0000000008000000      0x13c build/src/startup_stm32l1xx_xl.o
                0x0000000008000000                g_pfnVectors
                0x000000000800013c                . = ALIGN (0x4)

.text           0x0000000008000140     0x3df8
                0x0000000008000140                . = ALIGN (0x4)
 *(.text)
 .text          0x0000000008000140        0x0 /usr/bin/../lib/gcc/arm-none-eabi/4.9.3/armv7-m/crti.o
 .text          0x0000000008000140       0x5c /usr/bin/../lib/gcc/arm-none-eabi/4.9.3/armv7-m/crtbegin.o
 .text          0x000000000800019c       0x74 /usr/bin/../lib/gcc/arm-none-eabi/4.9.3/../../../../arm-none-eabi/lib/armv7-m/crt0.o
                0x000000000800019c                _mainCRTStartup
                0x000000000800019c                _start
 .text          0x0000000008000210        0xc build/src/main.o
                0x0000000008000210                main
 .text          0x000000000800021c      0x2d8 build/src/system_stm32l1xx.o
                0x000000000800021c                SystemInit
                0x0000000008000280                SystemCoreClockUpdate
 .text          0x00000000080004f4       0x14 build/src/startup_stm32l1xx_xl.o
 .text          0x0000000008000508      0x1fc build/src/battery.o
                0x0000000008000508                battery_t
                0x00000000080006d4                ADC1_IRQHandler
 *fill*         0x0000000008000704        0x4 
 .text          0x0000000008000708      0x23c build/src/bluetooth.o
                0x0000000008000708                bluetooth_t
                0x0000000008000924                USART1_IRQHandler
 .text          0x0000000008000944      0x34c build/src/display.o
                0x0000000008000944                display_t
 .text          0x0000000008000c90     0x1110 build/src/picture.o
                0x0000000008000c90                getPicture
                0x0000000008000cc8                addLogoFrame
                0x0000000008000d08                addBatteryFrame
                0x0000000008000dd8                addCallFrame
                0x0000000008000e18                removeCallFrame
                0x0000000008000e58                addSmsFrame
                0x0000000008000e98                removeSmsFrame
                0x0000000008000ed8                addMailFrame
                0x0000000008000f18                removeMailFrame
                0x0000000008000f58                addHumidityFrame
                0x000000000800124c                addTemperatureFrame
                0x0000000008001540                addDateFrame
                0x00000000080018b8                addTimeFrame
 .text          0x0000000008001da0      0x9a0 build/src/icons.o
                0x0000000008001da0                getLogoIcon
                0x0000000008001dd8                getBatteryIcon0
                0x0000000008001e10                getBatteryIcon25
                0x0000000008001e48                getBatteryIcon50
                0x0000000008001e80                getBatteryIcon75
                0x0000000008001eb8                getBatteryIcon100
                0x0000000008001ef0                getMissedCallIcon
                0x0000000008001f28                getNewSmsIcon
                0x0000000008001f60                getNewMailIcon
                0x0000000008001f98                removeNotificationIcon
                0x0000000008001fd0                getSmallZeroNumberIcon
                0x0000000008002008                getSmallOneNumberIcon
                0x0000000008002040                getSmallTwoNumberIcon
                0x0000000008002078                getSmallThreeNumberIcon
                0x00000000080020b0                getSmallFourNumberIcon
                0x00000000080020e8                getSmallFiveNumberIcon
                0x0000000008002120                getSmallSixNumberIcon
                0x0000000008002158                getSmallSevenNumberIcon
                0x0000000008002190                getSmallEightNumberIcon
                0x00000000080021c8                getSmallNineNumberIcon
                0x0000000008002200                getMediumZeroNumberIcon
                0x0000000008002238                getSmallPercentIcon
                0x0000000008002270                getMediumOneNumberIcon
                0x00000000080022a8                getSmallCelsiusIcon
                0x00000000080022e0                getMediumTwoNumberIcon
                0x0000000008002318                getMediumThreeNumberIcon
                0x0000000008002350                getMediumFourNumberIcon
                0x0000000008002388                getMediumFiveNumberIcon
                0x00000000080023c0                getMediumSixNumberIcon
                0x00000000080023f8                getMediumSevenNumberIcon
                0x0000000008002430                getMediumEightNumberIcon
                0x0000000008002468                getMediumNineNumberIcon
                0x00000000080024a0                getMediumDotIcon
                0x00000000080024d8                getBigZeroNumberIcon
                0x0000000008002510                getBigOneNumberIcon
                0x0000000008002548                getBigTwoNumberIcon
                0x0000000008002580                getBigThreeNumberIcon
                0x00000000080025b8                getBigFourNumberIcon
                0x00000000080025f0                getBigFiveNumberIcon
                0x0000000008002628                getBigSixNumberIcon
                0x0000000008002660                getBigSevenNumberIcon
                0x0000000008002698                getBigEightNumberIcon
                0x00000000080026d0                getBigNineNumberIcon
                0x0000000008002708                getBigColonIcon
 .text          0x0000000008002740      0x2cc build/src/sensors.o
                0x0000000008002740                sensors_t
 .text          0x0000000008002a0c      0x3fc build/src/clock.o
                0x0000000008002a0c                clock_t
                0x0000000008002ddc                RTC_Alarm_IRQHandler
 .text          0x0000000008002e08       0xc8 build/src/button.o
                0x0000000008002e08                button_t
                0x0000000008002ea4                EXTI3_IRQHandler
 .text          0x0000000008002ed0      0x370 /usr/bin/../lib/gcc/arm-none-eabi/4.9.3/armv7-m/libgcc.a(_arm_addsubdf3.o)
                0x0000000008002ed0                __aeabi_drsub
                0x0000000008002ed8                __aeabi_dsub
                0x0000000008002ed8                __subdf3
                0x0000000008002edc                __adddf3
                0x0000000008002edc                __aeabi_dadd
                0x0000000008003154                __aeabi_ui2d
                0x0000000008003154                __floatunsidf
                0x0000000008003174                __floatsidf
                0x0000000008003174                __aeabi_i2d
                0x0000000008003198                __extendsfdf2
                0x0000000008003198                __aeabi_f2d
                0x00000000080031d4                __aeabi_ul2d
                0x00000000080031d4                __floatundidf
                0x00000000080031e4                __floatdidf
                0x00000000080031e4                __aeabi_l2d
 .text          0x0000000008003240      0x424 /usr/bin/../lib/gcc/arm-none-eabi/4.9.3/armv7-m/libgcc.a(_arm_muldivdf3.o)
                0x0000000008003240                __aeabi_dmul
                0x0000000008003240                __muldf3
                0x0000000008003494                __aeabi_ddiv
                0x0000000008003494                __divdf3
 .text          0x0000000008003664      0x110 /usr/bin/../lib/gcc/arm-none-eabi/4.9.3/armv7-m/libgcc.a(_arm_cmpdf2.o)
                0x0000000008003664                __gtdf2
                0x0000000008003664                __gedf2
                0x000000000800366c                __ltdf2
                0x000000000800366c                __ledf2
                0x0000000008003674                __cmpdf2
                0x0000000008003674                __eqdf2
                0x0000000008003674                __nedf2
                0x00000000080036f0                __aeabi_cdrcmple
                0x0000000008003700                __aeabi_cdcmple
                0x0000000008003700                __aeabi_cdcmpeq
                0x0000000008003710                __aeabi_dcmpeq
                0x0000000008003724                __aeabi_dcmplt
                0x0000000008003738                __aeabi_dcmple
                0x000000000800374c                __aeabi_dcmpge
                0x0000000008003760                __aeabi_dcmpgt
 .text          0x0000000008003774       0x40 /usr/bin/../lib/gcc/arm-none-eabi/4.9.3/armv7-m/libgcc.a(_arm_fixunsdfsi.o)
                0x0000000008003774                __fixunsdfsi
                0x0000000008003774                __aeabi_d2uiz
 .text          0x00000000080037b4       0xa0 /usr/bin/../lib/gcc/arm-none-eabi/4.9.3/armv7-m/libgcc.a(_arm_truncdfsf2.o)
                0x00000000080037b4                __aeabi_d2f
                0x00000000080037b4                __truncdfsf2
 .text          0x0000000008003854      0x21c /usr/bin/../lib/gcc/arm-none-eabi/4.9.3/armv7-m/libgcc.a(_arm_addsubsf3.o)
                0x0000000008003854                __aeabi_frsub
                0x000000000800385c                __subsf3
                0x000000000800385c                __aeabi_fsub
                0x0000000008003860                __aeabi_fadd
                0x0000000008003860                __addsf3
                0x00000000080039c0                __aeabi_ui2f
                0x00000000080039c0                __floatunsisf
                0x00000000080039c8                __aeabi_i2f
                0x00000000080039c8                __floatsisf
                0x00000000080039e4                __floatundisf
                0x00000000080039e4                __aeabi_ul2f
                0x00000000080039f4                __floatdisf
                0x00000000080039f4                __aeabi_l2f
 .text          0x0000000008003a70       0xec /usr/bin/../lib/gcc/arm-none-eabi/4.9.3/armv7-m/libgcc.a(_arm_cmpsf2.o)
                0x0000000008003a70                __gtsf2
                0x0000000008003a70                __gesf2
                0x0000000008003a78                __lesf2
                0x0000000008003a78                __ltsf2
                0x0000000008003a80                __nesf2
                0x0000000008003a80                __eqsf2
                0x0000000008003a80                __cmpsf2
                0x0000000008003ae0                __aeabi_cfrcmple
                0x0000000008003ae8                __aeabi_cfcmple
                0x0000000008003ae8                __aeabi_cfcmpeq
                0x0000000008003af8                __aeabi_fcmpeq
                0x0000000008003b0c                __aeabi_fcmplt
                0x0000000008003b20                __aeabi_fcmple
                0x0000000008003b34                __aeabi_fcmpge
                0x0000000008003b48                __aeabi_fcmpgt
 .text          0x0000000008003b5c        0x0 /usr/bin/../lib/gcc/arm-none-eabi/4.9.3/../../../../arm-none-eabi/lib/armv7-m/libg.a(lib_a-exit.o)
 .text          0x0000000008003b5c        0x0 /usr/bin/../lib/gcc/arm-none-eabi/4.9.3/../../../../arm-none-eabi/lib/armv7-m/libg.a(lib_a-impure.o)
 .text          0x0000000008003b5c        0x0 /usr/bin/../lib/gcc/arm-none-eabi/4.9.3/../../../../arm-none-eabi/lib/armv7-m/libg.a(lib_a-init.o)
 .text          0x0000000008003b5c        0x0 /usr/bin/../lib/gcc/arm-none-eabi/4.9.3/../../../../arm-none-eabi/lib/armv7-m/libg.a(lib_a-memset.o)
 .text          0x0000000008003b5c        0x0 /usr/bin/../lib/gcc/arm-none-eabi/4.9.3/../../../../arm-none-eabi/lib/armv7-m/libg.a(lib_a-__call_atexit.o)
 .text          0x0000000008003b5c        0x0 /usr/bin/../lib/gcc/arm-none-eabi/4.9.3/../../../../arm-none-eabi/lib/armv7-m/libg.a(lib_a-atexit.o)
 .text          0x0000000008003b5c        0x0 /usr/bin/../lib/gcc/arm-none-eabi/4.9.3/../../../../arm-none-eabi/lib/armv7-m/libg.a(lib_a-fini.o)
 .text          0x0000000008003b5c        0x0 /usr/bin/../lib/gcc/arm-none-eabi/4.9.3/../../../../arm-none-eabi/lib/armv7-m/libg.a(lib_a-__atexit.o)
 .text          0x0000000008003b5c        0x0 /usr/bin/../lib/gcc/arm-none-eabi/4.9.3/../../../../arm-none-eabi/lib/armv7-m/libnosys.a(_exit.o)
 .text          0x0000000008003b5c        0x0 /usr/bin/../lib/gcc/arm-none-eabi/4.9.3/armv7-m/crtend.o
 .text          0x0000000008003b5c        0x0 /usr/bin/../lib/gcc/arm-none-eabi/4.9.3/armv7-m/crtn.o
 .text          0x0000000008003b5c        0x0 /usr/bin/../lib/gcc/arm-none-eabi/4.9.3/../../../../arm-none-eabi/lib/armv7-m/libm.a(lib_a-s_round.o)
 *(.text*)
 .text.Reset_Handler
                0x0000000008003b5c       0x48 build/src/startup_stm32l1xx_xl.o
                0x0000000008003b5c                Reset_Handler
 .text.Default_Handler
                0x0000000008003ba4        0x2 build/src/startup_stm32l1xx_xl.o
                0x0000000008003ba4                EXTI2_IRQHandler
                0x0000000008003ba4                COMP_ACQ_IRQHandler
                0x0000000008003ba4                DebugMon_Handler
                0x0000000008003ba4                HardFault_Handler
                0x0000000008003ba4                TIM10_IRQHandler
                0x0000000008003ba4                USB_HP_IRQHandler
                0x0000000008003ba4                TIM6_IRQHandler
                0x0000000008003ba4                SysTick_Handler
                0x0000000008003ba4                PVD_IRQHandler
                0x0000000008003ba4                PendSV_Handler
                0x0000000008003ba4                NMI_Handler
                0x0000000008003ba4                EXTI0_IRQHandler
                0x0000000008003ba4                I2C2_EV_IRQHandler
                0x0000000008003ba4                UsageFault_Handler
                0x0000000008003ba4                SPI1_IRQHandler
                0x0000000008003ba4                USB_FS_WKUP_IRQHandler
                0x0000000008003ba4                DMA2_Channel2_IRQHandler
                0x0000000008003ba4                DMA1_Channel4_IRQHandler
                0x0000000008003ba4                USART3_IRQHandler
                0x0000000008003ba4                DMA1_Channel7_IRQHandler
                0x0000000008003ba4                LCD_IRQHandler
                0x0000000008003ba4                UART5_IRQHandler
                0x0000000008003ba4                TIM4_IRQHandler
                0x0000000008003ba4                DMA2_Channel1_IRQHandler
                0x0000000008003ba4                I2C1_EV_IRQHandler
                0x0000000008003ba4                DMA1_Channel6_IRQHandler
                0x0000000008003ba4                UART4_IRQHandler
                0x0000000008003ba4                DMA2_Channel4_IRQHandler
                0x0000000008003ba4                TIM3_IRQHandler
                0x0000000008003ba4                RCC_IRQHandler
                0x0000000008003ba4                DMA1_Channel1_IRQHandler
                0x0000000008003ba4                Default_Handler
                0x0000000008003ba4                EXTI15_10_IRQHandler
                0x0000000008003ba4                TIM7_IRQHandler
                0x0000000008003ba4                TIM5_IRQHandler
                0x0000000008003ba4                EXTI9_5_IRQHandler
                0x0000000008003ba4                TIM9_IRQHandler
                0x0000000008003ba4                TAMPER_STAMP_IRQHandler
                0x0000000008003ba4                RTC_WKUP_IRQHandler
                0x0000000008003ba4                SPI2_IRQHandler
                0x0000000008003ba4                MemManage_Handler
                0x0000000008003ba4                SVC_Handler
                0x0000000008003ba4                DMA2_Channel5_IRQHandler
                0x0000000008003ba4                DMA1_Channel5_IRQHandler
                0x0000000008003ba4                USB_LP_IRQHandler
                0x0000000008003ba4                EXTI4_IRQHandler
                0x0000000008003ba4                DMA1_Channel3_IRQHandler
                0x0000000008003ba4                COMP_IRQHandler
                0x0000000008003ba4                WWDG_IRQHandler
                0x0000000008003ba4                TIM2_IRQHandler
                0x0000000008003ba4                DAC_IRQHandler
                0x0000000008003ba4                EXTI1_IRQHandler
                0x0000000008003ba4                AES_IRQHandler
                0x0000000008003ba4                TIM11_IRQHandler
                0x0000000008003ba4                USART2_IRQHandler
                0x0000000008003ba4                I2C2_ER_IRQHandler
                0x0000000008003ba4                DMA1_Channel2_IRQHandler
                0x0000000008003ba4                FLASH_IRQHandler
                0x0000000008003ba4                BusFault_Handler
                0x0000000008003ba4                SPI3_IRQHandler
                0x0000000008003ba4                I2C1_ER_IRQHandler
                0x0000000008003ba4                DMA2_Channel3_IRQHandler
 *fill*         0x0000000008003ba6        0x2 
 .text.exit     0x0000000008003ba8       0x20 /usr/bin/../lib/gcc/arm-none-eabi/4.9.3/../../../../arm-none-eabi/lib/armv7-m/libg.a(lib_a-exit.o)
                0x0000000008003ba8                exit
 .text.__libc_init_array
                0x0000000008003bc8       0x50 /usr/bin/../lib/gcc/arm-none-eabi/4.9.3/../../../../arm-none-eabi/lib/armv7-m/libg.a(lib_a-init.o)
                0x0000000008003bc8                __libc_init_array
 .text.memset   0x0000000008003c18       0x9c /usr/bin/../lib/gcc/arm-none-eabi/4.9.3/../../../../arm-none-eabi/lib/armv7-m/libg.a(lib_a-memset.o)
                0x0000000008003c18                memset
 .text.startup.register_fini
                0x0000000008003cb4       0x14 /usr/bin/../lib/gcc/arm-none-eabi/4.9.3/../../../../arm-none-eabi/lib/armv7-m/libg.a(lib_a-__call_atexit.o)
 .text.__call_exitprocs
                0x0000000008003cc8       0xd4 /usr/bin/../lib/gcc/arm-none-eabi/4.9.3/../../../../arm-none-eabi/lib/armv7-m/libg.a(lib_a-__call_atexit.o)
                0x0000000008003cc8                __call_exitprocs
 .text.atexit   0x0000000008003d9c        0xc /usr/bin/../lib/gcc/arm-none-eabi/4.9.3/../../../../arm-none-eabi/lib/armv7-m/libg.a(lib_a-atexit.o)
                0x0000000008003d9c                atexit
 .text.__libc_fini_array
                0x0000000008003da8       0x2c /usr/bin/../lib/gcc/arm-none-eabi/4.9.3/../../../../arm-none-eabi/lib/armv7-m/libg.a(lib_a-fini.o)
                0x0000000008003da8                __libc_fini_array
 .text.__register_exitproc
                0x0000000008003dd4       0xa4 /usr/bin/../lib/gcc/arm-none-eabi/4.9.3/../../../../arm-none-eabi/lib/armv7-m/libg.a(lib_a-__atexit.o)
                0x0000000008003dd4                __register_exitproc
 .text._exit    0x0000000008003e78        0x4 /usr/bin/../lib/gcc/arm-none-eabi/4.9.3/../../../../arm-none-eabi/lib/armv7-m/libnosys.a(_exit.o)
                0x0000000008003e78                _exit
 .text.round    0x0000000008003e7c       0xa0 /usr/bin/../lib/gcc/arm-none-eabi/4.9.3/../../../../arm-none-eabi/lib/armv7-m/libm.a(lib_a-s_round.o)
                0x0000000008003e7c                round
 *(.glue_7)
 .glue_7        0x0000000000000000        0x0 linker stubs
 *(.glue_7t)
 .glue_7t       0x0000000000000000        0x0 linker stubs
 *(.eh_frame)
 .eh_frame      0x0000000008003f1c        0x0 /usr/bin/../lib/gcc/arm-none-eabi/4.9.3/armv7-m/crtbegin.o
 .eh_frame      0x0000000008003f1c        0x4 /usr/bin/../lib/gcc/arm-none-eabi/4.9.3/armv7-m/crtend.o
 *(.init)
 .init          0x0000000008003f20        0x4 /usr/bin/../lib/gcc/arm-none-eabi/4.9.3/armv7-m/crti.o
                0x0000000008003f20                _init
 .init          0x0000000008003f24        0x8 /usr/bin/../lib/gcc/arm-none-eabi/4.9.3/armv7-m/crtn.o
 *(.fini)
 .fini          0x0000000008003f2c        0x4 /usr/bin/../lib/gcc/arm-none-eabi/4.9.3/armv7-m/crti.o
                0x0000000008003f2c                _fini
 .fini          0x0000000008003f30        0x8 /usr/bin/../lib/gcc/arm-none-eabi/4.9.3/armv7-m/crtn.o
                0x0000000008003f38                . = ALIGN (0x4)
                0x0000000008003f38                _etext = .

.vfp11_veneer   0x0000000008003f38        0x0
 .vfp11_veneer  0x0000000000000000        0x0 linker stubs

.v4_bx          0x0000000008003f38        0x0
 .v4_bx         0x0000000000000000        0x0 linker stubs

.iplt           0x0000000008003f38        0x0
 .iplt          0x0000000000000000        0x0 /usr/bin/../lib/gcc/arm-none-eabi/4.9.3/armv7-m/crtbegin.o

.rodata         0x0000000008003f38     0x1148
                0x0000000008003f38                . = ALIGN (0x4)
 *(.rodata)
 .rodata        0x0000000008003f38       0x2a build/src/bluetooth.o
 *fill*         0x0000000008003f62        0x2 
 .rodata        0x0000000008003f64        0x8 build/src/picture.o
 .rodata        0x0000000008003f6c     0x110c build/src/icons.o
 *(.rodata*)
 .rodata.str1.4
                0x0000000008005078        0x4 /usr/bin/../lib/gcc/arm-none-eabi/4.9.3/../../../../arm-none-eabi/lib/armv7-m/libg.a(lib_a-impure.o)
                                          0x2 (size before relaxing)
 .rodata._global_impure_ptr
                0x000000000800507c        0x4 /usr/bin/../lib/gcc/arm-none-eabi/4.9.3/../../../../arm-none-eabi/lib/armv7-m/libg.a(lib_a-impure.o)
                0x000000000800507c                _global_impure_ptr
                0x0000000008005080                . = ALIGN (0x4)

.ARM.extab      0x0000000008005080        0x0
 *(.ARM.extab* .gnu.linkonce.armextab.*)
 .ARM.extab     0x0000000008005080        0x0 /usr/bin/../lib/gcc/arm-none-eabi/4.9.3/../../../../arm-none-eabi/lib/armv7-m/crt0.o

.ARM            0x0000000008005080        0x8
                0x0000000008005080                __exidx_start = .
 *(.ARM.exidx*)
 .ARM.exidx     0x0000000008005080        0x8 /usr/bin/../lib/gcc/arm-none-eabi/4.9.3/../../../../arm-none-eabi/lib/armv7-m/crt0.o
                0x0000000008005088                __exidx_end = .

.rel.dyn        0x0000000008005088        0x0
 .rel.iplt      0x0000000000000000        0x0 /usr/bin/../lib/gcc/arm-none-eabi/4.9.3/armv7-m/crtbegin.o

.preinit_array  0x0000000008005088        0x0
                0x0000000008005088                PROVIDE (__preinit_array_start, .)
 *(.preinit_array*)
                0x0000000008005088                PROVIDE (__preinit_array_end, .)

.init_array     0x0000000008005088        0x8
                0x0000000008005088                PROVIDE (__init_array_start, .)
 *(SORT(.init_array.*))
 .init_array.00000
                0x0000000008005088        0x4 /usr/bin/../lib/gcc/arm-none-eabi/4.9.3/../../../../arm-none-eabi/lib/armv7-m/libg.a(lib_a-__call_atexit.o)
 *(.init_array*)
 .init_array    0x000000000800508c        0x4 /usr/bin/../lib/gcc/arm-none-eabi/4.9.3/armv7-m/crtbegin.o
                0x0000000008005090                PROVIDE (__init_array_end, .)

.fini_array     0x0000000008005090        0x4
                0x0000000008005090                PROVIDE (__fini_array_start, .)
 *(SORT(.fini_array.*))
 *(.fini_array*)
 .fini_array    0x0000000008005090        0x4 /usr/bin/../lib/gcc/arm-none-eabi/4.9.3/armv7-m/crtbegin.o
                0x0000000008005094                PROVIDE (__fini_array_end, .)
                0x0000000008005094                _sidata = LOADADDR (.data)

.data           0x0000000020000000      0x454 load address 0x0000000008005094
                0x0000000020000000                . = ALIGN (0x4)
                0x0000000020000000                _sdata = .
 *(.data)
 .data          0x0000000020000000        0x0 /usr/bin/../lib/gcc/arm-none-eabi/4.9.3/armv7-m/crti.o
 .data          0x0000000020000000        0x4 /usr/bin/../lib/gcc/arm-none-eabi/4.9.3/armv7-m/crtbegin.o
                0x0000000020000000                __dso_handle
 .data          0x0000000020000004        0x0 /usr/bin/../lib/gcc/arm-none-eabi/4.9.3/../../../../arm-none-eabi/lib/armv7-m/crt0.o
 .data          0x0000000020000004        0x0 build/src/main.o
 .data          0x0000000020000004       0x20 build/src/system_stm32l1xx.o
                0x0000000020000004                SystemCoreClock
                0x0000000020000008                PLLMulTable
                0x0000000020000014                AHBPrescTable
 .data          0x0000000020000024        0x0 build/src/startup_stm32l1xx_xl.o
 .data          0x0000000020000024        0x0 build/src/battery.o
 .data          0x0000000020000024        0x0 build/src/bluetooth.o
 .data          0x0000000020000024        0x0 build/src/display.o
 .data          0x0000000020000024        0x0 build/src/picture.o
 .data          0x0000000020000024        0x0 build/src/icons.o
 .data          0x0000000020000024        0x0 build/src/sensors.o
 .data          0x0000000020000024        0x0 build/src/clock.o
 .data          0x0000000020000024        0x0 build/src/button.o
 .data          0x0000000020000024        0x0 /usr/bin/../lib/gcc/arm-none-eabi/4.9.3/armv7-m/libgcc.a(_arm_addsubdf3.o)
 .data          0x0000000020000024        0x0 /usr/bin/../lib/gcc/arm-none-eabi/4.9.3/armv7-m/libgcc.a(_arm_muldivdf3.o)
 .data          0x0000000020000024        0x0 /usr/bin/../lib/gcc/arm-none-eabi/4.9.3/armv7-m/libgcc.a(_arm_cmpdf2.o)
 .data          0x0000000020000024        0x0 /usr/bin/../lib/gcc/arm-none-eabi/4.9.3/armv7-m/libgcc.a(_arm_fixunsdfsi.o)
 .data          0x0000000020000024        0x0 /usr/bin/../lib/gcc/arm-none-eabi/4.9.3/armv7-m/libgcc.a(_arm_truncdfsf2.o)
 .data          0x0000000020000024        0x0 /usr/bin/../lib/gcc/arm-none-eabi/4.9.3/armv7-m/libgcc.a(_arm_addsubsf3.o)
 .data          0x0000000020000024        0x0 /usr/bin/../lib/gcc/arm-none-eabi/4.9.3/armv7-m/libgcc.a(_arm_cmpsf2.o)
 .data          0x0000000020000024        0x0 /usr/bin/../lib/gcc/arm-none-eabi/4.9.3/../../../../arm-none-eabi/lib/armv7-m/libg.a(lib_a-exit.o)
 .data          0x0000000020000024        0x0 /usr/bin/../lib/gcc/arm-none-eabi/4.9.3/../../../../arm-none-eabi/lib/armv7-m/libg.a(lib_a-impure.o)
 .data          0x0000000020000024        0x0 /usr/bin/../lib/gcc/arm-none-eabi/4.9.3/../../../../arm-none-eabi/lib/armv7-m/libg.a(lib_a-init.o)
 .data          0x0000000020000024        0x0 /usr/bin/../lib/gcc/arm-none-eabi/4.9.3/../../../../arm-none-eabi/lib/armv7-m/libg.a(lib_a-memset.o)
 .data          0x0000000020000024        0x0 /usr/bin/../lib/gcc/arm-none-eabi/4.9.3/../../../../arm-none-eabi/lib/armv7-m/libg.a(lib_a-__call_atexit.o)
 .data          0x0000000020000024        0x0 /usr/bin/../lib/gcc/arm-none-eabi/4.9.3/../../../../arm-none-eabi/lib/armv7-m/libg.a(lib_a-atexit.o)
 .data          0x0000000020000024        0x0 /usr/bin/../lib/gcc/arm-none-eabi/4.9.3/../../../../arm-none-eabi/lib/armv7-m/libg.a(lib_a-fini.o)
 .data          0x0000000020000024        0x0 /usr/bin/../lib/gcc/arm-none-eabi/4.9.3/../../../../arm-none-eabi/lib/armv7-m/libg.a(lib_a-__atexit.o)
 .data          0x0000000020000024        0x0 /usr/bin/../lib/gcc/arm-none-eabi/4.9.3/../../../../arm-none-eabi/lib/armv7-m/libnosys.a(_exit.o)
 .data          0x0000000020000024        0x0 /usr/bin/../lib/gcc/arm-none-eabi/4.9.3/armv7-m/crtend.o
 .data          0x0000000020000024        0x0 /usr/bin/../lib/gcc/arm-none-eabi/4.9.3/armv7-m/crtn.o
 .data          0x0000000020000024        0x0 /usr/bin/../lib/gcc/arm-none-eabi/4.9.3/../../../../arm-none-eabi/lib/armv7-m/libm.a(lib_a-s_round.o)
 *(.data*)
 *fill*         0x0000000020000024        0x4 
 .data.impure_data
                0x0000000020000028      0x428 /usr/bin/../lib/gcc/arm-none-eabi/4.9.3/../../../../arm-none-eabi/lib/armv7-m/libg.a(lib_a-impure.o)
 .data._impure_ptr
                0x0000000020000450        0x4 /usr/bin/../lib/gcc/arm-none-eabi/4.9.3/../../../../arm-none-eabi/lib/armv7-m/libg.a(lib_a-impure.o)
                0x0000000020000450                _impure_ptr
 *(.RamFunc)
                0x0000000020000454                . = ALIGN (0x4)
                0x0000000020000454                _edata = .

.jcr            0x0000000020000454        0x4 load address 0x00000000080054e8
 .jcr           0x0000000020000454        0x0 /usr/bin/../lib/gcc/arm-none-eabi/4.9.3/armv7-m/crtbegin.o
 .jcr           0x0000000020000454        0x4 /usr/bin/../lib/gcc/arm-none-eabi/4.9.3/armv7-m/crtend.o

.igot.plt       0x0000000020000458        0x0 load address 0x00000000080054ec
 .igot.plt      0x0000000000000000        0x0 /usr/bin/../lib/gcc/arm-none-eabi/4.9.3/armv7-m/crtbegin.o
                0x0000000020000458                . = ALIGN (0x4)

.bss            0x0000000020000458      0x824 load address 0x00000000080054ec
                0x0000000020000458                _sbss = .
                0x0000000020000458                __bss_start__ = _sbss
 *(.bss)
 .bss           0x0000000020000458        0x0 /usr/bin/../lib/gcc/arm-none-eabi/4.9.3/armv7-m/crti.o
 .bss           0x0000000020000458       0x1c /usr/bin/../lib/gcc/arm-none-eabi/4.9.3/armv7-m/crtbegin.o
 .bss           0x0000000020000474        0x0 /usr/bin/../lib/gcc/arm-none-eabi/4.9.3/../../../../arm-none-eabi/lib/armv7-m/crt0.o
 .bss           0x0000000020000474        0x0 build/src/main.o
 .bss           0x0000000020000474        0x0 build/src/system_stm32l1xx.o
 .bss           0x0000000020000474        0x0 build/src/startup_stm32l1xx_xl.o
 .bss           0x0000000020000474        0x0 build/src/battery.o
 .bss           0x0000000020000474        0x0 build/src/bluetooth.o
 .bss           0x0000000020000474        0x0 build/src/display.o
 .bss           0x0000000020000474      0x800 build/src/picture.o
 .bss           0x0000000020000c74        0x0 build/src/icons.o
 .bss           0x0000000020000c74        0x0 build/src/sensors.o
 .bss           0x0000000020000c74        0x0 build/src/clock.o
 .bss           0x0000000020000c74        0x0 build/src/button.o
 .bss           0x0000000020000c74        0x0 /usr/bin/../lib/gcc/arm-none-eabi/4.9.3/armv7-m/libgcc.a(_arm_addsubdf3.o)
 .bss           0x0000000020000c74        0x0 /usr/bin/../lib/gcc/arm-none-eabi/4.9.3/armv7-m/libgcc.a(_arm_muldivdf3.o)
 .bss           0x0000000020000c74        0x0 /usr/bin/../lib/gcc/arm-none-eabi/4.9.3/armv7-m/libgcc.a(_arm_cmpdf2.o)
 .bss           0x0000000020000c74        0x0 /usr/bin/../lib/gcc/arm-none-eabi/4.9.3/armv7-m/libgcc.a(_arm_fixunsdfsi.o)
 .bss           0x0000000020000c74        0x0 /usr/bin/../lib/gcc/arm-none-eabi/4.9.3/armv7-m/libgcc.a(_arm_truncdfsf2.o)
 .bss           0x0000000020000c74        0x0 /usr/bin/../lib/gcc/arm-none-eabi/4.9.3/armv7-m/libgcc.a(_arm_addsubsf3.o)
 .bss           0x0000000020000c74        0x0 /usr/bin/../lib/gcc/arm-none-eabi/4.9.3/armv7-m/libgcc.a(_arm_cmpsf2.o)
 .bss           0x0000000020000c74        0x0 /usr/bin/../lib/gcc/arm-none-eabi/4.9.3/../../../../arm-none-eabi/lib/armv7-m/libg.a(lib_a-exit.o)
 .bss           0x0000000020000c74        0x0 /usr/bin/../lib/gcc/arm-none-eabi/4.9.3/../../../../arm-none-eabi/lib/armv7-m/libg.a(lib_a-impure.o)
 .bss           0x0000000020000c74        0x0 /usr/bin/../lib/gcc/arm-none-eabi/4.9.3/../../../../arm-none-eabi/lib/armv7-m/libg.a(lib_a-init.o)
 .bss           0x0000000020000c74        0x0 /usr/bin/../lib/gcc/arm-none-eabi/4.9.3/../../../../arm-none-eabi/lib/armv7-m/libg.a(lib_a-memset.o)
 .bss           0x0000000020000c74        0x0 /usr/bin/../lib/gcc/arm-none-eabi/4.9.3/../../../../arm-none-eabi/lib/armv7-m/libg.a(lib_a-__call_atexit.o)
 .bss           0x0000000020000c74        0x0 /usr/bin/../lib/gcc/arm-none-eabi/4.9.3/../../../../arm-none-eabi/lib/armv7-m/libg.a(lib_a-atexit.o)
 .bss           0x0000000020000c74        0x0 /usr/bin/../lib/gcc/arm-none-eabi/4.9.3/../../../../arm-none-eabi/lib/armv7-m/libg.a(lib_a-fini.o)
 .bss           0x0000000020000c74        0x0 /usr/bin/../lib/gcc/arm-none-eabi/4.9.3/../../../../arm-none-eabi/lib/armv7-m/libg.a(lib_a-__atexit.o)
 .bss           0x0000000020000c74        0x0 /usr/bin/../lib/gcc/arm-none-eabi/4.9.3/../../../../arm-none-eabi/lib/armv7-m/libnosys.a(_exit.o)
 .bss           0x0000000020000c74        0x0 /usr/bin/../lib/gcc/arm-none-eabi/4.9.3/armv7-m/crtend.o
 .bss           0x0000000020000c74        0x0 /usr/bin/../lib/gcc/arm-none-eabi/4.9.3/armv7-m/crtn.o
 .bss           0x0000000020000c74        0x0 /usr/bin/../lib/gcc/arm-none-eabi/4.9.3/../../../../arm-none-eabi/lib/armv7-m/libm.a(lib_a-s_round.o)
 *(.bss*)
 *(COMMON)
 COMMON         0x0000000020000c74        0x1 build/src/battery.o
                0x0000000020000c74                batteryCapacity
 *fill*         0x0000000020000c75        0x3 
 COMMON         0x0000000020000c78        0x4 build/src/button.o
                0x0000000020000c78                cnt
                0x0000000020000c7c                . = ALIGN (0x4)
                0x0000000020000c7c                _ebss = .
                0x0000000020000c7c                __bss_end__ = _ebss

._user_heap_stack
                0x0000000020000c7c      0x600 load address 0x00000000080054ec
                0x0000000020000c7c                . = ALIGN (0x4)
                0x0000000020000c7c                PROVIDE (end, .)
                0x0000000020000c7c                PROVIDE (_end, .)
                0x0000000020000e7c                . = (. + _Min_Heap_Size)
 *fill*         0x0000000020000c7c      0x200 
                0x000000002000127c                . = (. + _Min_Stack_Size)
 *fill*         0x0000000020000e7c      0x400 
                0x000000002000127c                . = ALIGN (0x4)

.memory_b1_text
 *(.mb1text)
 *(.mb1text*)
 *(.mb1rodata)
 *(.mb1rodata*)

/DISCARD/
 libc.a(*)
 libm.a(*)
 libgcc.a(*)

.ARM.attributes
                0x0000000000000000       0x29
 *(.ARM.attributes)
 .ARM.attributes
                0x0000000000000000       0x1d /usr/bin/../lib/gcc/arm-none-eabi/4.9.3/armv7-m/crti.o
 .ARM.attributes
                0x000000000000001d       0x2d /usr/bin/../lib/gcc/arm-none-eabi/4.9.3/armv7-m/crtbegin.o
 .ARM.attributes
                0x000000000000004a       0x1b /usr/bin/../lib/gcc/arm-none-eabi/4.9.3/../../../../arm-none-eabi/lib/armv7-m/crt0.o
 .ARM.attributes
                0x0000000000000065       0x33 build/src/main.o
 .ARM.attributes
                0x0000000000000098       0x33 build/src/system_stm32l1xx.o
 .ARM.attributes
                0x00000000000000cb       0x21 build/src/startup_stm32l1xx_xl.o
 .ARM.attributes
                0x00000000000000ec       0x33 build/src/battery.o
 .ARM.attributes
                0x000000000000011f       0x33 build/src/bluetooth.o
 .ARM.attributes
                0x0000000000000152       0x33 build/src/display.o
 .ARM.attributes
                0x0000000000000185       0x33 build/src/picture.o
 .ARM.attributes
                0x00000000000001b8       0x33 build/src/icons.o
 .ARM.attributes
                0x00000000000001eb       0x33 build/src/sensors.o
 .ARM.attributes
                0x000000000000021e       0x33 build/src/clock.o
 .ARM.attributes
                0x0000000000000251       0x33 build/src/button.o
 .ARM.attributes
                0x0000000000000284       0x1d /usr/bin/../lib/gcc/arm-none-eabi/4.9.3/armv7-m/libgcc.a(_arm_addsubdf3.o)
 .ARM.attributes
                0x00000000000002a1       0x1d /usr/bin/../lib/gcc/arm-none-eabi/4.9.3/armv7-m/libgcc.a(_arm_muldivdf3.o)
 .ARM.attributes
                0x00000000000002be       0x1d /usr/bin/../lib/gcc/arm-none-eabi/4.9.3/armv7-m/libgcc.a(_arm_cmpdf2.o)
 .ARM.attributes
                0x00000000000002db       0x1d /usr/bin/../lib/gcc/arm-none-eabi/4.9.3/armv7-m/libgcc.a(_arm_fixunsdfsi.o)
 .ARM.attributes
                0x00000000000002f8       0x1d /usr/bin/../lib/gcc/arm-none-eabi/4.9.3/armv7-m/libgcc.a(_arm_truncdfsf2.o)
 .ARM.attributes
                0x0000000000000315       0x1d /usr/bin/../lib/gcc/arm-none-eabi/4.9.3/armv7-m/libgcc.a(_arm_addsubsf3.o)
 .ARM.attributes
                0x0000000000000332       0x1d /usr/bin/../lib/gcc/arm-none-eabi/4.9.3/armv7-m/libgcc.a(_arm_cmpsf2.o)
 .ARM.attributes
                0x000000000000034f       0x2d /usr/bin/../lib/gcc/arm-none-eabi/4.9.3/../../../../arm-none-eabi/lib/armv7-m/libg.a(lib_a-exit.o)
 .ARM.attributes
                0x000000000000037c       0x2d /usr/bin/../lib/gcc/arm-none-eabi/4.9.3/../../../../arm-none-eabi/lib/armv7-m/libg.a(lib_a-impure.o)
 .ARM.attributes
                0x00000000000003a9       0x2d /usr/bin/../lib/gcc/arm-none-eabi/4.9.3/../../../../arm-none-eabi/lib/armv7-m/libg.a(lib_a-init.o)
 .ARM.attributes
                0x00000000000003d6       0x2d /usr/bin/../lib/gcc/arm-none-eabi/4.9.3/../../../../arm-none-eabi/lib/armv7-m/libg.a(lib_a-memset.o)
 .ARM.attributes
                0x0000000000000403       0x2d /usr/bin/../lib/gcc/arm-none-eabi/4.9.3/../../../../arm-none-eabi/lib/armv7-m/libg.a(lib_a-__call_atexit.o)
 .ARM.attributes
                0x0000000000000430       0x2d /usr/bin/../lib/gcc/arm-none-eabi/4.9.3/../../../../arm-none-eabi/lib/armv7-m/libg.a(lib_a-atexit.o)
 .ARM.attributes
                0x000000000000045d       0x2d /usr/bin/../lib/gcc/arm-none-eabi/4.9.3/../../../../arm-none-eabi/lib/armv7-m/libg.a(lib_a-fini.o)
 .ARM.attributes
                0x000000000000048a       0x2d /usr/bin/../lib/gcc/arm-none-eabi/4.9.3/../../../../arm-none-eabi/lib/armv7-m/libg.a(lib_a-__atexit.o)
 .ARM.attributes
                0x00000000000004b7       0x2d /usr/bin/../lib/gcc/arm-none-eabi/4.9.3/../../../../arm-none-eabi/lib/armv7-m/libnosys.a(_exit.o)
 .ARM.attributes
                0x00000000000004e4       0x2d /usr/bin/../lib/gcc/arm-none-eabi/4.9.3/armv7-m/crtend.o
 .ARM.attributes
                0x0000000000000511       0x1d /usr/bin/../lib/gcc/arm-none-eabi/4.9.3/armv7-m/crtn.o
OUTPUT(build/main.elf elf32-littlearm)

.debug_info     0x0000000000000000     0x41dd
 .debug_info    0x0000000000000000       0xc7 build/src/main.o
 .debug_info    0x00000000000000c7      0x54a build/src/system_stm32l1xx.o
 .debug_info    0x0000000000000611       0x7b build/src/startup_stm32l1xx_xl.o
 .debug_info    0x000000000000068c      0x75a build/src/battery.o
 .debug_info    0x0000000000000de6      0x718 build/src/bluetooth.o
 .debug_info    0x00000000000014fe      0x6b5 build/src/display.o
 .debug_info    0x0000000000001bb3      0x6a6 build/src/picture.o
 .debug_info    0x0000000000002259      0xc58 build/src/icons.o
 .debug_info    0x0000000000002eb1      0x492 build/src/sensors.o
 .debug_info    0x0000000000003343      0x890 build/src/clock.o
 .debug_info    0x0000000000003bd3      0x60a build/src/button.o

.debug_abbrev   0x0000000000000000      0xcbc
 .debug_abbrev  0x0000000000000000       0x65 build/src/main.o
 .debug_abbrev  0x0000000000000065      0x147 build/src/system_stm32l1xx.o
 .debug_abbrev  0x00000000000001ac       0x12 build/src/startup_stm32l1xx_xl.o
 .debug_abbrev  0x00000000000001be      0x15c build/src/battery.o
 .debug_abbrev  0x000000000000031a      0x191 build/src/bluetooth.o
 .debug_abbrev  0x00000000000004ab      0x173 build/src/display.o
 .debug_abbrev  0x000000000000061e      0x19b build/src/picture.o
 .debug_abbrev  0x00000000000007b9       0xd2 build/src/icons.o
 .debug_abbrev  0x000000000000088b      0x13e build/src/sensors.o
 .debug_abbrev  0x00000000000009c9      0x1b7 build/src/clock.o
 .debug_abbrev  0x0000000000000b80      0x13c build/src/button.o

.debug_aranges  0x0000000000000000      0x168
 .debug_aranges
                0x0000000000000000       0x20 build/src/main.o
 .debug_aranges
                0x0000000000000020       0x20 build/src/system_stm32l1xx.o
 .debug_aranges
                0x0000000000000040       0x28 build/src/startup_stm32l1xx_xl.o
 .debug_aranges
                0x0000000000000068       0x20 build/src/battery.o
 .debug_aranges
                0x0000000000000088       0x20 build/src/bluetooth.o
 .debug_aranges
                0x00000000000000a8       0x20 build/src/display.o
 .debug_aranges
                0x00000000000000c8       0x20 build/src/picture.o
 .debug_aranges
                0x00000000000000e8       0x20 build/src/icons.o
 .debug_aranges
                0x0000000000000108       0x20 build/src/sensors.o
 .debug_aranges
                0x0000000000000128       0x20 build/src/clock.o
 .debug_aranges
                0x0000000000000148       0x20 build/src/button.o

.debug_line     0x0000000000000000      0xfe9
 .debug_line    0x0000000000000000       0xcd build/src/main.o
 .debug_line    0x00000000000000cd      0x181 build/src/system_stm32l1xx.o
 .debug_line    0x000000000000024e       0x77 build/src/startup_stm32l1xx_xl.o
 .debug_line    0x00000000000002c5      0x13c build/src/battery.o
 .debug_line    0x0000000000000401      0x140 build/src/bluetooth.o
 .debug_line    0x0000000000000541      0x1ca build/src/display.o
 .debug_line    0x000000000000070b      0x305 build/src/picture.o
 .debug_line    0x0000000000000a10      0x18b build/src/icons.o
 .debug_line    0x0000000000000b9b      0x1ab build/src/sensors.o
 .debug_line    0x0000000000000d46      0x184 build/src/clock.o
 .debug_line    0x0000000000000eca      0x11f build/src/button.o

.debug_str      0x0000000000000000     0x15e3
 .debug_str     0x0000000000000000      0x14c build/src/main.o
                                        0x194 (size before relaxing)
 .debug_str     0x000000000000014c      0x1e3 build/src/system_stm32l1xx.o
                                        0x368 (size before relaxing)
 .debug_str     0x000000000000032f      0x4e1 build/src/battery.o
                                        0x713 (size before relaxing)
 .debug_str     0x0000000000000810       0xbf build/src/bluetooth.o
                                        0x6e4 (size before relaxing)
 .debug_str     0x00000000000008cf      0x1a2 build/src/display.o
                                        0x433 (size before relaxing)
 .debug_str     0x0000000000000a71      0x20c build/src/picture.o
                                        0x3b5 (size before relaxing)
 .debug_str     0x0000000000000c7d      0x6bc build/src/icons.o
                                        0x852 (size before relaxing)
 .debug_str     0x0000000000001339       0xb4 build/src/sensors.o
                                        0x359 (size before relaxing)
 .debug_str     0x00000000000013ed      0x1b9 build/src/clock.o
                                        0x79d (size before relaxing)
 .debug_str     0x00000000000015a6       0x3d build/src/button.o
                                        0x661 (size before relaxing)

.comment        0x0000000000000000       0x70
 .comment       0x0000000000000000       0x70 build/src/main.o
                                         0x71 (size before relaxing)
 .comment       0x0000000000000000       0x71 build/src/system_stm32l1xx.o
 .comment       0x0000000000000000       0x71 build/src/battery.o
 .comment       0x0000000000000000       0x71 build/src/bluetooth.o
 .comment       0x0000000000000000       0x71 build/src/display.o
 .comment       0x0000000000000000       0x71 build/src/picture.o
 .comment       0x0000000000000000       0x71 build/src/icons.o
 .comment       0x0000000000000000       0x71 build/src/sensors.o
 .comment       0x0000000000000000       0x71 build/src/clock.o
 .comment       0x0000000000000000       0x71 build/src/button.o

.debug_frame    0x0000000000000000     0x10bc
 .debug_frame   0x0000000000000000       0x2c build/src/main.o
 .debug_frame   0x000000000000002c       0x7c build/src/system_stm32l1xx.o
 .debug_frame   0x00000000000000a8       0xac build/src/battery.o
 .debug_frame   0x0000000000000154       0xdc build/src/bluetooth.o
 .debug_frame   0x0000000000000230      0x15c build/src/display.o
 .debug_frame   0x000000000000038c      0x270 build/src/picture.o
 .debug_frame   0x00000000000005fc      0x6f0 build/src/icons.o
 .debug_frame   0x0000000000000cec      0x124 build/src/sensors.o
 .debug_frame   0x0000000000000e10       0xc0 build/src/clock.o
 .debug_frame   0x0000000000000ed0       0x6c build/src/button.o
 .debug_frame   0x0000000000000f3c       0x28 /usr/bin/../lib/gcc/arm-none-eabi/4.9.3/../../../../arm-none-eabi/lib/armv7-m/libg.a(lib_a-exit.o)
 .debug_frame   0x0000000000000f64       0x2c /usr/bin/../lib/gcc/arm-none-eabi/4.9.3/../../../../arm-none-eabi/lib/armv7-m/libg.a(lib_a-init.o)
 .debug_frame   0x0000000000000f90       0x34 /usr/bin/../lib/gcc/arm-none-eabi/4.9.3/../../../../arm-none-eabi/lib/armv7-m/libg.a(lib_a-memset.o)
 .debug_frame   0x0000000000000fc4       0x50 /usr/bin/../lib/gcc/arm-none-eabi/4.9.3/../../../../arm-none-eabi/lib/armv7-m/libg.a(lib_a-__call_atexit.o)
 .debug_frame   0x0000000000001014       0x20 /usr/bin/../lib/gcc/arm-none-eabi/4.9.3/../../../../arm-none-eabi/lib/armv7-m/libg.a(lib_a-atexit.o)
 .debug_frame   0x0000000000001034       0x34 /usr/bin/../lib/gcc/arm-none-eabi/4.9.3/../../../../arm-none-eabi/lib/armv7-m/libg.a(lib_a-fini.o)
 .debug_frame   0x0000000000001068       0x34 /usr/bin/../lib/gcc/arm-none-eabi/4.9.3/../../../../arm-none-eabi/lib/armv7-m/libg.a(lib_a-__atexit.o)
 .debug_frame   0x000000000000109c       0x20 /usr/bin/../lib/gcc/arm-none-eabi/4.9.3/../../../../arm-none-eabi/lib/armv7-m/libnosys.a(_exit.o)

.debug_ranges   0x0000000000000000       0x20
 .debug_ranges  0x0000000000000000       0x20 build/src/startup_stm32l1xx_xl.o
