Archive member included because of file (symbol)

/usr/bin/../lib/gcc/arm-none-eabi/4.9.3/armv7-m/libgcc.a(_arm_addsubdf3.o)
                              build/src/bluetooth.o (__aeabi_dsub)
/usr/bin/../lib/gcc/arm-none-eabi/4.9.3/armv7-m/libgcc.a(_arm_muldivdf3.o)
                              build/src/battery.o (__aeabi_dmul)
/usr/bin/../lib/gcc/arm-none-eabi/4.9.3/armv7-m/libgcc.a(_arm_cmpdf2.o)
                              build/src/battery.o (__aeabi_dcmplt)
/usr/bin/../lib/gcc/arm-none-eabi/4.9.3/armv7-m/libgcc.a(_arm_fixunsdfsi.o)
                              build/src/battery.o (__aeabi_d2uiz)
/usr/bin/../lib/gcc/arm-none-eabi/4.9.3/armv7-m/libgcc.a(_arm_truncdfsf2.o)
                              build/src/battery.o (__aeabi_d2f)
/usr/bin/../lib/gcc/arm-none-eabi/4.9.3/armv7-m/libgcc.a(_arm_addsubsf3.o)
                              build/src/battery.o (__aeabi_i2f)
/usr/bin/../lib/gcc/arm-none-eabi/4.9.3/armv7-m/libgcc.a(_arm_cmpsf2.o)
                              build/src/battery.o (__aeabi_fcmpgt)
/usr/bin/../lib/gcc/arm-none-eabi/4.9.3/../../../../arm-none-eabi/lib/armv7-m/libg.a(lib_a-exit.o)
                              /usr/bin/../lib/gcc/arm-none-eabi/4.9.3/../../../../arm-none-eabi/lib/armv7-m/crt0.o (exit)
/usr/bin/../lib/gcc/arm-none-eabi/4.9.3/../../../../arm-none-eabi/lib/armv7-m/libg.a(lib_a-impure.o)
                              /usr/bin/../lib/gcc/arm-none-eabi/4.9.3/../../../../arm-none-eabi/lib/armv7-m/libg.a(lib_a-exit.o) (_global_impure_ptr)
/usr/bin/../lib/gcc/arm-none-eabi/4.9.3/../../../../arm-none-eabi/lib/armv7-m/libg.a(lib_a-init.o)
                              /usr/bin/../lib/gcc/arm-none-eabi/4.9.3/../../../../arm-none-eabi/lib/armv7-m/crt0.o (__libc_init_array)
/usr/bin/../lib/gcc/arm-none-eabi/4.9.3/../../../../arm-none-eabi/lib/armv7-m/libg.a(lib_a-memset.o)
                              /usr/bin/../lib/gcc/arm-none-eabi/4.9.3/../../../../arm-none-eabi/lib/armv7-m/crt0.o (memset)
/usr/bin/../lib/gcc/arm-none-eabi/4.9.3/../../../../arm-none-eabi/lib/armv7-m/libg.a(lib_a-__call_atexit.o)
                              /usr/bin/../lib/gcc/arm-none-eabi/4.9.3/../../../../arm-none-eabi/lib/armv7-m/libg.a(lib_a-exit.o) (__call_exitprocs)
/usr/bin/../lib/gcc/arm-none-eabi/4.9.3/../../../../arm-none-eabi/lib/armv7-m/libg.a(lib_a-atexit.o)
                              /usr/bin/../lib/gcc/arm-none-eabi/4.9.3/../../../../arm-none-eabi/lib/armv7-m/libg.a(lib_a-__call_atexit.o) (atexit)
/usr/bin/../lib/gcc/arm-none-eabi/4.9.3/../../../../arm-none-eabi/lib/armv7-m/libg.a(lib_a-fini.o)
                              /usr/bin/../lib/gcc/arm-none-eabi/4.9.3/../../../../arm-none-eabi/lib/armv7-m/libg.a(lib_a-__call_atexit.o) (__libc_fini_array)
/usr/bin/../lib/gcc/arm-none-eabi/4.9.3/../../../../arm-none-eabi/lib/armv7-m/libg.a(lib_a-__atexit.o)
                              /usr/bin/../lib/gcc/arm-none-eabi/4.9.3/../../../../arm-none-eabi/lib/armv7-m/libg.a(lib_a-atexit.o) (__register_exitproc)
/usr/bin/../lib/gcc/arm-none-eabi/4.9.3/../../../../arm-none-eabi/lib/armv7-m/libnosys.a(_exit.o)
                              /usr/bin/../lib/gcc/arm-none-eabi/4.9.3/../../../../arm-none-eabi/lib/armv7-m/libg.a(lib_a-exit.o) (_exit)
/usr/bin/../lib/gcc/arm-none-eabi/4.9.3/../../../../arm-none-eabi/lib/armv7-m/libm.a(lib_a-s_round.o)
                              build/src/bluetooth.o (round)

Allocating common symbols
Common symbol       size              file

tim                 0x6               build/src/clock.o
batteryCapacity     0x1               build/src/battery.o
time                0x6               build/src/clock.o

Discarded input sections

 .debug_frame   0x0000000000000000       0x30 /usr/bin/../lib/gcc/arm-none-eabi/4.9.3/../../../../arm-none-eabi/lib/armv7-m/libm.a(lib_a-s_round.o)
 .ARM.attributes
                0x0000000000000000       0x2d /usr/bin/../lib/gcc/arm-none-eabi/4.9.3/../../../../arm-none-eabi/lib/armv7-m/libm.a(lib_a-s_round.o)

Memory Configuration

Name             Origin             Length             Attributes
FLASH            0x0000000008000000 0x0000000000080000 xr
RAM              0x0000000020000000 0x0000000000014000 xrw
MEMORY_B1        0x0000000060000000 0x0000000000000000 xr
*default*        0x0000000000000000 0xffffffffffffffff

Linker script and memory map

LOAD /usr/bin/../lib/gcc/arm-none-eabi/4.9.3/armv7-m/crti.o
LOAD /usr/bin/../lib/gcc/arm-none-eabi/4.9.3/armv7-m/crtbegin.o
LOAD /usr/bin/../lib/gcc/arm-none-eabi/4.9.3/../../../../arm-none-eabi/lib/armv7-m/crt0.o
LOAD build/src/main.o
LOAD build/src/system_stm32l1xx.o
LOAD build/src/startup_stm32l1xx_xl.o
LOAD build/src/battery.o
LOAD build/src/bluetooth.o
LOAD build/src/display.o
LOAD build/src/picture.o
LOAD build/src/icons.o
LOAD build/src/sensors.o
LOAD build/src/clock.o
START GROUP
LOAD /usr/bin/../lib/gcc/arm-none-eabi/4.9.3/armv7-m/libgcc.a
LOAD /usr/bin/../lib/gcc/arm-none-eabi/4.9.3/../../../../arm-none-eabi/lib/armv7-m/libg.a
LOAD /usr/bin/../lib/gcc/arm-none-eabi/4.9.3/../../../../arm-none-eabi/lib/armv7-m/libc.a
END GROUP
START GROUP
LOAD /usr/bin/../lib/gcc/arm-none-eabi/4.9.3/armv7-m/libgcc.a
LOAD /usr/bin/../lib/gcc/arm-none-eabi/4.9.3/../../../../arm-none-eabi/lib/armv7-m/libc.a
LOAD /usr/bin/../lib/gcc/arm-none-eabi/4.9.3/../../../../arm-none-eabi/lib/armv7-m/libnosys.a
END GROUP
LOAD /usr/bin/../lib/gcc/arm-none-eabi/4.9.3/armv7-m/crtend.o
LOAD /usr/bin/../lib/gcc/arm-none-eabi/4.9.3/armv7-m/crtn.o
                0x0000000020014000                _estack = 0x20014000
                0x0000000000000200                _Min_Heap_Size = 0x200
                0x0000000000000400                _Min_Stack_Size = 0x400

.isr_vector     0x0000000008000000      0x13c
                0x0000000008000000                . = ALIGN (0x4)
 *(.isr_vector)
 .isr_vector    0x0000000008000000      0x13c build/src/startup_stm32l1xx_xl.o
                0x0000000008000000                g_pfnVectors
                0x000000000800013c                . = ALIGN (0x4)

.text           0x0000000008000140     0x3e0c
                0x0000000008000140                . = ALIGN (0x4)
 *(.text)
 .text          0x0000000008000140        0x0 /usr/bin/../lib/gcc/arm-none-eabi/4.9.3/armv7-m/crti.o
 .text          0x0000000008000140       0x5c /usr/bin/../lib/gcc/arm-none-eabi/4.9.3/armv7-m/crtbegin.o
 .text          0x000000000800019c       0x74 /usr/bin/../lib/gcc/arm-none-eabi/4.9.3/../../../../arm-none-eabi/lib/armv7-m/crt0.o
                0x000000000800019c                _mainCRTStartup
                0x000000000800019c                _start
 .text          0x0000000008000210        0xc build/src/main.o
                0x0000000008000210                main
 .text          0x000000000800021c      0x2d8 build/src/system_stm32l1xx.o
                0x000000000800021c                SystemInit
                0x0000000008000280                SystemCoreClockUpdate
 .text          0x00000000080004f4       0x14 build/src/startup_stm32l1xx_xl.o
 .text          0x0000000008000508      0x22c build/src/battery.o
                0x0000000008000708                ADC1_IRQHandler
 *fill*         0x0000000008000734        0x4 
 .text          0x0000000008000738      0x274 build/src/bluetooth.o
                0x0000000008000738                bluetooth_t
                0x00000000080009a0                USART1_IRQHandler
 .text          0x00000000080009ac      0x360 build/src/display.o
                0x00000000080009ac                display_t
 .text          0x0000000008000d0c     0x1110 build/src/picture.o
                0x0000000008000d0c                getPicture
                0x0000000008000d44                addLogoFrame
                0x0000000008000d84                addBatteryFrame
                0x0000000008000e54                addCallFrame
                0x0000000008000e94                removeCallFrame
                0x0000000008000ed4                addSmsFrame
                0x0000000008000f14                removeSmsFrame
                0x0000000008000f54                addMailFrame
                0x0000000008000f94                removeMailFrame
                0x0000000008000fd4                addHumidityFrame
                0x00000000080012c8                addTemperatureFrame
                0x00000000080015bc                addDateFrame
                0x0000000008001934                addTimeFrame
 .text          0x0000000008001e1c      0x9a0 build/src/icons.o
                0x0000000008001e1c                getLogoIcon
                0x0000000008001e54                getBatteryIcon0
                0x0000000008001e8c                getBatteryIcon25
                0x0000000008001ec4                getBatteryIcon50
                0x0000000008001efc                getBatteryIcon75
                0x0000000008001f34                getBatteryIcon100
                0x0000000008001f6c                getMissedCallIcon
                0x0000000008001fa4                getNewSmsIcon
                0x0000000008001fdc                getNewMailIcon
                0x0000000008002014                removeNotificationIcon
                0x000000000800204c                getSmallZeroNumberIcon
                0x0000000008002084                getSmallOneNumberIcon
                0x00000000080020bc                getSmallTwoNumberIcon
                0x00000000080020f4                getSmallThreeNumberIcon
                0x000000000800212c                getSmallFourNumberIcon
                0x0000000008002164                getSmallFiveNumberIcon
                0x000000000800219c                getSmallSixNumberIcon
                0x00000000080021d4                getSmallSevenNumberIcon
                0x000000000800220c                getSmallEightNumberIcon
                0x0000000008002244                getSmallNineNumberIcon
                0x000000000800227c                getMediumZeroNumberIcon
                0x00000000080022b4                getSmallPercentIcon
                0x00000000080022ec                getMediumOneNumberIcon
                0x0000000008002324                getSmallCelsiusIcon
                0x000000000800235c                getMediumTwoNumberIcon
                0x0000000008002394                getMediumThreeNumberIcon
                0x00000000080023cc                getMediumFourNumberIcon
                0x0000000008002404                getMediumFiveNumberIcon
                0x000000000800243c                getMediumSixNumberIcon
                0x0000000008002474                getMediumSevenNumberIcon
                0x00000000080024ac                getMediumEightNumberIcon
                0x00000000080024e4                getMediumNineNumberIcon
                0x000000000800251c                getMediumDotIcon
                0x0000000008002554                getBigZeroNumberIcon
                0x000000000800258c                getBigOneNumberIcon
                0x00000000080025c4                getBigTwoNumberIcon
                0x00000000080025fc                getBigThreeNumberIcon
                0x0000000008002634                getBigFourNumberIcon
                0x000000000800266c                getBigFiveNumberIcon
                0x00000000080026a4                getBigSixNumberIcon
                0x00000000080026dc                getBigSevenNumberIcon
                0x0000000008002714                getBigEightNumberIcon
                0x000000000800274c                getBigNineNumberIcon
                0x0000000008002784                getBigColonIcon
 .text          0x00000000080027bc      0x310 build/src/sensors.o
                0x00000000080027bc                sensors_t
 .text          0x0000000008002acc      0x418 build/src/clock.o
                0x0000000008002acc                clock_t
 .text          0x0000000008002ee4      0x370 /usr/bin/../lib/gcc/arm-none-eabi/4.9.3/armv7-m/libgcc.a(_arm_addsubdf3.o)
                0x0000000008002ee4                __aeabi_drsub
                0x0000000008002eec                __aeabi_dsub
                0x0000000008002eec                __subdf3
                0x0000000008002ef0                __adddf3
                0x0000000008002ef0                __aeabi_dadd
                0x0000000008003168                __aeabi_ui2d
                0x0000000008003168                __floatunsidf
                0x0000000008003188                __floatsidf
                0x0000000008003188                __aeabi_i2d
                0x00000000080031ac                __extendsfdf2
                0x00000000080031ac                __aeabi_f2d
                0x00000000080031e8                __aeabi_ul2d
                0x00000000080031e8                __floatundidf
                0x00000000080031f8                __floatdidf
                0x00000000080031f8                __aeabi_l2d
 .text          0x0000000008003254      0x424 /usr/bin/../lib/gcc/arm-none-eabi/4.9.3/armv7-m/libgcc.a(_arm_muldivdf3.o)
                0x0000000008003254                __aeabi_dmul
                0x0000000008003254                __muldf3
                0x00000000080034a8                __aeabi_ddiv
                0x00000000080034a8                __divdf3
 .text          0x0000000008003678      0x110 /usr/bin/../lib/gcc/arm-none-eabi/4.9.3/armv7-m/libgcc.a(_arm_cmpdf2.o)
                0x0000000008003678                __gtdf2
                0x0000000008003678                __gedf2
                0x0000000008003680                __ltdf2
                0x0000000008003680                __ledf2
                0x0000000008003688                __cmpdf2
                0x0000000008003688                __eqdf2
                0x0000000008003688                __nedf2
                0x0000000008003704                __aeabi_cdrcmple
                0x0000000008003714                __aeabi_cdcmple
                0x0000000008003714                __aeabi_cdcmpeq
                0x0000000008003724                __aeabi_dcmpeq
                0x0000000008003738                __aeabi_dcmplt
                0x000000000800374c                __aeabi_dcmple
                0x0000000008003760                __aeabi_dcmpge
                0x0000000008003774                __aeabi_dcmpgt
 .text          0x0000000008003788       0x40 /usr/bin/../lib/gcc/arm-none-eabi/4.9.3/armv7-m/libgcc.a(_arm_fixunsdfsi.o)
                0x0000000008003788                __fixunsdfsi
                0x0000000008003788                __aeabi_d2uiz
 .text          0x00000000080037c8       0xa0 /usr/bin/../lib/gcc/arm-none-eabi/4.9.3/armv7-m/libgcc.a(_arm_truncdfsf2.o)
                0x00000000080037c8                __aeabi_d2f
                0x00000000080037c8                __truncdfsf2
 .text          0x0000000008003868      0x21c /usr/bin/../lib/gcc/arm-none-eabi/4.9.3/armv7-m/libgcc.a(_arm_addsubsf3.o)
                0x0000000008003868                __aeabi_frsub
                0x0000000008003870                __subsf3
                0x0000000008003870                __aeabi_fsub
                0x0000000008003874                __aeabi_fadd
                0x0000000008003874                __addsf3
                0x00000000080039d4                __aeabi_ui2f
                0x00000000080039d4                __floatunsisf
                0x00000000080039dc                __aeabi_i2f
                0x00000000080039dc                __floatsisf
                0x00000000080039f8                __floatundisf
                0x00000000080039f8                __aeabi_ul2f
                0x0000000008003a08                __floatdisf
                0x0000000008003a08                __aeabi_l2f
 .text          0x0000000008003a84       0xec /usr/bin/../lib/gcc/arm-none-eabi/4.9.3/armv7-m/libgcc.a(_arm_cmpsf2.o)
                0x0000000008003a84                __gtsf2
                0x0000000008003a84                __gesf2
                0x0000000008003a8c                __lesf2
                0x0000000008003a8c                __ltsf2
                0x0000000008003a94                __nesf2
                0x0000000008003a94                __eqsf2
                0x0000000008003a94                __cmpsf2
                0x0000000008003af4                __aeabi_cfrcmple
                0x0000000008003afc                __aeabi_cfcmple
                0x0000000008003afc                __aeabi_cfcmpeq
                0x0000000008003b0c                __aeabi_fcmpeq
                0x0000000008003b20                __aeabi_fcmplt
                0x0000000008003b34                __aeabi_fcmple
                0x0000000008003b48                __aeabi_fcmpge
                0x0000000008003b5c                __aeabi_fcmpgt
 .text          0x0000000008003b70        0x0 /usr/bin/../lib/gcc/arm-none-eabi/4.9.3/../../../../arm-none-eabi/lib/armv7-m/libg.a(lib_a-exit.o)
 .text          0x0000000008003b70        0x0 /usr/bin/../lib/gcc/arm-none-eabi/4.9.3/../../../../arm-none-eabi/lib/armv7-m/libg.a(lib_a-impure.o)
 .text          0x0000000008003b70        0x0 /usr/bin/../lib/gcc/arm-none-eabi/4.9.3/../../../../arm-none-eabi/lib/armv7-m/libg.a(lib_a-init.o)
 .text          0x0000000008003b70        0x0 /usr/bin/../lib/gcc/arm-none-eabi/4.9.3/../../../../arm-none-eabi/lib/armv7-m/libg.a(lib_a-memset.o)
 .text          0x0000000008003b70        0x0 /usr/bin/../lib/gcc/arm-none-eabi/4.9.3/../../../../arm-none-eabi/lib/armv7-m/libg.a(lib_a-__call_atexit.o)
 .text          0x0000000008003b70        0x0 /usr/bin/../lib/gcc/arm-none-eabi/4.9.3/../../../../arm-none-eabi/lib/armv7-m/libg.a(lib_a-atexit.o)
 .text          0x0000000008003b70        0x0 /usr/bin/../lib/gcc/arm-none-eabi/4.9.3/../../../../arm-none-eabi/lib/armv7-m/libg.a(lib_a-fini.o)
 .text          0x0000000008003b70        0x0 /usr/bin/../lib/gcc/arm-none-eabi/4.9.3/../../../../arm-none-eabi/lib/armv7-m/libg.a(lib_a-__atexit.o)
 .text          0x0000000008003b70        0x0 /usr/bin/../lib/gcc/arm-none-eabi/4.9.3/../../../../arm-none-eabi/lib/armv7-m/libnosys.a(_exit.o)
 .text          0x0000000008003b70        0x0 /usr/bin/../lib/gcc/arm-none-eabi/4.9.3/armv7-m/crtend.o
 .text          0x0000000008003b70        0x0 /usr/bin/../lib/gcc/arm-none-eabi/4.9.3/armv7-m/crtn.o
 .text          0x0000000008003b70        0x0 /usr/bin/../lib/gcc/arm-none-eabi/4.9.3/../../../../arm-none-eabi/lib/armv7-m/libm.a(lib_a-s_round.o)
 *(.text*)
 .text.Reset_Handler
                0x0000000008003b70       0x48 build/src/startup_stm32l1xx_xl.o
                0x0000000008003b70                Reset_Handler
 .text.Default_Handler
                0x0000000008003bb8        0x2 build/src/startup_stm32l1xx_xl.o
                0x0000000008003bb8                RTC_Alarm_IRQHandler
                0x0000000008003bb8                EXTI2_IRQHandler
                0x0000000008003bb8                COMP_ACQ_IRQHandler
                0x0000000008003bb8                DebugMon_Handler
                0x0000000008003bb8                HardFault_Handler
                0x0000000008003bb8                TIM10_IRQHandler
                0x0000000008003bb8                USB_HP_IRQHandler
                0x0000000008003bb8                TIM6_IRQHandler
                0x0000000008003bb8                SysTick_Handler
                0x0000000008003bb8                PVD_IRQHandler
                0x0000000008003bb8                PendSV_Handler
                0x0000000008003bb8                NMI_Handler
                0x0000000008003bb8                EXTI3_IRQHandler
                0x0000000008003bb8                EXTI0_IRQHandler
                0x0000000008003bb8                I2C2_EV_IRQHandler
                0x0000000008003bb8                UsageFault_Handler
                0x0000000008003bb8                SPI1_IRQHandler
                0x0000000008003bb8                USB_FS_WKUP_IRQHandler
                0x0000000008003bb8                DMA2_Channel2_IRQHandler
                0x0000000008003bb8                DMA1_Channel4_IRQHandler
                0x0000000008003bb8                USART3_IRQHandler
                0x0000000008003bb8                DMA1_Channel7_IRQHandler
                0x0000000008003bb8                LCD_IRQHandler
                0x0000000008003bb8                UART5_IRQHandler
                0x0000000008003bb8                TIM4_IRQHandler
                0x0000000008003bb8                DMA2_Channel1_IRQHandler
                0x0000000008003bb8                I2C1_EV_IRQHandler
                0x0000000008003bb8                DMA1_Channel6_IRQHandler
                0x0000000008003bb8                UART4_IRQHandler
                0x0000000008003bb8                DMA2_Channel4_IRQHandler
                0x0000000008003bb8                TIM3_IRQHandler
                0x0000000008003bb8                RCC_IRQHandler
                0x0000000008003bb8                DMA1_Channel1_IRQHandler
                0x0000000008003bb8                Default_Handler
                0x0000000008003bb8                EXTI15_10_IRQHandler
                0x0000000008003bb8                TIM7_IRQHandler
                0x0000000008003bb8                TIM5_IRQHandler
                0x0000000008003bb8                EXTI9_5_IRQHandler
                0x0000000008003bb8                TIM9_IRQHandler
                0x0000000008003bb8                TAMPER_STAMP_IRQHandler
                0x0000000008003bb8                RTC_WKUP_IRQHandler
                0x0000000008003bb8                SPI2_IRQHandler
                0x0000000008003bb8                MemManage_Handler
                0x0000000008003bb8                SVC_Handler
                0x0000000008003bb8                DMA2_Channel5_IRQHandler
                0x0000000008003bb8                DMA1_Channel5_IRQHandler
                0x0000000008003bb8                USB_LP_IRQHandler
                0x0000000008003bb8                EXTI4_IRQHandler
                0x0000000008003bb8                DMA1_Channel3_IRQHandler
                0x0000000008003bb8                COMP_IRQHandler
                0x0000000008003bb8                WWDG_IRQHandler
                0x0000000008003bb8                TIM2_IRQHandler
                0x0000000008003bb8                DAC_IRQHandler
                0x0000000008003bb8                EXTI1_IRQHandler
                0x0000000008003bb8                AES_IRQHandler
                0x0000000008003bb8                TIM11_IRQHandler
                0x0000000008003bb8                USART2_IRQHandler
                0x0000000008003bb8                I2C2_ER_IRQHandler
                0x0000000008003bb8                DMA1_Channel2_IRQHandler
                0x0000000008003bb8                FLASH_IRQHandler
                0x0000000008003bb8                BusFault_Handler
                0x0000000008003bb8                SPI3_IRQHandler
                0x0000000008003bb8                I2C1_ER_IRQHandler
                0x0000000008003bb8                DMA2_Channel3_IRQHandler
 *fill*         0x0000000008003bba        0x2 
 .text.exit     0x0000000008003bbc       0x20 /usr/bin/../lib/gcc/arm-none-eabi/4.9.3/../../../../arm-none-eabi/lib/armv7-m/libg.a(lib_a-exit.o)
                0x0000000008003bbc                exit
 .text.__libc_init_array
                0x0000000008003bdc       0x50 /usr/bin/../lib/gcc/arm-none-eabi/4.9.3/../../../../arm-none-eabi/lib/armv7-m/libg.a(lib_a-init.o)
                0x0000000008003bdc                __libc_init_array
 .text.memset   0x0000000008003c2c       0x9c /usr/bin/../lib/gcc/arm-none-eabi/4.9.3/../../../../arm-none-eabi/lib/armv7-m/libg.a(lib_a-memset.o)
                0x0000000008003c2c                memset
 .text.startup.register_fini
                0x0000000008003cc8       0x14 /usr/bin/../lib/gcc/arm-none-eabi/4.9.3/../../../../arm-none-eabi/lib/armv7-m/libg.a(lib_a-__call_atexit.o)
 .text.__call_exitprocs
                0x0000000008003cdc       0xd4 /usr/bin/../lib/gcc/arm-none-eabi/4.9.3/../../../../arm-none-eabi/lib/armv7-m/libg.a(lib_a-__call_atexit.o)
                0x0000000008003cdc                __call_exitprocs
 .text.atexit   0x0000000008003db0        0xc /usr/bin/../lib/gcc/arm-none-eabi/4.9.3/../../../../arm-none-eabi/lib/armv7-m/libg.a(lib_a-atexit.o)
                0x0000000008003db0                atexit
 .text.__libc_fini_array
                0x0000000008003dbc       0x2c /usr/bin/../lib/gcc/arm-none-eabi/4.9.3/../../../../arm-none-eabi/lib/armv7-m/libg.a(lib_a-fini.o)
                0x0000000008003dbc                __libc_fini_array
 .text.__register_exitproc
                0x0000000008003de8       0xa4 /usr/bin/../lib/gcc/arm-none-eabi/4.9.3/../../../../arm-none-eabi/lib/armv7-m/libg.a(lib_a-__atexit.o)
                0x0000000008003de8                __register_exitproc
 .text._exit    0x0000000008003e8c        0x4 /usr/bin/../lib/gcc/arm-none-eabi/4.9.3/../../../../arm-none-eabi/lib/armv7-m/libnosys.a(_exit.o)
                0x0000000008003e8c                _exit
 .text.round    0x0000000008003e90       0xa0 /usr/bin/../lib/gcc/arm-none-eabi/4.9.3/../../../../arm-none-eabi/lib/armv7-m/libm.a(lib_a-s_round.o)
                0x0000000008003e90                round
 *(.glue_7)
 .glue_7        0x0000000000000000        0x0 linker stubs
 *(.glue_7t)
 .glue_7t       0x0000000000000000        0x0 linker stubs
 *(.eh_frame)
 .eh_frame      0x0000000008003f30        0x0 /usr/bin/../lib/gcc/arm-none-eabi/4.9.3/armv7-m/crtbegin.o
 .eh_frame      0x0000000008003f30        0x4 /usr/bin/../lib/gcc/arm-none-eabi/4.9.3/armv7-m/crtend.o
 *(.init)
 .init          0x0000000008003f34        0x4 /usr/bin/../lib/gcc/arm-none-eabi/4.9.3/armv7-m/crti.o
                0x0000000008003f34                _init
 .init          0x0000000008003f38        0x8 /usr/bin/../lib/gcc/arm-none-eabi/4.9.3/armv7-m/crtn.o
 *(.fini)
 .fini          0x0000000008003f40        0x4 /usr/bin/../lib/gcc/arm-none-eabi/4.9.3/armv7-m/crti.o
                0x0000000008003f40                _fini
 .fini          0x0000000008003f44        0x8 /usr/bin/../lib/gcc/arm-none-eabi/4.9.3/armv7-m/crtn.o
                0x0000000008003f4c                . = ALIGN (0x4)
                0x0000000008003f4c                _etext = .

.vfp11_veneer   0x0000000008003f4c        0x0
 .vfp11_veneer  0x0000000000000000        0x0 linker stubs

.v4_bx          0x0000000008003f4c        0x0
 .v4_bx         0x0000000000000000        0x0 linker stubs

.iplt           0x0000000008003f4c        0x0
 .iplt          0x0000000000000000        0x0 /usr/bin/../lib/gcc/arm-none-eabi/4.9.3/armv7-m/crtbegin.o

.rodata         0x0000000008003f4c     0x1148
                0x0000000008003f4c                . = ALIGN (0x4)
 *(.rodata)
 .rodata        0x0000000008003f4c       0x2a build/src/bluetooth.o
 *fill*         0x0000000008003f76        0x2 
 .rodata        0x0000000008003f78        0x8 build/src/picture.o
 .rodata        0x0000000008003f80     0x110c build/src/icons.o
 *(.rodata*)
 .rodata.str1.4
                0x000000000800508c        0x4 /usr/bin/../lib/gcc/arm-none-eabi/4.9.3/../../../../arm-none-eabi/lib/armv7-m/libg.a(lib_a-impure.o)
                                          0x2 (size before relaxing)
 .rodata._global_impure_ptr
                0x0000000008005090        0x4 /usr/bin/../lib/gcc/arm-none-eabi/4.9.3/../../../../arm-none-eabi/lib/armv7-m/libg.a(lib_a-impure.o)
                0x0000000008005090                _global_impure_ptr
                0x0000000008005094                . = ALIGN (0x4)

.ARM.extab      0x0000000008005094        0x0
 *(.ARM.extab* .gnu.linkonce.armextab.*)
 .ARM.extab     0x0000000008005094        0x0 /usr/bin/../lib/gcc/arm-none-eabi/4.9.3/../../../../arm-none-eabi/lib/armv7-m/crt0.o

.ARM            0x0000000008005094        0x8
                0x0000000008005094                __exidx_start = .
 *(.ARM.exidx*)
 .ARM.exidx     0x0000000008005094        0x8 /usr/bin/../lib/gcc/arm-none-eabi/4.9.3/../../../../arm-none-eabi/lib/armv7-m/crt0.o
                0x000000000800509c                __exidx_end = .

.rel.dyn        0x000000000800509c        0x0
 .rel.iplt      0x0000000000000000        0x0 /usr/bin/../lib/gcc/arm-none-eabi/4.9.3/armv7-m/crtbegin.o

.preinit_array  0x000000000800509c        0x0
                0x000000000800509c                PROVIDE (__preinit_array_start, .)
 *(.preinit_array*)
                0x000000000800509c                PROVIDE (__preinit_array_end, .)

.init_array     0x000000000800509c        0x8
                0x000000000800509c                PROVIDE (__init_array_start, .)
 *(SORT(.init_array.*))
 .init_array.00000
                0x000000000800509c        0x4 /usr/bin/../lib/gcc/arm-none-eabi/4.9.3/../../../../arm-none-eabi/lib/armv7-m/libg.a(lib_a-__call_atexit.o)
 *(.init_array*)
 .init_array    0x00000000080050a0        0x4 /usr/bin/../lib/gcc/arm-none-eabi/4.9.3/armv7-m/crtbegin.o
                0x00000000080050a4                PROVIDE (__init_array_end, .)

.fini_array     0x00000000080050a4        0x4
                0x00000000080050a4                PROVIDE (__fini_array_start, .)
 *(SORT(.fini_array.*))
 *(.fini_array*)
 .fini_array    0x00000000080050a4        0x4 /usr/bin/../lib/gcc/arm-none-eabi/4.9.3/armv7-m/crtbegin.o
                0x00000000080050a8                PROVIDE (__fini_array_end, .)
                0x00000000080050a8                _sidata = LOADADDR (.data)

.data           0x0000000020000000      0x454 load address 0x00000000080050a8
                0x0000000020000000                . = ALIGN (0x4)
                0x0000000020000000                _sdata = .
 *(.data)
 .data          0x0000000020000000        0x0 /usr/bin/../lib/gcc/arm-none-eabi/4.9.3/armv7-m/crti.o
 .data          0x0000000020000000        0x4 /usr/bin/../lib/gcc/arm-none-eabi/4.9.3/armv7-m/crtbegin.o
                0x0000000020000000                __dso_handle
 .data          0x0000000020000004        0x0 /usr/bin/../lib/gcc/arm-none-eabi/4.9.3/../../../../arm-none-eabi/lib/armv7-m/crt0.o
 .data          0x0000000020000004        0x0 build/src/main.o
 .data          0x0000000020000004       0x20 build/src/system_stm32l1xx.o
                0x0000000020000004                SystemCoreClock
                0x0000000020000008                PLLMulTable
                0x0000000020000014                AHBPrescTable
 .data          0x0000000020000024        0x0 build/src/startup_stm32l1xx_xl.o
 .data          0x0000000020000024        0x0 build/src/battery.o
 .data          0x0000000020000024        0x0 build/src/bluetooth.o
 .data          0x0000000020000024        0x0 build/src/display.o
 .data          0x0000000020000024        0x0 build/src/picture.o
 .data          0x0000000020000024        0x0 build/src/icons.o
 .data          0x0000000020000024        0x0 build/src/sensors.o
 .data          0x0000000020000024        0x0 build/src/clock.o
 .data          0x0000000020000024        0x0 /usr/bin/../lib/gcc/arm-none-eabi/4.9.3/armv7-m/libgcc.a(_arm_addsubdf3.o)
 .data          0x0000000020000024        0x0 /usr/bin/../lib/gcc/arm-none-eabi/4.9.3/armv7-m/libgcc.a(_arm_muldivdf3.o)
 .data          0x0000000020000024        0x0 /usr/bin/../lib/gcc/arm-none-eabi/4.9.3/armv7-m/libgcc.a(_arm_cmpdf2.o)
 .data          0x0000000020000024        0x0 /usr/bin/../lib/gcc/arm-none-eabi/4.9.3/armv7-m/libgcc.a(_arm_fixunsdfsi.o)
 .data          0x0000000020000024        0x0 /usr/bin/../lib/gcc/arm-none-eabi/4.9.3/armv7-m/libgcc.a(_arm_truncdfsf2.o)
 .data          0x0000000020000024        0x0 /usr/bin/../lib/gcc/arm-none-eabi/4.9.3/armv7-m/libgcc.a(_arm_addsubsf3.o)
 .data          0x0000000020000024        0x0 /usr/bin/../lib/gcc/arm-none-eabi/4.9.3/armv7-m/libgcc.a(_arm_cmpsf2.o)
 .data          0x0000000020000024        0x0 /usr/bin/../lib/gcc/arm-none-eabi/4.9.3/../../../../arm-none-eabi/lib/armv7-m/libg.a(lib_a-exit.o)
 .data          0x0000000020000024        0x0 /usr/bin/../lib/gcc/arm-none-eabi/4.9.3/../../../../arm-none-eabi/lib/armv7-m/libg.a(lib_a-impure.o)
 .data          0x0000000020000024        0x0 /usr/bin/../lib/gcc/arm-none-eabi/4.9.3/../../../../arm-none-eabi/lib/armv7-m/libg.a(lib_a-init.o)
 .data          0x0000000020000024        0x0 /usr/bin/../lib/gcc/arm-none-eabi/4.9.3/../../../../arm-none-eabi/lib/armv7-m/libg.a(lib_a-memset.o)
 .data          0x0000000020000024        0x0 /usr/bin/../lib/gcc/arm-none-eabi/4.9.3/../../../../arm-none-eabi/lib/armv7-m/libg.a(lib_a-__call_atexit.o)
 .data          0x0000000020000024        0x0 /usr/bin/../lib/gcc/arm-none-eabi/4.9.3/../../../../arm-none-eabi/lib/armv7-m/libg.a(lib_a-atexit.o)
 .data          0x0000000020000024        0x0 /usr/bin/../lib/gcc/arm-none-eabi/4.9.3/../../../../arm-none-eabi/lib/armv7-m/libg.a(lib_a-fini.o)
 .data          0x0000000020000024        0x0 /usr/bin/../lib/gcc/arm-none-eabi/4.9.3/../../../../arm-none-eabi/lib/armv7-m/libg.a(lib_a-__atexit.o)
 .data          0x0000000020000024        0x0 /usr/bin/../lib/gcc/arm-none-eabi/4.9.3/../../../../arm-none-eabi/lib/armv7-m/libnosys.a(_exit.o)
 .data          0x0000000020000024        0x0 /usr/bin/../lib/gcc/arm-none-eabi/4.9.3/armv7-m/crtend.o
 .data          0x0000000020000024        0x0 /usr/bin/../lib/gcc/arm-none-eabi/4.9.3/armv7-m/crtn.o
 .data          0x0000000020000024        0x0 /usr/bin/../lib/gcc/arm-none-eabi/4.9.3/../../../../arm-none-eabi/lib/armv7-m/libm.a(lib_a-s_round.o)
 *(.data*)
 *fill*         0x0000000020000024        0x4 
 .data.impure_data
                0x0000000020000028      0x428 /usr/bin/../lib/gcc/arm-none-eabi/4.9.3/../../../../arm-none-eabi/lib/armv7-m/libg.a(lib_a-impure.o)
 .data._impure_ptr
                0x0000000020000450        0x4 /usr/bin/../lib/gcc/arm-none-eabi/4.9.3/../../../../arm-none-eabi/lib/armv7-m/libg.a(lib_a-impure.o)
                0x0000000020000450                _impure_ptr
 *(.RamFunc)
                0x0000000020000454                . = ALIGN (0x4)
                0x0000000020000454                _edata = .

.jcr            0x0000000020000454        0x4 load address 0x00000000080054fc
 .jcr           0x0000000020000454        0x0 /usr/bin/../lib/gcc/arm-none-eabi/4.9.3/armv7-m/crtbegin.o
 .jcr           0x0000000020000454        0x4 /usr/bin/../lib/gcc/arm-none-eabi/4.9.3/armv7-m/crtend.o

.igot.plt       0x0000000020000458        0x0 load address 0x0000000008005500
 .igot.plt      0x0000000000000000        0x0 /usr/bin/../lib/gcc/arm-none-eabi/4.9.3/armv7-m/crtbegin.o
                0x0000000020000458                . = ALIGN (0x4)

.bss            0x0000000020000458      0x830 load address 0x0000000008005500
                0x0000000020000458                _sbss = .
                0x0000000020000458                __bss_start__ = _sbss
 *(.bss)
 .bss           0x0000000020000458        0x0 /usr/bin/../lib/gcc/arm-none-eabi/4.9.3/armv7-m/crti.o
 .bss           0x0000000020000458       0x1c /usr/bin/../lib/gcc/arm-none-eabi/4.9.3/armv7-m/crtbegin.o
 .bss           0x0000000020000474        0x0 /usr/bin/../lib/gcc/arm-none-eabi/4.9.3/../../../../arm-none-eabi/lib/armv7-m/crt0.o
 .bss           0x0000000020000474        0x0 build/src/main.o
 .bss           0x0000000020000474        0x0 build/src/system_stm32l1xx.o
 .bss           0x0000000020000474        0x0 build/src/startup_stm32l1xx_xl.o
 .bss           0x0000000020000474        0x0 build/src/battery.o
 .bss           0x0000000020000474        0x0 build/src/bluetooth.o
 .bss           0x0000000020000474        0x0 build/src/display.o
 .bss           0x0000000020000474      0x800 build/src/picture.o
 .bss           0x0000000020000c74        0x0 build/src/icons.o
 .bss           0x0000000020000c74        0x0 build/src/sensors.o
 .bss           0x0000000020000c74        0x0 build/src/clock.o
 .bss           0x0000000020000c74        0x0 /usr/bin/../lib/gcc/arm-none-eabi/4.9.3/armv7-m/libgcc.a(_arm_addsubdf3.o)
 .bss           0x0000000020000c74        0x0 /usr/bin/../lib/gcc/arm-none-eabi/4.9.3/armv7-m/libgcc.a(_arm_muldivdf3.o)
 .bss           0x0000000020000c74        0x0 /usr/bin/../lib/gcc/arm-none-eabi/4.9.3/armv7-m/libgcc.a(_arm_cmpdf2.o)
 .bss           0x0000000020000c74        0x0 /usr/bin/../lib/gcc/arm-none-eabi/4.9.3/armv7-m/libgcc.a(_arm_fixunsdfsi.o)
 .bss           0x0000000020000c74        0x0 /usr/bin/../lib/gcc/arm-none-eabi/4.9.3/armv7-m/libgcc.a(_arm_truncdfsf2.o)
 .bss           0x0000000020000c74        0x0 /usr/bin/../lib/gcc/arm-none-eabi/4.9.3/armv7-m/libgcc.a(_arm_addsubsf3.o)
 .bss           0x0000000020000c74        0x0 /usr/bin/../lib/gcc/arm-none-eabi/4.9.3/armv7-m/libgcc.a(_arm_cmpsf2.o)
 .bss           0x0000000020000c74        0x0 /usr/bin/../lib/gcc/arm-none-eabi/4.9.3/../../../../arm-none-eabi/lib/armv7-m/libg.a(lib_a-exit.o)
 .bss           0x0000000020000c74        0x0 /usr/bin/../lib/gcc/arm-none-eabi/4.9.3/../../../../arm-none-eabi/lib/armv7-m/libg.a(lib_a-impure.o)
 .bss           0x0000000020000c74        0x0 /usr/bin/../lib/gcc/arm-none-eabi/4.9.3/../../../../arm-none-eabi/lib/armv7-m/libg.a(lib_a-init.o)
 .bss           0x0000000020000c74        0x0 /usr/bin/../lib/gcc/arm-none-eabi/4.9.3/../../../../arm-none-eabi/lib/armv7-m/libg.a(lib_a-memset.o)
 .bss           0x0000000020000c74        0x0 /usr/bin/../lib/gcc/arm-none-eabi/4.9.3/../../../../arm-none-eabi/lib/armv7-m/libg.a(lib_a-__call_atexit.o)
 .bss           0x0000000020000c74        0x0 /usr/bin/../lib/gcc/arm-none-eabi/4.9.3/../../../../arm-none-eabi/lib/armv7-m/libg.a(lib_a-atexit.o)
 .bss           0x0000000020000c74        0x0 /usr/bin/../lib/gcc/arm-none-eabi/4.9.3/../../../../arm-none-eabi/lib/armv7-m/libg.a(lib_a-fini.o)
 .bss           0x0000000020000c74        0x0 /usr/bin/../lib/gcc/arm-none-eabi/4.9.3/../../../../arm-none-eabi/lib/armv7-m/libg.a(lib_a-__atexit.o)
 .bss           0x0000000020000c74        0x0 /usr/bin/../lib/gcc/arm-none-eabi/4.9.3/../../../../arm-none-eabi/lib/armv7-m/libnosys.a(_exit.o)
 .bss           0x0000000020000c74        0x0 /usr/bin/../lib/gcc/arm-none-eabi/4.9.3/armv7-m/crtend.o
 .bss           0x0000000020000c74        0x0 /usr/bin/../lib/gcc/arm-none-eabi/4.9.3/armv7-m/crtn.o
 .bss           0x0000000020000c74        0x0 /usr/bin/../lib/gcc/arm-none-eabi/4.9.3/../../../../arm-none-eabi/lib/armv7-m/libm.a(lib_a-s_round.o)
 *(.bss*)
 *(COMMON)
 COMMON         0x0000000020000c74        0x1 build/src/battery.o
                0x0000000020000c74                batteryCapacity
 *fill*         0x0000000020000c75        0x3 
 COMMON         0x0000000020000c78        0xe build/src/clock.o
                0x0000000020000c78                tim
                0x0000000020000c80                time
                0x0000000020000c88                . = ALIGN (0x4)
 *fill*         0x0000000020000c86        0x2 
                0x0000000020000c88                _ebss = .
                0x0000000020000c88                __bss_end__ = _ebss

._user_heap_stack
                0x0000000020000c88      0x600 load address 0x0000000008005500
                0x0000000020000c88                . = ALIGN (0x4)
                0x0000000020000c88                PROVIDE (end, .)
                0x0000000020000c88                PROVIDE (_end, .)
                0x0000000020000e88                . = (. + _Min_Heap_Size)
 *fill*         0x0000000020000c88      0x200 
                0x0000000020001288                . = (. + _Min_Stack_Size)
 *fill*         0x0000000020000e88      0x400 
                0x0000000020001288                . = ALIGN (0x4)

.memory_b1_text
 *(.mb1text)
 *(.mb1text*)
 *(.mb1rodata)
 *(.mb1rodata*)

/DISCARD/
 libc.a(*)
 libm.a(*)
 libgcc.a(*)

.ARM.attributes
                0x0000000000000000       0x29
 *(.ARM.attributes)
 .ARM.attributes
                0x0000000000000000       0x1d /usr/bin/../lib/gcc/arm-none-eabi/4.9.3/armv7-m/crti.o
 .ARM.attributes
                0x000000000000001d       0x2d /usr/bin/../lib/gcc/arm-none-eabi/4.9.3/armv7-m/crtbegin.o
 .ARM.attributes
                0x000000000000004a       0x1b /usr/bin/../lib/gcc/arm-none-eabi/4.9.3/../../../../arm-none-eabi/lib/armv7-m/crt0.o
 .ARM.attributes
                0x0000000000000065       0x33 build/src/main.o
 .ARM.attributes
                0x0000000000000098       0x33 build/src/system_stm32l1xx.o
 .ARM.attributes
                0x00000000000000cb       0x21 build/src/startup_stm32l1xx_xl.o
 .ARM.attributes
                0x00000000000000ec       0x33 build/src/battery.o
 .ARM.attributes
                0x000000000000011f       0x33 build/src/bluetooth.o
 .ARM.attributes
                0x0000000000000152       0x33 build/src/display.o
 .ARM.attributes
                0x0000000000000185       0x33 build/src/picture.o
 .ARM.attributes
                0x00000000000001b8       0x33 build/src/icons.o
 .ARM.attributes
                0x00000000000001eb       0x33 build/src/sensors.o
 .ARM.attributes
                0x000000000000021e       0x33 build/src/clock.o
 .ARM.attributes
                0x0000000000000251       0x1d /usr/bin/../lib/gcc/arm-none-eabi/4.9.3/armv7-m/libgcc.a(_arm_addsubdf3.o)
 .ARM.attributes
                0x000000000000026e       0x1d /usr/bin/../lib/gcc/arm-none-eabi/4.9.3/armv7-m/libgcc.a(_arm_muldivdf3.o)
 .ARM.attributes
                0x000000000000028b       0x1d /usr/bin/../lib/gcc/arm-none-eabi/4.9.3/armv7-m/libgcc.a(_arm_cmpdf2.o)
 .ARM.attributes
                0x00000000000002a8       0x1d /usr/bin/../lib/gcc/arm-none-eabi/4.9.3/armv7-m/libgcc.a(_arm_fixunsdfsi.o)
 .ARM.attributes
                0x00000000000002c5       0x1d /usr/bin/../lib/gcc/arm-none-eabi/4.9.3/armv7-m/libgcc.a(_arm_truncdfsf2.o)
 .ARM.attributes
                0x00000000000002e2       0x1d /usr/bin/../lib/gcc/arm-none-eabi/4.9.3/armv7-m/libgcc.a(_arm_addsubsf3.o)
 .ARM.attributes
                0x00000000000002ff       0x1d /usr/bin/../lib/gcc/arm-none-eabi/4.9.3/armv7-m/libgcc.a(_arm_cmpsf2.o)
 .ARM.attributes
                0x000000000000031c       0x2d /usr/bin/../lib/gcc/arm-none-eabi/4.9.3/../../../../arm-none-eabi/lib/armv7-m/libg.a(lib_a-exit.o)
 .ARM.attributes
                0x0000000000000349       0x2d /usr/bin/../lib/gcc/arm-none-eabi/4.9.3/../../../../arm-none-eabi/lib/armv7-m/libg.a(lib_a-impure.o)
 .ARM.attributes
                0x0000000000000376       0x2d /usr/bin/../lib/gcc/arm-none-eabi/4.9.3/../../../../arm-none-eabi/lib/armv7-m/libg.a(lib_a-init.o)
 .ARM.attributes
                0x00000000000003a3       0x2d /usr/bin/../lib/gcc/arm-none-eabi/4.9.3/../../../../arm-none-eabi/lib/armv7-m/libg.a(lib_a-memset.o)
 .ARM.attributes
                0x00000000000003d0       0x2d /usr/bin/../lib/gcc/arm-none-eabi/4.9.3/../../../../arm-none-eabi/lib/armv7-m/libg.a(lib_a-__call_atexit.o)
 .ARM.attributes
                0x00000000000003fd       0x2d /usr/bin/../lib/gcc/arm-none-eabi/4.9.3/../../../../arm-none-eabi/lib/armv7-m/libg.a(lib_a-atexit.o)
 .ARM.attributes
                0x000000000000042a       0x2d /usr/bin/../lib/gcc/arm-none-eabi/4.9.3/../../../../arm-none-eabi/lib/armv7-m/libg.a(lib_a-fini.o)
 .ARM.attributes
                0x0000000000000457       0x2d /usr/bin/../lib/gcc/arm-none-eabi/4.9.3/../../../../arm-none-eabi/lib/armv7-m/libg.a(lib_a-__atexit.o)
 .ARM.attributes
                0x0000000000000484       0x2d /usr/bin/../lib/gcc/arm-none-eabi/4.9.3/../../../../arm-none-eabi/lib/armv7-m/libnosys.a(_exit.o)
 .ARM.attributes
                0x00000000000004b1       0x2d /usr/bin/../lib/gcc/arm-none-eabi/4.9.3/armv7-m/crtend.o
 .ARM.attributes
                0x00000000000004de       0x1d /usr/bin/../lib/gcc/arm-none-eabi/4.9.3/armv7-m/crtn.o
OUTPUT(build/main.elf elf32-littlearm)

.debug_info     0x0000000000000000     0x3a1e
 .debug_info    0x0000000000000000       0xc7 build/src/main.o
 .debug_info    0x00000000000000c7      0x54a build/src/system_stm32l1xx.o
 .debug_info    0x0000000000000611       0x7b build/src/startup_stm32l1xx_xl.o
 .debug_info    0x000000000000068c      0x795 build/src/battery.o
 .debug_info    0x0000000000000e21      0x764 build/src/bluetooth.o
 .debug_info    0x0000000000001585      0x6dd build/src/display.o
 .debug_info    0x0000000000001c62      0x6a6 build/src/picture.o
 .debug_info    0x0000000000002308      0xc58 build/src/icons.o
 .debug_info    0x0000000000002f60      0x4e2 build/src/sensors.o
 .debug_info    0x0000000000003442      0x5dc build/src/clock.o

.debug_abbrev   0x0000000000000000      0xbbb
 .debug_abbrev  0x0000000000000000       0x65 build/src/main.o
 .debug_abbrev  0x0000000000000065      0x147 build/src/system_stm32l1xx.o
 .debug_abbrev  0x00000000000001ac       0x12 build/src/startup_stm32l1xx_xl.o
 .debug_abbrev  0x00000000000001be      0x19d build/src/battery.o
 .debug_abbrev  0x000000000000035b      0x193 build/src/bluetooth.o
 .debug_abbrev  0x00000000000004ee      0x173 build/src/display.o
 .debug_abbrev  0x0000000000000661      0x19b build/src/picture.o
 .debug_abbrev  0x00000000000007fc       0xd2 build/src/icons.o
 .debug_abbrev  0x00000000000008ce      0x158 build/src/sensors.o
 .debug_abbrev  0x0000000000000a26      0x195 build/src/clock.o

.debug_aranges  0x0000000000000000      0x148
 .debug_aranges
                0x0000000000000000       0x20 build/src/main.o
 .debug_aranges
                0x0000000000000020       0x20 build/src/system_stm32l1xx.o
 .debug_aranges
                0x0000000000000040       0x28 build/src/startup_stm32l1xx_xl.o
 .debug_aranges
                0x0000000000000068       0x20 build/src/battery.o
 .debug_aranges
                0x0000000000000088       0x20 build/src/bluetooth.o
 .debug_aranges
                0x00000000000000a8       0x20 build/src/display.o
 .debug_aranges
                0x00000000000000c8       0x20 build/src/picture.o
 .debug_aranges
                0x00000000000000e8       0x20 build/src/icons.o
 .debug_aranges
                0x0000000000000108       0x20 build/src/sensors.o
 .debug_aranges
                0x0000000000000128       0x20 build/src/clock.o

.debug_line     0x0000000000000000      0xee7
 .debug_line    0x0000000000000000       0xcd build/src/main.o
 .debug_line    0x00000000000000cd      0x181 build/src/system_stm32l1xx.o
 .debug_line    0x000000000000024e       0x77 build/src/startup_stm32l1xx_xl.o
 .debug_line    0x00000000000002c5      0x13d build/src/battery.o
 .debug_line    0x0000000000000402      0x14a build/src/bluetooth.o
 .debug_line    0x000000000000054c      0x1cf build/src/display.o
 .debug_line    0x000000000000071b      0x305 build/src/picture.o
 .debug_line    0x0000000000000a20      0x18b build/src/icons.o
 .debug_line    0x0000000000000bab      0x1b5 build/src/sensors.o
 .debug_line    0x0000000000000d60      0x187 build/src/clock.o

.debug_str      0x0000000000000000     0x1606
 .debug_str     0x0000000000000000      0x14c build/src/main.o
                                        0x194 (size before relaxing)
 .debug_str     0x000000000000014c      0x1e3 build/src/system_stm32l1xx.o
                                        0x368 (size before relaxing)
 .debug_str     0x000000000000032f      0x501 build/src/battery.o
                                        0x733 (size before relaxing)
 .debug_str     0x0000000000000830       0xe2 build/src/bluetooth.o
                                        0x70c (size before relaxing)
 .debug_str     0x0000000000000912      0x1b2 build/src/display.o
                                        0x448 (size before relaxing)
 .debug_str     0x0000000000000ac4      0x20c build/src/picture.o
                                        0x3b5 (size before relaxing)
 .debug_str     0x0000000000000cd0      0x6bc build/src/icons.o
                                        0x852 (size before relaxing)
 .debug_str     0x000000000000138c       0xda build/src/sensors.o
                                        0x384 (size before relaxing)
 .debug_str     0x0000000000001466      0x1a0 build/src/clock.o
                                        0x3de (size before relaxing)

.comment        0x0000000000000000       0x70
 .comment       0x0000000000000000       0x70 build/src/main.o
                                         0x71 (size before relaxing)
 .comment       0x0000000000000000       0x71 build/src/system_stm32l1xx.o
 .comment       0x0000000000000000       0x71 build/src/battery.o
 .comment       0x0000000000000000       0x71 build/src/bluetooth.o
 .comment       0x0000000000000000       0x71 build/src/display.o
 .comment       0x0000000000000000       0x71 build/src/picture.o
 .comment       0x0000000000000000       0x71 build/src/icons.o
 .comment       0x0000000000000000       0x71 build/src/sensors.o
 .comment       0x0000000000000000       0x71 build/src/clock.o

.debug_frame    0x0000000000000000     0x1168
 .debug_frame   0x0000000000000000       0x2c build/src/main.o
 .debug_frame   0x000000000000002c       0x7c build/src/system_stm32l1xx.o
 .debug_frame   0x00000000000000a8       0xd8 build/src/battery.o
 .debug_frame   0x0000000000000180      0x128 build/src/bluetooth.o
 .debug_frame   0x00000000000002a8      0x184 build/src/display.o
 .debug_frame   0x000000000000042c      0x270 build/src/picture.o
 .debug_frame   0x000000000000069c      0x6f0 build/src/icons.o
 .debug_frame   0x0000000000000d8c      0x174 build/src/sensors.o
 .debug_frame   0x0000000000000f00       0xe8 build/src/clock.o
 .debug_frame   0x0000000000000fe8       0x28 /usr/bin/../lib/gcc/arm-none-eabi/4.9.3/../../../../arm-none-eabi/lib/armv7-m/libg.a(lib_a-exit.o)
 .debug_frame   0x0000000000001010       0x2c /usr/bin/../lib/gcc/arm-none-eabi/4.9.3/../../../../arm-none-eabi/lib/armv7-m/libg.a(lib_a-init.o)
 .debug_frame   0x000000000000103c       0x34 /usr/bin/../lib/gcc/arm-none-eabi/4.9.3/../../../../arm-none-eabi/lib/armv7-m/libg.a(lib_a-memset.o)
 .debug_frame   0x0000000000001070       0x50 /usr/bin/../lib/gcc/arm-none-eabi/4.9.3/../../../../arm-none-eabi/lib/armv7-m/libg.a(lib_a-__call_atexit.o)
 .debug_frame   0x00000000000010c0       0x20 /usr/bin/../lib/gcc/arm-none-eabi/4.9.3/../../../../arm-none-eabi/lib/armv7-m/libg.a(lib_a-atexit.o)
 .debug_frame   0x00000000000010e0       0x34 /usr/bin/../lib/gcc/arm-none-eabi/4.9.3/../../../../arm-none-eabi/lib/armv7-m/libg.a(lib_a-fini.o)
 .debug_frame   0x0000000000001114       0x34 /usr/bin/../lib/gcc/arm-none-eabi/4.9.3/../../../../arm-none-eabi/lib/armv7-m/libg.a(lib_a-__atexit.o)
 .debug_frame   0x0000000000001148       0x20 /usr/bin/../lib/gcc/arm-none-eabi/4.9.3/../../../../arm-none-eabi/lib/armv7-m/libnosys.a(_exit.o)

.debug_ranges   0x0000000000000000       0x20
 .debug_ranges  0x0000000000000000       0x20 build/src/startup_stm32l1xx_xl.o
