Archive member included because of file (symbol)

/usr/bin/../lib/gcc/arm-none-eabi/4.9.3/armv7-m/libgcc.a(_arm_addsubdf3.o)
                              build/src/bluetooth.o (__aeabi_dsub)
/usr/bin/../lib/gcc/arm-none-eabi/4.9.3/armv7-m/libgcc.a(_arm_muldivdf3.o)
                              build/src/battery.o (__aeabi_dmul)
/usr/bin/../lib/gcc/arm-none-eabi/4.9.3/armv7-m/libgcc.a(_arm_cmpdf2.o)
                              build/src/battery.o (__aeabi_dcmplt)
/usr/bin/../lib/gcc/arm-none-eabi/4.9.3/armv7-m/libgcc.a(_arm_fixunsdfsi.o)
                              build/src/battery.o (__aeabi_d2uiz)
/usr/bin/../lib/gcc/arm-none-eabi/4.9.3/armv7-m/libgcc.a(_arm_truncdfsf2.o)
                              build/src/battery.o (__aeabi_d2f)
/usr/bin/../lib/gcc/arm-none-eabi/4.9.3/armv7-m/libgcc.a(_arm_addsubsf3.o)
                              build/src/battery.o (__aeabi_i2f)
/usr/bin/../lib/gcc/arm-none-eabi/4.9.3/armv7-m/libgcc.a(_arm_cmpsf2.o)
                              build/src/battery.o (__aeabi_fcmpgt)
/usr/bin/../lib/gcc/arm-none-eabi/4.9.3/../../../../arm-none-eabi/lib/armv7-m/libg.a(lib_a-exit.o)
                              /usr/bin/../lib/gcc/arm-none-eabi/4.9.3/../../../../arm-none-eabi/lib/armv7-m/crt0.o (exit)
/usr/bin/../lib/gcc/arm-none-eabi/4.9.3/../../../../arm-none-eabi/lib/armv7-m/libg.a(lib_a-impure.o)
                              /usr/bin/../lib/gcc/arm-none-eabi/4.9.3/../../../../arm-none-eabi/lib/armv7-m/libg.a(lib_a-exit.o) (_global_impure_ptr)
/usr/bin/../lib/gcc/arm-none-eabi/4.9.3/../../../../arm-none-eabi/lib/armv7-m/libg.a(lib_a-init.o)
                              /usr/bin/../lib/gcc/arm-none-eabi/4.9.3/../../../../arm-none-eabi/lib/armv7-m/crt0.o (__libc_init_array)
/usr/bin/../lib/gcc/arm-none-eabi/4.9.3/../../../../arm-none-eabi/lib/armv7-m/libg.a(lib_a-memcpy.o)
                              build/FreeRTOS/Source/queue.o (memcpy)
/usr/bin/../lib/gcc/arm-none-eabi/4.9.3/../../../../arm-none-eabi/lib/armv7-m/libg.a(lib_a-memset.o)
                              /usr/bin/../lib/gcc/arm-none-eabi/4.9.3/../../../../arm-none-eabi/lib/armv7-m/crt0.o (memset)
/usr/bin/../lib/gcc/arm-none-eabi/4.9.3/../../../../arm-none-eabi/lib/armv7-m/libg.a(lib_a-strstr.o)
                              build/src/bluetooth.o (strstr)
/usr/bin/../lib/gcc/arm-none-eabi/4.9.3/../../../../arm-none-eabi/lib/armv7-m/libg.a(lib_a-__call_atexit.o)
                              /usr/bin/../lib/gcc/arm-none-eabi/4.9.3/../../../../arm-none-eabi/lib/armv7-m/libg.a(lib_a-exit.o) (__call_exitprocs)
/usr/bin/../lib/gcc/arm-none-eabi/4.9.3/../../../../arm-none-eabi/lib/armv7-m/libg.a(lib_a-atexit.o)
                              /usr/bin/../lib/gcc/arm-none-eabi/4.9.3/../../../../arm-none-eabi/lib/armv7-m/libg.a(lib_a-__call_atexit.o) (atexit)
/usr/bin/../lib/gcc/arm-none-eabi/4.9.3/../../../../arm-none-eabi/lib/armv7-m/libg.a(lib_a-fini.o)
                              /usr/bin/../lib/gcc/arm-none-eabi/4.9.3/../../../../arm-none-eabi/lib/armv7-m/libg.a(lib_a-__call_atexit.o) (__libc_fini_array)
/usr/bin/../lib/gcc/arm-none-eabi/4.9.3/../../../../arm-none-eabi/lib/armv7-m/libg.a(lib_a-memchr.o)
                              /usr/bin/../lib/gcc/arm-none-eabi/4.9.3/../../../../arm-none-eabi/lib/armv7-m/libg.a(lib_a-strstr.o) (memchr)
/usr/bin/../lib/gcc/arm-none-eabi/4.9.3/../../../../arm-none-eabi/lib/armv7-m/libg.a(lib_a-memcmp.o)
                              /usr/bin/../lib/gcc/arm-none-eabi/4.9.3/../../../../arm-none-eabi/lib/armv7-m/libg.a(lib_a-strstr.o) (memcmp)
/usr/bin/../lib/gcc/arm-none-eabi/4.9.3/../../../../arm-none-eabi/lib/armv7-m/libg.a(lib_a-strchr.o)
                              /usr/bin/../lib/gcc/arm-none-eabi/4.9.3/../../../../arm-none-eabi/lib/armv7-m/libg.a(lib_a-strstr.o) (strchr)
/usr/bin/../lib/gcc/arm-none-eabi/4.9.3/../../../../arm-none-eabi/lib/armv7-m/libg.a(lib_a-__atexit.o)
                              /usr/bin/../lib/gcc/arm-none-eabi/4.9.3/../../../../arm-none-eabi/lib/armv7-m/libg.a(lib_a-atexit.o) (__register_exitproc)
/usr/bin/../lib/gcc/arm-none-eabi/4.9.3/../../../../arm-none-eabi/lib/armv7-m/libnosys.a(_exit.o)
                              /usr/bin/../lib/gcc/arm-none-eabi/4.9.3/../../../../arm-none-eabi/lib/armv7-m/libg.a(lib_a-exit.o) (_exit)
/usr/bin/../lib/gcc/arm-none-eabi/4.9.3/../../../../arm-none-eabi/lib/armv7-m/libm.a(lib_a-s_round.o)
                              build/src/bluetooth.o (round)

Allocating common symbols
Common symbol       size              file

response            0x1e              build/src/bluetooth.o
batteryCapacity     0x1               build/src/battery.o
xQueueRegistry      0x50              build/FreeRTOS/Source/queue.o

Discarded input sections

 .debug_frame   0x0000000000000000       0x30 /usr/bin/../lib/gcc/arm-none-eabi/4.9.3/../../../../arm-none-eabi/lib/armv7-m/libm.a(lib_a-s_round.o)
 .ARM.attributes
                0x0000000000000000       0x2d /usr/bin/../lib/gcc/arm-none-eabi/4.9.3/../../../../arm-none-eabi/lib/armv7-m/libm.a(lib_a-s_round.o)

Memory Configuration

Name             Origin             Length             Attributes
FLASH            0x0000000008000000 0x0000000000080000 xr
RAM              0x0000000020000000 0x0000000000014000 xrw
MEMORY_B1        0x0000000060000000 0x0000000000000000 xr
*default*        0x0000000000000000 0xffffffffffffffff

Linker script and memory map

LOAD /usr/bin/../lib/gcc/arm-none-eabi/4.9.3/armv7-m/crti.o
LOAD /usr/bin/../lib/gcc/arm-none-eabi/4.9.3/armv7-m/crtbegin.o
LOAD /usr/bin/../lib/gcc/arm-none-eabi/4.9.3/../../../../arm-none-eabi/lib/armv7-m/crt0.o
LOAD build/src/main.o
LOAD build/src/system_stm32l1xx.o
LOAD build/src/startup_stm32l1xx_xl.o
LOAD build/src/battery.o
LOAD build/src/bluetooth.o
LOAD build/src/display.o
LOAD build/src/picture.o
LOAD build/src/icons.o
LOAD build/src/sensors.o
LOAD build/src/clock.o
LOAD build/src/button.o
LOAD build/FreeRTOS/Source/list.o
LOAD build/FreeRTOS/Source/queue.o
LOAD build/FreeRTOS/Source/tasks.o
LOAD build/FreeRTOS/Source/timers.o
LOAD build/FreeRTOS/Source/portable/GCC/ARM_CM3/port.o
LOAD build/FreeRTOS/Source/portable/MemMang/heap_1.o
LOAD build/../../Libraries/STM32L1xx_StdPeriph_Driver/src/stm32l1xx_tim.o
LOAD build/../../Libraries/STM32L1xx_StdPeriph_Driver/src/stm32l1xx_rcc.o
START GROUP
LOAD /usr/bin/../lib/gcc/arm-none-eabi/4.9.3/armv7-m/libgcc.a
LOAD /usr/bin/../lib/gcc/arm-none-eabi/4.9.3/../../../../arm-none-eabi/lib/armv7-m/libg.a
LOAD /usr/bin/../lib/gcc/arm-none-eabi/4.9.3/../../../../arm-none-eabi/lib/armv7-m/libc.a
END GROUP
START GROUP
LOAD /usr/bin/../lib/gcc/arm-none-eabi/4.9.3/armv7-m/libgcc.a
LOAD /usr/bin/../lib/gcc/arm-none-eabi/4.9.3/../../../../arm-none-eabi/lib/armv7-m/libc.a
LOAD /usr/bin/../lib/gcc/arm-none-eabi/4.9.3/../../../../arm-none-eabi/lib/armv7-m/libnosys.a
END GROUP
LOAD /usr/bin/../lib/gcc/arm-none-eabi/4.9.3/armv7-m/crtend.o
LOAD /usr/bin/../lib/gcc/arm-none-eabi/4.9.3/armv7-m/crtn.o
                0x0000000020014000                _estack = 0x20014000
                0x0000000000000200                _Min_Heap_Size = 0x200
                0x0000000000000400                _Min_Stack_Size = 0x400

.isr_vector     0x0000000008000000      0x13c
                0x0000000008000000                . = ALIGN (0x4)
 *(.isr_vector)
 .isr_vector    0x0000000008000000      0x13c build/src/startup_stm32l1xx_xl.o
                0x0000000008000000                g_pfnVectors
                0x000000000800013c                . = ALIGN (0x4)

.text           0x0000000008000140     0x91f0
                0x0000000008000140                . = ALIGN (0x4)
 *(.text)
 .text          0x0000000008000140        0x0 /usr/bin/../lib/gcc/arm-none-eabi/4.9.3/armv7-m/crti.o
 .text          0x0000000008000140       0x5c /usr/bin/../lib/gcc/arm-none-eabi/4.9.3/armv7-m/crtbegin.o
 .text          0x000000000800019c       0x74 /usr/bin/../lib/gcc/arm-none-eabi/4.9.3/../../../../arm-none-eabi/lib/armv7-m/crt0.o
                0x000000000800019c                _mainCRTStartup
                0x000000000800019c                _start
 .text          0x0000000008000210        0xc build/src/main.o
                0x0000000008000210                main
 .text          0x000000000800021c      0x2d8 build/src/system_stm32l1xx.o
                0x000000000800021c                SystemInit
                0x0000000008000280                SystemCoreClockUpdate
 .text          0x00000000080004f4       0x14 build/src/startup_stm32l1xx_xl.o
 .text          0x0000000008000508      0x1fc build/src/battery.o
                0x0000000008000508                battery_t
                0x00000000080006d4                ADC1_IRQHandler
 *fill*         0x0000000008000704        0x4 
 .text          0x0000000008000708      0x3f4 build/src/bluetooth.o
                0x0000000008000708                bluetooth_t
                0x0000000008000adc                USART1_IRQHandler
 .text          0x0000000008000afc      0x340 build/src/display.o
                0x0000000008000afc                display_t
 .text          0x0000000008000e3c     0x10d4 build/src/picture.o
                0x0000000008000e3c                getPicture
                0x0000000008000e64                addLogoFrame
                0x0000000008000ea4                addBatteryFrame
                0x0000000008000f70                addCallFrame
                0x0000000008000fb0                removeCallFrame
                0x0000000008000ff0                addSmsFrame
                0x0000000008001030                removeSmsFrame
                0x0000000008001070                addMailFrame
                0x00000000080010b0                removeMailFrame
                0x00000000080010f0                addHumidityFrame
                0x00000000080013e0                addTemperatureFrame
                0x00000000080016d0                addDateFrame
                0x0000000008001a44                addTimeFrame
 .text          0x0000000008001f10      0x9a0 build/src/icons.o
                0x0000000008001f10                getLogoIcon
                0x0000000008001f48                getBatteryIcon0
                0x0000000008001f80                getBatteryIcon25
                0x0000000008001fb8                getBatteryIcon50
                0x0000000008001ff0                getBatteryIcon75
                0x0000000008002028                getBatteryIcon100
                0x0000000008002060                getMissedCallIcon
                0x0000000008002098                getNewSmsIcon
                0x00000000080020d0                getNewMailIcon
                0x0000000008002108                removeNotificationIcon
                0x0000000008002140                getSmallZeroNumberIcon
                0x0000000008002178                getSmallOneNumberIcon
                0x00000000080021b0                getSmallTwoNumberIcon
                0x00000000080021e8                getSmallThreeNumberIcon
                0x0000000008002220                getSmallFourNumberIcon
                0x0000000008002258                getSmallFiveNumberIcon
                0x0000000008002290                getSmallSixNumberIcon
                0x00000000080022c8                getSmallSevenNumberIcon
                0x0000000008002300                getSmallEightNumberIcon
                0x0000000008002338                getSmallNineNumberIcon
                0x0000000008002370                getMediumZeroNumberIcon
                0x00000000080023a8                getSmallPercentIcon
                0x00000000080023e0                getMediumOneNumberIcon
                0x0000000008002418                getSmallCelsiusIcon
                0x0000000008002450                getMediumTwoNumberIcon
                0x0000000008002488                getMediumThreeNumberIcon
                0x00000000080024c0                getMediumFourNumberIcon
                0x00000000080024f8                getMediumFiveNumberIcon
                0x0000000008002530                getMediumSixNumberIcon
                0x0000000008002568                getMediumSevenNumberIcon
                0x00000000080025a0                getMediumEightNumberIcon
                0x00000000080025d8                getMediumNineNumberIcon
                0x0000000008002610                getMediumDotIcon
                0x0000000008002648                getBigZeroNumberIcon
                0x0000000008002680                getBigOneNumberIcon
                0x00000000080026b8                getBigTwoNumberIcon
                0x00000000080026f0                getBigThreeNumberIcon
                0x0000000008002728                getBigFourNumberIcon
                0x0000000008002760                getBigFiveNumberIcon
                0x0000000008002798                getBigSixNumberIcon
                0x00000000080027d0                getBigSevenNumberIcon
                0x0000000008002808                getBigEightNumberIcon
                0x0000000008002840                getBigNineNumberIcon
                0x0000000008002878                getBigColonIcon
 .text          0x00000000080028b0      0x2cc build/src/sensors.o
                0x00000000080028b0                sensors_t
 .text          0x0000000008002b7c      0x3fc build/src/clock.o
                0x0000000008002b7c                clock_t
                0x0000000008002f4c                RTC_Alarm_IRQHandler
 .text          0x0000000008002f78      0x1d4 build/src/button.o
                0x0000000008002f78                button_t
                0x00000000080030b0                EXTI3_IRQHandler
                0x00000000080030d0                TIM2_IRQHandler
 .text          0x000000000800314c      0x164 build/FreeRTOS/Source/list.o
                0x000000000800314c                vListInitialise
                0x000000000800318c                vListInitialiseItem
                0x00000000080031a4                vListInsertEnd
                0x00000000080031ec                vListInsert
                0x000000000800325c                uxListRemove
 .text          0x00000000080032b0      0x928 build/FreeRTOS/Source/queue.o
                0x00000000080032b0                xQueueGenericReset
                0x0000000008003354                xQueueGenericCreate
                0x00000000080033cc                xQueueGenericSend
                0x00000000080034f0                xQueueGenericSendFromISR
                0x0000000008003578                xQueueGiveFromISR
                0x00000000080035f8                xQueueGenericReceive
                0x000000000800373c                xQueueReceiveFromISR
                0x00000000080037c0                xQueuePeekFromISR
                0x000000000800380c                uxQueueMessagesWaiting
                0x000000000800382c                uxQueueSpacesAvailable
                0x0000000008003858                uxQueueMessagesWaitingFromISR
                0x0000000008003874                vQueueDelete
                0x0000000008003a64                xQueueIsQueueEmptyFromISR
                0x0000000008003abc                xQueueIsQueueFullFromISR
                0x0000000008003ae8                vQueueAddToRegistry
                0x0000000008003b38                vQueueUnregisterQueue
                0x0000000008003b7c                vQueueWaitForMessageRestricted
 .text          0x0000000008003bd8     0x163c build/FreeRTOS/Source/tasks.o
                0x0000000008003bd8                xTaskGenericCreate
                0x0000000008003d10                vTaskDelete
                0x0000000008003dac                vTaskDelayUntil
                0x0000000008003e44                vTaskDelay
                0x0000000008003e94                uxTaskPriorityGet
                0x0000000008003ec8                uxTaskPriorityGetFromISR
                0x0000000008003f00                vTaskPrioritySet
                0x0000000008004004                vTaskSuspend
                0x0000000008004104                vTaskResume
                0x0000000008004194                xTaskResumeFromISR
                0x000000000800423c                vTaskStartScheduler
                0x00000000080042a8                vTaskEndScheduler
                0x00000000080042c0                vTaskSuspendAll
                0x00000000080042dc                xTaskResumeAll
                0x00000000080043d8                xTaskGetTickCount
                0x00000000080043f8                xTaskGetTickCountFromISR
                0x000000000800441c                uxTaskGetNumberOfTasks
                0x0000000008004434                xTaskIncrementTick
                0x0000000008004574                vTaskSwitchContext
                0x000000000800460c                vTaskPlaceOnEventList
                0x000000000800466c                vTaskPlaceOnUnorderedEventList
                0x00000000080046d8                vTaskPlaceOnEventListRestricted
                0x0000000008004738                xTaskRemoveFromEventList
                0x00000000080047e4                xTaskRemoveFromUnorderedEventList
                0x0000000008004878                vTaskSetTimeOutState
                0x00000000080048a4                xTaskCheckForTimeOut
                0x000000000800492c                vTaskMissedYield
                0x0000000008004a1c                vTaskSetThreadLocalStoragePointer
                0x0000000008004a5c                pvTaskGetThreadLocalStoragePointer
                0x0000000008004cc4                xTaskGetCurrentTaskHandle
                0x0000000008004ce4                xTaskGetSchedulerState
                0x0000000008004d20                uxTaskResetEventItemValue
                0x0000000008004d50                ulTaskNotifyTake
                0x0000000008004e04                xTaskNotifyWait
                0x0000000008004edc                xTaskGenericNotify
                0x0000000008004fdc                xTaskGenericNotifyFromISR
                0x0000000008005104                vTaskNotifyGiveFromISR
                0x00000000080051c4                xTaskNotifyStateClear
 .text          0x0000000008005214      0x5f0 build/FreeRTOS/Source/timers.o
                0x0000000008005214                xTimerCreateTimerTask
                0x0000000008005260                xTimerCreate
                0x00000000080052c0                xTimerGenericCommand
                0x000000000800534c                pcTimerGetTimerName
                0x000000000800578c                xTimerIsTimerActive
                0x00000000080057bc                pvTimerGetTimerID
                0x00000000080057e0                vTimerSetTimerID
 .text          0x0000000008005804      0x1f8 build/FreeRTOS/Source/portable/GCC/ARM_CM3/port.o
                0x0000000008005804                pxPortInitialiseStack
                0x0000000008005868                vPortSVCHandler
                0x00000000080058a8                xPortStartScheduler
                0x00000000080058dc                vPortEndScheduler
                0x00000000080058e8                vPortYield
                0x0000000008005908                vPortEnterCritical
                0x0000000008005928                vPortExitCritical
                0x000000000800594c                ulPortSetInterruptMask
                0x0000000008005960                vPortClearInterruptMask
                0x0000000008005968                xPortPendSVHandler
                0x00000000080059ac                xPortSysTickHandler
                0x00000000080059d4                vPortSetupTimerInterrupt
 .text          0x00000000080059fc       0xd4 build/FreeRTOS/Source/portable/MemMang/heap_1.o
                0x00000000080059fc                pvPortMalloc
                0x0000000008005a88                vPortFree
                0x0000000008005a9c                vPortInitialiseBlocks
                0x0000000008005ab4                xPortGetFreeHeapSize
 .text          0x0000000008005ad0     0x1734 build/../../Libraries/STM32L1xx_StdPeriph_Driver/src/stm32l1xx_tim.o
                0x0000000008005ad0                TIM_DeInit
                0x0000000008005be8                TIM_TimeBaseInit
                0x0000000008005c8c                TIM_TimeBaseStructInit
                0x0000000008005cb8                TIM_PrescalerConfig
                0x0000000008005ce0                TIM_CounterModeConfig
                0x0000000008005d18                TIM_SetCounter
                0x0000000008005d34                TIM_SetAutoreload
                0x0000000008005d50                TIM_GetCounter
                0x0000000008005d68                TIM_GetPrescaler
                0x0000000008005d84                TIM_UpdateDisableConfig
                0x0000000008005dc4                TIM_UpdateRequestConfig
                0x0000000008005e04                TIM_ARRPreloadConfig
                0x0000000008005e44                TIM_SelectOnePulseMode
                0x0000000008005e7c                TIM_SetClockDivision
                0x0000000008005eb4                TIM_Cmd
                0x0000000008005ef4                TIM_OC1Init
                0x0000000008005f78                TIM_OC2Init
                0x0000000008006000                TIM_OC3Init
                0x0000000008006084                TIM_OC4Init
                0x000000000800610c                TIM_OCStructInit
                0x0000000008006138                TIM_SelectOCxM
                0x00000000080061e4                TIM_SetCompare1
                0x0000000008006200                TIM_SetCompare2
                0x000000000800621c                TIM_SetCompare3
                0x0000000008006238                TIM_SetCompare4
                0x0000000008006254                TIM_ForcedOC1Config
                0x000000000800628c                TIM_ForcedOC2Config
                0x00000000080062c8                TIM_ForcedOC3Config
                0x0000000008006300                TIM_ForcedOC4Config
                0x000000000800633c                TIM_OC1PreloadConfig
                0x0000000008006374                TIM_OC2PreloadConfig
                0x00000000080063b0                TIM_OC3PreloadConfig
                0x00000000080063e8                TIM_OC4PreloadConfig
                0x0000000008006424                TIM_OC1FastConfig
                0x000000000800645c                TIM_OC2FastConfig
                0x0000000008006498                TIM_OC3FastConfig
                0x00000000080064d0                TIM_OC4FastConfig
                0x000000000800650c                TIM_ClearOC1Ref
                0x0000000008006544                TIM_ClearOC2Ref
                0x0000000008006580                TIM_ClearOC3Ref
                0x00000000080065b8                TIM_ClearOC4Ref
                0x00000000080065f4                TIM_OC1PolarityConfig
                0x000000000800662c                TIM_OC2PolarityConfig
                0x0000000008006668                TIM_OC3PolarityConfig
                0x00000000080066a4                TIM_OC4PolarityConfig
                0x00000000080066e0                TIM_SelectOCREFClear
                0x0000000008006718                TIM_CCxCmd
                0x000000000800676c                TIM_ICInit
                0x0000000008006814                TIM_ICStructInit
                0x0000000008006844                TIM_PWMIConfig
                0x00000000080068fc                TIM_GetCapture1
                0x0000000008006914                TIM_GetCapture2
                0x000000000800692c                TIM_GetCapture3
                0x0000000008006944                TIM_GetCapture4
                0x000000000800695c                TIM_SetIC1Prescaler
                0x0000000008006994                TIM_SetIC2Prescaler
                0x00000000080069d0                TIM_SetIC3Prescaler
                0x0000000008006a08                TIM_SetIC4Prescaler
                0x0000000008006a44                TIM_ITConfig
                0x0000000008006a8c                TIM_GenerateEvent
                0x0000000008006aa8                TIM_GetFlagStatus
                0x0000000008006ae0                TIM_ClearFlag
                0x0000000008006b00                TIM_GetITStatus
                0x0000000008006b54                TIM_ClearITPendingBit
                0x0000000008006b74                TIM_DMAConfig
                0x0000000008006b9c                TIM_DMACmd
                0x0000000008006be4                TIM_SelectCCDMA
                0x0000000008006c24                TIM_InternalClockConfig
                0x0000000008006c48                TIM_ITRxExternalClockConfig
                0x0000000008006c74                TIM_TIxExternalClockConfig
                0x0000000008006cd4                TIM_ETRClockMode1Config
                0x0000000008006d30                TIM_ETRClockMode2Config
                0x0000000008006d6c                TIM_SelectInputTrigger
                0x0000000008006da4                TIM_SelectOutputTrigger
                0x0000000008006ddc                TIM_SelectSlaveMode
                0x0000000008006e14                TIM_SelectMasterSlaveMode
                0x0000000008006e4c                TIM_ETRConfig
                0x0000000008006ea0                TIM_EncoderInterfaceConfig
                0x0000000008006f38                TIM_SelectHallSensor
                0x0000000008006f78                TIM_RemapConfig
 .text          0x0000000008007204      0x944 build/../../Libraries/STM32L1xx_StdPeriph_Driver/src/stm32l1xx_rcc.o
                0x0000000008007204                RCC_DeInit
                0x0000000008007260                RCC_HSEConfig
                0x0000000008007284                RCC_WaitForHSEStartUp
                0x00000000080072d4                RCC_AdjustMSICalibrationValue
                0x00000000080072f4                RCC_MSIRangeConfig
                0x000000000800732c                RCC_MSICmd
                0x000000000800734c                RCC_AdjustHSICalibrationValue
                0x0000000008007388                RCC_HSICmd
                0x00000000080073a8                RCC_LSEConfig
                0x00000000080073cc                RCC_LSICmd
                0x00000000080073ec                RCC_PLLConfig
                0x0000000008007420                RCC_PLLCmd
                0x0000000008007440                RCC_ClockSecuritySystemCmd
                0x0000000008007460                RCC_LSEClockSecuritySystemCmd
                0x0000000008007480                RCC_MCOConfig
                0x00000000080074ac                RCC_SYSCLKConfig
                0x00000000080074e4                RCC_GetSYSCLKSource
                0x0000000008007504                RCC_HCLKConfig
                0x000000000800753c                RCC_PCLK1Config
                0x0000000008007574                RCC_PCLK2Config
                0x00000000080075ac                RCC_GetClocksFreq
                0x0000000008007760                RCC_RTCCLKConfig
                0x00000000080077c4                RCC_RTCCLKCmd
                0x00000000080077e4                RCC_RTCResetCmd
                0x0000000008007804                RCC_AHBPeriphClockCmd
                0x0000000008007840                RCC_APB2PeriphClockCmd
                0x000000000800787c                RCC_APB1PeriphClockCmd
                0x00000000080078b8                RCC_AHBPeriphResetCmd
                0x00000000080078f4                RCC_APB2PeriphResetCmd
                0x0000000008007930                RCC_APB1PeriphResetCmd
                0x000000000800796c                RCC_AHBPeriphClockLPModeCmd
                0x00000000080079a8                RCC_APB2PeriphClockLPModeCmd
                0x00000000080079e4                RCC_APB1PeriphClockLPModeCmd
                0x0000000008007a20                RCC_ITConfig
                0x0000000008007a6c                RCC_GetFlagStatus
                0x0000000008007ad4                RCC_ClearFlag
                0x0000000008007af0                RCC_GetITStatus
                0x0000000008007b28                RCC_ClearITPendingBit
 .text          0x0000000008007b48      0x370 /usr/bin/../lib/gcc/arm-none-eabi/4.9.3/armv7-m/libgcc.a(_arm_addsubdf3.o)
                0x0000000008007b48                __aeabi_drsub
                0x0000000008007b50                __aeabi_dsub
                0x0000000008007b50                __subdf3
                0x0000000008007b54                __adddf3
                0x0000000008007b54                __aeabi_dadd
                0x0000000008007dcc                __aeabi_ui2d
                0x0000000008007dcc                __floatunsidf
                0x0000000008007dec                __floatsidf
                0x0000000008007dec                __aeabi_i2d
                0x0000000008007e10                __extendsfdf2
                0x0000000008007e10                __aeabi_f2d
                0x0000000008007e4c                __aeabi_ul2d
                0x0000000008007e4c                __floatundidf
                0x0000000008007e5c                __floatdidf
                0x0000000008007e5c                __aeabi_l2d
 .text          0x0000000008007eb8      0x424 /usr/bin/../lib/gcc/arm-none-eabi/4.9.3/armv7-m/libgcc.a(_arm_muldivdf3.o)
                0x0000000008007eb8                __aeabi_dmul
                0x0000000008007eb8                __muldf3
                0x000000000800810c                __aeabi_ddiv
                0x000000000800810c                __divdf3
 .text          0x00000000080082dc      0x110 /usr/bin/../lib/gcc/arm-none-eabi/4.9.3/armv7-m/libgcc.a(_arm_cmpdf2.o)
                0x00000000080082dc                __gtdf2
                0x00000000080082dc                __gedf2
                0x00000000080082e4                __ltdf2
                0x00000000080082e4                __ledf2
                0x00000000080082ec                __cmpdf2
                0x00000000080082ec                __eqdf2
                0x00000000080082ec                __nedf2
                0x0000000008008368                __aeabi_cdrcmple
                0x0000000008008378                __aeabi_cdcmple
                0x0000000008008378                __aeabi_cdcmpeq
                0x0000000008008388                __aeabi_dcmpeq
                0x000000000800839c                __aeabi_dcmplt
                0x00000000080083b0                __aeabi_dcmple
                0x00000000080083c4                __aeabi_dcmpge
                0x00000000080083d8                __aeabi_dcmpgt
 .text          0x00000000080083ec       0x40 /usr/bin/../lib/gcc/arm-none-eabi/4.9.3/armv7-m/libgcc.a(_arm_fixunsdfsi.o)
                0x00000000080083ec                __fixunsdfsi
                0x00000000080083ec                __aeabi_d2uiz
 .text          0x000000000800842c       0xa0 /usr/bin/../lib/gcc/arm-none-eabi/4.9.3/armv7-m/libgcc.a(_arm_truncdfsf2.o)
                0x000000000800842c                __aeabi_d2f
                0x000000000800842c                __truncdfsf2
 .text          0x00000000080084cc      0x21c /usr/bin/../lib/gcc/arm-none-eabi/4.9.3/armv7-m/libgcc.a(_arm_addsubsf3.o)
                0x00000000080084cc                __aeabi_frsub
                0x00000000080084d4                __subsf3
                0x00000000080084d4                __aeabi_fsub
                0x00000000080084d8                __aeabi_fadd
                0x00000000080084d8                __addsf3
                0x0000000008008638                __aeabi_ui2f
                0x0000000008008638                __floatunsisf
                0x0000000008008640                __aeabi_i2f
                0x0000000008008640                __floatsisf
                0x000000000800865c                __floatundisf
                0x000000000800865c                __aeabi_ul2f
                0x000000000800866c                __floatdisf
                0x000000000800866c                __aeabi_l2f
 .text          0x00000000080086e8       0xec /usr/bin/../lib/gcc/arm-none-eabi/4.9.3/armv7-m/libgcc.a(_arm_cmpsf2.o)
                0x00000000080086e8                __gtsf2
                0x00000000080086e8                __gesf2
                0x00000000080086f0                __lesf2
                0x00000000080086f0                __ltsf2
                0x00000000080086f8                __nesf2
                0x00000000080086f8                __eqsf2
                0x00000000080086f8                __cmpsf2
                0x0000000008008758                __aeabi_cfrcmple
                0x0000000008008760                __aeabi_cfcmple
                0x0000000008008760                __aeabi_cfcmpeq
                0x0000000008008770                __aeabi_fcmpeq
                0x0000000008008784                __aeabi_fcmplt
                0x0000000008008798                __aeabi_fcmple
                0x00000000080087ac                __aeabi_fcmpge
                0x00000000080087c0                __aeabi_fcmpgt
 .text          0x00000000080087d4        0x0 /usr/bin/../lib/gcc/arm-none-eabi/4.9.3/../../../../arm-none-eabi/lib/armv7-m/libg.a(lib_a-exit.o)
 .text          0x00000000080087d4        0x0 /usr/bin/../lib/gcc/arm-none-eabi/4.9.3/../../../../arm-none-eabi/lib/armv7-m/libg.a(lib_a-impure.o)
 .text          0x00000000080087d4        0x0 /usr/bin/../lib/gcc/arm-none-eabi/4.9.3/../../../../arm-none-eabi/lib/armv7-m/libg.a(lib_a-init.o)
 .text          0x00000000080087d4       0xec /usr/bin/../lib/gcc/arm-none-eabi/4.9.3/../../../../arm-none-eabi/lib/armv7-m/libg.a(lib_a-memcpy.o)
                0x00000000080087d4                memcpy
 .text          0x00000000080088c0        0x0 /usr/bin/../lib/gcc/arm-none-eabi/4.9.3/../../../../arm-none-eabi/lib/armv7-m/libg.a(lib_a-memset.o)
 .text          0x00000000080088c0        0x0 /usr/bin/../lib/gcc/arm-none-eabi/4.9.3/../../../../arm-none-eabi/lib/armv7-m/libg.a(lib_a-strstr.o)
 .text          0x00000000080088c0        0x0 /usr/bin/../lib/gcc/arm-none-eabi/4.9.3/../../../../arm-none-eabi/lib/armv7-m/libg.a(lib_a-__call_atexit.o)
 .text          0x00000000080088c0        0x0 /usr/bin/../lib/gcc/arm-none-eabi/4.9.3/../../../../arm-none-eabi/lib/armv7-m/libg.a(lib_a-atexit.o)
 .text          0x00000000080088c0        0x0 /usr/bin/../lib/gcc/arm-none-eabi/4.9.3/../../../../arm-none-eabi/lib/armv7-m/libg.a(lib_a-fini.o)
 .text          0x00000000080088c0        0x0 /usr/bin/../lib/gcc/arm-none-eabi/4.9.3/../../../../arm-none-eabi/lib/armv7-m/libg.a(lib_a-memchr.o)
 .text          0x00000000080088c0        0x0 /usr/bin/../lib/gcc/arm-none-eabi/4.9.3/../../../../arm-none-eabi/lib/armv7-m/libg.a(lib_a-memcmp.o)
 .text          0x00000000080088c0        0x0 /usr/bin/../lib/gcc/arm-none-eabi/4.9.3/../../../../arm-none-eabi/lib/armv7-m/libg.a(lib_a-strchr.o)
 .text          0x00000000080088c0        0x0 /usr/bin/../lib/gcc/arm-none-eabi/4.9.3/../../../../arm-none-eabi/lib/armv7-m/libg.a(lib_a-__atexit.o)
 .text          0x00000000080088c0        0x0 /usr/bin/../lib/gcc/arm-none-eabi/4.9.3/../../../../arm-none-eabi/lib/armv7-m/libnosys.a(_exit.o)
 .text          0x00000000080088c0        0x0 /usr/bin/../lib/gcc/arm-none-eabi/4.9.3/armv7-m/crtend.o
 .text          0x00000000080088c0        0x0 /usr/bin/../lib/gcc/arm-none-eabi/4.9.3/armv7-m/crtn.o
 .text          0x00000000080088c0        0x0 /usr/bin/../lib/gcc/arm-none-eabi/4.9.3/../../../../arm-none-eabi/lib/armv7-m/libm.a(lib_a-s_round.o)
 *(.text*)
 .text.Reset_Handler
                0x00000000080088c0       0x48 build/src/startup_stm32l1xx_xl.o
                0x00000000080088c0                Reset_Handler
 .text.Default_Handler
                0x0000000008008908        0x2 build/src/startup_stm32l1xx_xl.o
                0x0000000008008908                EXTI2_IRQHandler
                0x0000000008008908                COMP_ACQ_IRQHandler
                0x0000000008008908                DebugMon_Handler
                0x0000000008008908                HardFault_Handler
                0x0000000008008908                TIM10_IRQHandler
                0x0000000008008908                USB_HP_IRQHandler
                0x0000000008008908                TIM6_IRQHandler
                0x0000000008008908                SysTick_Handler
                0x0000000008008908                PVD_IRQHandler
                0x0000000008008908                PendSV_Handler
                0x0000000008008908                NMI_Handler
                0x0000000008008908                EXTI0_IRQHandler
                0x0000000008008908                I2C2_EV_IRQHandler
                0x0000000008008908                UsageFault_Handler
                0x0000000008008908                SPI1_IRQHandler
                0x0000000008008908                USB_FS_WKUP_IRQHandler
                0x0000000008008908                DMA2_Channel2_IRQHandler
                0x0000000008008908                DMA1_Channel4_IRQHandler
                0x0000000008008908                USART3_IRQHandler
                0x0000000008008908                DMA1_Channel7_IRQHandler
                0x0000000008008908                LCD_IRQHandler
                0x0000000008008908                UART5_IRQHandler
                0x0000000008008908                TIM4_IRQHandler
                0x0000000008008908                DMA2_Channel1_IRQHandler
                0x0000000008008908                I2C1_EV_IRQHandler
                0x0000000008008908                DMA1_Channel6_IRQHandler
                0x0000000008008908                UART4_IRQHandler
                0x0000000008008908                DMA2_Channel4_IRQHandler
                0x0000000008008908                TIM3_IRQHandler
                0x0000000008008908                RCC_IRQHandler
                0x0000000008008908                DMA1_Channel1_IRQHandler
                0x0000000008008908                Default_Handler
                0x0000000008008908                EXTI15_10_IRQHandler
                0x0000000008008908                TIM7_IRQHandler
                0x0000000008008908                TIM5_IRQHandler
                0x0000000008008908                EXTI9_5_IRQHandler
                0x0000000008008908                TIM9_IRQHandler
                0x0000000008008908                TAMPER_STAMP_IRQHandler
                0x0000000008008908                RTC_WKUP_IRQHandler
                0x0000000008008908                SPI2_IRQHandler
                0x0000000008008908                MemManage_Handler
                0x0000000008008908                SVC_Handler
                0x0000000008008908                DMA2_Channel5_IRQHandler
                0x0000000008008908                DMA1_Channel5_IRQHandler
                0x0000000008008908                USB_LP_IRQHandler
                0x0000000008008908                EXTI4_IRQHandler
                0x0000000008008908                DMA1_Channel3_IRQHandler
                0x0000000008008908                COMP_IRQHandler
                0x0000000008008908                WWDG_IRQHandler
                0x0000000008008908                DAC_IRQHandler
                0x0000000008008908                EXTI1_IRQHandler
                0x0000000008008908                AES_IRQHandler
                0x0000000008008908                TIM11_IRQHandler
                0x0000000008008908                USART2_IRQHandler
                0x0000000008008908                I2C2_ER_IRQHandler
                0x0000000008008908                DMA1_Channel2_IRQHandler
                0x0000000008008908                FLASH_IRQHandler
                0x0000000008008908                BusFault_Handler
                0x0000000008008908                SPI3_IRQHandler
                0x0000000008008908                I2C1_ER_IRQHandler
                0x0000000008008908                DMA2_Channel3_IRQHandler
 *fill*         0x000000000800890a        0x2 
 .text.exit     0x000000000800890c       0x20 /usr/bin/../lib/gcc/arm-none-eabi/4.9.3/../../../../arm-none-eabi/lib/armv7-m/libg.a(lib_a-exit.o)
                0x000000000800890c                exit
 .text.__libc_init_array
                0x000000000800892c       0x50 /usr/bin/../lib/gcc/arm-none-eabi/4.9.3/../../../../arm-none-eabi/lib/armv7-m/libg.a(lib_a-init.o)
                0x000000000800892c                __libc_init_array
 .text.memset   0x000000000800897c       0x9c /usr/bin/../lib/gcc/arm-none-eabi/4.9.3/../../../../arm-none-eabi/lib/armv7-m/libg.a(lib_a-memset.o)
                0x000000000800897c                memset
 .text.critical_factorization
                0x0000000008008a18       0xb8 /usr/bin/../lib/gcc/arm-none-eabi/4.9.3/../../../../arm-none-eabi/lib/armv7-m/libg.a(lib_a-strstr.o)
 .text.two_way_long_needle
                0x0000000008008ad0      0x1f8 /usr/bin/../lib/gcc/arm-none-eabi/4.9.3/../../../../arm-none-eabi/lib/armv7-m/libg.a(lib_a-strstr.o)
 .text.strstr   0x0000000008008cc8      0x220 /usr/bin/../lib/gcc/arm-none-eabi/4.9.3/../../../../arm-none-eabi/lib/armv7-m/libg.a(lib_a-strstr.o)
                0x0000000008008cc8                strstr
 .text.startup.register_fini
                0x0000000008008ee8       0x14 /usr/bin/../lib/gcc/arm-none-eabi/4.9.3/../../../../arm-none-eabi/lib/armv7-m/libg.a(lib_a-__call_atexit.o)
 .text.__call_exitprocs
                0x0000000008008efc       0xd4 /usr/bin/../lib/gcc/arm-none-eabi/4.9.3/../../../../arm-none-eabi/lib/armv7-m/libg.a(lib_a-__call_atexit.o)
                0x0000000008008efc                __call_exitprocs
 .text.atexit   0x0000000008008fd0        0xc /usr/bin/../lib/gcc/arm-none-eabi/4.9.3/../../../../arm-none-eabi/lib/armv7-m/libg.a(lib_a-atexit.o)
                0x0000000008008fd0                atexit
 .text.__libc_fini_array
                0x0000000008008fdc       0x2c /usr/bin/../lib/gcc/arm-none-eabi/4.9.3/../../../../arm-none-eabi/lib/armv7-m/libg.a(lib_a-fini.o)
                0x0000000008008fdc                __libc_fini_array
 .text.memchr   0x0000000008009008       0x94 /usr/bin/../lib/gcc/arm-none-eabi/4.9.3/../../../../arm-none-eabi/lib/armv7-m/libg.a(lib_a-memchr.o)
                0x0000000008009008                memchr
 .text.memcmp   0x000000000800909c       0x64 /usr/bin/../lib/gcc/arm-none-eabi/4.9.3/../../../../arm-none-eabi/lib/armv7-m/libg.a(lib_a-memcmp.o)
                0x000000000800909c                memcmp
 .text.strchr   0x0000000008009100       0xcc /usr/bin/../lib/gcc/arm-none-eabi/4.9.3/../../../../arm-none-eabi/lib/armv7-m/libg.a(lib_a-strchr.o)
                0x0000000008009100                strchr
 .text.__register_exitproc
                0x00000000080091cc       0xa4 /usr/bin/../lib/gcc/arm-none-eabi/4.9.3/../../../../arm-none-eabi/lib/armv7-m/libg.a(lib_a-__atexit.o)
                0x00000000080091cc                __register_exitproc
 .text._exit    0x0000000008009270        0x4 /usr/bin/../lib/gcc/arm-none-eabi/4.9.3/../../../../arm-none-eabi/lib/armv7-m/libnosys.a(_exit.o)
                0x0000000008009270                _exit
 .text.round    0x0000000008009274       0xa0 /usr/bin/../lib/gcc/arm-none-eabi/4.9.3/../../../../arm-none-eabi/lib/armv7-m/libm.a(lib_a-s_round.o)
                0x0000000008009274                round
 *(.glue_7)
 .glue_7        0x0000000000000000        0x0 linker stubs
 *(.glue_7t)
 .glue_7t       0x0000000000000000        0x0 linker stubs
 *(.eh_frame)
 .eh_frame      0x0000000008009314        0x0 /usr/bin/../lib/gcc/arm-none-eabi/4.9.3/armv7-m/crtbegin.o
 .eh_frame      0x0000000008009314        0x4 /usr/bin/../lib/gcc/arm-none-eabi/4.9.3/armv7-m/crtend.o
 *(.init)
 .init          0x0000000008009318        0x4 /usr/bin/../lib/gcc/arm-none-eabi/4.9.3/armv7-m/crti.o
                0x0000000008009318                _init
 .init          0x000000000800931c        0x8 /usr/bin/../lib/gcc/arm-none-eabi/4.9.3/armv7-m/crtn.o
 *(.fini)
 .fini          0x0000000008009324        0x4 /usr/bin/../lib/gcc/arm-none-eabi/4.9.3/armv7-m/crti.o
                0x0000000008009324                _fini
 .fini          0x0000000008009328        0x8 /usr/bin/../lib/gcc/arm-none-eabi/4.9.3/armv7-m/crtn.o
                0x0000000008009330                . = ALIGN (0x4)
                0x0000000008009330                _etext = .

.vfp11_veneer   0x0000000008009330        0x0
 .vfp11_veneer  0x0000000000000000        0x0 linker stubs

.v4_bx          0x0000000008009330        0x0
 .v4_bx         0x0000000000000000        0x0 linker stubs

.iplt           0x0000000008009330        0x0
 .iplt          0x0000000000000000        0x0 /usr/bin/../lib/gcc/arm-none-eabi/4.9.3/armv7-m/crtbegin.o

.rodata         0x0000000008009330     0x118c
                0x0000000008009330                . = ALIGN (0x4)
 *(.rodata)
 .rodata        0x0000000008009330       0x5d build/src/bluetooth.o
 *fill*         0x000000000800938d        0x3 
 .rodata        0x0000000008009390     0x110c build/src/icons.o
 .rodata        0x000000000800a49c        0x5 build/FreeRTOS/Source/tasks.o
 *fill*         0x000000000800a4a1        0x3 
 .rodata        0x000000000800a4a4        0xd build/FreeRTOS/Source/timers.o
 *(.rodata*)
 *fill*         0x000000000800a4b1        0x3 
 .rodata.str1.4
                0x000000000800a4b4        0x4 /usr/bin/../lib/gcc/arm-none-eabi/4.9.3/../../../../arm-none-eabi/lib/armv7-m/libg.a(lib_a-impure.o)
                                          0x2 (size before relaxing)
 .rodata._global_impure_ptr
                0x000000000800a4b8        0x4 /usr/bin/../lib/gcc/arm-none-eabi/4.9.3/../../../../arm-none-eabi/lib/armv7-m/libg.a(lib_a-impure.o)
                0x000000000800a4b8                _global_impure_ptr
                0x000000000800a4bc                . = ALIGN (0x4)

.ARM.extab      0x000000000800a4bc        0x0
 *(.ARM.extab* .gnu.linkonce.armextab.*)
 .ARM.extab     0x000000000800a4bc        0x0 /usr/bin/../lib/gcc/arm-none-eabi/4.9.3/../../../../arm-none-eabi/lib/armv7-m/crt0.o

.ARM            0x000000000800a4bc        0x8
                0x000000000800a4bc                __exidx_start = .
 *(.ARM.exidx*)
 .ARM.exidx     0x000000000800a4bc        0x8 /usr/bin/../lib/gcc/arm-none-eabi/4.9.3/../../../../arm-none-eabi/lib/armv7-m/crt0.o
                0x000000000800a4c4                __exidx_end = .

.rel.dyn        0x000000000800a4c4        0x0
 .rel.iplt      0x0000000000000000        0x0 /usr/bin/../lib/gcc/arm-none-eabi/4.9.3/armv7-m/crtbegin.o

.preinit_array  0x000000000800a4c4        0x0
                0x000000000800a4c4                PROVIDE (__preinit_array_start, .)
 *(.preinit_array*)
                0x000000000800a4c4                PROVIDE (__preinit_array_end, .)

.init_array     0x000000000800a4c4        0x8
                0x000000000800a4c4                PROVIDE (__init_array_start, .)
 *(SORT(.init_array.*))
 .init_array.00000
                0x000000000800a4c4        0x4 /usr/bin/../lib/gcc/arm-none-eabi/4.9.3/../../../../arm-none-eabi/lib/armv7-m/libg.a(lib_a-__call_atexit.o)
 *(.init_array*)
 .init_array    0x000000000800a4c8        0x4 /usr/bin/../lib/gcc/arm-none-eabi/4.9.3/armv7-m/crtbegin.o
                0x000000000800a4cc                PROVIDE (__init_array_end, .)

.fini_array     0x000000000800a4cc        0x4
                0x000000000800a4cc                PROVIDE (__fini_array_start, .)
 *(SORT(.fini_array.*))
 *(.fini_array*)
 .fini_array    0x000000000800a4cc        0x4 /usr/bin/../lib/gcc/arm-none-eabi/4.9.3/armv7-m/crtbegin.o
                0x000000000800a4d0                PROVIDE (__fini_array_end, .)
                0x000000000800a4d0                _sidata = LOADADDR (.data)

.data           0x0000000020000000      0x474 load address 0x000000000800a4d0
                0x0000000020000000                . = ALIGN (0x4)
                0x0000000020000000                _sdata = .
 *(.data)
 .data          0x0000000020000000        0x0 /usr/bin/../lib/gcc/arm-none-eabi/4.9.3/armv7-m/crti.o
 .data          0x0000000020000000        0x4 /usr/bin/../lib/gcc/arm-none-eabi/4.9.3/armv7-m/crtbegin.o
                0x0000000020000000                __dso_handle
 .data          0x0000000020000004        0x0 /usr/bin/../lib/gcc/arm-none-eabi/4.9.3/../../../../arm-none-eabi/lib/armv7-m/crt0.o
 .data          0x0000000020000004        0x0 build/src/main.o
 .data          0x0000000020000004       0x20 build/src/system_stm32l1xx.o
                0x0000000020000004                SystemCoreClock
                0x0000000020000008                PLLMulTable
                0x0000000020000014                AHBPrescTable
 .data          0x0000000020000024        0x0 build/src/startup_stm32l1xx_xl.o
 .data          0x0000000020000024        0x0 build/src/battery.o
 .data          0x0000000020000024        0x0 build/src/bluetooth.o
 .data          0x0000000020000024        0x0 build/src/display.o
 .data          0x0000000020000024        0x0 build/src/picture.o
 .data          0x0000000020000024        0x0 build/src/icons.o
 .data          0x0000000020000024        0x0 build/src/sensors.o
 .data          0x0000000020000024        0x0 build/src/clock.o
 .data          0x0000000020000024        0x0 build/src/button.o
 .data          0x0000000020000024        0x0 build/FreeRTOS/Source/list.o
 .data          0x0000000020000024        0x0 build/FreeRTOS/Source/queue.o
 .data          0x0000000020000024        0x0 build/FreeRTOS/Source/tasks.o
 .data          0x0000000020000024        0x0 build/FreeRTOS/Source/timers.o
 .data          0x0000000020000024        0x4 build/FreeRTOS/Source/portable/GCC/ARM_CM3/port.o
 .data          0x0000000020000028        0x0 build/FreeRTOS/Source/portable/MemMang/heap_1.o
 .data          0x0000000020000028        0x0 build/../../Libraries/STM32L1xx_StdPeriph_Driver/src/stm32l1xx_tim.o
 .data          0x0000000020000028       0x1c build/../../Libraries/STM32L1xx_StdPeriph_Driver/src/stm32l1xx_rcc.o
 .data          0x0000000020000044        0x0 /usr/bin/../lib/gcc/arm-none-eabi/4.9.3/armv7-m/libgcc.a(_arm_addsubdf3.o)
 .data          0x0000000020000044        0x0 /usr/bin/../lib/gcc/arm-none-eabi/4.9.3/armv7-m/libgcc.a(_arm_muldivdf3.o)
 .data          0x0000000020000044        0x0 /usr/bin/../lib/gcc/arm-none-eabi/4.9.3/armv7-m/libgcc.a(_arm_cmpdf2.o)
 .data          0x0000000020000044        0x0 /usr/bin/../lib/gcc/arm-none-eabi/4.9.3/armv7-m/libgcc.a(_arm_fixunsdfsi.o)
 .data          0x0000000020000044        0x0 /usr/bin/../lib/gcc/arm-none-eabi/4.9.3/armv7-m/libgcc.a(_arm_truncdfsf2.o)
 .data          0x0000000020000044        0x0 /usr/bin/../lib/gcc/arm-none-eabi/4.9.3/armv7-m/libgcc.a(_arm_addsubsf3.o)
 .data          0x0000000020000044        0x0 /usr/bin/../lib/gcc/arm-none-eabi/4.9.3/armv7-m/libgcc.a(_arm_cmpsf2.o)
 .data          0x0000000020000044        0x0 /usr/bin/../lib/gcc/arm-none-eabi/4.9.3/../../../../arm-none-eabi/lib/armv7-m/libg.a(lib_a-exit.o)
 .data          0x0000000020000044        0x0 /usr/bin/../lib/gcc/arm-none-eabi/4.9.3/../../../../arm-none-eabi/lib/armv7-m/libg.a(lib_a-impure.o)
 .data          0x0000000020000044        0x0 /usr/bin/../lib/gcc/arm-none-eabi/4.9.3/../../../../arm-none-eabi/lib/armv7-m/libg.a(lib_a-init.o)
 .data          0x0000000020000044        0x0 /usr/bin/../lib/gcc/arm-none-eabi/4.9.3/../../../../arm-none-eabi/lib/armv7-m/libg.a(lib_a-memcpy.o)
 .data          0x0000000020000044        0x0 /usr/bin/../lib/gcc/arm-none-eabi/4.9.3/../../../../arm-none-eabi/lib/armv7-m/libg.a(lib_a-memset.o)
 .data          0x0000000020000044        0x0 /usr/bin/../lib/gcc/arm-none-eabi/4.9.3/../../../../arm-none-eabi/lib/armv7-m/libg.a(lib_a-strstr.o)
 .data          0x0000000020000044        0x0 /usr/bin/../lib/gcc/arm-none-eabi/4.9.3/../../../../arm-none-eabi/lib/armv7-m/libg.a(lib_a-__call_atexit.o)
 .data          0x0000000020000044        0x0 /usr/bin/../lib/gcc/arm-none-eabi/4.9.3/../../../../arm-none-eabi/lib/armv7-m/libg.a(lib_a-atexit.o)
 .data          0x0000000020000044        0x0 /usr/bin/../lib/gcc/arm-none-eabi/4.9.3/../../../../arm-none-eabi/lib/armv7-m/libg.a(lib_a-fini.o)
 .data          0x0000000020000044        0x0 /usr/bin/../lib/gcc/arm-none-eabi/4.9.3/../../../../arm-none-eabi/lib/armv7-m/libg.a(lib_a-memchr.o)
 .data          0x0000000020000044        0x0 /usr/bin/../lib/gcc/arm-none-eabi/4.9.3/../../../../arm-none-eabi/lib/armv7-m/libg.a(lib_a-memcmp.o)
 .data          0x0000000020000044        0x0 /usr/bin/../lib/gcc/arm-none-eabi/4.9.3/../../../../arm-none-eabi/lib/armv7-m/libg.a(lib_a-strchr.o)
 .data          0x0000000020000044        0x0 /usr/bin/../lib/gcc/arm-none-eabi/4.9.3/../../../../arm-none-eabi/lib/armv7-m/libg.a(lib_a-__atexit.o)
 .data          0x0000000020000044        0x0 /usr/bin/../lib/gcc/arm-none-eabi/4.9.3/../../../../arm-none-eabi/lib/armv7-m/libnosys.a(_exit.o)
 .data          0x0000000020000044        0x0 /usr/bin/../lib/gcc/arm-none-eabi/4.9.3/armv7-m/crtend.o
 .data          0x0000000020000044        0x0 /usr/bin/../lib/gcc/arm-none-eabi/4.9.3/armv7-m/crtn.o
 .data          0x0000000020000044        0x0 /usr/bin/../lib/gcc/arm-none-eabi/4.9.3/../../../../arm-none-eabi/lib/armv7-m/libm.a(lib_a-s_round.o)
 *(.data*)
 *fill*         0x0000000020000044        0x4 
 .data.impure_data
                0x0000000020000048      0x428 /usr/bin/../lib/gcc/arm-none-eabi/4.9.3/../../../../arm-none-eabi/lib/armv7-m/libg.a(lib_a-impure.o)
 .data._impure_ptr
                0x0000000020000470        0x4 /usr/bin/../lib/gcc/arm-none-eabi/4.9.3/../../../../arm-none-eabi/lib/armv7-m/libg.a(lib_a-impure.o)
                0x0000000020000470                _impure_ptr
 *(.RamFunc)
                0x0000000020000474                . = ALIGN (0x4)
                0x0000000020000474                _edata = .

.jcr            0x0000000020000474        0x4 load address 0x000000000800a944
 .jcr           0x0000000020000474        0x0 /usr/bin/../lib/gcc/arm-none-eabi/4.9.3/armv7-m/crtbegin.o
 .jcr           0x0000000020000474        0x4 /usr/bin/../lib/gcc/arm-none-eabi/4.9.3/armv7-m/crtend.o

.igot.plt       0x0000000020000478        0x0 load address 0x000000000800a948
 .igot.plt      0x0000000000000000        0x0 /usr/bin/../lib/gcc/arm-none-eabi/4.9.3/armv7-m/crtbegin.o
                0x0000000020000478                . = ALIGN (0x4)

.bss            0x0000000020000478     0x31d4 load address 0x000000000800a948
                0x0000000020000478                _sbss = .
                0x0000000020000478                __bss_start__ = _sbss
 *(.bss)
 .bss           0x0000000020000478        0x0 /usr/bin/../lib/gcc/arm-none-eabi/4.9.3/armv7-m/crti.o
 .bss           0x0000000020000478       0x1c /usr/bin/../lib/gcc/arm-none-eabi/4.9.3/armv7-m/crtbegin.o
 .bss           0x0000000020000494        0x0 /usr/bin/../lib/gcc/arm-none-eabi/4.9.3/../../../../arm-none-eabi/lib/armv7-m/crt0.o
 .bss           0x0000000020000494        0x0 build/src/main.o
 .bss           0x0000000020000494        0x0 build/src/system_stm32l1xx.o
 .bss           0x0000000020000494        0x0 build/src/startup_stm32l1xx_xl.o
 .bss           0x0000000020000494        0x0 build/src/battery.o
 .bss           0x0000000020000494        0x0 build/src/bluetooth.o
 .bss           0x0000000020000494        0x0 build/src/display.o
 .bss           0x0000000020000494      0x800 build/src/picture.o
 .bss           0x0000000020000c94        0x0 build/src/icons.o
 .bss           0x0000000020000c94        0x0 build/src/sensors.o
 .bss           0x0000000020000c94        0x0 build/src/clock.o
 .bss           0x0000000020000c94        0x4 build/src/button.o
 .bss           0x0000000020000c98        0x0 build/FreeRTOS/Source/list.o
 .bss           0x0000000020000c98        0x0 build/FreeRTOS/Source/queue.o
 .bss           0x0000000020000c98      0x100 build/FreeRTOS/Source/tasks.o
                0x0000000020000c98                pxCurrentTCB
 .bss           0x0000000020000d98       0x38 build/FreeRTOS/Source/timers.o
 .bss           0x0000000020000dd0        0x0 build/FreeRTOS/Source/portable/GCC/ARM_CM3/port.o
 .bss           0x0000000020000dd0     0x2808 build/FreeRTOS/Source/portable/MemMang/heap_1.o
 .bss           0x00000000200035d8        0x0 build/../../Libraries/STM32L1xx_StdPeriph_Driver/src/stm32l1xx_tim.o
 .bss           0x00000000200035d8        0x0 build/../../Libraries/STM32L1xx_StdPeriph_Driver/src/stm32l1xx_rcc.o
 .bss           0x00000000200035d8        0x0 /usr/bin/../lib/gcc/arm-none-eabi/4.9.3/armv7-m/libgcc.a(_arm_addsubdf3.o)
 .bss           0x00000000200035d8        0x0 /usr/bin/../lib/gcc/arm-none-eabi/4.9.3/armv7-m/libgcc.a(_arm_muldivdf3.o)
 .bss           0x00000000200035d8        0x0 /usr/bin/../lib/gcc/arm-none-eabi/4.9.3/armv7-m/libgcc.a(_arm_cmpdf2.o)
 .bss           0x00000000200035d8        0x0 /usr/bin/../lib/gcc/arm-none-eabi/4.9.3/armv7-m/libgcc.a(_arm_fixunsdfsi.o)
 .bss           0x00000000200035d8        0x0 /usr/bin/../lib/gcc/arm-none-eabi/4.9.3/armv7-m/libgcc.a(_arm_truncdfsf2.o)
 .bss           0x00000000200035d8        0x0 /usr/bin/../lib/gcc/arm-none-eabi/4.9.3/armv7-m/libgcc.a(_arm_addsubsf3.o)
 .bss           0x00000000200035d8        0x0 /usr/bin/../lib/gcc/arm-none-eabi/4.9.3/armv7-m/libgcc.a(_arm_cmpsf2.o)
 .bss           0x00000000200035d8        0x0 /usr/bin/../lib/gcc/arm-none-eabi/4.9.3/../../../../arm-none-eabi/lib/armv7-m/libg.a(lib_a-exit.o)
 .bss           0x00000000200035d8        0x0 /usr/bin/../lib/gcc/arm-none-eabi/4.9.3/../../../../arm-none-eabi/lib/armv7-m/libg.a(lib_a-impure.o)
 .bss           0x00000000200035d8        0x0 /usr/bin/../lib/gcc/arm-none-eabi/4.9.3/../../../../arm-none-eabi/lib/armv7-m/libg.a(lib_a-init.o)
 .bss           0x00000000200035d8        0x0 /usr/bin/../lib/gcc/arm-none-eabi/4.9.3/../../../../arm-none-eabi/lib/armv7-m/libg.a(lib_a-memcpy.o)
 .bss           0x00000000200035d8        0x0 /usr/bin/../lib/gcc/arm-none-eabi/4.9.3/../../../../arm-none-eabi/lib/armv7-m/libg.a(lib_a-memset.o)
 .bss           0x00000000200035d8        0x0 /usr/bin/../lib/gcc/arm-none-eabi/4.9.3/../../../../arm-none-eabi/lib/armv7-m/libg.a(lib_a-strstr.o)
 .bss           0x00000000200035d8        0x0 /usr/bin/../lib/gcc/arm-none-eabi/4.9.3/../../../../arm-none-eabi/lib/armv7-m/libg.a(lib_a-__call_atexit.o)
 .bss           0x00000000200035d8        0x0 /usr/bin/../lib/gcc/arm-none-eabi/4.9.3/../../../../arm-none-eabi/lib/armv7-m/libg.a(lib_a-atexit.o)
 .bss           0x00000000200035d8        0x0 /usr/bin/../lib/gcc/arm-none-eabi/4.9.3/../../../../arm-none-eabi/lib/armv7-m/libg.a(lib_a-fini.o)
 .bss           0x00000000200035d8        0x0 /usr/bin/../lib/gcc/arm-none-eabi/4.9.3/../../../../arm-none-eabi/lib/armv7-m/libg.a(lib_a-memchr.o)
 .bss           0x00000000200035d8        0x0 /usr/bin/../lib/gcc/arm-none-eabi/4.9.3/../../../../arm-none-eabi/lib/armv7-m/libg.a(lib_a-memcmp.o)
 .bss           0x00000000200035d8        0x0 /usr/bin/../lib/gcc/arm-none-eabi/4.9.3/../../../../arm-none-eabi/lib/armv7-m/libg.a(lib_a-strchr.o)
 .bss           0x00000000200035d8        0x0 /usr/bin/../lib/gcc/arm-none-eabi/4.9.3/../../../../arm-none-eabi/lib/armv7-m/libg.a(lib_a-__atexit.o)
 .bss           0x00000000200035d8        0x0 /usr/bin/../lib/gcc/arm-none-eabi/4.9.3/../../../../arm-none-eabi/lib/armv7-m/libnosys.a(_exit.o)
 .bss           0x00000000200035d8        0x0 /usr/bin/../lib/gcc/arm-none-eabi/4.9.3/armv7-m/crtend.o
 .bss           0x00000000200035d8        0x0 /usr/bin/../lib/gcc/arm-none-eabi/4.9.3/armv7-m/crtn.o
 .bss           0x00000000200035d8        0x0 /usr/bin/../lib/gcc/arm-none-eabi/4.9.3/../../../../arm-none-eabi/lib/armv7-m/libm.a(lib_a-s_round.o)
 *(.bss*)
 *(COMMON)
 COMMON         0x00000000200035d8        0x1 build/src/battery.o
                0x00000000200035d8                batteryCapacity
 *fill*         0x00000000200035d9        0x3 
 COMMON         0x00000000200035dc       0x1e build/src/bluetooth.o
                0x00000000200035dc                response
 *fill*         0x00000000200035fa        0x2 
 COMMON         0x00000000200035fc       0x50 build/FreeRTOS/Source/queue.o
                0x00000000200035fc                xQueueRegistry
                0x000000002000364c                . = ALIGN (0x4)
                0x000000002000364c                _ebss = .
                0x000000002000364c                __bss_end__ = _ebss

._user_heap_stack
                0x000000002000364c      0x600 load address 0x000000000800a948
                0x000000002000364c                . = ALIGN (0x4)
                0x000000002000364c                PROVIDE (end, .)
                0x000000002000364c                PROVIDE (_end, .)
                0x000000002000384c                . = (. + _Min_Heap_Size)
 *fill*         0x000000002000364c      0x200 
                0x0000000020003c4c                . = (. + _Min_Stack_Size)
 *fill*         0x000000002000384c      0x400 
                0x0000000020003c4c                . = ALIGN (0x4)

.memory_b1_text
 *(.mb1text)
 *(.mb1text*)
 *(.mb1rodata)
 *(.mb1rodata*)

/DISCARD/
 libc.a(*)
 libm.a(*)
 libgcc.a(*)

.ARM.attributes
                0x0000000000000000       0x29
 *(.ARM.attributes)
 .ARM.attributes
                0x0000000000000000       0x1d /usr/bin/../lib/gcc/arm-none-eabi/4.9.3/armv7-m/crti.o
 .ARM.attributes
                0x000000000000001d       0x2d /usr/bin/../lib/gcc/arm-none-eabi/4.9.3/armv7-m/crtbegin.o
 .ARM.attributes
                0x000000000000004a       0x1b /usr/bin/../lib/gcc/arm-none-eabi/4.9.3/../../../../arm-none-eabi/lib/armv7-m/crt0.o
 .ARM.attributes
                0x0000000000000065       0x33 build/src/main.o
 .ARM.attributes
                0x0000000000000098       0x33 build/src/system_stm32l1xx.o
 .ARM.attributes
                0x00000000000000cb       0x21 build/src/startup_stm32l1xx_xl.o
 .ARM.attributes
                0x00000000000000ec       0x33 build/src/battery.o
 .ARM.attributes
                0x000000000000011f       0x33 build/src/bluetooth.o
 .ARM.attributes
                0x0000000000000152       0x33 build/src/display.o
 .ARM.attributes
                0x0000000000000185       0x33 build/src/picture.o
 .ARM.attributes
                0x00000000000001b8       0x33 build/src/icons.o
 .ARM.attributes
                0x00000000000001eb       0x33 build/src/sensors.o
 .ARM.attributes
                0x000000000000021e       0x33 build/src/clock.o
 .ARM.attributes
                0x0000000000000251       0x33 build/src/button.o
 .ARM.attributes
                0x0000000000000284       0x33 build/FreeRTOS/Source/list.o
 .ARM.attributes
                0x00000000000002b7       0x33 build/FreeRTOS/Source/queue.o
 .ARM.attributes
                0x00000000000002ea       0x33 build/FreeRTOS/Source/tasks.o
 .ARM.attributes
                0x000000000000031d       0x33 build/FreeRTOS/Source/timers.o
 .ARM.attributes
                0x0000000000000350       0x33 build/FreeRTOS/Source/portable/GCC/ARM_CM3/port.o
 .ARM.attributes
                0x0000000000000383       0x33 build/FreeRTOS/Source/portable/MemMang/heap_1.o
 .ARM.attributes
                0x00000000000003b6       0x33 build/../../Libraries/STM32L1xx_StdPeriph_Driver/src/stm32l1xx_tim.o
 .ARM.attributes
                0x00000000000003e9       0x33 build/../../Libraries/STM32L1xx_StdPeriph_Driver/src/stm32l1xx_rcc.o
 .ARM.attributes
                0x000000000000041c       0x1d /usr/bin/../lib/gcc/arm-none-eabi/4.9.3/armv7-m/libgcc.a(_arm_addsubdf3.o)
 .ARM.attributes
                0x0000000000000439       0x1d /usr/bin/../lib/gcc/arm-none-eabi/4.9.3/armv7-m/libgcc.a(_arm_muldivdf3.o)
 .ARM.attributes
                0x0000000000000456       0x1d /usr/bin/../lib/gcc/arm-none-eabi/4.9.3/armv7-m/libgcc.a(_arm_cmpdf2.o)
 .ARM.attributes
                0x0000000000000473       0x1d /usr/bin/../lib/gcc/arm-none-eabi/4.9.3/armv7-m/libgcc.a(_arm_fixunsdfsi.o)
 .ARM.attributes
                0x0000000000000490       0x1d /usr/bin/../lib/gcc/arm-none-eabi/4.9.3/armv7-m/libgcc.a(_arm_truncdfsf2.o)
 .ARM.attributes
                0x00000000000004ad       0x1d /usr/bin/../lib/gcc/arm-none-eabi/4.9.3/armv7-m/libgcc.a(_arm_addsubsf3.o)
 .ARM.attributes
                0x00000000000004ca       0x1d /usr/bin/../lib/gcc/arm-none-eabi/4.9.3/armv7-m/libgcc.a(_arm_cmpsf2.o)
 .ARM.attributes
                0x00000000000004e7       0x2d /usr/bin/../lib/gcc/arm-none-eabi/4.9.3/../../../../arm-none-eabi/lib/armv7-m/libg.a(lib_a-exit.o)
 .ARM.attributes
                0x0000000000000514       0x2d /usr/bin/../lib/gcc/arm-none-eabi/4.9.3/../../../../arm-none-eabi/lib/armv7-m/libg.a(lib_a-impure.o)
 .ARM.attributes
                0x0000000000000541       0x2d /usr/bin/../lib/gcc/arm-none-eabi/4.9.3/../../../../arm-none-eabi/lib/armv7-m/libg.a(lib_a-init.o)
 .ARM.attributes
                0x000000000000056e       0x1b /usr/bin/../lib/gcc/arm-none-eabi/4.9.3/../../../../arm-none-eabi/lib/armv7-m/libg.a(lib_a-memcpy.o)
 .ARM.attributes
                0x0000000000000589       0x2d /usr/bin/../lib/gcc/arm-none-eabi/4.9.3/../../../../arm-none-eabi/lib/armv7-m/libg.a(lib_a-memset.o)
 .ARM.attributes
                0x00000000000005b6       0x2d /usr/bin/../lib/gcc/arm-none-eabi/4.9.3/../../../../arm-none-eabi/lib/armv7-m/libg.a(lib_a-strstr.o)
 .ARM.attributes
                0x00000000000005e3       0x2d /usr/bin/../lib/gcc/arm-none-eabi/4.9.3/../../../../arm-none-eabi/lib/armv7-m/libg.a(lib_a-__call_atexit.o)
 .ARM.attributes
                0x0000000000000610       0x2d /usr/bin/../lib/gcc/arm-none-eabi/4.9.3/../../../../arm-none-eabi/lib/armv7-m/libg.a(lib_a-atexit.o)
 .ARM.attributes
                0x000000000000063d       0x2d /usr/bin/../lib/gcc/arm-none-eabi/4.9.3/../../../../arm-none-eabi/lib/armv7-m/libg.a(lib_a-fini.o)
 .ARM.attributes
                0x000000000000066a       0x2d /usr/bin/../lib/gcc/arm-none-eabi/4.9.3/../../../../arm-none-eabi/lib/armv7-m/libg.a(lib_a-memchr.o)
 .ARM.attributes
                0x0000000000000697       0x2d /usr/bin/../lib/gcc/arm-none-eabi/4.9.3/../../../../arm-none-eabi/lib/armv7-m/libg.a(lib_a-memcmp.o)
 .ARM.attributes
                0x00000000000006c4       0x2d /usr/bin/../lib/gcc/arm-none-eabi/4.9.3/../../../../arm-none-eabi/lib/armv7-m/libg.a(lib_a-strchr.o)
 .ARM.attributes
                0x00000000000006f1       0x2d /usr/bin/../lib/gcc/arm-none-eabi/4.9.3/../../../../arm-none-eabi/lib/armv7-m/libg.a(lib_a-__atexit.o)
 .ARM.attributes
                0x000000000000071e       0x2d /usr/bin/../lib/gcc/arm-none-eabi/4.9.3/../../../../arm-none-eabi/lib/armv7-m/libnosys.a(_exit.o)
 .ARM.attributes
                0x000000000000074b       0x2d /usr/bin/../lib/gcc/arm-none-eabi/4.9.3/armv7-m/crtend.o
 .ARM.attributes
                0x0000000000000778       0x1d /usr/bin/../lib/gcc/arm-none-eabi/4.9.3/armv7-m/crtn.o
OUTPUT(build/main.elf elf32-littlearm)

.debug_info     0x0000000000000000     0x95bd
 .debug_info    0x0000000000000000       0xc7 build/src/main.o
 .debug_info    0x00000000000000c7      0x54a build/src/system_stm32l1xx.o
 .debug_info    0x0000000000000611       0x7b build/src/startup_stm32l1xx_xl.o
 .debug_info    0x000000000000068c      0x75a build/src/battery.o
 .debug_info    0x0000000000000de6      0x97c build/src/bluetooth.o
 .debug_info    0x0000000000001762      0x6bb build/src/display.o
 .debug_info    0x0000000000001e1d      0x69f build/src/picture.o
 .debug_info    0x00000000000024bc      0xc58 build/src/icons.o
 .debug_info    0x0000000000003114      0x492 build/src/sensors.o
 .debug_info    0x00000000000035a6      0x890 build/src/clock.o
 .debug_info    0x0000000000003e36      0x854 build/src/button.o
 .debug_info    0x000000000000468a      0x29d build/FreeRTOS/Source/list.o
 .debug_info    0x0000000000004927      0xa84 build/FreeRTOS/Source/queue.o
 .debug_info    0x00000000000053ab     0x12b7 build/FreeRTOS/Source/tasks.o
 .debug_info    0x0000000000006662      0x838 build/FreeRTOS/Source/timers.o
 .debug_info    0x0000000000006e9a      0x22d build/FreeRTOS/Source/portable/GCC/ARM_CM3/port.o
 .debug_info    0x00000000000070c7      0x17c build/FreeRTOS/Source/portable/MemMang/heap_1.o
 .debug_info    0x0000000000007243     0x1967 build/../../Libraries/STM32L1xx_StdPeriph_Driver/src/stm32l1xx_tim.o
 .debug_info    0x0000000000008baa      0xa13 build/../../Libraries/STM32L1xx_StdPeriph_Driver/src/stm32l1xx_rcc.o

.debug_abbrev   0x0000000000000000     0x18ea
 .debug_abbrev  0x0000000000000000       0x65 build/src/main.o
 .debug_abbrev  0x0000000000000065      0x147 build/src/system_stm32l1xx.o
 .debug_abbrev  0x00000000000001ac       0x12 build/src/startup_stm32l1xx_xl.o
 .debug_abbrev  0x00000000000001be      0x15c build/src/battery.o
 .debug_abbrev  0x000000000000031a      0x1c9 build/src/bluetooth.o
 .debug_abbrev  0x00000000000004e3      0x173 build/src/display.o
 .debug_abbrev  0x0000000000000656      0x199 build/src/picture.o
 .debug_abbrev  0x00000000000007ef       0xd2 build/src/icons.o
 .debug_abbrev  0x00000000000008c1      0x13e build/src/sensors.o
 .debug_abbrev  0x00000000000009ff      0x1b7 build/src/clock.o
 .debug_abbrev  0x0000000000000bb6      0x13c build/src/button.o
 .debug_abbrev  0x0000000000000cf2       0xbe build/FreeRTOS/Source/list.o
 .debug_abbrev  0x0000000000000db0      0x18f build/FreeRTOS/Source/queue.o
 .debug_abbrev  0x0000000000000f3f      0x222 build/FreeRTOS/Source/tasks.o
 .debug_abbrev  0x0000000000001161      0x1a2 build/FreeRTOS/Source/timers.o
 .debug_abbrev  0x0000000000001303      0x162 build/FreeRTOS/Source/portable/GCC/ARM_CM3/port.o
 .debug_abbrev  0x0000000000001465       0xee build/FreeRTOS/Source/portable/MemMang/heap_1.o
 .debug_abbrev  0x0000000000001553      0x1b2 build/../../Libraries/STM32L1xx_StdPeriph_Driver/src/stm32l1xx_tim.o
 .debug_abbrev  0x0000000000001705      0x1e5 build/../../Libraries/STM32L1xx_StdPeriph_Driver/src/stm32l1xx_rcc.o

.debug_aranges  0x0000000000000000      0x268
 .debug_aranges
                0x0000000000000000       0x20 build/src/main.o
 .debug_aranges
                0x0000000000000020       0x20 build/src/system_stm32l1xx.o
 .debug_aranges
                0x0000000000000040       0x28 build/src/startup_stm32l1xx_xl.o
 .debug_aranges
                0x0000000000000068       0x20 build/src/battery.o
 .debug_aranges
                0x0000000000000088       0x20 build/src/bluetooth.o
 .debug_aranges
                0x00000000000000a8       0x20 build/src/display.o
 .debug_aranges
                0x00000000000000c8       0x20 build/src/picture.o
 .debug_aranges
                0x00000000000000e8       0x20 build/src/icons.o
 .debug_aranges
                0x0000000000000108       0x20 build/src/sensors.o
 .debug_aranges
                0x0000000000000128       0x20 build/src/clock.o
 .debug_aranges
                0x0000000000000148       0x20 build/src/button.o
 .debug_aranges
                0x0000000000000168       0x20 build/FreeRTOS/Source/list.o
 .debug_aranges
                0x0000000000000188       0x20 build/FreeRTOS/Source/queue.o
 .debug_aranges
                0x00000000000001a8       0x20 build/FreeRTOS/Source/tasks.o
 .debug_aranges
                0x00000000000001c8       0x20 build/FreeRTOS/Source/timers.o
 .debug_aranges
                0x00000000000001e8       0x20 build/FreeRTOS/Source/portable/GCC/ARM_CM3/port.o
 .debug_aranges
                0x0000000000000208       0x20 build/FreeRTOS/Source/portable/MemMang/heap_1.o
 .debug_aranges
                0x0000000000000228       0x20 build/../../Libraries/STM32L1xx_StdPeriph_Driver/src/stm32l1xx_tim.o
 .debug_aranges
                0x0000000000000248       0x20 build/../../Libraries/STM32L1xx_StdPeriph_Driver/src/stm32l1xx_rcc.o

.debug_line     0x0000000000000000     0x2760
 .debug_line    0x0000000000000000       0xcd build/src/main.o
 .debug_line    0x00000000000000cd      0x181 build/src/system_stm32l1xx.o
 .debug_line    0x000000000000024e       0x77 build/src/startup_stm32l1xx_xl.o
 .debug_line    0x00000000000002c5      0x13c build/src/battery.o
 .debug_line    0x0000000000000401      0x182 build/src/bluetooth.o
 .debug_line    0x0000000000000583      0x1ca build/src/display.o
 .debug_line    0x000000000000074d      0x305 build/src/picture.o
 .debug_line    0x0000000000000a52      0x18b build/src/icons.o
 .debug_line    0x0000000000000bdd      0x1ab build/src/sensors.o
 .debug_line    0x0000000000000d88      0x184 build/src/clock.o
 .debug_line    0x0000000000000f0c      0x137 build/src/button.o
 .debug_line    0x0000000000001043      0x13e build/FreeRTOS/Source/list.o
 .debug_line    0x0000000000001181      0x34c build/FreeRTOS/Source/queue.o
 .debug_line    0x00000000000014cd      0x6a0 build/FreeRTOS/Source/tasks.o
 .debug_line    0x0000000000001b6d      0x210 build/FreeRTOS/Source/timers.o
 .debug_line    0x0000000000001d7d      0x17a build/FreeRTOS/Source/portable/GCC/ARM_CM3/port.o
 .debug_line    0x0000000000001ef7      0x112 build/FreeRTOS/Source/portable/MemMang/heap_1.o
 .debug_line    0x0000000000002009      0x491 build/../../Libraries/STM32L1xx_StdPeriph_Driver/src/stm32l1xx_tim.o
 .debug_line    0x000000000000249a      0x2c6 build/../../Libraries/STM32L1xx_StdPeriph_Driver/src/stm32l1xx_rcc.o

.debug_str      0x0000000000000000     0x39fe
 .debug_str     0x0000000000000000      0x14c build/src/main.o
                                        0x194 (size before relaxing)
 .debug_str     0x000000000000014c      0x1d5 build/src/system_stm32l1xx.o
                                        0x368 (size before relaxing)
 .debug_str     0x0000000000000321      0x4e1 build/src/battery.o
                                        0x713 (size before relaxing)
 .debug_str     0x0000000000000802      0x1b5 build/src/bluetooth.o
                                        0x7da (size before relaxing)
 .debug_str     0x00000000000009b7      0x11a build/src/display.o
                                        0x441 (size before relaxing)
 .debug_str     0x0000000000000ad1      0x21a build/src/picture.o
                                        0x3c3 (size before relaxing)
 .debug_str     0x0000000000000ceb      0x6bc build/src/icons.o
                                        0x852 (size before relaxing)
 .debug_str     0x00000000000013a7       0xb4 build/src/sensors.o
                                        0x359 (size before relaxing)
 .debug_str     0x000000000000145b      0x1b9 build/src/clock.o
                                        0x79d (size before relaxing)
 .debug_str     0x0000000000001614       0xd0 build/src/button.o
                                        0x794 (size before relaxing)
 .debug_str     0x00000000000016e4      0x14b build/FreeRTOS/Source/list.o
                                        0x2b6 (size before relaxing)
 .debug_str     0x000000000000182f      0x445 build/FreeRTOS/Source/queue.o
                                        0x6a3 (size before relaxing)
 .debug_str     0x0000000000001c74      0x9ab build/FreeRTOS/Source/tasks.o
                                        0xca0 (size before relaxing)
 .debug_str     0x000000000000261f      0x3b4 build/FreeRTOS/Source/timers.o
                                        0x677 (size before relaxing)
 .debug_str     0x00000000000029d3      0x166 build/FreeRTOS/Source/portable/GCC/ARM_CM3/port.o
                                        0x312 (size before relaxing)
 .debug_str     0x0000000000002b39       0x9c build/FreeRTOS/Source/portable/MemMang/heap_1.o
                                        0x21e (size before relaxing)
 .debug_str     0x0000000000002bd5      0x9a2 build/../../Libraries/STM32L1xx_StdPeriph_Driver/src/stm32l1xx_tim.o
                                        0xc79 (size before relaxing)
 .debug_str     0x0000000000003577      0x487 build/../../Libraries/STM32L1xx_StdPeriph_Driver/src/stm32l1xx_rcc.o
                                        0x743 (size before relaxing)

.comment        0x0000000000000000       0x70
 .comment       0x0000000000000000       0x70 build/src/main.o
                                         0x71 (size before relaxing)
 .comment       0x0000000000000000       0x71 build/src/system_stm32l1xx.o
 .comment       0x0000000000000000       0x71 build/src/battery.o
 .comment       0x0000000000000000       0x71 build/src/bluetooth.o
 .comment       0x0000000000000000       0x71 build/src/display.o
 .comment       0x0000000000000000       0x71 build/src/picture.o
 .comment       0x0000000000000000       0x71 build/src/icons.o
 .comment       0x0000000000000000       0x71 build/src/sensors.o
 .comment       0x0000000000000000       0x71 build/src/clock.o
 .comment       0x0000000000000000       0x71 build/src/button.o
 .comment       0x0000000000000000       0x71 build/FreeRTOS/Source/list.o
 .comment       0x0000000000000000       0x71 build/FreeRTOS/Source/queue.o
 .comment       0x0000000000000000       0x71 build/FreeRTOS/Source/tasks.o
 .comment       0x0000000000000000       0x71 build/FreeRTOS/Source/timers.o
 .comment       0x0000000000000000       0x71 build/FreeRTOS/Source/portable/GCC/ARM_CM3/port.o
 .comment       0x0000000000000000       0x71 build/FreeRTOS/Source/portable/MemMang/heap_1.o
 .comment       0x0000000000000000       0x71 build/../../Libraries/STM32L1xx_StdPeriph_Driver/src/stm32l1xx_tim.o
 .comment       0x0000000000000000       0x71 build/../../Libraries/STM32L1xx_StdPeriph_Driver/src/stm32l1xx_rcc.o

.debug_frame    0x0000000000000000     0x35a8
 .debug_frame   0x0000000000000000       0x2c build/src/main.o
 .debug_frame   0x000000000000002c       0x7c build/src/system_stm32l1xx.o
 .debug_frame   0x00000000000000a8       0xac build/src/battery.o
 .debug_frame   0x0000000000000154      0x164 build/src/bluetooth.o
 .debug_frame   0x00000000000002b8      0x15c build/src/display.o
 .debug_frame   0x0000000000000414      0x270 build/src/picture.o
 .debug_frame   0x0000000000000684      0x6f0 build/src/icons.o
 .debug_frame   0x0000000000000d74      0x124 build/src/sensors.o
 .debug_frame   0x0000000000000e98       0xc0 build/src/clock.o
 .debug_frame   0x0000000000000f58      0x104 build/src/button.o
 .debug_frame   0x000000000000105c       0xd8 build/FreeRTOS/Source/list.o
 .debug_frame   0x0000000000001134      0x33c build/FreeRTOS/Source/queue.o
 .debug_frame   0x0000000000001470      0x6c4 build/FreeRTOS/Source/tasks.o
 .debug_frame   0x0000000000001b34      0x254 build/FreeRTOS/Source/timers.o
 .debug_frame   0x0000000000001d88      0x174 build/FreeRTOS/Source/portable/GCC/ARM_CM3/port.o
 .debug_frame   0x0000000000001efc       0x9c build/FreeRTOS/Source/portable/MemMang/heap_1.o
 .debug_frame   0x0000000000001f98      0xd14 build/../../Libraries/STM32L1xx_StdPeriph_Driver/src/stm32l1xx_tim.o
 .debug_frame   0x0000000000002cac      0x5e4 build/../../Libraries/STM32L1xx_StdPeriph_Driver/src/stm32l1xx_rcc.o
 .debug_frame   0x0000000000003290       0x28 /usr/bin/../lib/gcc/arm-none-eabi/4.9.3/../../../../arm-none-eabi/lib/armv7-m/libg.a(lib_a-exit.o)
 .debug_frame   0x00000000000032b8       0x2c /usr/bin/../lib/gcc/arm-none-eabi/4.9.3/../../../../arm-none-eabi/lib/armv7-m/libg.a(lib_a-init.o)
 .debug_frame   0x00000000000032e4       0x34 /usr/bin/../lib/gcc/arm-none-eabi/4.9.3/../../../../arm-none-eabi/lib/armv7-m/libg.a(lib_a-memset.o)
 .debug_frame   0x0000000000003318       0xd8 /usr/bin/../lib/gcc/arm-none-eabi/4.9.3/../../../../arm-none-eabi/lib/armv7-m/libg.a(lib_a-strstr.o)
 .debug_frame   0x00000000000033f0       0x50 /usr/bin/../lib/gcc/arm-none-eabi/4.9.3/../../../../arm-none-eabi/lib/armv7-m/libg.a(lib_a-__call_atexit.o)
 .debug_frame   0x0000000000003440       0x20 /usr/bin/../lib/gcc/arm-none-eabi/4.9.3/../../../../arm-none-eabi/lib/armv7-m/libg.a(lib_a-atexit.o)
 .debug_frame   0x0000000000003460       0x34 /usr/bin/../lib/gcc/arm-none-eabi/4.9.3/../../../../arm-none-eabi/lib/armv7-m/libg.a(lib_a-fini.o)
 .debug_frame   0x0000000000003494       0x3c /usr/bin/../lib/gcc/arm-none-eabi/4.9.3/../../../../arm-none-eabi/lib/armv7-m/libg.a(lib_a-memchr.o)
 .debug_frame   0x00000000000034d0       0x38 /usr/bin/../lib/gcc/arm-none-eabi/4.9.3/../../../../arm-none-eabi/lib/armv7-m/libg.a(lib_a-memcmp.o)
 .debug_frame   0x0000000000003508       0x4c /usr/bin/../lib/gcc/arm-none-eabi/4.9.3/../../../../arm-none-eabi/lib/armv7-m/libg.a(lib_a-strchr.o)
 .debug_frame   0x0000000000003554       0x34 /usr/bin/../lib/gcc/arm-none-eabi/4.9.3/../../../../arm-none-eabi/lib/armv7-m/libg.a(lib_a-__atexit.o)
 .debug_frame   0x0000000000003588       0x20 /usr/bin/../lib/gcc/arm-none-eabi/4.9.3/../../../../arm-none-eabi/lib/armv7-m/libnosys.a(_exit.o)

.debug_ranges   0x0000000000000000       0x38
 .debug_ranges  0x0000000000000000       0x20 build/src/startup_stm32l1xx_xl.o
 .debug_ranges  0x0000000000000020       0x18 build/FreeRTOS/Source/tasks.o
