Archive member included because of file (symbol)

/usr/bin/../lib/gcc/arm-none-eabi/4.9.3/armv7-m/libgcc.a(_arm_addsubdf3.o)
                              build/src/bluetooth.o (__aeabi_dsub)
/usr/bin/../lib/gcc/arm-none-eabi/4.9.3/armv7-m/libgcc.a(_arm_muldivdf3.o)
                              build/src/battery.o (__aeabi_dmul)
/usr/bin/../lib/gcc/arm-none-eabi/4.9.3/armv7-m/libgcc.a(_arm_cmpdf2.o)
                              build/src/battery.o (__aeabi_dcmplt)
/usr/bin/../lib/gcc/arm-none-eabi/4.9.3/armv7-m/libgcc.a(_arm_fixunsdfsi.o)
                              build/src/battery.o (__aeabi_d2uiz)
/usr/bin/../lib/gcc/arm-none-eabi/4.9.3/armv7-m/libgcc.a(_arm_truncdfsf2.o)
                              build/src/battery.o (__aeabi_d2f)
/usr/bin/../lib/gcc/arm-none-eabi/4.9.3/armv7-m/libgcc.a(_arm_addsubsf3.o)
                              build/src/battery.o (__aeabi_i2f)
/usr/bin/../lib/gcc/arm-none-eabi/4.9.3/armv7-m/libgcc.a(_arm_cmpsf2.o)
                              build/src/battery.o (__aeabi_fcmpgt)
/usr/bin/../lib/gcc/arm-none-eabi/4.9.3/../../../../arm-none-eabi/lib/armv7-m/libg.a(lib_a-exit.o)
                              /usr/bin/../lib/gcc/arm-none-eabi/4.9.3/../../../../arm-none-eabi/lib/armv7-m/crt0.o (exit)
/usr/bin/../lib/gcc/arm-none-eabi/4.9.3/../../../../arm-none-eabi/lib/armv7-m/libg.a(lib_a-impure.o)
                              /usr/bin/../lib/gcc/arm-none-eabi/4.9.3/../../../../arm-none-eabi/lib/armv7-m/libg.a(lib_a-exit.o) (_global_impure_ptr)
/usr/bin/../lib/gcc/arm-none-eabi/4.9.3/../../../../arm-none-eabi/lib/armv7-m/libg.a(lib_a-init.o)
                              /usr/bin/../lib/gcc/arm-none-eabi/4.9.3/../../../../arm-none-eabi/lib/armv7-m/crt0.o (__libc_init_array)
/usr/bin/../lib/gcc/arm-none-eabi/4.9.3/../../../../arm-none-eabi/lib/armv7-m/libg.a(lib_a-memset.o)
                              /usr/bin/../lib/gcc/arm-none-eabi/4.9.3/../../../../arm-none-eabi/lib/armv7-m/crt0.o (memset)
/usr/bin/../lib/gcc/arm-none-eabi/4.9.3/../../../../arm-none-eabi/lib/armv7-m/libg.a(lib_a-__call_atexit.o)
                              /usr/bin/../lib/gcc/arm-none-eabi/4.9.3/../../../../arm-none-eabi/lib/armv7-m/libg.a(lib_a-exit.o) (__call_exitprocs)
/usr/bin/../lib/gcc/arm-none-eabi/4.9.3/../../../../arm-none-eabi/lib/armv7-m/libg.a(lib_a-atexit.o)
                              /usr/bin/../lib/gcc/arm-none-eabi/4.9.3/../../../../arm-none-eabi/lib/armv7-m/libg.a(lib_a-__call_atexit.o) (atexit)
/usr/bin/../lib/gcc/arm-none-eabi/4.9.3/../../../../arm-none-eabi/lib/armv7-m/libg.a(lib_a-fini.o)
                              /usr/bin/../lib/gcc/arm-none-eabi/4.9.3/../../../../arm-none-eabi/lib/armv7-m/libg.a(lib_a-__call_atexit.o) (__libc_fini_array)
/usr/bin/../lib/gcc/arm-none-eabi/4.9.3/../../../../arm-none-eabi/lib/armv7-m/libg.a(lib_a-__atexit.o)
                              /usr/bin/../lib/gcc/arm-none-eabi/4.9.3/../../../../arm-none-eabi/lib/armv7-m/libg.a(lib_a-atexit.o) (__register_exitproc)
/usr/bin/../lib/gcc/arm-none-eabi/4.9.3/../../../../arm-none-eabi/lib/armv7-m/libnosys.a(_exit.o)
                              /usr/bin/../lib/gcc/arm-none-eabi/4.9.3/../../../../arm-none-eabi/lib/armv7-m/libg.a(lib_a-exit.o) (_exit)
/usr/bin/../lib/gcc/arm-none-eabi/4.9.3/../../../../arm-none-eabi/lib/armv7-m/libm.a(lib_a-s_round.o)
                              build/src/bluetooth.o (round)

Allocating common symbols
Common symbol       size              file

pic                 0x8               build/src/display.o
batteryCapacity     0x1               build/src/battery.o

Discarded input sections

 .debug_frame   0x0000000000000000       0x30 /usr/bin/../lib/gcc/arm-none-eabi/4.9.3/../../../../arm-none-eabi/lib/armv7-m/libm.a(lib_a-s_round.o)
 .ARM.attributes
                0x0000000000000000       0x2d /usr/bin/../lib/gcc/arm-none-eabi/4.9.3/../../../../arm-none-eabi/lib/armv7-m/libm.a(lib_a-s_round.o)

Memory Configuration

Name             Origin             Length             Attributes
FLASH            0x0000000008000000 0x0000000000080000 xr
RAM              0x0000000020000000 0x0000000000014000 xrw
MEMORY_B1        0x0000000060000000 0x0000000000000000 xr
*default*        0x0000000000000000 0xffffffffffffffff

Linker script and memory map

LOAD /usr/bin/../lib/gcc/arm-none-eabi/4.9.3/armv7-m/crti.o
LOAD /usr/bin/../lib/gcc/arm-none-eabi/4.9.3/armv7-m/crtbegin.o
LOAD /usr/bin/../lib/gcc/arm-none-eabi/4.9.3/../../../../arm-none-eabi/lib/armv7-m/crt0.o
LOAD build/src/main.o
LOAD build/src/system_stm32l1xx.o
LOAD build/src/startup_stm32l1xx_xl.o
LOAD build/src/battery.o
LOAD build/src/bluetooth.o
LOAD build/src/display.o
LOAD build/src/picture.o
LOAD build/src/icons.o
LOAD build/../../Libraries/STM32L1xx_StdPeriph_Driver/src/stm32l1xx_spi.o
LOAD build/../../Libraries/STM32L1xx_StdPeriph_Driver/src/stm32l1xx_gpio.o
LOAD build/../../Libraries/STM32L1xx_StdPeriph_Driver/src/stm32l1xx_rcc.o
START GROUP
LOAD /usr/bin/../lib/gcc/arm-none-eabi/4.9.3/armv7-m/libgcc.a
LOAD /usr/bin/../lib/gcc/arm-none-eabi/4.9.3/../../../../arm-none-eabi/lib/armv7-m/libg.a
LOAD /usr/bin/../lib/gcc/arm-none-eabi/4.9.3/../../../../arm-none-eabi/lib/armv7-m/libc.a
END GROUP
START GROUP
LOAD /usr/bin/../lib/gcc/arm-none-eabi/4.9.3/armv7-m/libgcc.a
LOAD /usr/bin/../lib/gcc/arm-none-eabi/4.9.3/../../../../arm-none-eabi/lib/armv7-m/libc.a
LOAD /usr/bin/../lib/gcc/arm-none-eabi/4.9.3/../../../../arm-none-eabi/lib/armv7-m/libnosys.a
END GROUP
LOAD /usr/bin/../lib/gcc/arm-none-eabi/4.9.3/armv7-m/crtend.o
LOAD /usr/bin/../lib/gcc/arm-none-eabi/4.9.3/armv7-m/crtn.o
                0x0000000020014000                _estack = 0x20014000
                0x0000000000000200                _Min_Heap_Size = 0x200
                0x0000000000000400                _Min_Stack_Size = 0x400

.isr_vector     0x0000000008000000      0x13c
                0x0000000008000000                . = ALIGN (0x4)
 *(.isr_vector)
 .isr_vector    0x0000000008000000      0x13c build/src/startup_stm32l1xx_xl.o
                0x0000000008000000                g_pfnVectors
                0x000000000800013c                . = ALIGN (0x4)

.text           0x0000000008000140     0x32bc
                0x0000000008000140                . = ALIGN (0x4)
 *(.text)
 .text          0x0000000008000140        0x0 /usr/bin/../lib/gcc/arm-none-eabi/4.9.3/armv7-m/crti.o
 .text          0x0000000008000140       0x5c /usr/bin/../lib/gcc/arm-none-eabi/4.9.3/armv7-m/crtbegin.o
 .text          0x000000000800019c       0x74 /usr/bin/../lib/gcc/arm-none-eabi/4.9.3/../../../../arm-none-eabi/lib/armv7-m/crt0.o
                0x000000000800019c                _mainCRTStartup
                0x000000000800019c                _start
 .text          0x0000000008000210        0xc build/src/main.o
                0x0000000008000210                main
 .text          0x000000000800021c      0x2d8 build/src/system_stm32l1xx.o
                0x000000000800021c                SystemInit
                0x0000000008000280                SystemCoreClockUpdate
 .text          0x00000000080004f4       0x14 build/src/startup_stm32l1xx_xl.o
 .text          0x0000000008000508      0x228 build/src/battery.o
                0x0000000008000704                ADC1_IRQHandler
 .text          0x0000000008000730      0x274 build/src/bluetooth.o
                0x0000000008000730                bluetooth_t
                0x0000000008000998                USART1_IRQHandler
 .text          0x00000000080009a4      0x374 build/src/display.o
                0x00000000080009a4                display_t
 .text          0x0000000008000d18      0x1cc build/src/picture.o
                0x0000000008000d18                appendFramesToPicture
 .text          0x0000000008000ee4        0x0 build/src/icons.o
 .text          0x0000000008000ee4      0x6dc build/../../Libraries/STM32L1xx_StdPeriph_Driver/src/stm32l1xx_spi.o
                0x0000000008000ee4                SPI_I2S_DeInit
                0x0000000008000f58                SPI_Init
                0x0000000008000fe0                I2S_Init
                0x000000000800112c                SPI_StructInit
                0x0000000008001174                I2S_StructInit
                0x00000000080011ac                SPI_Cmd
                0x00000000080011ec                I2S_Cmd
                0x000000000800122c                SPI_DataSizeConfig
                0x0000000008001264                SPI_BiDirectionalLineConfig
                0x00000000080012a4                SPI_NSSInternalSoftwareConfig
                0x00000000080012e8                SPI_SSOutputCmd
                0x0000000008001328                SPI_I2S_ReceiveData
                0x0000000008001344                SPI_I2S_SendData
                0x0000000008001360                SPI_CalculateCRC
                0x00000000080013a0                SPI_TransmitCRC
                0x00000000080013c4                SPI_GetCRC
                0x00000000080013f8                SPI_GetCRCPolynomial
                0x0000000008001414                SPI_I2S_DMACmd
                0x000000000800145c                SPI_I2S_ITConfig
                0x00000000080014bc                SPI_I2S_GetFlagStatus
                0x00000000080014f4                SPI_I2S_ClearFlag
                0x0000000008001514                SPI_I2S_GetITStatus
                0x000000000800158c                SPI_I2S_ClearITPendingBit
 .text          0x00000000080015c0      0x490 build/../../Libraries/STM32L1xx_StdPeriph_Driver/src/stm32l1xx_gpio.o
                0x00000000080015c0                GPIO_DeInit
                0x00000000080016bc                GPIO_Init
                0x00000000080017f4                GPIO_StructInit
                0x0000000008001828                GPIO_PinLockConfig
                0x000000000800186c                GPIO_ReadInputDataBit
                0x00000000080018a4                GPIO_ReadInputData
                0x00000000080018c0                GPIO_ReadOutputDataBit
                0x00000000080018f8                GPIO_ReadOutputData
                0x0000000008001914                GPIO_SetBits
                0x0000000008001930                GPIO_ResetBits
                0x000000000800194c                GPIO_WriteBit
                0x000000000800197c                GPIO_Write
                0x0000000008001998                GPIO_ToggleBits
                0x00000000080019c0                GPIO_PinAFConfig
 .text          0x0000000008001a50      0x944 build/../../Libraries/STM32L1xx_StdPeriph_Driver/src/stm32l1xx_rcc.o
                0x0000000008001a50                RCC_DeInit
                0x0000000008001aac                RCC_HSEConfig
                0x0000000008001ad0                RCC_WaitForHSEStartUp
                0x0000000008001b20                RCC_AdjustMSICalibrationValue
                0x0000000008001b40                RCC_MSIRangeConfig
                0x0000000008001b78                RCC_MSICmd
                0x0000000008001b98                RCC_AdjustHSICalibrationValue
                0x0000000008001bd4                RCC_HSICmd
                0x0000000008001bf4                RCC_LSEConfig
                0x0000000008001c18                RCC_LSICmd
                0x0000000008001c38                RCC_PLLConfig
                0x0000000008001c6c                RCC_PLLCmd
                0x0000000008001c8c                RCC_ClockSecuritySystemCmd
                0x0000000008001cac                RCC_LSEClockSecuritySystemCmd
                0x0000000008001ccc                RCC_MCOConfig
                0x0000000008001cf8                RCC_SYSCLKConfig
                0x0000000008001d30                RCC_GetSYSCLKSource
                0x0000000008001d50                RCC_HCLKConfig
                0x0000000008001d88                RCC_PCLK1Config
                0x0000000008001dc0                RCC_PCLK2Config
                0x0000000008001df8                RCC_GetClocksFreq
                0x0000000008001fac                RCC_RTCCLKConfig
                0x0000000008002010                RCC_RTCCLKCmd
                0x0000000008002030                RCC_RTCResetCmd
                0x0000000008002050                RCC_AHBPeriphClockCmd
                0x000000000800208c                RCC_APB2PeriphClockCmd
                0x00000000080020c8                RCC_APB1PeriphClockCmd
                0x0000000008002104                RCC_AHBPeriphResetCmd
                0x0000000008002140                RCC_APB2PeriphResetCmd
                0x000000000800217c                RCC_APB1PeriphResetCmd
                0x00000000080021b8                RCC_AHBPeriphClockLPModeCmd
                0x00000000080021f4                RCC_APB2PeriphClockLPModeCmd
                0x0000000008002230                RCC_APB1PeriphClockLPModeCmd
                0x000000000800226c                RCC_ITConfig
                0x00000000080022b8                RCC_GetFlagStatus
                0x0000000008002320                RCC_ClearFlag
                0x000000000800233c                RCC_GetITStatus
                0x0000000008002374                RCC_ClearITPendingBit
 .text          0x0000000008002394      0x370 /usr/bin/../lib/gcc/arm-none-eabi/4.9.3/armv7-m/libgcc.a(_arm_addsubdf3.o)
                0x0000000008002394                __aeabi_drsub
                0x000000000800239c                __aeabi_dsub
                0x000000000800239c                __subdf3
                0x00000000080023a0                __adddf3
                0x00000000080023a0                __aeabi_dadd
                0x0000000008002618                __aeabi_ui2d
                0x0000000008002618                __floatunsidf
                0x0000000008002638                __floatsidf
                0x0000000008002638                __aeabi_i2d
                0x000000000800265c                __extendsfdf2
                0x000000000800265c                __aeabi_f2d
                0x0000000008002698                __aeabi_ul2d
                0x0000000008002698                __floatundidf
                0x00000000080026a8                __floatdidf
                0x00000000080026a8                __aeabi_l2d
 .text          0x0000000008002704      0x424 /usr/bin/../lib/gcc/arm-none-eabi/4.9.3/armv7-m/libgcc.a(_arm_muldivdf3.o)
                0x0000000008002704                __aeabi_dmul
                0x0000000008002704                __muldf3
                0x0000000008002958                __aeabi_ddiv
                0x0000000008002958                __divdf3
 .text          0x0000000008002b28      0x110 /usr/bin/../lib/gcc/arm-none-eabi/4.9.3/armv7-m/libgcc.a(_arm_cmpdf2.o)
                0x0000000008002b28                __gtdf2
                0x0000000008002b28                __gedf2
                0x0000000008002b30                __ltdf2
                0x0000000008002b30                __ledf2
                0x0000000008002b38                __cmpdf2
                0x0000000008002b38                __eqdf2
                0x0000000008002b38                __nedf2
                0x0000000008002bb4                __aeabi_cdrcmple
                0x0000000008002bc4                __aeabi_cdcmple
                0x0000000008002bc4                __aeabi_cdcmpeq
                0x0000000008002bd4                __aeabi_dcmpeq
                0x0000000008002be8                __aeabi_dcmplt
                0x0000000008002bfc                __aeabi_dcmple
                0x0000000008002c10                __aeabi_dcmpge
                0x0000000008002c24                __aeabi_dcmpgt
 .text          0x0000000008002c38       0x40 /usr/bin/../lib/gcc/arm-none-eabi/4.9.3/armv7-m/libgcc.a(_arm_fixunsdfsi.o)
                0x0000000008002c38                __fixunsdfsi
                0x0000000008002c38                __aeabi_d2uiz
 .text          0x0000000008002c78       0xa0 /usr/bin/../lib/gcc/arm-none-eabi/4.9.3/armv7-m/libgcc.a(_arm_truncdfsf2.o)
                0x0000000008002c78                __aeabi_d2f
                0x0000000008002c78                __truncdfsf2
 .text          0x0000000008002d18      0x21c /usr/bin/../lib/gcc/arm-none-eabi/4.9.3/armv7-m/libgcc.a(_arm_addsubsf3.o)
                0x0000000008002d18                __aeabi_frsub
                0x0000000008002d20                __subsf3
                0x0000000008002d20                __aeabi_fsub
                0x0000000008002d24                __aeabi_fadd
                0x0000000008002d24                __addsf3
                0x0000000008002e84                __aeabi_ui2f
                0x0000000008002e84                __floatunsisf
                0x0000000008002e8c                __aeabi_i2f
                0x0000000008002e8c                __floatsisf
                0x0000000008002ea8                __floatundisf
                0x0000000008002ea8                __aeabi_ul2f
                0x0000000008002eb8                __floatdisf
                0x0000000008002eb8                __aeabi_l2f
 .text          0x0000000008002f34       0xec /usr/bin/../lib/gcc/arm-none-eabi/4.9.3/armv7-m/libgcc.a(_arm_cmpsf2.o)
                0x0000000008002f34                __gtsf2
                0x0000000008002f34                __gesf2
                0x0000000008002f3c                __lesf2
                0x0000000008002f3c                __ltsf2
                0x0000000008002f44                __nesf2
                0x0000000008002f44                __eqsf2
                0x0000000008002f44                __cmpsf2
                0x0000000008002fa4                __aeabi_cfrcmple
                0x0000000008002fac                __aeabi_cfcmple
                0x0000000008002fac                __aeabi_cfcmpeq
                0x0000000008002fbc                __aeabi_fcmpeq
                0x0000000008002fd0                __aeabi_fcmplt
                0x0000000008002fe4                __aeabi_fcmple
                0x0000000008002ff8                __aeabi_fcmpge
                0x000000000800300c                __aeabi_fcmpgt
 .text          0x0000000008003020        0x0 /usr/bin/../lib/gcc/arm-none-eabi/4.9.3/../../../../arm-none-eabi/lib/armv7-m/libg.a(lib_a-exit.o)
 .text          0x0000000008003020        0x0 /usr/bin/../lib/gcc/arm-none-eabi/4.9.3/../../../../arm-none-eabi/lib/armv7-m/libg.a(lib_a-impure.o)
 .text          0x0000000008003020        0x0 /usr/bin/../lib/gcc/arm-none-eabi/4.9.3/../../../../arm-none-eabi/lib/armv7-m/libg.a(lib_a-init.o)
 .text          0x0000000008003020        0x0 /usr/bin/../lib/gcc/arm-none-eabi/4.9.3/../../../../arm-none-eabi/lib/armv7-m/libg.a(lib_a-memset.o)
 .text          0x0000000008003020        0x0 /usr/bin/../lib/gcc/arm-none-eabi/4.9.3/../../../../arm-none-eabi/lib/armv7-m/libg.a(lib_a-__call_atexit.o)
 .text          0x0000000008003020        0x0 /usr/bin/../lib/gcc/arm-none-eabi/4.9.3/../../../../arm-none-eabi/lib/armv7-m/libg.a(lib_a-atexit.o)
 .text          0x0000000008003020        0x0 /usr/bin/../lib/gcc/arm-none-eabi/4.9.3/../../../../arm-none-eabi/lib/armv7-m/libg.a(lib_a-fini.o)
 .text          0x0000000008003020        0x0 /usr/bin/../lib/gcc/arm-none-eabi/4.9.3/../../../../arm-none-eabi/lib/armv7-m/libg.a(lib_a-__atexit.o)
 .text          0x0000000008003020        0x0 /usr/bin/../lib/gcc/arm-none-eabi/4.9.3/../../../../arm-none-eabi/lib/armv7-m/libnosys.a(_exit.o)
 .text          0x0000000008003020        0x0 /usr/bin/../lib/gcc/arm-none-eabi/4.9.3/armv7-m/crtend.o
 .text          0x0000000008003020        0x0 /usr/bin/../lib/gcc/arm-none-eabi/4.9.3/armv7-m/crtn.o
 .text          0x0000000008003020        0x0 /usr/bin/../lib/gcc/arm-none-eabi/4.9.3/../../../../arm-none-eabi/lib/armv7-m/libm.a(lib_a-s_round.o)
 *(.text*)
 .text.Reset_Handler
                0x0000000008003020       0x48 build/src/startup_stm32l1xx_xl.o
                0x0000000008003020                Reset_Handler
 .text.Default_Handler
                0x0000000008003068        0x2 build/src/startup_stm32l1xx_xl.o
                0x0000000008003068                RTC_Alarm_IRQHandler
                0x0000000008003068                EXTI2_IRQHandler
                0x0000000008003068                COMP_ACQ_IRQHandler
                0x0000000008003068                DebugMon_Handler
                0x0000000008003068                HardFault_Handler
                0x0000000008003068                TIM10_IRQHandler
                0x0000000008003068                USB_HP_IRQHandler
                0x0000000008003068                TIM6_IRQHandler
                0x0000000008003068                SysTick_Handler
                0x0000000008003068                PVD_IRQHandler
                0x0000000008003068                PendSV_Handler
                0x0000000008003068                NMI_Handler
                0x0000000008003068                EXTI3_IRQHandler
                0x0000000008003068                EXTI0_IRQHandler
                0x0000000008003068                I2C2_EV_IRQHandler
                0x0000000008003068                UsageFault_Handler
                0x0000000008003068                SPI1_IRQHandler
                0x0000000008003068                USB_FS_WKUP_IRQHandler
                0x0000000008003068                DMA2_Channel2_IRQHandler
                0x0000000008003068                DMA1_Channel4_IRQHandler
                0x0000000008003068                USART3_IRQHandler
                0x0000000008003068                DMA1_Channel7_IRQHandler
                0x0000000008003068                LCD_IRQHandler
                0x0000000008003068                UART5_IRQHandler
                0x0000000008003068                TIM4_IRQHandler
                0x0000000008003068                DMA2_Channel1_IRQHandler
                0x0000000008003068                I2C1_EV_IRQHandler
                0x0000000008003068                DMA1_Channel6_IRQHandler
                0x0000000008003068                UART4_IRQHandler
                0x0000000008003068                DMA2_Channel4_IRQHandler
                0x0000000008003068                TIM3_IRQHandler
                0x0000000008003068                RCC_IRQHandler
                0x0000000008003068                DMA1_Channel1_IRQHandler
                0x0000000008003068                Default_Handler
                0x0000000008003068                EXTI15_10_IRQHandler
                0x0000000008003068                TIM7_IRQHandler
                0x0000000008003068                TIM5_IRQHandler
                0x0000000008003068                EXTI9_5_IRQHandler
                0x0000000008003068                TIM9_IRQHandler
                0x0000000008003068                TAMPER_STAMP_IRQHandler
                0x0000000008003068                RTC_WKUP_IRQHandler
                0x0000000008003068                SPI2_IRQHandler
                0x0000000008003068                MemManage_Handler
                0x0000000008003068                SVC_Handler
                0x0000000008003068                DMA2_Channel5_IRQHandler
                0x0000000008003068                DMA1_Channel5_IRQHandler
                0x0000000008003068                USB_LP_IRQHandler
                0x0000000008003068                EXTI4_IRQHandler
                0x0000000008003068                DMA1_Channel3_IRQHandler
                0x0000000008003068                COMP_IRQHandler
                0x0000000008003068                WWDG_IRQHandler
                0x0000000008003068                TIM2_IRQHandler
                0x0000000008003068                DAC_IRQHandler
                0x0000000008003068                EXTI1_IRQHandler
                0x0000000008003068                AES_IRQHandler
                0x0000000008003068                TIM11_IRQHandler
                0x0000000008003068                USART2_IRQHandler
                0x0000000008003068                I2C2_ER_IRQHandler
                0x0000000008003068                DMA1_Channel2_IRQHandler
                0x0000000008003068                FLASH_IRQHandler
                0x0000000008003068                BusFault_Handler
                0x0000000008003068                SPI3_IRQHandler
                0x0000000008003068                I2C1_ER_IRQHandler
                0x0000000008003068                DMA2_Channel3_IRQHandler
 *fill*         0x000000000800306a        0x2 
 .text.exit     0x000000000800306c       0x20 /usr/bin/../lib/gcc/arm-none-eabi/4.9.3/../../../../arm-none-eabi/lib/armv7-m/libg.a(lib_a-exit.o)
                0x000000000800306c                exit
 .text.__libc_init_array
                0x000000000800308c       0x50 /usr/bin/../lib/gcc/arm-none-eabi/4.9.3/../../../../arm-none-eabi/lib/armv7-m/libg.a(lib_a-init.o)
                0x000000000800308c                __libc_init_array
 .text.memset   0x00000000080030dc       0x9c /usr/bin/../lib/gcc/arm-none-eabi/4.9.3/../../../../arm-none-eabi/lib/armv7-m/libg.a(lib_a-memset.o)
                0x00000000080030dc                memset
 .text.startup.register_fini
                0x0000000008003178       0x14 /usr/bin/../lib/gcc/arm-none-eabi/4.9.3/../../../../arm-none-eabi/lib/armv7-m/libg.a(lib_a-__call_atexit.o)
 .text.__call_exitprocs
                0x000000000800318c       0xd4 /usr/bin/../lib/gcc/arm-none-eabi/4.9.3/../../../../arm-none-eabi/lib/armv7-m/libg.a(lib_a-__call_atexit.o)
                0x000000000800318c                __call_exitprocs
 .text.atexit   0x0000000008003260        0xc /usr/bin/../lib/gcc/arm-none-eabi/4.9.3/../../../../arm-none-eabi/lib/armv7-m/libg.a(lib_a-atexit.o)
                0x0000000008003260                atexit
 .text.__libc_fini_array
                0x000000000800326c       0x2c /usr/bin/../lib/gcc/arm-none-eabi/4.9.3/../../../../arm-none-eabi/lib/armv7-m/libg.a(lib_a-fini.o)
                0x000000000800326c                __libc_fini_array
 .text.__register_exitproc
                0x0000000008003298       0xa4 /usr/bin/../lib/gcc/arm-none-eabi/4.9.3/../../../../arm-none-eabi/lib/armv7-m/libg.a(lib_a-__atexit.o)
                0x0000000008003298                __register_exitproc
 .text._exit    0x000000000800333c        0x4 /usr/bin/../lib/gcc/arm-none-eabi/4.9.3/../../../../arm-none-eabi/lib/armv7-m/libnosys.a(_exit.o)
                0x000000000800333c                _exit
 .text.round    0x0000000008003340       0xa0 /usr/bin/../lib/gcc/arm-none-eabi/4.9.3/../../../../arm-none-eabi/lib/armv7-m/libm.a(lib_a-s_round.o)
                0x0000000008003340                round
 *(.glue_7)
 .glue_7        0x0000000000000000        0x0 linker stubs
 *(.glue_7t)
 .glue_7t       0x0000000000000000        0x0 linker stubs
 *(.eh_frame)
 .eh_frame      0x00000000080033e0        0x0 /usr/bin/../lib/gcc/arm-none-eabi/4.9.3/armv7-m/crtbegin.o
 .eh_frame      0x00000000080033e0        0x4 /usr/bin/../lib/gcc/arm-none-eabi/4.9.3/armv7-m/crtend.o
 *(.init)
 .init          0x00000000080033e4        0x4 /usr/bin/../lib/gcc/arm-none-eabi/4.9.3/armv7-m/crti.o
                0x00000000080033e4                _init
 .init          0x00000000080033e8        0x8 /usr/bin/../lib/gcc/arm-none-eabi/4.9.3/armv7-m/crtn.o
 *(.fini)
 .fini          0x00000000080033f0        0x4 /usr/bin/../lib/gcc/arm-none-eabi/4.9.3/armv7-m/crti.o
                0x00000000080033f0                _fini
 .fini          0x00000000080033f4        0x8 /usr/bin/../lib/gcc/arm-none-eabi/4.9.3/armv7-m/crtn.o
                0x00000000080033fc                . = ALIGN (0x4)
                0x00000000080033fc                _etext = .

.vfp11_veneer   0x00000000080033fc        0x0
 .vfp11_veneer  0x0000000000000000        0x0 linker stubs

.v4_bx          0x00000000080033fc        0x0
 .v4_bx         0x0000000000000000        0x0 linker stubs

.iplt           0x00000000080033fc        0x0
 .iplt          0x0000000000000000        0x0 /usr/bin/../lib/gcc/arm-none-eabi/4.9.3/armv7-m/crtbegin.o

.rodata         0x00000000080033fc       0x44
                0x00000000080033fc                . = ALIGN (0x4)
 *(.rodata)
 .rodata        0x00000000080033fc       0x2a build/src/bluetooth.o
 *fill*         0x0000000008003426        0x2 
 .rodata        0x0000000008003428       0x10 build/src/display.o
                0x0000000008003428                ico
 *(.rodata*)
 .rodata.str1.4
                0x0000000008003438        0x4 /usr/bin/../lib/gcc/arm-none-eabi/4.9.3/../../../../arm-none-eabi/lib/armv7-m/libg.a(lib_a-impure.o)
                                          0x2 (size before relaxing)
 .rodata._global_impure_ptr
                0x000000000800343c        0x4 /usr/bin/../lib/gcc/arm-none-eabi/4.9.3/../../../../arm-none-eabi/lib/armv7-m/libg.a(lib_a-impure.o)
                0x000000000800343c                _global_impure_ptr
                0x0000000008003440                . = ALIGN (0x4)

.ARM.extab      0x0000000008003440        0x0
 *(.ARM.extab* .gnu.linkonce.armextab.*)
 .ARM.extab     0x0000000008003440        0x0 /usr/bin/../lib/gcc/arm-none-eabi/4.9.3/../../../../arm-none-eabi/lib/armv7-m/crt0.o

.ARM            0x0000000008003440        0x8
                0x0000000008003440                __exidx_start = .
 *(.ARM.exidx*)
 .ARM.exidx     0x0000000008003440        0x8 /usr/bin/../lib/gcc/arm-none-eabi/4.9.3/../../../../arm-none-eabi/lib/armv7-m/crt0.o
                0x0000000008003448                __exidx_end = .

.rel.dyn        0x0000000008003448        0x0
 .rel.iplt      0x0000000000000000        0x0 /usr/bin/../lib/gcc/arm-none-eabi/4.9.3/armv7-m/crtbegin.o

.preinit_array  0x0000000008003448        0x0
                0x0000000008003448                PROVIDE (__preinit_array_start, .)
 *(.preinit_array*)
                0x0000000008003448                PROVIDE (__preinit_array_end, .)

.init_array     0x0000000008003448        0x8
                0x0000000008003448                PROVIDE (__init_array_start, .)
 *(SORT(.init_array.*))
 .init_array.00000
                0x0000000008003448        0x4 /usr/bin/../lib/gcc/arm-none-eabi/4.9.3/../../../../arm-none-eabi/lib/armv7-m/libg.a(lib_a-__call_atexit.o)
 *(.init_array*)
 .init_array    0x000000000800344c        0x4 /usr/bin/../lib/gcc/arm-none-eabi/4.9.3/armv7-m/crtbegin.o
                0x0000000008003450                PROVIDE (__init_array_end, .)

.fini_array     0x0000000008003450        0x4
                0x0000000008003450                PROVIDE (__fini_array_start, .)
 *(SORT(.fini_array.*))
 *(.fini_array*)
 .fini_array    0x0000000008003450        0x4 /usr/bin/../lib/gcc/arm-none-eabi/4.9.3/armv7-m/crtbegin.o
                0x0000000008003454                PROVIDE (__fini_array_end, .)
                0x0000000008003454                _sidata = LOADADDR (.data)

.data           0x0000000020000000      0x46c load address 0x0000000008003454
                0x0000000020000000                . = ALIGN (0x4)
                0x0000000020000000                _sdata = .
 *(.data)
 .data          0x0000000020000000        0x0 /usr/bin/../lib/gcc/arm-none-eabi/4.9.3/armv7-m/crti.o
 .data          0x0000000020000000        0x4 /usr/bin/../lib/gcc/arm-none-eabi/4.9.3/armv7-m/crtbegin.o
                0x0000000020000000                __dso_handle
 .data          0x0000000020000004        0x0 /usr/bin/../lib/gcc/arm-none-eabi/4.9.3/../../../../arm-none-eabi/lib/armv7-m/crt0.o
 .data          0x0000000020000004        0x0 build/src/main.o
 .data          0x0000000020000004       0x20 build/src/system_stm32l1xx.o
                0x0000000020000004                SystemCoreClock
                0x0000000020000008                PLLMulTable
                0x0000000020000014                AHBPrescTable
 .data          0x0000000020000024        0x0 build/src/startup_stm32l1xx_xl.o
 .data          0x0000000020000024        0x0 build/src/battery.o
 .data          0x0000000020000024        0x0 build/src/bluetooth.o
 .data          0x0000000020000024        0x0 build/src/display.o
 .data          0x0000000020000024        0x0 build/src/picture.o
 .data          0x0000000020000024        0x0 build/src/icons.o
 .data          0x0000000020000024        0x0 build/../../Libraries/STM32L1xx_StdPeriph_Driver/src/stm32l1xx_spi.o
 .data          0x0000000020000024        0x0 build/../../Libraries/STM32L1xx_StdPeriph_Driver/src/stm32l1xx_gpio.o
 .data          0x0000000020000024       0x1c build/../../Libraries/STM32L1xx_StdPeriph_Driver/src/stm32l1xx_rcc.o
 .data          0x0000000020000040        0x0 /usr/bin/../lib/gcc/arm-none-eabi/4.9.3/armv7-m/libgcc.a(_arm_addsubdf3.o)
 .data          0x0000000020000040        0x0 /usr/bin/../lib/gcc/arm-none-eabi/4.9.3/armv7-m/libgcc.a(_arm_muldivdf3.o)
 .data          0x0000000020000040        0x0 /usr/bin/../lib/gcc/arm-none-eabi/4.9.3/armv7-m/libgcc.a(_arm_cmpdf2.o)
 .data          0x0000000020000040        0x0 /usr/bin/../lib/gcc/arm-none-eabi/4.9.3/armv7-m/libgcc.a(_arm_fixunsdfsi.o)
 .data          0x0000000020000040        0x0 /usr/bin/../lib/gcc/arm-none-eabi/4.9.3/armv7-m/libgcc.a(_arm_truncdfsf2.o)
 .data          0x0000000020000040        0x0 /usr/bin/../lib/gcc/arm-none-eabi/4.9.3/armv7-m/libgcc.a(_arm_addsubsf3.o)
 .data          0x0000000020000040        0x0 /usr/bin/../lib/gcc/arm-none-eabi/4.9.3/armv7-m/libgcc.a(_arm_cmpsf2.o)
 .data          0x0000000020000040        0x0 /usr/bin/../lib/gcc/arm-none-eabi/4.9.3/../../../../arm-none-eabi/lib/armv7-m/libg.a(lib_a-exit.o)
 .data          0x0000000020000040        0x0 /usr/bin/../lib/gcc/arm-none-eabi/4.9.3/../../../../arm-none-eabi/lib/armv7-m/libg.a(lib_a-impure.o)
 .data          0x0000000020000040        0x0 /usr/bin/../lib/gcc/arm-none-eabi/4.9.3/../../../../arm-none-eabi/lib/armv7-m/libg.a(lib_a-init.o)
 .data          0x0000000020000040        0x0 /usr/bin/../lib/gcc/arm-none-eabi/4.9.3/../../../../arm-none-eabi/lib/armv7-m/libg.a(lib_a-memset.o)
 .data          0x0000000020000040        0x0 /usr/bin/../lib/gcc/arm-none-eabi/4.9.3/../../../../arm-none-eabi/lib/armv7-m/libg.a(lib_a-__call_atexit.o)
 .data          0x0000000020000040        0x0 /usr/bin/../lib/gcc/arm-none-eabi/4.9.3/../../../../arm-none-eabi/lib/armv7-m/libg.a(lib_a-atexit.o)
 .data          0x0000000020000040        0x0 /usr/bin/../lib/gcc/arm-none-eabi/4.9.3/../../../../arm-none-eabi/lib/armv7-m/libg.a(lib_a-fini.o)
 .data          0x0000000020000040        0x0 /usr/bin/../lib/gcc/arm-none-eabi/4.9.3/../../../../arm-none-eabi/lib/armv7-m/libg.a(lib_a-__atexit.o)
 .data          0x0000000020000040        0x0 /usr/bin/../lib/gcc/arm-none-eabi/4.9.3/../../../../arm-none-eabi/lib/armv7-m/libnosys.a(_exit.o)
 .data          0x0000000020000040        0x0 /usr/bin/../lib/gcc/arm-none-eabi/4.9.3/armv7-m/crtend.o
 .data          0x0000000020000040        0x0 /usr/bin/../lib/gcc/arm-none-eabi/4.9.3/armv7-m/crtn.o
 .data          0x0000000020000040        0x0 /usr/bin/../lib/gcc/arm-none-eabi/4.9.3/../../../../arm-none-eabi/lib/armv7-m/libm.a(lib_a-s_round.o)
 *(.data*)
 .data.impure_data
                0x0000000020000040      0x428 /usr/bin/../lib/gcc/arm-none-eabi/4.9.3/../../../../arm-none-eabi/lib/armv7-m/libg.a(lib_a-impure.o)
 .data._impure_ptr
                0x0000000020000468        0x4 /usr/bin/../lib/gcc/arm-none-eabi/4.9.3/../../../../arm-none-eabi/lib/armv7-m/libg.a(lib_a-impure.o)
                0x0000000020000468                _impure_ptr
 *(.RamFunc)
                0x000000002000046c                . = ALIGN (0x4)
                0x000000002000046c                _edata = .

.jcr            0x000000002000046c        0x4 load address 0x00000000080038c0
 .jcr           0x000000002000046c        0x0 /usr/bin/../lib/gcc/arm-none-eabi/4.9.3/armv7-m/crtbegin.o
 .jcr           0x000000002000046c        0x4 /usr/bin/../lib/gcc/arm-none-eabi/4.9.3/armv7-m/crtend.o

.igot.plt       0x0000000020000470        0x0 load address 0x00000000080038c4
 .igot.plt      0x0000000000000000        0x0 /usr/bin/../lib/gcc/arm-none-eabi/4.9.3/armv7-m/crtbegin.o
                0x0000000020000470                . = ALIGN (0x4)

.bss            0x0000000020000470      0x828 load address 0x00000000080038c4
                0x0000000020000470                _sbss = .
                0x0000000020000470                __bss_start__ = _sbss
 *(.bss)
 .bss           0x0000000020000470        0x0 /usr/bin/../lib/gcc/arm-none-eabi/4.9.3/armv7-m/crti.o
 .bss           0x0000000020000470       0x1c /usr/bin/../lib/gcc/arm-none-eabi/4.9.3/armv7-m/crtbegin.o
 .bss           0x000000002000048c        0x0 /usr/bin/../lib/gcc/arm-none-eabi/4.9.3/../../../../arm-none-eabi/lib/armv7-m/crt0.o
 .bss           0x000000002000048c        0x0 build/src/main.o
 .bss           0x000000002000048c        0x0 build/src/system_stm32l1xx.o
 .bss           0x000000002000048c        0x0 build/src/startup_stm32l1xx_xl.o
 .bss           0x000000002000048c        0x0 build/src/battery.o
 .bss           0x000000002000048c        0x0 build/src/bluetooth.o
 .bss           0x000000002000048c        0x0 build/src/display.o
 .bss           0x000000002000048c      0x800 build/src/picture.o
 .bss           0x0000000020000c8c        0x0 build/src/icons.o
 .bss           0x0000000020000c8c        0x0 build/../../Libraries/STM32L1xx_StdPeriph_Driver/src/stm32l1xx_spi.o
 .bss           0x0000000020000c8c        0x0 build/../../Libraries/STM32L1xx_StdPeriph_Driver/src/stm32l1xx_gpio.o
 .bss           0x0000000020000c8c        0x0 build/../../Libraries/STM32L1xx_StdPeriph_Driver/src/stm32l1xx_rcc.o
 .bss           0x0000000020000c8c        0x0 /usr/bin/../lib/gcc/arm-none-eabi/4.9.3/armv7-m/libgcc.a(_arm_addsubdf3.o)
 .bss           0x0000000020000c8c        0x0 /usr/bin/../lib/gcc/arm-none-eabi/4.9.3/armv7-m/libgcc.a(_arm_muldivdf3.o)
 .bss           0x0000000020000c8c        0x0 /usr/bin/../lib/gcc/arm-none-eabi/4.9.3/armv7-m/libgcc.a(_arm_cmpdf2.o)
 .bss           0x0000000020000c8c        0x0 /usr/bin/../lib/gcc/arm-none-eabi/4.9.3/armv7-m/libgcc.a(_arm_fixunsdfsi.o)
 .bss           0x0000000020000c8c        0x0 /usr/bin/../lib/gcc/arm-none-eabi/4.9.3/armv7-m/libgcc.a(_arm_truncdfsf2.o)
 .bss           0x0000000020000c8c        0x0 /usr/bin/../lib/gcc/arm-none-eabi/4.9.3/armv7-m/libgcc.a(_arm_addsubsf3.o)
 .bss           0x0000000020000c8c        0x0 /usr/bin/../lib/gcc/arm-none-eabi/4.9.3/armv7-m/libgcc.a(_arm_cmpsf2.o)
 .bss           0x0000000020000c8c        0x0 /usr/bin/../lib/gcc/arm-none-eabi/4.9.3/../../../../arm-none-eabi/lib/armv7-m/libg.a(lib_a-exit.o)
 .bss           0x0000000020000c8c        0x0 /usr/bin/../lib/gcc/arm-none-eabi/4.9.3/../../../../arm-none-eabi/lib/armv7-m/libg.a(lib_a-impure.o)
 .bss           0x0000000020000c8c        0x0 /usr/bin/../lib/gcc/arm-none-eabi/4.9.3/../../../../arm-none-eabi/lib/armv7-m/libg.a(lib_a-init.o)
 .bss           0x0000000020000c8c        0x0 /usr/bin/../lib/gcc/arm-none-eabi/4.9.3/../../../../arm-none-eabi/lib/armv7-m/libg.a(lib_a-memset.o)
 .bss           0x0000000020000c8c        0x0 /usr/bin/../lib/gcc/arm-none-eabi/4.9.3/../../../../arm-none-eabi/lib/armv7-m/libg.a(lib_a-__call_atexit.o)
 .bss           0x0000000020000c8c        0x0 /usr/bin/../lib/gcc/arm-none-eabi/4.9.3/../../../../arm-none-eabi/lib/armv7-m/libg.a(lib_a-atexit.o)
 .bss           0x0000000020000c8c        0x0 /usr/bin/../lib/gcc/arm-none-eabi/4.9.3/../../../../arm-none-eabi/lib/armv7-m/libg.a(lib_a-fini.o)
 .bss           0x0000000020000c8c        0x0 /usr/bin/../lib/gcc/arm-none-eabi/4.9.3/../../../../arm-none-eabi/lib/armv7-m/libg.a(lib_a-__atexit.o)
 .bss           0x0000000020000c8c        0x0 /usr/bin/../lib/gcc/arm-none-eabi/4.9.3/../../../../arm-none-eabi/lib/armv7-m/libnosys.a(_exit.o)
 .bss           0x0000000020000c8c        0x0 /usr/bin/../lib/gcc/arm-none-eabi/4.9.3/armv7-m/crtend.o
 .bss           0x0000000020000c8c        0x0 /usr/bin/../lib/gcc/arm-none-eabi/4.9.3/armv7-m/crtn.o
 .bss           0x0000000020000c8c        0x0 /usr/bin/../lib/gcc/arm-none-eabi/4.9.3/../../../../arm-none-eabi/lib/armv7-m/libm.a(lib_a-s_round.o)
 *(.bss*)
 *(COMMON)
 COMMON         0x0000000020000c8c        0x1 build/src/battery.o
                0x0000000020000c8c                batteryCapacity
 *fill*         0x0000000020000c8d        0x3 
 COMMON         0x0000000020000c90        0x8 build/src/display.o
                0x0000000020000c90                pic
                0x0000000020000c98                . = ALIGN (0x4)
                0x0000000020000c98                _ebss = .
                0x0000000020000c98                __bss_end__ = _ebss

._user_heap_stack
                0x0000000020000c98      0x600 load address 0x00000000080038c4
                0x0000000020000c98                . = ALIGN (0x4)
                0x0000000020000c98                PROVIDE (end, .)
                0x0000000020000c98                PROVIDE (_end, .)
                0x0000000020000e98                . = (. + _Min_Heap_Size)
 *fill*         0x0000000020000c98      0x200 
                0x0000000020001298                . = (. + _Min_Stack_Size)
 *fill*         0x0000000020000e98      0x400 
                0x0000000020001298                . = ALIGN (0x4)

.memory_b1_text
 *(.mb1text)
 *(.mb1text*)
 *(.mb1rodata)
 *(.mb1rodata*)

/DISCARD/
 libc.a(*)
 libm.a(*)
 libgcc.a(*)

.ARM.attributes
                0x0000000000000000       0x29
 *(.ARM.attributes)
 .ARM.attributes
                0x0000000000000000       0x1d /usr/bin/../lib/gcc/arm-none-eabi/4.9.3/armv7-m/crti.o
 .ARM.attributes
                0x000000000000001d       0x2d /usr/bin/../lib/gcc/arm-none-eabi/4.9.3/armv7-m/crtbegin.o
 .ARM.attributes
                0x000000000000004a       0x1b /usr/bin/../lib/gcc/arm-none-eabi/4.9.3/../../../../arm-none-eabi/lib/armv7-m/crt0.o
 .ARM.attributes
                0x0000000000000065       0x33 build/src/main.o
 .ARM.attributes
                0x0000000000000098       0x33 build/src/system_stm32l1xx.o
 .ARM.attributes
                0x00000000000000cb       0x21 build/src/startup_stm32l1xx_xl.o
 .ARM.attributes
                0x00000000000000ec       0x33 build/src/battery.o
 .ARM.attributes
                0x000000000000011f       0x33 build/src/bluetooth.o
 .ARM.attributes
                0x0000000000000152       0x33 build/src/display.o
 .ARM.attributes
                0x0000000000000185       0x33 build/src/picture.o
 .ARM.attributes
                0x00000000000001b8       0x33 build/src/icons.o
 .ARM.attributes
                0x00000000000001eb       0x33 build/../../Libraries/STM32L1xx_StdPeriph_Driver/src/stm32l1xx_spi.o
 .ARM.attributes
                0x000000000000021e       0x33 build/../../Libraries/STM32L1xx_StdPeriph_Driver/src/stm32l1xx_gpio.o
 .ARM.attributes
                0x0000000000000251       0x33 build/../../Libraries/STM32L1xx_StdPeriph_Driver/src/stm32l1xx_rcc.o
 .ARM.attributes
                0x0000000000000284       0x1d /usr/bin/../lib/gcc/arm-none-eabi/4.9.3/armv7-m/libgcc.a(_arm_addsubdf3.o)
 .ARM.attributes
                0x00000000000002a1       0x1d /usr/bin/../lib/gcc/arm-none-eabi/4.9.3/armv7-m/libgcc.a(_arm_muldivdf3.o)
 .ARM.attributes
                0x00000000000002be       0x1d /usr/bin/../lib/gcc/arm-none-eabi/4.9.3/armv7-m/libgcc.a(_arm_cmpdf2.o)
 .ARM.attributes
                0x00000000000002db       0x1d /usr/bin/../lib/gcc/arm-none-eabi/4.9.3/armv7-m/libgcc.a(_arm_fixunsdfsi.o)
 .ARM.attributes
                0x00000000000002f8       0x1d /usr/bin/../lib/gcc/arm-none-eabi/4.9.3/armv7-m/libgcc.a(_arm_truncdfsf2.o)
 .ARM.attributes
                0x0000000000000315       0x1d /usr/bin/../lib/gcc/arm-none-eabi/4.9.3/armv7-m/libgcc.a(_arm_addsubsf3.o)
 .ARM.attributes
                0x0000000000000332       0x1d /usr/bin/../lib/gcc/arm-none-eabi/4.9.3/armv7-m/libgcc.a(_arm_cmpsf2.o)
 .ARM.attributes
                0x000000000000034f       0x2d /usr/bin/../lib/gcc/arm-none-eabi/4.9.3/../../../../arm-none-eabi/lib/armv7-m/libg.a(lib_a-exit.o)
 .ARM.attributes
                0x000000000000037c       0x2d /usr/bin/../lib/gcc/arm-none-eabi/4.9.3/../../../../arm-none-eabi/lib/armv7-m/libg.a(lib_a-impure.o)
 .ARM.attributes
                0x00000000000003a9       0x2d /usr/bin/../lib/gcc/arm-none-eabi/4.9.3/../../../../arm-none-eabi/lib/armv7-m/libg.a(lib_a-init.o)
 .ARM.attributes
                0x00000000000003d6       0x2d /usr/bin/../lib/gcc/arm-none-eabi/4.9.3/../../../../arm-none-eabi/lib/armv7-m/libg.a(lib_a-memset.o)
 .ARM.attributes
                0x0000000000000403       0x2d /usr/bin/../lib/gcc/arm-none-eabi/4.9.3/../../../../arm-none-eabi/lib/armv7-m/libg.a(lib_a-__call_atexit.o)
 .ARM.attributes
                0x0000000000000430       0x2d /usr/bin/../lib/gcc/arm-none-eabi/4.9.3/../../../../arm-none-eabi/lib/armv7-m/libg.a(lib_a-atexit.o)
 .ARM.attributes
                0x000000000000045d       0x2d /usr/bin/../lib/gcc/arm-none-eabi/4.9.3/../../../../arm-none-eabi/lib/armv7-m/libg.a(lib_a-fini.o)
 .ARM.attributes
                0x000000000000048a       0x2d /usr/bin/../lib/gcc/arm-none-eabi/4.9.3/../../../../arm-none-eabi/lib/armv7-m/libg.a(lib_a-__atexit.o)
 .ARM.attributes
                0x00000000000004b7       0x2d /usr/bin/../lib/gcc/arm-none-eabi/4.9.3/../../../../arm-none-eabi/lib/armv7-m/libnosys.a(_exit.o)
 .ARM.attributes
                0x00000000000004e4       0x2d /usr/bin/../lib/gcc/arm-none-eabi/4.9.3/armv7-m/crtend.o
 .ARM.attributes
                0x0000000000000511       0x1d /usr/bin/../lib/gcc/arm-none-eabi/4.9.3/armv7-m/crtn.o
OUTPUT(build/main.elf elf32-littlearm)

.debug_info     0x0000000000000000     0x39c7
 .debug_info    0x0000000000000000       0xd9 build/src/main.o
 .debug_info    0x00000000000000d9      0x54a build/src/system_stm32l1xx.o
 .debug_info    0x0000000000000623       0x7b build/src/startup_stm32l1xx_xl.o
 .debug_info    0x000000000000069e      0x795 build/src/battery.o
 .debug_info    0x0000000000000e33      0x764 build/src/bluetooth.o
 .debug_info    0x0000000000001597      0x807 build/src/display.o
 .debug_info    0x0000000000001d9e      0x2d3 build/src/picture.o
 .debug_info    0x0000000000002071      0x8eb build/../../Libraries/STM32L1xx_StdPeriph_Driver/src/stm32l1xx_spi.o
 .debug_info    0x000000000000295c      0x658 build/../../Libraries/STM32L1xx_StdPeriph_Driver/src/stm32l1xx_gpio.o
 .debug_info    0x0000000000002fb4      0xa13 build/../../Libraries/STM32L1xx_StdPeriph_Driver/src/stm32l1xx_rcc.o

.debug_abbrev   0x0000000000000000      0xca6
 .debug_abbrev  0x0000000000000000       0x7d build/src/main.o
 .debug_abbrev  0x000000000000007d      0x147 build/src/system_stm32l1xx.o
 .debug_abbrev  0x00000000000001c4       0x12 build/src/startup_stm32l1xx_xl.o
 .debug_abbrev  0x00000000000001d6      0x19d build/src/battery.o
 .debug_abbrev  0x0000000000000373      0x193 build/src/bluetooth.o
 .debug_abbrev  0x0000000000000506      0x17d build/src/display.o
 .debug_abbrev  0x0000000000000683      0x119 build/src/picture.o
 .debug_abbrev  0x000000000000079c      0x180 build/../../Libraries/STM32L1xx_StdPeriph_Driver/src/stm32l1xx_spi.o
 .debug_abbrev  0x000000000000091c      0x1a5 build/../../Libraries/STM32L1xx_StdPeriph_Driver/src/stm32l1xx_gpio.o
 .debug_abbrev  0x0000000000000ac1      0x1e5 build/../../Libraries/STM32L1xx_StdPeriph_Driver/src/stm32l1xx_rcc.o

.debug_aranges  0x0000000000000000      0x148
 .debug_aranges
                0x0000000000000000       0x20 build/src/main.o
 .debug_aranges
                0x0000000000000020       0x20 build/src/system_stm32l1xx.o
 .debug_aranges
                0x0000000000000040       0x28 build/src/startup_stm32l1xx_xl.o
 .debug_aranges
                0x0000000000000068       0x20 build/src/battery.o
 .debug_aranges
                0x0000000000000088       0x20 build/src/bluetooth.o
 .debug_aranges
                0x00000000000000a8       0x20 build/src/display.o
 .debug_aranges
                0x00000000000000c8       0x20 build/src/picture.o
 .debug_aranges
                0x00000000000000e8       0x20 build/../../Libraries/STM32L1xx_StdPeriph_Driver/src/stm32l1xx_spi.o
 .debug_aranges
                0x0000000000000108       0x20 build/../../Libraries/STM32L1xx_StdPeriph_Driver/src/stm32l1xx_gpio.o
 .debug_aranges
                0x0000000000000128       0x20 build/../../Libraries/STM32L1xx_StdPeriph_Driver/src/stm32l1xx_rcc.o

.debug_line     0x0000000000000000      0xf81
 .debug_line    0x0000000000000000       0xc9 build/src/main.o
 .debug_line    0x00000000000000c9      0x181 build/src/system_stm32l1xx.o
 .debug_line    0x000000000000024a       0x77 build/src/startup_stm32l1xx_xl.o
 .debug_line    0x00000000000002c1      0x13d build/src/battery.o
 .debug_line    0x00000000000003fe      0x14a build/src/bluetooth.o
 .debug_line    0x0000000000000548      0x1af build/src/display.o
 .debug_line    0x00000000000006f7      0x121 build/src/picture.o
 .debug_line    0x0000000000000818        0x0 build/src/icons.o
 .debug_line    0x0000000000000818      0x27f build/../../Libraries/STM32L1xx_StdPeriph_Driver/src/stm32l1xx_spi.o
 .debug_line    0x0000000000000a97      0x224 build/../../Libraries/STM32L1xx_StdPeriph_Driver/src/stm32l1xx_gpio.o
 .debug_line    0x0000000000000cbb      0x2c6 build/../../Libraries/STM32L1xx_StdPeriph_Driver/src/stm32l1xx_rcc.o

.debug_str      0x0000000000000000     0x1674
 .debug_str     0x0000000000000000      0x156 build/src/main.o
                                        0x19e (size before relaxing)
 .debug_str     0x0000000000000156      0x1cf build/src/system_stm32l1xx.o
                                        0x368 (size before relaxing)
 .debug_str     0x0000000000000325      0x501 build/src/battery.o
                                        0x733 (size before relaxing)
 .debug_str     0x0000000000000826       0xe2 build/src/bluetooth.o
                                        0x70c (size before relaxing)
 .debug_str     0x0000000000000908      0x1f4 build/src/display.o
                                        0x49a (size before relaxing)
 .debug_str     0x0000000000000afc       0x7b build/src/picture.o
                                        0x26b (size before relaxing)
 .debug_str     0x0000000000000b77        0xc build/src/icons.o
                                         0xc6 (size before relaxing)
 .debug_str     0x0000000000000b83      0x3e9 build/../../Libraries/STM32L1xx_StdPeriph_Driver/src/stm32l1xx_spi.o
                                        0x630 (size before relaxing)
 .debug_str     0x0000000000000f6c      0x2e5 build/../../Libraries/STM32L1xx_StdPeriph_Driver/src/stm32l1xx_gpio.o
                                        0x506 (size before relaxing)
 .debug_str     0x0000000000001251      0x423 build/../../Libraries/STM32L1xx_StdPeriph_Driver/src/stm32l1xx_rcc.o
                                        0x743 (size before relaxing)

.comment        0x0000000000000000       0x70
 .comment       0x0000000000000000       0x70 build/src/main.o
                                         0x71 (size before relaxing)
 .comment       0x0000000000000000       0x71 build/src/system_stm32l1xx.o
 .comment       0x0000000000000000       0x71 build/src/battery.o
 .comment       0x0000000000000000       0x71 build/src/bluetooth.o
 .comment       0x0000000000000000       0x71 build/src/display.o
 .comment       0x0000000000000000       0x71 build/src/picture.o
 .comment       0x0000000000000000       0x71 build/src/icons.o
 .comment       0x0000000000000000       0x71 build/../../Libraries/STM32L1xx_StdPeriph_Driver/src/stm32l1xx_spi.o
 .comment       0x0000000000000000       0x71 build/../../Libraries/STM32L1xx_StdPeriph_Driver/src/stm32l1xx_gpio.o
 .comment       0x0000000000000000       0x71 build/../../Libraries/STM32L1xx_StdPeriph_Driver/src/stm32l1xx_rcc.o

.debug_frame    0x0000000000000000     0x11fc
 .debug_frame   0x0000000000000000       0x2c build/src/main.o
 .debug_frame   0x000000000000002c       0x7c build/src/system_stm32l1xx.o
 .debug_frame   0x00000000000000a8       0xd8 build/src/battery.o
 .debug_frame   0x0000000000000180      0x128 build/src/bluetooth.o
 .debug_frame   0x00000000000002a8      0x18c build/src/display.o
 .debug_frame   0x0000000000000434       0x88 build/src/picture.o
 .debug_frame   0x00000000000004bc      0x3a0 build/../../Libraries/STM32L1xx_StdPeriph_Driver/src/stm32l1xx_spi.o
 .debug_frame   0x000000000000085c      0x23c build/../../Libraries/STM32L1xx_StdPeriph_Driver/src/stm32l1xx_gpio.o
 .debug_frame   0x0000000000000a98      0x5e4 build/../../Libraries/STM32L1xx_StdPeriph_Driver/src/stm32l1xx_rcc.o
 .debug_frame   0x000000000000107c       0x28 /usr/bin/../lib/gcc/arm-none-eabi/4.9.3/../../../../arm-none-eabi/lib/armv7-m/libg.a(lib_a-exit.o)
 .debug_frame   0x00000000000010a4       0x2c /usr/bin/../lib/gcc/arm-none-eabi/4.9.3/../../../../arm-none-eabi/lib/armv7-m/libg.a(lib_a-init.o)
 .debug_frame   0x00000000000010d0       0x34 /usr/bin/../lib/gcc/arm-none-eabi/4.9.3/../../../../arm-none-eabi/lib/armv7-m/libg.a(lib_a-memset.o)
 .debug_frame   0x0000000000001104       0x50 /usr/bin/../lib/gcc/arm-none-eabi/4.9.3/../../../../arm-none-eabi/lib/armv7-m/libg.a(lib_a-__call_atexit.o)
 .debug_frame   0x0000000000001154       0x20 /usr/bin/../lib/gcc/arm-none-eabi/4.9.3/../../../../arm-none-eabi/lib/armv7-m/libg.a(lib_a-atexit.o)
 .debug_frame   0x0000000000001174       0x34 /usr/bin/../lib/gcc/arm-none-eabi/4.9.3/../../../../arm-none-eabi/lib/armv7-m/libg.a(lib_a-fini.o)
 .debug_frame   0x00000000000011a8       0x34 /usr/bin/../lib/gcc/arm-none-eabi/4.9.3/../../../../arm-none-eabi/lib/armv7-m/libg.a(lib_a-__atexit.o)
 .debug_frame   0x00000000000011dc       0x20 /usr/bin/../lib/gcc/arm-none-eabi/4.9.3/../../../../arm-none-eabi/lib/armv7-m/libnosys.a(_exit.o)

.debug_ranges   0x0000000000000000       0x20
 .debug_ranges  0x0000000000000000       0x20 build/src/startup_stm32l1xx_xl.o
