Archive member included because of file (symbol)

/usr/bin/../lib/gcc/arm-none-eabi/4.9.3/armv7-m/libgcc.a(_arm_addsubdf3.o)
                              build/src/bluetooth.o (__aeabi_dsub)
/usr/bin/../lib/gcc/arm-none-eabi/4.9.3/armv7-m/libgcc.a(_arm_muldivdf3.o)
                              build/src/battery.o (__aeabi_dmul)
/usr/bin/../lib/gcc/arm-none-eabi/4.9.3/armv7-m/libgcc.a(_arm_cmpdf2.o)
                              build/src/battery.o (__aeabi_dcmplt)
/usr/bin/../lib/gcc/arm-none-eabi/4.9.3/armv7-m/libgcc.a(_arm_fixunsdfsi.o)
                              build/src/battery.o (__aeabi_d2uiz)
/usr/bin/../lib/gcc/arm-none-eabi/4.9.3/armv7-m/libgcc.a(_arm_truncdfsf2.o)
                              build/src/battery.o (__aeabi_d2f)
/usr/bin/../lib/gcc/arm-none-eabi/4.9.3/armv7-m/libgcc.a(_arm_addsubsf3.o)
                              build/src/battery.o (__aeabi_i2f)
/usr/bin/../lib/gcc/arm-none-eabi/4.9.3/armv7-m/libgcc.a(_arm_cmpsf2.o)
                              build/src/battery.o (__aeabi_fcmpgt)
/usr/bin/../lib/gcc/arm-none-eabi/4.9.3/../../../../arm-none-eabi/lib/armv7-m/libg.a(lib_a-exit.o)
                              /usr/bin/../lib/gcc/arm-none-eabi/4.9.3/../../../../arm-none-eabi/lib/armv7-m/crt0.o (exit)
/usr/bin/../lib/gcc/arm-none-eabi/4.9.3/../../../../arm-none-eabi/lib/armv7-m/libg.a(lib_a-impure.o)
                              /usr/bin/../lib/gcc/arm-none-eabi/4.9.3/../../../../arm-none-eabi/lib/armv7-m/libg.a(lib_a-exit.o) (_global_impure_ptr)
/usr/bin/../lib/gcc/arm-none-eabi/4.9.3/../../../../arm-none-eabi/lib/armv7-m/libg.a(lib_a-init.o)
                              /usr/bin/../lib/gcc/arm-none-eabi/4.9.3/../../../../arm-none-eabi/lib/armv7-m/crt0.o (__libc_init_array)
/usr/bin/../lib/gcc/arm-none-eabi/4.9.3/../../../../arm-none-eabi/lib/armv7-m/libg.a(lib_a-memcpy.o)
                              build/FreeRTOS/Source/queue.o (memcpy)
/usr/bin/../lib/gcc/arm-none-eabi/4.9.3/../../../../arm-none-eabi/lib/armv7-m/libg.a(lib_a-memset.o)
                              /usr/bin/../lib/gcc/arm-none-eabi/4.9.3/../../../../arm-none-eabi/lib/armv7-m/crt0.o (memset)
/usr/bin/../lib/gcc/arm-none-eabi/4.9.3/../../../../arm-none-eabi/lib/armv7-m/libg.a(lib_a-strchr.o)
                              build/src/bluetooth.o (strchr)
/usr/bin/../lib/gcc/arm-none-eabi/4.9.3/../../../../arm-none-eabi/lib/armv7-m/libg.a(lib_a-strstr.o)
                              build/src/bluetooth.o (strstr)
/usr/bin/../lib/gcc/arm-none-eabi/4.9.3/../../../../arm-none-eabi/lib/armv7-m/libg.a(lib_a-__call_atexit.o)
                              /usr/bin/../lib/gcc/arm-none-eabi/4.9.3/../../../../arm-none-eabi/lib/armv7-m/libg.a(lib_a-exit.o) (__call_exitprocs)
/usr/bin/../lib/gcc/arm-none-eabi/4.9.3/../../../../arm-none-eabi/lib/armv7-m/libg.a(lib_a-atexit.o)
                              /usr/bin/../lib/gcc/arm-none-eabi/4.9.3/../../../../arm-none-eabi/lib/armv7-m/libg.a(lib_a-__call_atexit.o) (atexit)
/usr/bin/../lib/gcc/arm-none-eabi/4.9.3/../../../../arm-none-eabi/lib/armv7-m/libg.a(lib_a-fini.o)
                              /usr/bin/../lib/gcc/arm-none-eabi/4.9.3/../../../../arm-none-eabi/lib/armv7-m/libg.a(lib_a-__call_atexit.o) (__libc_fini_array)
/usr/bin/../lib/gcc/arm-none-eabi/4.9.3/../../../../arm-none-eabi/lib/armv7-m/libg.a(lib_a-memchr.o)
                              /usr/bin/../lib/gcc/arm-none-eabi/4.9.3/../../../../arm-none-eabi/lib/armv7-m/libg.a(lib_a-strstr.o) (memchr)
/usr/bin/../lib/gcc/arm-none-eabi/4.9.3/../../../../arm-none-eabi/lib/armv7-m/libg.a(lib_a-memcmp.o)
                              /usr/bin/../lib/gcc/arm-none-eabi/4.9.3/../../../../arm-none-eabi/lib/armv7-m/libg.a(lib_a-strstr.o) (memcmp)
/usr/bin/../lib/gcc/arm-none-eabi/4.9.3/../../../../arm-none-eabi/lib/armv7-m/libg.a(lib_a-__atexit.o)
                              /usr/bin/../lib/gcc/arm-none-eabi/4.9.3/../../../../arm-none-eabi/lib/armv7-m/libg.a(lib_a-atexit.o) (__register_exitproc)
/usr/bin/../lib/gcc/arm-none-eabi/4.9.3/../../../../arm-none-eabi/lib/armv7-m/libnosys.a(_exit.o)
                              /usr/bin/../lib/gcc/arm-none-eabi/4.9.3/../../../../arm-none-eabi/lib/armv7-m/libg.a(lib_a-exit.o) (_exit)
/usr/bin/../lib/gcc/arm-none-eabi/4.9.3/../../../../arm-none-eabi/lib/armv7-m/libm.a(lib_a-s_round.o)
                              build/src/bluetooth.o (round)

Allocating common symbols
Common symbol       size              file

sensor_displayQ     0x4               build/src/main.o
ISR_bluetoothQ      0x4               build/src/main.o
xQueueRegistry      0x28              build/FreeRTOS/Source/queue.o
battery_displayQ    0x4               build/src/main.o
bluetooth_clockQ    0x4               build/src/main.o
bluetooth_displayQ  0x4               build/src/main.o
clock_displayQ      0x4               build/src/main.o
button_displayQ     0x4               build/src/main.o

Discarded input sections

 .debug_frame   0x0000000000000000       0x30 /usr/bin/../lib/gcc/arm-none-eabi/4.9.3/../../../../arm-none-eabi/lib/armv7-m/libm.a(lib_a-s_round.o)
 .ARM.attributes
                0x0000000000000000       0x2d /usr/bin/../lib/gcc/arm-none-eabi/4.9.3/../../../../arm-none-eabi/lib/armv7-m/libm.a(lib_a-s_round.o)

Memory Configuration

Name             Origin             Length             Attributes
FLASH            0x0000000008000000 0x0000000000080000 xr
RAM              0x0000000020000000 0x0000000000014000 xrw
MEMORY_B1        0x0000000060000000 0x0000000000000000 xr
*default*        0x0000000000000000 0xffffffffffffffff

Linker script and memory map

LOAD /usr/bin/../lib/gcc/arm-none-eabi/4.9.3/armv7-m/crti.o
LOAD /usr/bin/../lib/gcc/arm-none-eabi/4.9.3/armv7-m/crtbegin.o
LOAD /usr/bin/../lib/gcc/arm-none-eabi/4.9.3/../../../../arm-none-eabi/lib/armv7-m/crt0.o
LOAD build/src/main.o
LOAD build/src/system_stm32l1xx.o
LOAD build/src/startup_stm32l1xx_xl.o
LOAD build/src/stm32l1xx_it.o
LOAD build/src/battery.o
LOAD build/src/bluetooth.o
LOAD build/src/display.o
LOAD build/src/picture.o
LOAD build/src/icons.o
LOAD build/src/sensors.o
LOAD build/src/clock.o
LOAD build/src/button.o
LOAD build/FreeRTOS/Source/list.o
LOAD build/FreeRTOS/Source/queue.o
LOAD build/FreeRTOS/Source/tasks.o
LOAD build/FreeRTOS/Source/timers.o
LOAD build/FreeRTOS/Source/portable/GCC/ARM_CM3/port.o
LOAD build/FreeRTOS/Source/portable/MemMang/heap_2.o
LOAD build/../../Libraries/STM32L1xx_StdPeriph_Driver/src/stm32l1xx_tim.o
LOAD build/../../Libraries/STM32L1xx_StdPeriph_Driver/src/stm32l1xx_rcc.o
START GROUP
LOAD /usr/bin/../lib/gcc/arm-none-eabi/4.9.3/armv7-m/libgcc.a
LOAD /usr/bin/../lib/gcc/arm-none-eabi/4.9.3/../../../../arm-none-eabi/lib/armv7-m/libg.a
LOAD /usr/bin/../lib/gcc/arm-none-eabi/4.9.3/../../../../arm-none-eabi/lib/armv7-m/libc.a
END GROUP
START GROUP
LOAD /usr/bin/../lib/gcc/arm-none-eabi/4.9.3/armv7-m/libgcc.a
LOAD /usr/bin/../lib/gcc/arm-none-eabi/4.9.3/../../../../arm-none-eabi/lib/armv7-m/libc.a
LOAD /usr/bin/../lib/gcc/arm-none-eabi/4.9.3/../../../../arm-none-eabi/lib/armv7-m/libnosys.a
END GROUP
LOAD /usr/bin/../lib/gcc/arm-none-eabi/4.9.3/armv7-m/crtend.o
LOAD /usr/bin/../lib/gcc/arm-none-eabi/4.9.3/armv7-m/crtn.o
                0x0000000020014000                _estack = 0x20014000
                0x0000000000000200                _Min_Heap_Size = 0x200
                0x0000000000000400                _Min_Stack_Size = 0x400

.isr_vector     0x0000000008000000      0x13c
                0x0000000008000000                . = ALIGN (0x4)
 *(.isr_vector)
 .isr_vector    0x0000000008000000      0x13c build/src/startup_stm32l1xx_xl.o
                0x0000000008000000                g_pfnVectors
                0x000000000800013c                . = ALIGN (0x4)

.text           0x0000000008000140     0x8c88
                0x0000000008000140                . = ALIGN (0x4)
 *(.text)
 .text          0x0000000008000140        0x0 /usr/bin/../lib/gcc/arm-none-eabi/4.9.3/armv7-m/crti.o
 .text          0x0000000008000140       0x5c /usr/bin/../lib/gcc/arm-none-eabi/4.9.3/armv7-m/crtbegin.o
 .text          0x000000000800019c       0x74 /usr/bin/../lib/gcc/arm-none-eabi/4.9.3/../../../../arm-none-eabi/lib/armv7-m/crt0.o
                0x000000000800019c                _mainCRTStartup
                0x000000000800019c                _start
 .text          0x0000000008000210      0x15c build/src/main.o
                0x0000000008000210                main
 .text          0x000000000800036c      0x2d8 build/src/system_stm32l1xx.o
                0x000000000800036c                SystemInit
                0x00000000080003d0                SystemCoreClockUpdate
 .text          0x0000000008000644       0x14 build/src/startup_stm32l1xx_xl.o
 .text          0x0000000008000658       0x44 build/src/stm32l1xx_it.o
                0x0000000008000658                NMI_Handler
                0x0000000008000664                HardFault_Handler
                0x000000000800066c                MemManage_Handler
                0x0000000008000674                BusFault_Handler
                0x000000000800067c                UsageFault_Handler
                0x0000000008000684                DebugMon_Handler
                0x0000000008000690                PPP_IRQHandler
 *fill*         0x000000000800069c        0x4 
 .text          0x00000000080006a0      0x21c build/src/battery.o
                0x00000000080006a0                battery_t
                0x00000000080006b8                battery_peripheralInit
                0x0000000008000874                ADC1_IRQHandler
 *fill*         0x00000000080008bc        0x4 
 .text          0x00000000080008c0      0x6b0 build/src/bluetooth.o
                0x00000000080008c0                bluetooth_t
                0x0000000008000bdc                bluetooth_peripheralInit
                0x0000000008000f30                USART1_IRQHandler
 .text          0x0000000008000f70      0x4d8 build/src/display.o
                0x0000000008000f70                display_t
                0x000000000800111c                display_peripheralInit
 .text          0x0000000008001448     0x10d4 build/src/picture.o
                0x0000000008001448                getPicture
                0x0000000008001470                addLogoFrame
                0x00000000080014b0                addBatteryFrame
                0x000000000800157c                addCallFrame
                0x00000000080015bc                removeCallFrame
                0x00000000080015fc                addSmsFrame
                0x000000000800163c                removeSmsFrame
                0x000000000800167c                addMailFrame
                0x00000000080016bc                removeMailFrame
                0x00000000080016fc                addHumidityFrame
                0x00000000080019ec                addTemperatureFrame
                0x0000000008001cdc                addDateFrame
                0x0000000008002050                addTimeFrame
 .text          0x000000000800251c      0x9a0 build/src/icons.o
                0x000000000800251c                getLogoIcon
                0x0000000008002554                getBatteryIcon0
                0x000000000800258c                getBatteryIcon25
                0x00000000080025c4                getBatteryIcon50
                0x00000000080025fc                getBatteryIcon75
                0x0000000008002634                getBatteryIcon100
                0x000000000800266c                getMissedCallIcon
                0x00000000080026a4                getNewSmsIcon
                0x00000000080026dc                getNewMailIcon
                0x0000000008002714                removeNotificationIcon
                0x000000000800274c                getSmallZeroNumberIcon
                0x0000000008002784                getSmallOneNumberIcon
                0x00000000080027bc                getSmallTwoNumberIcon
                0x00000000080027f4                getSmallThreeNumberIcon
                0x000000000800282c                getSmallFourNumberIcon
                0x0000000008002864                getSmallFiveNumberIcon
                0x000000000800289c                getSmallSixNumberIcon
                0x00000000080028d4                getSmallSevenNumberIcon
                0x000000000800290c                getSmallEightNumberIcon
                0x0000000008002944                getSmallNineNumberIcon
                0x000000000800297c                getMediumZeroNumberIcon
                0x00000000080029b4                getSmallPercentIcon
                0x00000000080029ec                getMediumOneNumberIcon
                0x0000000008002a24                getSmallCelsiusIcon
                0x0000000008002a5c                getMediumTwoNumberIcon
                0x0000000008002a94                getMediumThreeNumberIcon
                0x0000000008002acc                getMediumFourNumberIcon
                0x0000000008002b04                getMediumFiveNumberIcon
                0x0000000008002b3c                getMediumSixNumberIcon
                0x0000000008002b74                getMediumSevenNumberIcon
                0x0000000008002bac                getMediumEightNumberIcon
                0x0000000008002be4                getMediumNineNumberIcon
                0x0000000008002c1c                getMediumDotIcon
                0x0000000008002c54                getBigZeroNumberIcon
                0x0000000008002c8c                getBigOneNumberIcon
                0x0000000008002cc4                getBigTwoNumberIcon
                0x0000000008002cfc                getBigThreeNumberIcon
                0x0000000008002d34                getBigFourNumberIcon
                0x0000000008002d6c                getBigFiveNumberIcon
                0x0000000008002da4                getBigSixNumberIcon
                0x0000000008002ddc                getBigSevenNumberIcon
                0x0000000008002e14                getBigEightNumberIcon
                0x0000000008002e4c                getBigNineNumberIcon
                0x0000000008002e84                getBigColonIcon
 .text          0x0000000008002ebc      0x350 build/src/sensors.o
                0x0000000008002ebc                sensors_t
                0x0000000008002f4c                sensors_peripheralInit
 .text          0x000000000800320c      0x468 build/src/clock.o
                0x000000000800320c                clock_t
                0x000000000800325c                clock_peripheralInit
                0x0000000008003618                RTC_Alarm_IRQHandler
 .text          0x0000000008003674      0x1dc build/src/button.o
                0x0000000008003674                button_peripheralInit
                0x0000000008003794                EXTI3_IRQHandler
                0x00000000080037b4                TIM2_IRQHandler
 .text          0x0000000008003850      0x164 build/FreeRTOS/Source/list.o
                0x0000000008003850                vListInitialise
                0x0000000008003890                vListInitialiseItem
                0x00000000080038a8                vListInsertEnd
                0x00000000080038f0                vListInsert
                0x0000000008003960                uxListRemove
 .text          0x00000000080039b4      0x8cc build/FreeRTOS/Source/queue.o
                0x00000000080039b4                xQueueGenericReset
                0x0000000008003a58                xQueueGenericCreate
                0x0000000008003ad0                xQueueGenericSend
                0x0000000008003bf4                xQueueGenericSendFromISR
                0x0000000008003c7c                xQueueGiveFromISR
                0x0000000008003cfc                xQueueGenericReceive
                0x0000000008003e40                xQueueReceiveFromISR
                0x0000000008003ec4                xQueuePeekFromISR
                0x0000000008003f10                uxQueueMessagesWaiting
                0x0000000008003f30                uxQueueSpacesAvailable
                0x0000000008003f5c                uxQueueMessagesWaitingFromISR
                0x0000000008003f78                vQueueDelete
                0x0000000008004168                xQueueIsQueueEmptyFromISR
                0x00000000080041c0                xQueueIsQueueFullFromISR
                0x00000000080041ec                vQueueAddToRegistry
                0x000000000800423c                vQueueUnregisterQueue
 .text          0x0000000008004280      0xee8 build/FreeRTOS/Source/tasks.o
                0x0000000008004280                xTaskGenericCreate
                0x00000000080043b8                vTaskDelayUntil
                0x0000000008004470                vTaskDelay
                0x00000000080044e4                vTaskSuspend
                0x0000000008004620                vTaskResume
                0x00000000080046b0                xTaskResumeFromISR
                0x000000000800475c                vTaskStartScheduler
                0x00000000080047bc                vTaskEndScheduler
                0x00000000080047d4                vTaskSuspendAll
                0x00000000080047f0                xTaskResumeAll
                0x00000000080048f0                xTaskGetTickCount
                0x0000000008004910                xTaskGetTickCountFromISR
                0x0000000008004934                uxTaskGetNumberOfTasks
                0x000000000800494c                xTaskIncrementTick
                0x0000000008004aac                vTaskSwitchContext
                0x0000000008004b38                vTaskPlaceOnEventList
                0x0000000008004bb8                vTaskPlaceOnUnorderedEventList
                0x0000000008004c48                xTaskRemoveFromEventList
                0x0000000008004cf4                xTaskRemoveFromUnorderedEventList
                0x0000000008004d88                vTaskSetTimeOutState
                0x0000000008004db4                xTaskCheckForTimeOut
                0x0000000008004e3c                vTaskMissedYield
                0x0000000008004f20                vTaskSetThreadLocalStoragePointer
                0x0000000008004f60                pvTaskGetThreadLocalStoragePointer
                0x0000000008005138                uxTaskResetEventItemValue
 .text          0x0000000008005168        0x0 build/FreeRTOS/Source/timers.o
 .text          0x0000000008005168      0x200 build/FreeRTOS/Source/portable/GCC/ARM_CM3/port.o
                0x0000000008005168                pxPortInitialiseStack
                0x00000000080051cc                SVC_Handler
                0x000000000800520c                xPortStartScheduler
                0x0000000008005248                vPortEndScheduler
                0x0000000008005254                vPortYield
                0x0000000008005274                vPortEnterCritical
                0x0000000008005294                vPortExitCritical
                0x00000000080052b8                ulPortSetInterruptMask
                0x00000000080052cc                vPortClearInterruptMask
                0x00000000080052d4                PendSV_Handler
                0x0000000008005318                SysTick_Handler
                0x0000000008005340                vPortSetupTimerInterrupt
 .text          0x0000000008005368      0x200 build/FreeRTOS/Source/portable/MemMang/heap_2.o
                0x0000000008005368                pvPortMalloc
                0x0000000008005484                vPortFree
                0x00000000080054f4                xPortGetFreeHeapSize
                0x000000000800550c                vPortInitialiseBlocks
 .text          0x0000000008005568     0x1734 build/../../Libraries/STM32L1xx_StdPeriph_Driver/src/stm32l1xx_tim.o
                0x0000000008005568                TIM_DeInit
                0x0000000008005680                TIM_TimeBaseInit
                0x0000000008005724                TIM_TimeBaseStructInit
                0x0000000008005750                TIM_PrescalerConfig
                0x0000000008005778                TIM_CounterModeConfig
                0x00000000080057b0                TIM_SetCounter
                0x00000000080057cc                TIM_SetAutoreload
                0x00000000080057e8                TIM_GetCounter
                0x0000000008005800                TIM_GetPrescaler
                0x000000000800581c                TIM_UpdateDisableConfig
                0x000000000800585c                TIM_UpdateRequestConfig
                0x000000000800589c                TIM_ARRPreloadConfig
                0x00000000080058dc                TIM_SelectOnePulseMode
                0x0000000008005914                TIM_SetClockDivision
                0x000000000800594c                TIM_Cmd
                0x000000000800598c                TIM_OC1Init
                0x0000000008005a10                TIM_OC2Init
                0x0000000008005a98                TIM_OC3Init
                0x0000000008005b1c                TIM_OC4Init
                0x0000000008005ba4                TIM_OCStructInit
                0x0000000008005bd0                TIM_SelectOCxM
                0x0000000008005c7c                TIM_SetCompare1
                0x0000000008005c98                TIM_SetCompare2
                0x0000000008005cb4                TIM_SetCompare3
                0x0000000008005cd0                TIM_SetCompare4
                0x0000000008005cec                TIM_ForcedOC1Config
                0x0000000008005d24                TIM_ForcedOC2Config
                0x0000000008005d60                TIM_ForcedOC3Config
                0x0000000008005d98                TIM_ForcedOC4Config
                0x0000000008005dd4                TIM_OC1PreloadConfig
                0x0000000008005e0c                TIM_OC2PreloadConfig
                0x0000000008005e48                TIM_OC3PreloadConfig
                0x0000000008005e80                TIM_OC4PreloadConfig
                0x0000000008005ebc                TIM_OC1FastConfig
                0x0000000008005ef4                TIM_OC2FastConfig
                0x0000000008005f30                TIM_OC3FastConfig
                0x0000000008005f68                TIM_OC4FastConfig
                0x0000000008005fa4                TIM_ClearOC1Ref
                0x0000000008005fdc                TIM_ClearOC2Ref
                0x0000000008006018                TIM_ClearOC3Ref
                0x0000000008006050                TIM_ClearOC4Ref
                0x000000000800608c                TIM_OC1PolarityConfig
                0x00000000080060c4                TIM_OC2PolarityConfig
                0x0000000008006100                TIM_OC3PolarityConfig
                0x000000000800613c                TIM_OC4PolarityConfig
                0x0000000008006178                TIM_SelectOCREFClear
                0x00000000080061b0                TIM_CCxCmd
                0x0000000008006204                TIM_ICInit
                0x00000000080062ac                TIM_ICStructInit
                0x00000000080062dc                TIM_PWMIConfig
                0x0000000008006394                TIM_GetCapture1
                0x00000000080063ac                TIM_GetCapture2
                0x00000000080063c4                TIM_GetCapture3
                0x00000000080063dc                TIM_GetCapture4
                0x00000000080063f4                TIM_SetIC1Prescaler
                0x000000000800642c                TIM_SetIC2Prescaler
                0x0000000008006468                TIM_SetIC3Prescaler
                0x00000000080064a0                TIM_SetIC4Prescaler
                0x00000000080064dc                TIM_ITConfig
                0x0000000008006524                TIM_GenerateEvent
                0x0000000008006540                TIM_GetFlagStatus
                0x0000000008006578                TIM_ClearFlag
                0x0000000008006598                TIM_GetITStatus
                0x00000000080065ec                TIM_ClearITPendingBit
                0x000000000800660c                TIM_DMAConfig
                0x0000000008006634                TIM_DMACmd
                0x000000000800667c                TIM_SelectCCDMA
                0x00000000080066bc                TIM_InternalClockConfig
                0x00000000080066e0                TIM_ITRxExternalClockConfig
                0x000000000800670c                TIM_TIxExternalClockConfig
                0x000000000800676c                TIM_ETRClockMode1Config
                0x00000000080067c8                TIM_ETRClockMode2Config
                0x0000000008006804                TIM_SelectInputTrigger
                0x000000000800683c                TIM_SelectOutputTrigger
                0x0000000008006874                TIM_SelectSlaveMode
                0x00000000080068ac                TIM_SelectMasterSlaveMode
                0x00000000080068e4                TIM_ETRConfig
                0x0000000008006938                TIM_EncoderInterfaceConfig
                0x00000000080069d0                TIM_SelectHallSensor
                0x0000000008006a10                TIM_RemapConfig
 .text          0x0000000008006c9c      0x944 build/../../Libraries/STM32L1xx_StdPeriph_Driver/src/stm32l1xx_rcc.o
                0x0000000008006c9c                RCC_DeInit
                0x0000000008006cf8                RCC_HSEConfig
                0x0000000008006d1c                RCC_WaitForHSEStartUp
                0x0000000008006d6c                RCC_AdjustMSICalibrationValue
                0x0000000008006d8c                RCC_MSIRangeConfig
                0x0000000008006dc4                RCC_MSICmd
                0x0000000008006de4                RCC_AdjustHSICalibrationValue
                0x0000000008006e20                RCC_HSICmd
                0x0000000008006e40                RCC_LSEConfig
                0x0000000008006e64                RCC_LSICmd
                0x0000000008006e84                RCC_PLLConfig
                0x0000000008006eb8                RCC_PLLCmd
                0x0000000008006ed8                RCC_ClockSecuritySystemCmd
                0x0000000008006ef8                RCC_LSEClockSecuritySystemCmd
                0x0000000008006f18                RCC_MCOConfig
                0x0000000008006f44                RCC_SYSCLKConfig
                0x0000000008006f7c                RCC_GetSYSCLKSource
                0x0000000008006f9c                RCC_HCLKConfig
                0x0000000008006fd4                RCC_PCLK1Config
                0x000000000800700c                RCC_PCLK2Config
                0x0000000008007044                RCC_GetClocksFreq
                0x00000000080071f8                RCC_RTCCLKConfig
                0x000000000800725c                RCC_RTCCLKCmd
                0x000000000800727c                RCC_RTCResetCmd
                0x000000000800729c                RCC_AHBPeriphClockCmd
                0x00000000080072d8                RCC_APB2PeriphClockCmd
                0x0000000008007314                RCC_APB1PeriphClockCmd
                0x0000000008007350                RCC_AHBPeriphResetCmd
                0x000000000800738c                RCC_APB2PeriphResetCmd
                0x00000000080073c8                RCC_APB1PeriphResetCmd
                0x0000000008007404                RCC_AHBPeriphClockLPModeCmd
                0x0000000008007440                RCC_APB2PeriphClockLPModeCmd
                0x000000000800747c                RCC_APB1PeriphClockLPModeCmd
                0x00000000080074b8                RCC_ITConfig
                0x0000000008007504                RCC_GetFlagStatus
                0x000000000800756c                RCC_ClearFlag
                0x0000000008007588                RCC_GetITStatus
                0x00000000080075c0                RCC_ClearITPendingBit
 .text          0x00000000080075e0      0x370 /usr/bin/../lib/gcc/arm-none-eabi/4.9.3/armv7-m/libgcc.a(_arm_addsubdf3.o)
                0x00000000080075e0                __aeabi_drsub
                0x00000000080075e8                __aeabi_dsub
                0x00000000080075e8                __subdf3
                0x00000000080075ec                __adddf3
                0x00000000080075ec                __aeabi_dadd
                0x0000000008007864                __aeabi_ui2d
                0x0000000008007864                __floatunsidf
                0x0000000008007884                __floatsidf
                0x0000000008007884                __aeabi_i2d
                0x00000000080078a8                __extendsfdf2
                0x00000000080078a8                __aeabi_f2d
                0x00000000080078e4                __aeabi_ul2d
                0x00000000080078e4                __floatundidf
                0x00000000080078f4                __floatdidf
                0x00000000080078f4                __aeabi_l2d
 .text          0x0000000008007950      0x424 /usr/bin/../lib/gcc/arm-none-eabi/4.9.3/armv7-m/libgcc.a(_arm_muldivdf3.o)
                0x0000000008007950                __aeabi_dmul
                0x0000000008007950                __muldf3
                0x0000000008007ba4                __aeabi_ddiv
                0x0000000008007ba4                __divdf3
 .text          0x0000000008007d74      0x110 /usr/bin/../lib/gcc/arm-none-eabi/4.9.3/armv7-m/libgcc.a(_arm_cmpdf2.o)
                0x0000000008007d74                __gtdf2
                0x0000000008007d74                __gedf2
                0x0000000008007d7c                __ltdf2
                0x0000000008007d7c                __ledf2
                0x0000000008007d84                __cmpdf2
                0x0000000008007d84                __eqdf2
                0x0000000008007d84                __nedf2
                0x0000000008007e00                __aeabi_cdrcmple
                0x0000000008007e10                __aeabi_cdcmple
                0x0000000008007e10                __aeabi_cdcmpeq
                0x0000000008007e20                __aeabi_dcmpeq
                0x0000000008007e34                __aeabi_dcmplt
                0x0000000008007e48                __aeabi_dcmple
                0x0000000008007e5c                __aeabi_dcmpge
                0x0000000008007e70                __aeabi_dcmpgt
 .text          0x0000000008007e84       0x40 /usr/bin/../lib/gcc/arm-none-eabi/4.9.3/armv7-m/libgcc.a(_arm_fixunsdfsi.o)
                0x0000000008007e84                __fixunsdfsi
                0x0000000008007e84                __aeabi_d2uiz
 .text          0x0000000008007ec4       0xa0 /usr/bin/../lib/gcc/arm-none-eabi/4.9.3/armv7-m/libgcc.a(_arm_truncdfsf2.o)
                0x0000000008007ec4                __aeabi_d2f
                0x0000000008007ec4                __truncdfsf2
 .text          0x0000000008007f64      0x21c /usr/bin/../lib/gcc/arm-none-eabi/4.9.3/armv7-m/libgcc.a(_arm_addsubsf3.o)
                0x0000000008007f64                __aeabi_frsub
                0x0000000008007f6c                __subsf3
                0x0000000008007f6c                __aeabi_fsub
                0x0000000008007f70                __aeabi_fadd
                0x0000000008007f70                __addsf3
                0x00000000080080d0                __aeabi_ui2f
                0x00000000080080d0                __floatunsisf
                0x00000000080080d8                __aeabi_i2f
                0x00000000080080d8                __floatsisf
                0x00000000080080f4                __floatundisf
                0x00000000080080f4                __aeabi_ul2f
                0x0000000008008104                __floatdisf
                0x0000000008008104                __aeabi_l2f
 .text          0x0000000008008180       0xec /usr/bin/../lib/gcc/arm-none-eabi/4.9.3/armv7-m/libgcc.a(_arm_cmpsf2.o)
                0x0000000008008180                __gtsf2
                0x0000000008008180                __gesf2
                0x0000000008008188                __lesf2
                0x0000000008008188                __ltsf2
                0x0000000008008190                __nesf2
                0x0000000008008190                __eqsf2
                0x0000000008008190                __cmpsf2
                0x00000000080081f0                __aeabi_cfrcmple
                0x00000000080081f8                __aeabi_cfcmple
                0x00000000080081f8                __aeabi_cfcmpeq
                0x0000000008008208                __aeabi_fcmpeq
                0x000000000800821c                __aeabi_fcmplt
                0x0000000008008230                __aeabi_fcmple
                0x0000000008008244                __aeabi_fcmpge
                0x0000000008008258                __aeabi_fcmpgt
 .text          0x000000000800826c        0x0 /usr/bin/../lib/gcc/arm-none-eabi/4.9.3/../../../../arm-none-eabi/lib/armv7-m/libg.a(lib_a-exit.o)
 .text          0x000000000800826c        0x0 /usr/bin/../lib/gcc/arm-none-eabi/4.9.3/../../../../arm-none-eabi/lib/armv7-m/libg.a(lib_a-impure.o)
 .text          0x000000000800826c        0x0 /usr/bin/../lib/gcc/arm-none-eabi/4.9.3/../../../../arm-none-eabi/lib/armv7-m/libg.a(lib_a-init.o)
 .text          0x000000000800826c       0xec /usr/bin/../lib/gcc/arm-none-eabi/4.9.3/../../../../arm-none-eabi/lib/armv7-m/libg.a(lib_a-memcpy.o)
                0x000000000800826c                memcpy
 .text          0x0000000008008358        0x0 /usr/bin/../lib/gcc/arm-none-eabi/4.9.3/../../../../arm-none-eabi/lib/armv7-m/libg.a(lib_a-memset.o)
 .text          0x0000000008008358        0x0 /usr/bin/../lib/gcc/arm-none-eabi/4.9.3/../../../../arm-none-eabi/lib/armv7-m/libg.a(lib_a-strchr.o)
 .text          0x0000000008008358        0x0 /usr/bin/../lib/gcc/arm-none-eabi/4.9.3/../../../../arm-none-eabi/lib/armv7-m/libg.a(lib_a-strstr.o)
 .text          0x0000000008008358        0x0 /usr/bin/../lib/gcc/arm-none-eabi/4.9.3/../../../../arm-none-eabi/lib/armv7-m/libg.a(lib_a-__call_atexit.o)
 .text          0x0000000008008358        0x0 /usr/bin/../lib/gcc/arm-none-eabi/4.9.3/../../../../arm-none-eabi/lib/armv7-m/libg.a(lib_a-atexit.o)
 .text          0x0000000008008358        0x0 /usr/bin/../lib/gcc/arm-none-eabi/4.9.3/../../../../arm-none-eabi/lib/armv7-m/libg.a(lib_a-fini.o)
 .text          0x0000000008008358        0x0 /usr/bin/../lib/gcc/arm-none-eabi/4.9.3/../../../../arm-none-eabi/lib/armv7-m/libg.a(lib_a-memchr.o)
 .text          0x0000000008008358        0x0 /usr/bin/../lib/gcc/arm-none-eabi/4.9.3/../../../../arm-none-eabi/lib/armv7-m/libg.a(lib_a-memcmp.o)
 .text          0x0000000008008358        0x0 /usr/bin/../lib/gcc/arm-none-eabi/4.9.3/../../../../arm-none-eabi/lib/armv7-m/libg.a(lib_a-__atexit.o)
 .text          0x0000000008008358        0x0 /usr/bin/../lib/gcc/arm-none-eabi/4.9.3/../../../../arm-none-eabi/lib/armv7-m/libnosys.a(_exit.o)
 .text          0x0000000008008358        0x0 /usr/bin/../lib/gcc/arm-none-eabi/4.9.3/armv7-m/crtend.o
 .text          0x0000000008008358        0x0 /usr/bin/../lib/gcc/arm-none-eabi/4.9.3/armv7-m/crtn.o
 .text          0x0000000008008358        0x0 /usr/bin/../lib/gcc/arm-none-eabi/4.9.3/../../../../arm-none-eabi/lib/armv7-m/libm.a(lib_a-s_round.o)
 *(.text*)
 .text.Reset_Handler
                0x0000000008008358       0x48 build/src/startup_stm32l1xx_xl.o
                0x0000000008008358                Reset_Handler
 .text.Default_Handler
                0x00000000080083a0        0x2 build/src/startup_stm32l1xx_xl.o
                0x00000000080083a0                EXTI2_IRQHandler
                0x00000000080083a0                COMP_ACQ_IRQHandler
                0x00000000080083a0                TIM10_IRQHandler
                0x00000000080083a0                USB_HP_IRQHandler
                0x00000000080083a0                TIM6_IRQHandler
                0x00000000080083a0                PVD_IRQHandler
                0x00000000080083a0                EXTI0_IRQHandler
                0x00000000080083a0                I2C2_EV_IRQHandler
                0x00000000080083a0                SPI1_IRQHandler
                0x00000000080083a0                USB_FS_WKUP_IRQHandler
                0x00000000080083a0                DMA2_Channel2_IRQHandler
                0x00000000080083a0                DMA1_Channel4_IRQHandler
                0x00000000080083a0                USART3_IRQHandler
                0x00000000080083a0                DMA1_Channel7_IRQHandler
                0x00000000080083a0                LCD_IRQHandler
                0x00000000080083a0                UART5_IRQHandler
                0x00000000080083a0                TIM4_IRQHandler
                0x00000000080083a0                DMA2_Channel1_IRQHandler
                0x00000000080083a0                I2C1_EV_IRQHandler
                0x00000000080083a0                DMA1_Channel6_IRQHandler
                0x00000000080083a0                UART4_IRQHandler
                0x00000000080083a0                DMA2_Channel4_IRQHandler
                0x00000000080083a0                TIM3_IRQHandler
                0x00000000080083a0                RCC_IRQHandler
                0x00000000080083a0                DMA1_Channel1_IRQHandler
                0x00000000080083a0                Default_Handler
                0x00000000080083a0                EXTI15_10_IRQHandler
                0x00000000080083a0                TIM7_IRQHandler
                0x00000000080083a0                TIM5_IRQHandler
                0x00000000080083a0                EXTI9_5_IRQHandler
                0x00000000080083a0                TIM9_IRQHandler
                0x00000000080083a0                TAMPER_STAMP_IRQHandler
                0x00000000080083a0                RTC_WKUP_IRQHandler
                0x00000000080083a0                SPI2_IRQHandler
                0x00000000080083a0                DMA2_Channel5_IRQHandler
                0x00000000080083a0                DMA1_Channel5_IRQHandler
                0x00000000080083a0                USB_LP_IRQHandler
                0x00000000080083a0                EXTI4_IRQHandler
                0x00000000080083a0                DMA1_Channel3_IRQHandler
                0x00000000080083a0                COMP_IRQHandler
                0x00000000080083a0                WWDG_IRQHandler
                0x00000000080083a0                DAC_IRQHandler
                0x00000000080083a0                EXTI1_IRQHandler
                0x00000000080083a0                AES_IRQHandler
                0x00000000080083a0                TIM11_IRQHandler
                0x00000000080083a0                USART2_IRQHandler
                0x00000000080083a0                I2C2_ER_IRQHandler
                0x00000000080083a0                DMA1_Channel2_IRQHandler
                0x00000000080083a0                FLASH_IRQHandler
                0x00000000080083a0                SPI3_IRQHandler
                0x00000000080083a0                I2C1_ER_IRQHandler
                0x00000000080083a0                DMA2_Channel3_IRQHandler
 *fill*         0x00000000080083a2        0x2 
 .text.exit     0x00000000080083a4       0x20 /usr/bin/../lib/gcc/arm-none-eabi/4.9.3/../../../../arm-none-eabi/lib/armv7-m/libg.a(lib_a-exit.o)
                0x00000000080083a4                exit
 .text.__libc_init_array
                0x00000000080083c4       0x50 /usr/bin/../lib/gcc/arm-none-eabi/4.9.3/../../../../arm-none-eabi/lib/armv7-m/libg.a(lib_a-init.o)
                0x00000000080083c4                __libc_init_array
 .text.memset   0x0000000008008414       0x9c /usr/bin/../lib/gcc/arm-none-eabi/4.9.3/../../../../arm-none-eabi/lib/armv7-m/libg.a(lib_a-memset.o)
                0x0000000008008414                memset
 .text.strchr   0x00000000080084b0       0xcc /usr/bin/../lib/gcc/arm-none-eabi/4.9.3/../../../../arm-none-eabi/lib/armv7-m/libg.a(lib_a-strchr.o)
                0x00000000080084b0                strchr
 .text.critical_factorization
                0x000000000800857c       0xb8 /usr/bin/../lib/gcc/arm-none-eabi/4.9.3/../../../../arm-none-eabi/lib/armv7-m/libg.a(lib_a-strstr.o)
 .text.two_way_long_needle
                0x0000000008008634      0x1f8 /usr/bin/../lib/gcc/arm-none-eabi/4.9.3/../../../../arm-none-eabi/lib/armv7-m/libg.a(lib_a-strstr.o)
 .text.strstr   0x000000000800882c      0x220 /usr/bin/../lib/gcc/arm-none-eabi/4.9.3/../../../../arm-none-eabi/lib/armv7-m/libg.a(lib_a-strstr.o)
                0x000000000800882c                strstr
 .text.startup.register_fini
                0x0000000008008a4c       0x14 /usr/bin/../lib/gcc/arm-none-eabi/4.9.3/../../../../arm-none-eabi/lib/armv7-m/libg.a(lib_a-__call_atexit.o)
 .text.__call_exitprocs
                0x0000000008008a60       0xd4 /usr/bin/../lib/gcc/arm-none-eabi/4.9.3/../../../../arm-none-eabi/lib/armv7-m/libg.a(lib_a-__call_atexit.o)
                0x0000000008008a60                __call_exitprocs
 .text.atexit   0x0000000008008b34        0xc /usr/bin/../lib/gcc/arm-none-eabi/4.9.3/../../../../arm-none-eabi/lib/armv7-m/libg.a(lib_a-atexit.o)
                0x0000000008008b34                atexit
 .text.__libc_fini_array
                0x0000000008008b40       0x2c /usr/bin/../lib/gcc/arm-none-eabi/4.9.3/../../../../arm-none-eabi/lib/armv7-m/libg.a(lib_a-fini.o)
                0x0000000008008b40                __libc_fini_array
 .text.memchr   0x0000000008008b6c       0x94 /usr/bin/../lib/gcc/arm-none-eabi/4.9.3/../../../../arm-none-eabi/lib/armv7-m/libg.a(lib_a-memchr.o)
                0x0000000008008b6c                memchr
 .text.memcmp   0x0000000008008c00       0x64 /usr/bin/../lib/gcc/arm-none-eabi/4.9.3/../../../../arm-none-eabi/lib/armv7-m/libg.a(lib_a-memcmp.o)
                0x0000000008008c00                memcmp
 .text.__register_exitproc
                0x0000000008008c64       0xa4 /usr/bin/../lib/gcc/arm-none-eabi/4.9.3/../../../../arm-none-eabi/lib/armv7-m/libg.a(lib_a-__atexit.o)
                0x0000000008008c64                __register_exitproc
 .text._exit    0x0000000008008d08        0x4 /usr/bin/../lib/gcc/arm-none-eabi/4.9.3/../../../../arm-none-eabi/lib/armv7-m/libnosys.a(_exit.o)
                0x0000000008008d08                _exit
 .text.round    0x0000000008008d0c       0xa0 /usr/bin/../lib/gcc/arm-none-eabi/4.9.3/../../../../arm-none-eabi/lib/armv7-m/libm.a(lib_a-s_round.o)
                0x0000000008008d0c                round
 *(.glue_7)
 .glue_7        0x0000000000000000        0x0 linker stubs
 *(.glue_7t)
 .glue_7t       0x0000000000000000        0x0 linker stubs
 *(.eh_frame)
 .eh_frame      0x0000000008008dac        0x0 /usr/bin/../lib/gcc/arm-none-eabi/4.9.3/armv7-m/crtbegin.o
 .eh_frame      0x0000000008008dac        0x4 /usr/bin/../lib/gcc/arm-none-eabi/4.9.3/armv7-m/crtend.o
 *(.init)
 .init          0x0000000008008db0        0x4 /usr/bin/../lib/gcc/arm-none-eabi/4.9.3/armv7-m/crti.o
                0x0000000008008db0                _init
 .init          0x0000000008008db4        0x8 /usr/bin/../lib/gcc/arm-none-eabi/4.9.3/armv7-m/crtn.o
 *(.fini)
 .fini          0x0000000008008dbc        0x4 /usr/bin/../lib/gcc/arm-none-eabi/4.9.3/armv7-m/crti.o
                0x0000000008008dbc                _fini
 .fini          0x0000000008008dc0        0x8 /usr/bin/../lib/gcc/arm-none-eabi/4.9.3/armv7-m/crtn.o
                0x0000000008008dc8                . = ALIGN (0x4)
                0x0000000008008dc8                _etext = .

.vfp11_veneer   0x0000000008008dc8        0x0
 .vfp11_veneer  0x0000000000000000        0x0 linker stubs

.v4_bx          0x0000000008008dc8        0x0
 .v4_bx         0x0000000000000000        0x0 linker stubs

.iplt           0x0000000008008dc8        0x0
 .iplt          0x0000000000000000        0x0 /usr/bin/../lib/gcc/arm-none-eabi/4.9.3/armv7-m/crtbegin.o

.rodata         0x0000000008008dc8     0x11d0
                0x0000000008008dc8                . = ALIGN (0x4)
 *(.rodata)
 .rodata        0x0000000008008dc8       0x35 build/src/main.o
 *fill*         0x0000000008008dfd        0x3 
 .rodata        0x0000000008008e00       0x7c build/src/bluetooth.o
 .rodata        0x0000000008008e7c     0x110c build/src/icons.o
 .rodata        0x0000000008009f88        0x5 build/FreeRTOS/Source/tasks.o
 *fill*         0x0000000008009f8d        0x1 
 .rodata        0x0000000008009f8e        0x2 build/FreeRTOS/Source/portable/MemMang/heap_2.o
 *(.rodata*)
 .rodata.str1.4
                0x0000000008009f90        0x4 /usr/bin/../lib/gcc/arm-none-eabi/4.9.3/../../../../arm-none-eabi/lib/armv7-m/libg.a(lib_a-impure.o)
                                          0x2 (size before relaxing)
 .rodata._global_impure_ptr
                0x0000000008009f94        0x4 /usr/bin/../lib/gcc/arm-none-eabi/4.9.3/../../../../arm-none-eabi/lib/armv7-m/libg.a(lib_a-impure.o)
                0x0000000008009f94                _global_impure_ptr
                0x0000000008009f98                . = ALIGN (0x4)

.ARM.extab      0x0000000008009f98        0x0
 *(.ARM.extab* .gnu.linkonce.armextab.*)
 .ARM.extab     0x0000000008009f98        0x0 /usr/bin/../lib/gcc/arm-none-eabi/4.9.3/../../../../arm-none-eabi/lib/armv7-m/crt0.o

.ARM            0x0000000008009f98        0x8
                0x0000000008009f98                __exidx_start = .
 *(.ARM.exidx*)
 .ARM.exidx     0x0000000008009f98        0x8 /usr/bin/../lib/gcc/arm-none-eabi/4.9.3/../../../../arm-none-eabi/lib/armv7-m/crt0.o
                0x0000000008009fa0                __exidx_end = .

.rel.dyn        0x0000000008009fa0        0x0
 .rel.iplt      0x0000000000000000        0x0 /usr/bin/../lib/gcc/arm-none-eabi/4.9.3/armv7-m/crtbegin.o

.preinit_array  0x0000000008009fa0        0x0
                0x0000000008009fa0                PROVIDE (__preinit_array_start, .)
 *(.preinit_array*)
                0x0000000008009fa0                PROVIDE (__preinit_array_end, .)

.init_array     0x0000000008009fa0        0x8
                0x0000000008009fa0                PROVIDE (__init_array_start, .)
 *(SORT(.init_array.*))
 .init_array.00000
                0x0000000008009fa0        0x4 /usr/bin/../lib/gcc/arm-none-eabi/4.9.3/../../../../arm-none-eabi/lib/armv7-m/libg.a(lib_a-__call_atexit.o)
 *(.init_array*)
 .init_array    0x0000000008009fa4        0x4 /usr/bin/../lib/gcc/arm-none-eabi/4.9.3/armv7-m/crtbegin.o
                0x0000000008009fa8                PROVIDE (__init_array_end, .)

.fini_array     0x0000000008009fa8        0x4
                0x0000000008009fa8                PROVIDE (__fini_array_start, .)
 *(SORT(.fini_array.*))
 *(.fini_array*)
 .fini_array    0x0000000008009fa8        0x4 /usr/bin/../lib/gcc/arm-none-eabi/4.9.3/armv7-m/crtbegin.o
                0x0000000008009fac                PROVIDE (__fini_array_end, .)
                0x0000000008009fac                _sidata = LOADADDR (.data)

.data           0x0000000020000000      0x474 load address 0x0000000008009fac
                0x0000000020000000                . = ALIGN (0x4)
                0x0000000020000000                _sdata = .
 *(.data)
 .data          0x0000000020000000        0x0 /usr/bin/../lib/gcc/arm-none-eabi/4.9.3/armv7-m/crti.o
 .data          0x0000000020000000        0x4 /usr/bin/../lib/gcc/arm-none-eabi/4.9.3/armv7-m/crtbegin.o
                0x0000000020000000                __dso_handle
 .data          0x0000000020000004        0x0 /usr/bin/../lib/gcc/arm-none-eabi/4.9.3/../../../../arm-none-eabi/lib/armv7-m/crt0.o
 .data          0x0000000020000004        0x0 build/src/main.o
 .data          0x0000000020000004       0x20 build/src/system_stm32l1xx.o
                0x0000000020000004                SystemCoreClock
                0x0000000020000008                PLLMulTable
                0x0000000020000014                AHBPrescTable
 .data          0x0000000020000024        0x0 build/src/startup_stm32l1xx_xl.o
 .data          0x0000000020000024        0x0 build/src/stm32l1xx_it.o
 .data          0x0000000020000024        0x0 build/src/battery.o
 .data          0x0000000020000024        0x0 build/src/bluetooth.o
 .data          0x0000000020000024        0x0 build/src/display.o
 .data          0x0000000020000024        0x0 build/src/picture.o
 .data          0x0000000020000024        0x0 build/src/icons.o
 .data          0x0000000020000024        0x0 build/src/sensors.o
 .data          0x0000000020000024        0x0 build/src/clock.o
 .data          0x0000000020000024        0x0 build/src/button.o
 .data          0x0000000020000024        0x0 build/FreeRTOS/Source/list.o
 .data          0x0000000020000024        0x0 build/FreeRTOS/Source/queue.o
 .data          0x0000000020000024        0x0 build/FreeRTOS/Source/tasks.o
 .data          0x0000000020000024        0x0 build/FreeRTOS/Source/timers.o
 .data          0x0000000020000024        0x4 build/FreeRTOS/Source/portable/GCC/ARM_CM3/port.o
 .data          0x0000000020000028        0x4 build/FreeRTOS/Source/portable/MemMang/heap_2.o
 .data          0x000000002000002c        0x0 build/../../Libraries/STM32L1xx_StdPeriph_Driver/src/stm32l1xx_tim.o
 .data          0x000000002000002c       0x1c build/../../Libraries/STM32L1xx_StdPeriph_Driver/src/stm32l1xx_rcc.o
 .data          0x0000000020000048        0x0 /usr/bin/../lib/gcc/arm-none-eabi/4.9.3/armv7-m/libgcc.a(_arm_addsubdf3.o)
 .data          0x0000000020000048        0x0 /usr/bin/../lib/gcc/arm-none-eabi/4.9.3/armv7-m/libgcc.a(_arm_muldivdf3.o)
 .data          0x0000000020000048        0x0 /usr/bin/../lib/gcc/arm-none-eabi/4.9.3/armv7-m/libgcc.a(_arm_cmpdf2.o)
 .data          0x0000000020000048        0x0 /usr/bin/../lib/gcc/arm-none-eabi/4.9.3/armv7-m/libgcc.a(_arm_fixunsdfsi.o)
 .data          0x0000000020000048        0x0 /usr/bin/../lib/gcc/arm-none-eabi/4.9.3/armv7-m/libgcc.a(_arm_truncdfsf2.o)
 .data          0x0000000020000048        0x0 /usr/bin/../lib/gcc/arm-none-eabi/4.9.3/armv7-m/libgcc.a(_arm_addsubsf3.o)
 .data          0x0000000020000048        0x0 /usr/bin/../lib/gcc/arm-none-eabi/4.9.3/armv7-m/libgcc.a(_arm_cmpsf2.o)
 .data          0x0000000020000048        0x0 /usr/bin/../lib/gcc/arm-none-eabi/4.9.3/../../../../arm-none-eabi/lib/armv7-m/libg.a(lib_a-exit.o)
 .data          0x0000000020000048        0x0 /usr/bin/../lib/gcc/arm-none-eabi/4.9.3/../../../../arm-none-eabi/lib/armv7-m/libg.a(lib_a-impure.o)
 .data          0x0000000020000048        0x0 /usr/bin/../lib/gcc/arm-none-eabi/4.9.3/../../../../arm-none-eabi/lib/armv7-m/libg.a(lib_a-init.o)
 .data          0x0000000020000048        0x0 /usr/bin/../lib/gcc/arm-none-eabi/4.9.3/../../../../arm-none-eabi/lib/armv7-m/libg.a(lib_a-memcpy.o)
 .data          0x0000000020000048        0x0 /usr/bin/../lib/gcc/arm-none-eabi/4.9.3/../../../../arm-none-eabi/lib/armv7-m/libg.a(lib_a-memset.o)
 .data          0x0000000020000048        0x0 /usr/bin/../lib/gcc/arm-none-eabi/4.9.3/../../../../arm-none-eabi/lib/armv7-m/libg.a(lib_a-strchr.o)
 .data          0x0000000020000048        0x0 /usr/bin/../lib/gcc/arm-none-eabi/4.9.3/../../../../arm-none-eabi/lib/armv7-m/libg.a(lib_a-strstr.o)
 .data          0x0000000020000048        0x0 /usr/bin/../lib/gcc/arm-none-eabi/4.9.3/../../../../arm-none-eabi/lib/armv7-m/libg.a(lib_a-__call_atexit.o)
 .data          0x0000000020000048        0x0 /usr/bin/../lib/gcc/arm-none-eabi/4.9.3/../../../../arm-none-eabi/lib/armv7-m/libg.a(lib_a-atexit.o)
 .data          0x0000000020000048        0x0 /usr/bin/../lib/gcc/arm-none-eabi/4.9.3/../../../../arm-none-eabi/lib/armv7-m/libg.a(lib_a-fini.o)
 .data          0x0000000020000048        0x0 /usr/bin/../lib/gcc/arm-none-eabi/4.9.3/../../../../arm-none-eabi/lib/armv7-m/libg.a(lib_a-memchr.o)
 .data          0x0000000020000048        0x0 /usr/bin/../lib/gcc/arm-none-eabi/4.9.3/../../../../arm-none-eabi/lib/armv7-m/libg.a(lib_a-memcmp.o)
 .data          0x0000000020000048        0x0 /usr/bin/../lib/gcc/arm-none-eabi/4.9.3/../../../../arm-none-eabi/lib/armv7-m/libg.a(lib_a-__atexit.o)
 .data          0x0000000020000048        0x0 /usr/bin/../lib/gcc/arm-none-eabi/4.9.3/../../../../arm-none-eabi/lib/armv7-m/libnosys.a(_exit.o)
 .data          0x0000000020000048        0x0 /usr/bin/../lib/gcc/arm-none-eabi/4.9.3/armv7-m/crtend.o
 .data          0x0000000020000048        0x0 /usr/bin/../lib/gcc/arm-none-eabi/4.9.3/armv7-m/crtn.o
 .data          0x0000000020000048        0x0 /usr/bin/../lib/gcc/arm-none-eabi/4.9.3/../../../../arm-none-eabi/lib/armv7-m/libm.a(lib_a-s_round.o)
 *(.data*)
 .data.impure_data
                0x0000000020000048      0x428 /usr/bin/../lib/gcc/arm-none-eabi/4.9.3/../../../../arm-none-eabi/lib/armv7-m/libg.a(lib_a-impure.o)
 .data._impure_ptr
                0x0000000020000470        0x4 /usr/bin/../lib/gcc/arm-none-eabi/4.9.3/../../../../arm-none-eabi/lib/armv7-m/libg.a(lib_a-impure.o)
                0x0000000020000470                _impure_ptr
 *(.RamFunc)
                0x0000000020000474                . = ALIGN (0x4)
                0x0000000020000474                _edata = .

.jcr            0x0000000020000474        0x4 load address 0x000000000800a420
 .jcr           0x0000000020000474        0x0 /usr/bin/../lib/gcc/arm-none-eabi/4.9.3/armv7-m/crtbegin.o
 .jcr           0x0000000020000474        0x4 /usr/bin/../lib/gcc/arm-none-eabi/4.9.3/armv7-m/crtend.o

.igot.plt       0x0000000020000478        0x0 load address 0x000000000800a424
 .igot.plt      0x0000000000000000        0x0 /usr/bin/../lib/gcc/arm-none-eabi/4.9.3/armv7-m/crtbegin.o
                0x0000000020000478                . = ALIGN (0x4)

.bss            0x0000000020000478     0x7e90 load address 0x000000000800a424
                0x0000000020000478                _sbss = .
                0x0000000020000478                __bss_start__ = _sbss
 *(.bss)
 .bss           0x0000000020000478        0x0 /usr/bin/../lib/gcc/arm-none-eabi/4.9.3/armv7-m/crti.o
 .bss           0x0000000020000478       0x1c /usr/bin/../lib/gcc/arm-none-eabi/4.9.3/armv7-m/crtbegin.o
 .bss           0x0000000020000494        0x0 /usr/bin/../lib/gcc/arm-none-eabi/4.9.3/../../../../arm-none-eabi/lib/armv7-m/crt0.o
 .bss           0x0000000020000494        0x0 build/src/main.o
 .bss           0x0000000020000494        0x0 build/src/system_stm32l1xx.o
 .bss           0x0000000020000494        0x0 build/src/startup_stm32l1xx_xl.o
 .bss           0x0000000020000494        0x0 build/src/stm32l1xx_it.o
 .bss           0x0000000020000494        0x0 build/src/battery.o
 .bss           0x0000000020000494        0x0 build/src/bluetooth.o
 .bss           0x0000000020000494        0x0 build/src/display.o
 .bss           0x0000000020000494      0x800 build/src/picture.o
 .bss           0x0000000020000c94        0x0 build/src/icons.o
 .bss           0x0000000020000c94        0x0 build/src/sensors.o
 .bss           0x0000000020000c94        0x0 build/src/clock.o
 .bss           0x0000000020000c94        0x4 build/src/button.o
 .bss           0x0000000020000c98        0x0 build/FreeRTOS/Source/list.o
 .bss           0x0000000020000c98        0x0 build/FreeRTOS/Source/queue.o
 .bss           0x0000000020000c98       0xe8 build/FreeRTOS/Source/tasks.o
                0x0000000020000c98                pxCurrentTCB
 .bss           0x0000000020000d80        0x0 build/FreeRTOS/Source/timers.o
 .bss           0x0000000020000d80        0x0 build/FreeRTOS/Source/portable/GCC/ARM_CM3/port.o
 .bss           0x0000000020000d80     0x7544 build/FreeRTOS/Source/portable/MemMang/heap_2.o
 .bss           0x00000000200082c4        0x0 build/../../Libraries/STM32L1xx_StdPeriph_Driver/src/stm32l1xx_tim.o
 .bss           0x00000000200082c4        0x0 build/../../Libraries/STM32L1xx_StdPeriph_Driver/src/stm32l1xx_rcc.o
 .bss           0x00000000200082c4        0x0 /usr/bin/../lib/gcc/arm-none-eabi/4.9.3/armv7-m/libgcc.a(_arm_addsubdf3.o)
 .bss           0x00000000200082c4        0x0 /usr/bin/../lib/gcc/arm-none-eabi/4.9.3/armv7-m/libgcc.a(_arm_muldivdf3.o)
 .bss           0x00000000200082c4        0x0 /usr/bin/../lib/gcc/arm-none-eabi/4.9.3/armv7-m/libgcc.a(_arm_cmpdf2.o)
 .bss           0x00000000200082c4        0x0 /usr/bin/../lib/gcc/arm-none-eabi/4.9.3/armv7-m/libgcc.a(_arm_fixunsdfsi.o)
 .bss           0x00000000200082c4        0x0 /usr/bin/../lib/gcc/arm-none-eabi/4.9.3/armv7-m/libgcc.a(_arm_truncdfsf2.o)
 .bss           0x00000000200082c4        0x0 /usr/bin/../lib/gcc/arm-none-eabi/4.9.3/armv7-m/libgcc.a(_arm_addsubsf3.o)
 .bss           0x00000000200082c4        0x0 /usr/bin/../lib/gcc/arm-none-eabi/4.9.3/armv7-m/libgcc.a(_arm_cmpsf2.o)
 .bss           0x00000000200082c4        0x0 /usr/bin/../lib/gcc/arm-none-eabi/4.9.3/../../../../arm-none-eabi/lib/armv7-m/libg.a(lib_a-exit.o)
 .bss           0x00000000200082c4        0x0 /usr/bin/../lib/gcc/arm-none-eabi/4.9.3/../../../../arm-none-eabi/lib/armv7-m/libg.a(lib_a-impure.o)
 .bss           0x00000000200082c4        0x0 /usr/bin/../lib/gcc/arm-none-eabi/4.9.3/../../../../arm-none-eabi/lib/armv7-m/libg.a(lib_a-init.o)
 .bss           0x00000000200082c4        0x0 /usr/bin/../lib/gcc/arm-none-eabi/4.9.3/../../../../arm-none-eabi/lib/armv7-m/libg.a(lib_a-memcpy.o)
 .bss           0x00000000200082c4        0x0 /usr/bin/../lib/gcc/arm-none-eabi/4.9.3/../../../../arm-none-eabi/lib/armv7-m/libg.a(lib_a-memset.o)
 .bss           0x00000000200082c4        0x0 /usr/bin/../lib/gcc/arm-none-eabi/4.9.3/../../../../arm-none-eabi/lib/armv7-m/libg.a(lib_a-strchr.o)
 .bss           0x00000000200082c4        0x0 /usr/bin/../lib/gcc/arm-none-eabi/4.9.3/../../../../arm-none-eabi/lib/armv7-m/libg.a(lib_a-strstr.o)
 .bss           0x00000000200082c4        0x0 /usr/bin/../lib/gcc/arm-none-eabi/4.9.3/../../../../arm-none-eabi/lib/armv7-m/libg.a(lib_a-__call_atexit.o)
 .bss           0x00000000200082c4        0x0 /usr/bin/../lib/gcc/arm-none-eabi/4.9.3/../../../../arm-none-eabi/lib/armv7-m/libg.a(lib_a-atexit.o)
 .bss           0x00000000200082c4        0x0 /usr/bin/../lib/gcc/arm-none-eabi/4.9.3/../../../../arm-none-eabi/lib/armv7-m/libg.a(lib_a-fini.o)
 .bss           0x00000000200082c4        0x0 /usr/bin/../lib/gcc/arm-none-eabi/4.9.3/../../../../arm-none-eabi/lib/armv7-m/libg.a(lib_a-memchr.o)
 .bss           0x00000000200082c4        0x0 /usr/bin/../lib/gcc/arm-none-eabi/4.9.3/../../../../arm-none-eabi/lib/armv7-m/libg.a(lib_a-memcmp.o)
 .bss           0x00000000200082c4        0x0 /usr/bin/../lib/gcc/arm-none-eabi/4.9.3/../../../../arm-none-eabi/lib/armv7-m/libg.a(lib_a-__atexit.o)
 .bss           0x00000000200082c4        0x0 /usr/bin/../lib/gcc/arm-none-eabi/4.9.3/../../../../arm-none-eabi/lib/armv7-m/libnosys.a(_exit.o)
 .bss           0x00000000200082c4        0x0 /usr/bin/../lib/gcc/arm-none-eabi/4.9.3/armv7-m/crtend.o
 .bss           0x00000000200082c4        0x0 /usr/bin/../lib/gcc/arm-none-eabi/4.9.3/armv7-m/crtn.o
 .bss           0x00000000200082c4        0x0 /usr/bin/../lib/gcc/arm-none-eabi/4.9.3/../../../../arm-none-eabi/lib/armv7-m/libm.a(lib_a-s_round.o)
 *(.bss*)
 *(COMMON)
 COMMON         0x00000000200082c4       0x1c build/src/main.o
                0x00000000200082c4                sensor_displayQ
                0x00000000200082c8                ISR_bluetoothQ
                0x00000000200082cc                battery_displayQ
                0x00000000200082d0                bluetooth_clockQ
                0x00000000200082d4                bluetooth_displayQ
                0x00000000200082d8                clock_displayQ
                0x00000000200082dc                button_displayQ
 COMMON         0x00000000200082e0       0x28 build/FreeRTOS/Source/queue.o
                0x00000000200082e0                xQueueRegistry
                0x0000000020008308                . = ALIGN (0x4)
                0x0000000020008308                _ebss = .
                0x0000000020008308                __bss_end__ = _ebss

._user_heap_stack
                0x0000000020008308      0x600 load address 0x000000000800a424
                0x0000000020008308                . = ALIGN (0x4)
                0x0000000020008308                PROVIDE (end, .)
                0x0000000020008308                PROVIDE (_end, .)
                0x0000000020008508                . = (. + _Min_Heap_Size)
 *fill*         0x0000000020008308      0x200 
                0x0000000020008908                . = (. + _Min_Stack_Size)
 *fill*         0x0000000020008508      0x400 
                0x0000000020008908                . = ALIGN (0x4)

.memory_b1_text
 *(.mb1text)
 *(.mb1text*)
 *(.mb1rodata)
 *(.mb1rodata*)

/DISCARD/
 libc.a(*)
 libm.a(*)
 libgcc.a(*)

.ARM.attributes
                0x0000000000000000       0x29
 *(.ARM.attributes)
 .ARM.attributes
                0x0000000000000000       0x1d /usr/bin/../lib/gcc/arm-none-eabi/4.9.3/armv7-m/crti.o
 .ARM.attributes
                0x000000000000001d       0x2d /usr/bin/../lib/gcc/arm-none-eabi/4.9.3/armv7-m/crtbegin.o
 .ARM.attributes
                0x000000000000004a       0x1b /usr/bin/../lib/gcc/arm-none-eabi/4.9.3/../../../../arm-none-eabi/lib/armv7-m/crt0.o
 .ARM.attributes
                0x0000000000000065       0x33 build/src/main.o
 .ARM.attributes
                0x0000000000000098       0x33 build/src/system_stm32l1xx.o
 .ARM.attributes
                0x00000000000000cb       0x21 build/src/startup_stm32l1xx_xl.o
 .ARM.attributes
                0x00000000000000ec       0x33 build/src/stm32l1xx_it.o
 .ARM.attributes
                0x000000000000011f       0x33 build/src/battery.o
 .ARM.attributes
                0x0000000000000152       0x33 build/src/bluetooth.o
 .ARM.attributes
                0x0000000000000185       0x33 build/src/display.o
 .ARM.attributes
                0x00000000000001b8       0x33 build/src/picture.o
 .ARM.attributes
                0x00000000000001eb       0x33 build/src/icons.o
 .ARM.attributes
                0x000000000000021e       0x33 build/src/sensors.o
 .ARM.attributes
                0x0000000000000251       0x33 build/src/clock.o
 .ARM.attributes
                0x0000000000000284       0x33 build/src/button.o
 .ARM.attributes
                0x00000000000002b7       0x33 build/FreeRTOS/Source/list.o
 .ARM.attributes
                0x00000000000002ea       0x33 build/FreeRTOS/Source/queue.o
 .ARM.attributes
                0x000000000000031d       0x33 build/FreeRTOS/Source/tasks.o
 .ARM.attributes
                0x0000000000000350       0x33 build/FreeRTOS/Source/timers.o
 .ARM.attributes
                0x0000000000000383       0x33 build/FreeRTOS/Source/portable/GCC/ARM_CM3/port.o
 .ARM.attributes
                0x00000000000003b6       0x33 build/FreeRTOS/Source/portable/MemMang/heap_2.o
 .ARM.attributes
                0x00000000000003e9       0x33 build/../../Libraries/STM32L1xx_StdPeriph_Driver/src/stm32l1xx_tim.o
 .ARM.attributes
                0x000000000000041c       0x33 build/../../Libraries/STM32L1xx_StdPeriph_Driver/src/stm32l1xx_rcc.o
 .ARM.attributes
                0x000000000000044f       0x1d /usr/bin/../lib/gcc/arm-none-eabi/4.9.3/armv7-m/libgcc.a(_arm_addsubdf3.o)
 .ARM.attributes
                0x000000000000046c       0x1d /usr/bin/../lib/gcc/arm-none-eabi/4.9.3/armv7-m/libgcc.a(_arm_muldivdf3.o)
 .ARM.attributes
                0x0000000000000489       0x1d /usr/bin/../lib/gcc/arm-none-eabi/4.9.3/armv7-m/libgcc.a(_arm_cmpdf2.o)
 .ARM.attributes
                0x00000000000004a6       0x1d /usr/bin/../lib/gcc/arm-none-eabi/4.9.3/armv7-m/libgcc.a(_arm_fixunsdfsi.o)
 .ARM.attributes
                0x00000000000004c3       0x1d /usr/bin/../lib/gcc/arm-none-eabi/4.9.3/armv7-m/libgcc.a(_arm_truncdfsf2.o)
 .ARM.attributes
                0x00000000000004e0       0x1d /usr/bin/../lib/gcc/arm-none-eabi/4.9.3/armv7-m/libgcc.a(_arm_addsubsf3.o)
 .ARM.attributes
                0x00000000000004fd       0x1d /usr/bin/../lib/gcc/arm-none-eabi/4.9.3/armv7-m/libgcc.a(_arm_cmpsf2.o)
 .ARM.attributes
                0x000000000000051a       0x2d /usr/bin/../lib/gcc/arm-none-eabi/4.9.3/../../../../arm-none-eabi/lib/armv7-m/libg.a(lib_a-exit.o)
 .ARM.attributes
                0x0000000000000547       0x2d /usr/bin/../lib/gcc/arm-none-eabi/4.9.3/../../../../arm-none-eabi/lib/armv7-m/libg.a(lib_a-impure.o)
 .ARM.attributes
                0x0000000000000574       0x2d /usr/bin/../lib/gcc/arm-none-eabi/4.9.3/../../../../arm-none-eabi/lib/armv7-m/libg.a(lib_a-init.o)
 .ARM.attributes
                0x00000000000005a1       0x1b /usr/bin/../lib/gcc/arm-none-eabi/4.9.3/../../../../arm-none-eabi/lib/armv7-m/libg.a(lib_a-memcpy.o)
 .ARM.attributes
                0x00000000000005bc       0x2d /usr/bin/../lib/gcc/arm-none-eabi/4.9.3/../../../../arm-none-eabi/lib/armv7-m/libg.a(lib_a-memset.o)
 .ARM.attributes
                0x00000000000005e9       0x2d /usr/bin/../lib/gcc/arm-none-eabi/4.9.3/../../../../arm-none-eabi/lib/armv7-m/libg.a(lib_a-strchr.o)
 .ARM.attributes
                0x0000000000000616       0x2d /usr/bin/../lib/gcc/arm-none-eabi/4.9.3/../../../../arm-none-eabi/lib/armv7-m/libg.a(lib_a-strstr.o)
 .ARM.attributes
                0x0000000000000643       0x2d /usr/bin/../lib/gcc/arm-none-eabi/4.9.3/../../../../arm-none-eabi/lib/armv7-m/libg.a(lib_a-__call_atexit.o)
 .ARM.attributes
                0x0000000000000670       0x2d /usr/bin/../lib/gcc/arm-none-eabi/4.9.3/../../../../arm-none-eabi/lib/armv7-m/libg.a(lib_a-atexit.o)
 .ARM.attributes
                0x000000000000069d       0x2d /usr/bin/../lib/gcc/arm-none-eabi/4.9.3/../../../../arm-none-eabi/lib/armv7-m/libg.a(lib_a-fini.o)
 .ARM.attributes
                0x00000000000006ca       0x2d /usr/bin/../lib/gcc/arm-none-eabi/4.9.3/../../../../arm-none-eabi/lib/armv7-m/libg.a(lib_a-memchr.o)
 .ARM.attributes
                0x00000000000006f7       0x2d /usr/bin/../lib/gcc/arm-none-eabi/4.9.3/../../../../arm-none-eabi/lib/armv7-m/libg.a(lib_a-memcmp.o)
 .ARM.attributes
                0x0000000000000724       0x2d /usr/bin/../lib/gcc/arm-none-eabi/4.9.3/../../../../arm-none-eabi/lib/armv7-m/libg.a(lib_a-__atexit.o)
 .ARM.attributes
                0x0000000000000751       0x2d /usr/bin/../lib/gcc/arm-none-eabi/4.9.3/../../../../arm-none-eabi/lib/armv7-m/libnosys.a(_exit.o)
 .ARM.attributes
                0x000000000000077e       0x2d /usr/bin/../lib/gcc/arm-none-eabi/4.9.3/armv7-m/crtend.o
 .ARM.attributes
                0x00000000000007ab       0x1d /usr/bin/../lib/gcc/arm-none-eabi/4.9.3/armv7-m/crtn.o
OUTPUT(build/main.elf elf32-littlearm)

.debug_info     0x0000000000000000     0x9263
 .debug_info    0x0000000000000000      0x316 build/src/main.o
 .debug_info    0x0000000000000316      0x54a build/src/system_stm32l1xx.o
 .debug_info    0x0000000000000860       0x7b build/src/startup_stm32l1xx_xl.o
 .debug_info    0x00000000000008db      0x111 build/src/stm32l1xx_it.o
 .debug_info    0x00000000000009ec      0x78d build/src/battery.o
 .debug_info    0x0000000000001179      0xb3b build/src/bluetooth.o
 .debug_info    0x0000000000001cb4      0x8cd build/src/display.o
 .debug_info    0x0000000000002581      0x69f build/src/picture.o
 .debug_info    0x0000000000002c20      0xc58 build/src/icons.o
 .debug_info    0x0000000000003878      0x4ff build/src/sensors.o
 .debug_info    0x0000000000003d77      0x904 build/src/clock.o
 .debug_info    0x000000000000467b      0x87b build/src/button.o
 .debug_info    0x0000000000004ef6      0x29d build/FreeRTOS/Source/list.o
 .debug_info    0x0000000000005193      0xa31 build/FreeRTOS/Source/queue.o
 .debug_info    0x0000000000005bc4      0xdaa build/FreeRTOS/Source/tasks.o
 .debug_info    0x000000000000696e       0x72 build/FreeRTOS/Source/timers.o
 .debug_info    0x00000000000069e0      0x22d build/FreeRTOS/Source/portable/GCC/ARM_CM3/port.o
 .debug_info    0x0000000000006c0d      0x2dc build/FreeRTOS/Source/portable/MemMang/heap_2.o
 .debug_info    0x0000000000006ee9     0x1967 build/../../Libraries/STM32L1xx_StdPeriph_Driver/src/stm32l1xx_tim.o
 .debug_info    0x0000000000008850      0xa13 build/../../Libraries/STM32L1xx_StdPeriph_Driver/src/stm32l1xx_rcc.o

.debug_abbrev   0x0000000000000000     0x1a8c
 .debug_abbrev  0x0000000000000000       0xd0 build/src/main.o
 .debug_abbrev  0x00000000000000d0      0x147 build/src/system_stm32l1xx.o
 .debug_abbrev  0x0000000000000217       0x12 build/src/startup_stm32l1xx_xl.o
 .debug_abbrev  0x0000000000000229       0x67 build/src/stm32l1xx_it.o
 .debug_abbrev  0x0000000000000290      0x18c build/src/battery.o
 .debug_abbrev  0x000000000000041c      0x23c build/src/bluetooth.o
 .debug_abbrev  0x0000000000000658      0x1ed build/src/display.o
 .debug_abbrev  0x0000000000000845      0x199 build/src/picture.o
 .debug_abbrev  0x00000000000009de       0xd2 build/src/icons.o
 .debug_abbrev  0x0000000000000ab0      0x19d build/src/sensors.o
 .debug_abbrev  0x0000000000000c4d      0x1bb build/src/clock.o
 .debug_abbrev  0x0000000000000e08      0x154 build/src/button.o
 .debug_abbrev  0x0000000000000f5c       0xbe build/FreeRTOS/Source/list.o
 .debug_abbrev  0x000000000000101a      0x18f build/FreeRTOS/Source/queue.o
 .debug_abbrev  0x00000000000011a9      0x272 build/FreeRTOS/Source/tasks.o
 .debug_abbrev  0x000000000000141b       0x26 build/FreeRTOS/Source/timers.o
 .debug_abbrev  0x0000000000001441      0x162 build/FreeRTOS/Source/portable/GCC/ARM_CM3/port.o
 .debug_abbrev  0x00000000000015a3      0x152 build/FreeRTOS/Source/portable/MemMang/heap_2.o
 .debug_abbrev  0x00000000000016f5      0x1b2 build/../../Libraries/STM32L1xx_StdPeriph_Driver/src/stm32l1xx_tim.o
 .debug_abbrev  0x00000000000018a7      0x1e5 build/../../Libraries/STM32L1xx_StdPeriph_Driver/src/stm32l1xx_rcc.o

.debug_aranges  0x0000000000000000      0x280
 .debug_aranges
                0x0000000000000000       0x20 build/src/main.o
 .debug_aranges
                0x0000000000000020       0x20 build/src/system_stm32l1xx.o
 .debug_aranges
                0x0000000000000040       0x28 build/src/startup_stm32l1xx_xl.o
 .debug_aranges
                0x0000000000000068       0x20 build/src/stm32l1xx_it.o
 .debug_aranges
                0x0000000000000088       0x20 build/src/battery.o
 .debug_aranges
                0x00000000000000a8       0x20 build/src/bluetooth.o
 .debug_aranges
                0x00000000000000c8       0x20 build/src/display.o
 .debug_aranges
                0x00000000000000e8       0x20 build/src/picture.o
 .debug_aranges
                0x0000000000000108       0x20 build/src/icons.o
 .debug_aranges
                0x0000000000000128       0x20 build/src/sensors.o
 .debug_aranges
                0x0000000000000148       0x20 build/src/clock.o
 .debug_aranges
                0x0000000000000168       0x20 build/src/button.o
 .debug_aranges
                0x0000000000000188       0x20 build/FreeRTOS/Source/list.o
 .debug_aranges
                0x00000000000001a8       0x20 build/FreeRTOS/Source/queue.o
 .debug_aranges
                0x00000000000001c8       0x20 build/FreeRTOS/Source/tasks.o
 .debug_aranges
                0x00000000000001e8       0x18 build/FreeRTOS/Source/timers.o
 .debug_aranges
                0x0000000000000200       0x20 build/FreeRTOS/Source/portable/GCC/ARM_CM3/port.o
 .debug_aranges
                0x0000000000000220       0x20 build/FreeRTOS/Source/portable/MemMang/heap_2.o
 .debug_aranges
                0x0000000000000240       0x20 build/../../Libraries/STM32L1xx_StdPeriph_Driver/src/stm32l1xx_tim.o
 .debug_aranges
                0x0000000000000260       0x20 build/../../Libraries/STM32L1xx_StdPeriph_Driver/src/stm32l1xx_rcc.o

.debug_line     0x0000000000000000     0x2876
 .debug_line    0x0000000000000000      0x13c build/src/main.o
 .debug_line    0x000000000000013c      0x181 build/src/system_stm32l1xx.o
 .debug_line    0x00000000000002bd       0x77 build/src/startup_stm32l1xx_xl.o
 .debug_line    0x0000000000000334       0xfa build/src/stm32l1xx_it.o
 .debug_line    0x000000000000042e      0x1b8 build/src/battery.o
 .debug_line    0x00000000000005e6      0x258 build/src/bluetooth.o
 .debug_line    0x000000000000083e      0x260 build/src/display.o
 .debug_line    0x0000000000000a9e      0x2fd build/src/picture.o
 .debug_line    0x0000000000000d9b      0x190 build/src/icons.o
 .debug_line    0x0000000000000f2b      0x27c build/src/sensors.o
 .debug_line    0x00000000000011a7      0x1f3 build/src/clock.o
 .debug_line    0x000000000000139a      0x1a4 build/src/button.o
 .debug_line    0x000000000000153e      0x13e build/FreeRTOS/Source/list.o
 .debug_line    0x000000000000167c      0x329 build/FreeRTOS/Source/queue.o
 .debug_line    0x00000000000019a5      0x44c build/FreeRTOS/Source/tasks.o
 .debug_line    0x0000000000001df1       0x1d build/FreeRTOS/Source/timers.o
 .debug_line    0x0000000000001e0e      0x17a build/FreeRTOS/Source/portable/GCC/ARM_CM3/port.o
 .debug_line    0x0000000000001f88      0x197 build/FreeRTOS/Source/portable/MemMang/heap_2.o
 .debug_line    0x000000000000211f      0x491 build/../../Libraries/STM32L1xx_StdPeriph_Driver/src/stm32l1xx_tim.o
 .debug_line    0x00000000000025b0      0x2c6 build/../../Libraries/STM32L1xx_StdPeriph_Driver/src/stm32l1xx_rcc.o

.debug_str      0x0000000000000000     0x35ad
 .debug_str     0x0000000000000000      0x24c build/src/main.o
                                        0x2a5 (size before relaxing)
 .debug_str     0x000000000000024c      0x162 build/src/system_stm32l1xx.o
                                        0x368 (size before relaxing)
 .debug_str     0x00000000000003ae       0x87 build/src/stm32l1xx_it.o
                                        0x1ed (size before relaxing)
 .debug_str     0x0000000000000435      0x4e7 build/src/battery.o
                                        0x743 (size before relaxing)
 .debug_str     0x000000000000091c      0x275 build/src/bluetooth.o
                                        0x8eb (size before relaxing)
 .debug_str     0x0000000000000b91      0x150 build/src/display.o
                                        0x565 (size before relaxing)
 .debug_str     0x0000000000000ce1      0x1f8 build/src/picture.o
                                        0x3c3 (size before relaxing)
 .debug_str     0x0000000000000ed9      0x6bc build/src/icons.o
                                        0x852 (size before relaxing)
 .debug_str     0x0000000000001595       0xb4 build/src/sensors.o
                                        0x3aa (size before relaxing)
 .debug_str     0x0000000000001649      0x1ac build/src/clock.o
                                        0x7f3 (size before relaxing)
 .debug_str     0x00000000000017f5       0xc7 build/src/button.o
                                        0x7c6 (size before relaxing)
 .debug_str     0x00000000000018bc      0x134 build/FreeRTOS/Source/list.o
                                        0x2b6 (size before relaxing)
 .debug_str     0x00000000000019f0      0x406 build/FreeRTOS/Source/queue.o
                                        0x672 (size before relaxing)
 .debug_str     0x0000000000001df6      0x6c6 build/FreeRTOS/Source/tasks.o
                                        0x9a3 (size before relaxing)
 .debug_str     0x00000000000024bc       0x19 build/FreeRTOS/Source/timers.o
                                        0x165 (size before relaxing)
 .debug_str     0x00000000000024d5      0x15a build/FreeRTOS/Source/portable/GCC/ARM_CM3/port.o
                                        0x306 (size before relaxing)
 .debug_str     0x000000000000262f      0x155 build/FreeRTOS/Source/portable/MemMang/heap_2.o
                                        0x301 (size before relaxing)
 .debug_str     0x0000000000002784      0x9a2 build/../../Libraries/STM32L1xx_StdPeriph_Driver/src/stm32l1xx_tim.o
                                        0xc79 (size before relaxing)
 .debug_str     0x0000000000003126      0x487 build/../../Libraries/STM32L1xx_StdPeriph_Driver/src/stm32l1xx_rcc.o
                                        0x743 (size before relaxing)

.comment        0x0000000000000000       0x70
 .comment       0x0000000000000000       0x70 build/src/main.o
                                         0x71 (size before relaxing)
 .comment       0x0000000000000000       0x71 build/src/system_stm32l1xx.o
 .comment       0x0000000000000000       0x71 build/src/stm32l1xx_it.o
 .comment       0x0000000000000000       0x71 build/src/battery.o
 .comment       0x0000000000000000       0x71 build/src/bluetooth.o
 .comment       0x0000000000000000       0x71 build/src/display.o
 .comment       0x0000000000000000       0x71 build/src/picture.o
 .comment       0x0000000000000000       0x71 build/src/icons.o
 .comment       0x0000000000000000       0x71 build/src/sensors.o
 .comment       0x0000000000000000       0x71 build/src/clock.o
 .comment       0x0000000000000000       0x71 build/src/button.o
 .comment       0x0000000000000000       0x71 build/FreeRTOS/Source/list.o
 .comment       0x0000000000000000       0x71 build/FreeRTOS/Source/queue.o
 .comment       0x0000000000000000       0x71 build/FreeRTOS/Source/tasks.o
 .comment       0x0000000000000000       0x71 build/FreeRTOS/Source/timers.o
 .comment       0x0000000000000000       0x71 build/FreeRTOS/Source/portable/GCC/ARM_CM3/port.o
 .comment       0x0000000000000000       0x71 build/FreeRTOS/Source/portable/MemMang/heap_2.o
 .comment       0x0000000000000000       0x71 build/../../Libraries/STM32L1xx_StdPeriph_Driver/src/stm32l1xx_tim.o
 .comment       0x0000000000000000       0x71 build/../../Libraries/STM32L1xx_StdPeriph_Driver/src/stm32l1xx_rcc.o

.debug_frame    0x0000000000000000     0x325c
 .debug_frame   0x0000000000000000       0x30 build/src/main.o
 .debug_frame   0x0000000000000030       0x7c build/src/system_stm32l1xx.o
 .debug_frame   0x00000000000000ac       0xd0 build/src/stm32l1xx_it.o
 .debug_frame   0x000000000000017c       0xb8 build/src/battery.o
 .debug_frame   0x0000000000000234      0x198 build/src/bluetooth.o
 .debug_frame   0x00000000000003cc      0x160 build/src/display.o
 .debug_frame   0x000000000000052c      0x270 build/src/picture.o
 .debug_frame   0x000000000000079c      0x6f0 build/src/icons.o
 .debug_frame   0x0000000000000e8c      0x128 build/src/sensors.o
 .debug_frame   0x0000000000000fb4       0xc8 build/src/clock.o
 .debug_frame   0x000000000000107c       0xec build/src/button.o
 .debug_frame   0x0000000000001168       0xd8 build/FreeRTOS/Source/list.o
 .debug_frame   0x0000000000001240      0x318 build/FreeRTOS/Source/queue.o
 .debug_frame   0x0000000000001558      0x4c0 build/FreeRTOS/Source/tasks.o
 .debug_frame   0x0000000000001a18      0x174 build/FreeRTOS/Source/portable/GCC/ARM_CM3/port.o
 .debug_frame   0x0000000000001b8c       0xc0 build/FreeRTOS/Source/portable/MemMang/heap_2.o
 .debug_frame   0x0000000000001c4c      0xd14 build/../../Libraries/STM32L1xx_StdPeriph_Driver/src/stm32l1xx_tim.o
 .debug_frame   0x0000000000002960      0x5e4 build/../../Libraries/STM32L1xx_StdPeriph_Driver/src/stm32l1xx_rcc.o
 .debug_frame   0x0000000000002f44       0x28 /usr/bin/../lib/gcc/arm-none-eabi/4.9.3/../../../../arm-none-eabi/lib/armv7-m/libg.a(lib_a-exit.o)
 .debug_frame   0x0000000000002f6c       0x2c /usr/bin/../lib/gcc/arm-none-eabi/4.9.3/../../../../arm-none-eabi/lib/armv7-m/libg.a(lib_a-init.o)
 .debug_frame   0x0000000000002f98       0x34 /usr/bin/../lib/gcc/arm-none-eabi/4.9.3/../../../../arm-none-eabi/lib/armv7-m/libg.a(lib_a-memset.o)
 .debug_frame   0x0000000000002fcc       0x4c /usr/bin/../lib/gcc/arm-none-eabi/4.9.3/../../../../arm-none-eabi/lib/armv7-m/libg.a(lib_a-strchr.o)
 .debug_frame   0x0000000000003018       0xd8 /usr/bin/../lib/gcc/arm-none-eabi/4.9.3/../../../../arm-none-eabi/lib/armv7-m/libg.a(lib_a-strstr.o)
 .debug_frame   0x00000000000030f0       0x50 /usr/bin/../lib/gcc/arm-none-eabi/4.9.3/../../../../arm-none-eabi/lib/armv7-m/libg.a(lib_a-__call_atexit.o)
 .debug_frame   0x0000000000003140       0x20 /usr/bin/../lib/gcc/arm-none-eabi/4.9.3/../../../../arm-none-eabi/lib/armv7-m/libg.a(lib_a-atexit.o)
 .debug_frame   0x0000000000003160       0x34 /usr/bin/../lib/gcc/arm-none-eabi/4.9.3/../../../../arm-none-eabi/lib/armv7-m/libg.a(lib_a-fini.o)
 .debug_frame   0x0000000000003194       0x3c /usr/bin/../lib/gcc/arm-none-eabi/4.9.3/../../../../arm-none-eabi/lib/armv7-m/libg.a(lib_a-memchr.o)
 .debug_frame   0x00000000000031d0       0x38 /usr/bin/../lib/gcc/arm-none-eabi/4.9.3/../../../../arm-none-eabi/lib/armv7-m/libg.a(lib_a-memcmp.o)
 .debug_frame   0x0000000000003208       0x34 /usr/bin/../lib/gcc/arm-none-eabi/4.9.3/../../../../arm-none-eabi/lib/armv7-m/libg.a(lib_a-__atexit.o)
 .debug_frame   0x000000000000323c       0x20 /usr/bin/../lib/gcc/arm-none-eabi/4.9.3/../../../../arm-none-eabi/lib/armv7-m/libnosys.a(_exit.o)

.debug_ranges   0x0000000000000000       0x38
 .debug_ranges  0x0000000000000000       0x20 build/src/startup_stm32l1xx_xl.o
 .debug_ranges  0x0000000000000020       0x18 build/FreeRTOS/Source/tasks.o
