Archive member included because of file (symbol)

/usr/bin/../lib/gcc/arm-none-eabi/4.9.3/armv7-m/libgcc.a(_arm_addsubdf3.o)
                              build/src/bluetooth.o (__aeabi_dsub)
/usr/bin/../lib/gcc/arm-none-eabi/4.9.3/armv7-m/libgcc.a(_arm_muldivdf3.o)
                              build/src/battery.o (__aeabi_dmul)
/usr/bin/../lib/gcc/arm-none-eabi/4.9.3/armv7-m/libgcc.a(_arm_cmpdf2.o)
                              build/src/battery.o (__aeabi_dcmplt)
/usr/bin/../lib/gcc/arm-none-eabi/4.9.3/armv7-m/libgcc.a(_arm_fixunsdfsi.o)
                              build/src/battery.o (__aeabi_d2uiz)
/usr/bin/../lib/gcc/arm-none-eabi/4.9.3/armv7-m/libgcc.a(_arm_truncdfsf2.o)
                              build/src/battery.o (__aeabi_d2f)
/usr/bin/../lib/gcc/arm-none-eabi/4.9.3/armv7-m/libgcc.a(_arm_addsubsf3.o)
                              build/src/battery.o (__aeabi_i2f)
/usr/bin/../lib/gcc/arm-none-eabi/4.9.3/armv7-m/libgcc.a(_arm_cmpsf2.o)
                              build/src/battery.o (__aeabi_fcmpgt)
/usr/bin/../lib/gcc/arm-none-eabi/4.9.3/../../../../arm-none-eabi/lib/armv7-m/libg.a(lib_a-exit.o)
                              /usr/bin/../lib/gcc/arm-none-eabi/4.9.3/../../../../arm-none-eabi/lib/armv7-m/crt0.o (exit)
/usr/bin/../lib/gcc/arm-none-eabi/4.9.3/../../../../arm-none-eabi/lib/armv7-m/libg.a(lib_a-impure.o)
                              /usr/bin/../lib/gcc/arm-none-eabi/4.9.3/../../../../arm-none-eabi/lib/armv7-m/libg.a(lib_a-exit.o) (_global_impure_ptr)
/usr/bin/../lib/gcc/arm-none-eabi/4.9.3/../../../../arm-none-eabi/lib/armv7-m/libg.a(lib_a-init.o)
                              /usr/bin/../lib/gcc/arm-none-eabi/4.9.3/../../../../arm-none-eabi/lib/armv7-m/crt0.o (__libc_init_array)
/usr/bin/../lib/gcc/arm-none-eabi/4.9.3/../../../../arm-none-eabi/lib/armv7-m/libg.a(lib_a-memset.o)
                              /usr/bin/../lib/gcc/arm-none-eabi/4.9.3/../../../../arm-none-eabi/lib/armv7-m/crt0.o (memset)
/usr/bin/../lib/gcc/arm-none-eabi/4.9.3/../../../../arm-none-eabi/lib/armv7-m/libg.a(lib_a-__call_atexit.o)
                              /usr/bin/../lib/gcc/arm-none-eabi/4.9.3/../../../../arm-none-eabi/lib/armv7-m/libg.a(lib_a-exit.o) (__call_exitprocs)
/usr/bin/../lib/gcc/arm-none-eabi/4.9.3/../../../../arm-none-eabi/lib/armv7-m/libg.a(lib_a-atexit.o)
                              /usr/bin/../lib/gcc/arm-none-eabi/4.9.3/../../../../arm-none-eabi/lib/armv7-m/libg.a(lib_a-__call_atexit.o) (atexit)
/usr/bin/../lib/gcc/arm-none-eabi/4.9.3/../../../../arm-none-eabi/lib/armv7-m/libg.a(lib_a-fini.o)
                              /usr/bin/../lib/gcc/arm-none-eabi/4.9.3/../../../../arm-none-eabi/lib/armv7-m/libg.a(lib_a-__call_atexit.o) (__libc_fini_array)
/usr/bin/../lib/gcc/arm-none-eabi/4.9.3/../../../../arm-none-eabi/lib/armv7-m/libg.a(lib_a-__atexit.o)
                              /usr/bin/../lib/gcc/arm-none-eabi/4.9.3/../../../../arm-none-eabi/lib/armv7-m/libg.a(lib_a-atexit.o) (__register_exitproc)
/usr/bin/../lib/gcc/arm-none-eabi/4.9.3/../../../../arm-none-eabi/lib/armv7-m/libnosys.a(_exit.o)
                              /usr/bin/../lib/gcc/arm-none-eabi/4.9.3/../../../../arm-none-eabi/lib/armv7-m/libg.a(lib_a-exit.o) (_exit)
/usr/bin/../lib/gcc/arm-none-eabi/4.9.3/../../../../arm-none-eabi/lib/armv7-m/libm.a(lib_a-s_round.o)
                              build/src/bluetooth.o (round)

Allocating common symbols
Common symbol       size              file

batteryCapacity     0x1               build/src/battery.o

Discarded input sections

 .debug_frame   0x0000000000000000       0x30 /usr/bin/../lib/gcc/arm-none-eabi/4.9.3/../../../../arm-none-eabi/lib/armv7-m/libm.a(lib_a-s_round.o)
 .ARM.attributes
                0x0000000000000000       0x2d /usr/bin/../lib/gcc/arm-none-eabi/4.9.3/../../../../arm-none-eabi/lib/armv7-m/libm.a(lib_a-s_round.o)

Memory Configuration

Name             Origin             Length             Attributes
FLASH            0x0000000008000000 0x0000000000080000 xr
RAM              0x0000000020000000 0x0000000000014000 xrw
MEMORY_B1        0x0000000060000000 0x0000000000000000 xr
*default*        0x0000000000000000 0xffffffffffffffff

Linker script and memory map

LOAD /usr/bin/../lib/gcc/arm-none-eabi/4.9.3/armv7-m/crti.o
LOAD /usr/bin/../lib/gcc/arm-none-eabi/4.9.3/armv7-m/crtbegin.o
LOAD /usr/bin/../lib/gcc/arm-none-eabi/4.9.3/../../../../arm-none-eabi/lib/armv7-m/crt0.o
LOAD build/src/main.o
LOAD build/src/system_stm32l1xx.o
LOAD build/src/startup_stm32l1xx_xl.o
LOAD build/src/battery.o
LOAD build/src/bluetooth.o
LOAD build/src/display.o
LOAD build/src/picture.o
LOAD build/src/icons.o
LOAD build/../../Libraries/STM32L1xx_StdPeriph_Driver/src/stm32l1xx_spi.o
LOAD build/../../Libraries/STM32L1xx_StdPeriph_Driver/src/stm32l1xx_gpio.o
LOAD build/../../Libraries/STM32L1xx_StdPeriph_Driver/src/stm32l1xx_rcc.o
START GROUP
LOAD /usr/bin/../lib/gcc/arm-none-eabi/4.9.3/armv7-m/libgcc.a
LOAD /usr/bin/../lib/gcc/arm-none-eabi/4.9.3/../../../../arm-none-eabi/lib/armv7-m/libg.a
LOAD /usr/bin/../lib/gcc/arm-none-eabi/4.9.3/../../../../arm-none-eabi/lib/armv7-m/libc.a
END GROUP
START GROUP
LOAD /usr/bin/../lib/gcc/arm-none-eabi/4.9.3/armv7-m/libgcc.a
LOAD /usr/bin/../lib/gcc/arm-none-eabi/4.9.3/../../../../arm-none-eabi/lib/armv7-m/libc.a
LOAD /usr/bin/../lib/gcc/arm-none-eabi/4.9.3/../../../../arm-none-eabi/lib/armv7-m/libnosys.a
END GROUP
LOAD /usr/bin/../lib/gcc/arm-none-eabi/4.9.3/armv7-m/crtend.o
LOAD /usr/bin/../lib/gcc/arm-none-eabi/4.9.3/armv7-m/crtn.o
                0x0000000020014000                _estack = 0x20014000
                0x0000000000000200                _Min_Heap_Size = 0x200
                0x0000000000000400                _Min_Stack_Size = 0x400

.isr_vector     0x0000000008000000      0x13c
                0x0000000008000000                . = ALIGN (0x4)
 *(.isr_vector)
 .isr_vector    0x0000000008000000      0x13c build/src/startup_stm32l1xx_xl.o
                0x0000000008000000                g_pfnVectors
                0x000000000800013c                . = ALIGN (0x4)

.text           0x0000000008000140     0x3040
                0x0000000008000140                . = ALIGN (0x4)
 *(.text)
 .text          0x0000000008000140        0x0 /usr/bin/../lib/gcc/arm-none-eabi/4.9.3/armv7-m/crti.o
 .text          0x0000000008000140       0x5c /usr/bin/../lib/gcc/arm-none-eabi/4.9.3/armv7-m/crtbegin.o
 .text          0x000000000800019c       0x74 /usr/bin/../lib/gcc/arm-none-eabi/4.9.3/../../../../arm-none-eabi/lib/armv7-m/crt0.o
                0x000000000800019c                _mainCRTStartup
                0x000000000800019c                _start
 .text          0x0000000008000210        0xc build/src/main.o
                0x0000000008000210                main
 .text          0x000000000800021c      0x2d8 build/src/system_stm32l1xx.o
                0x000000000800021c                SystemInit
                0x0000000008000280                SystemCoreClockUpdate
 .text          0x00000000080004f4       0x14 build/src/startup_stm32l1xx_xl.o
 .text          0x0000000008000508      0x228 build/src/battery.o
                0x0000000008000704                ADC1_IRQHandler
 .text          0x0000000008000730      0x274 build/src/bluetooth.o
                0x0000000008000730                bluetooth_t
                0x0000000008000998                USART1_IRQHandler
 .text          0x00000000080009a4      0x210 build/src/display.o
                0x00000000080009a4                display_t
 .text          0x0000000008000bb4       0xb4 build/src/picture.o
                0x0000000008000bb4                createPictureFromFrames
 .text          0x0000000008000c68        0x0 build/src/icons.o
 .text          0x0000000008000c68      0x6dc build/../../Libraries/STM32L1xx_StdPeriph_Driver/src/stm32l1xx_spi.o
                0x0000000008000c68                SPI_I2S_DeInit
                0x0000000008000cdc                SPI_Init
                0x0000000008000d64                I2S_Init
                0x0000000008000eb0                SPI_StructInit
                0x0000000008000ef8                I2S_StructInit
                0x0000000008000f30                SPI_Cmd
                0x0000000008000f70                I2S_Cmd
                0x0000000008000fb0                SPI_DataSizeConfig
                0x0000000008000fe8                SPI_BiDirectionalLineConfig
                0x0000000008001028                SPI_NSSInternalSoftwareConfig
                0x000000000800106c                SPI_SSOutputCmd
                0x00000000080010ac                SPI_I2S_ReceiveData
                0x00000000080010c8                SPI_I2S_SendData
                0x00000000080010e4                SPI_CalculateCRC
                0x0000000008001124                SPI_TransmitCRC
                0x0000000008001148                SPI_GetCRC
                0x000000000800117c                SPI_GetCRCPolynomial
                0x0000000008001198                SPI_I2S_DMACmd
                0x00000000080011e0                SPI_I2S_ITConfig
                0x0000000008001240                SPI_I2S_GetFlagStatus
                0x0000000008001278                SPI_I2S_ClearFlag
                0x0000000008001298                SPI_I2S_GetITStatus
                0x0000000008001310                SPI_I2S_ClearITPendingBit
 .text          0x0000000008001344      0x490 build/../../Libraries/STM32L1xx_StdPeriph_Driver/src/stm32l1xx_gpio.o
                0x0000000008001344                GPIO_DeInit
                0x0000000008001440                GPIO_Init
                0x0000000008001578                GPIO_StructInit
                0x00000000080015ac                GPIO_PinLockConfig
                0x00000000080015f0                GPIO_ReadInputDataBit
                0x0000000008001628                GPIO_ReadInputData
                0x0000000008001644                GPIO_ReadOutputDataBit
                0x000000000800167c                GPIO_ReadOutputData
                0x0000000008001698                GPIO_SetBits
                0x00000000080016b4                GPIO_ResetBits
                0x00000000080016d0                GPIO_WriteBit
                0x0000000008001700                GPIO_Write
                0x000000000800171c                GPIO_ToggleBits
                0x0000000008001744                GPIO_PinAFConfig
 .text          0x00000000080017d4      0x944 build/../../Libraries/STM32L1xx_StdPeriph_Driver/src/stm32l1xx_rcc.o
                0x00000000080017d4                RCC_DeInit
                0x0000000008001830                RCC_HSEConfig
                0x0000000008001854                RCC_WaitForHSEStartUp
                0x00000000080018a4                RCC_AdjustMSICalibrationValue
                0x00000000080018c4                RCC_MSIRangeConfig
                0x00000000080018fc                RCC_MSICmd
                0x000000000800191c                RCC_AdjustHSICalibrationValue
                0x0000000008001958                RCC_HSICmd
                0x0000000008001978                RCC_LSEConfig
                0x000000000800199c                RCC_LSICmd
                0x00000000080019bc                RCC_PLLConfig
                0x00000000080019f0                RCC_PLLCmd
                0x0000000008001a10                RCC_ClockSecuritySystemCmd
                0x0000000008001a30                RCC_LSEClockSecuritySystemCmd
                0x0000000008001a50                RCC_MCOConfig
                0x0000000008001a7c                RCC_SYSCLKConfig
                0x0000000008001ab4                RCC_GetSYSCLKSource
                0x0000000008001ad4                RCC_HCLKConfig
                0x0000000008001b0c                RCC_PCLK1Config
                0x0000000008001b44                RCC_PCLK2Config
                0x0000000008001b7c                RCC_GetClocksFreq
                0x0000000008001d30                RCC_RTCCLKConfig
                0x0000000008001d94                RCC_RTCCLKCmd
                0x0000000008001db4                RCC_RTCResetCmd
                0x0000000008001dd4                RCC_AHBPeriphClockCmd
                0x0000000008001e10                RCC_APB2PeriphClockCmd
                0x0000000008001e4c                RCC_APB1PeriphClockCmd
                0x0000000008001e88                RCC_AHBPeriphResetCmd
                0x0000000008001ec4                RCC_APB2PeriphResetCmd
                0x0000000008001f00                RCC_APB1PeriphResetCmd
                0x0000000008001f3c                RCC_AHBPeriphClockLPModeCmd
                0x0000000008001f78                RCC_APB2PeriphClockLPModeCmd
                0x0000000008001fb4                RCC_APB1PeriphClockLPModeCmd
                0x0000000008001ff0                RCC_ITConfig
                0x000000000800203c                RCC_GetFlagStatus
                0x00000000080020a4                RCC_ClearFlag
                0x00000000080020c0                RCC_GetITStatus
                0x00000000080020f8                RCC_ClearITPendingBit
 .text          0x0000000008002118      0x370 /usr/bin/../lib/gcc/arm-none-eabi/4.9.3/armv7-m/libgcc.a(_arm_addsubdf3.o)
                0x0000000008002118                __aeabi_drsub
                0x0000000008002120                __aeabi_dsub
                0x0000000008002120                __subdf3
                0x0000000008002124                __adddf3
                0x0000000008002124                __aeabi_dadd
                0x000000000800239c                __aeabi_ui2d
                0x000000000800239c                __floatunsidf
                0x00000000080023bc                __floatsidf
                0x00000000080023bc                __aeabi_i2d
                0x00000000080023e0                __extendsfdf2
                0x00000000080023e0                __aeabi_f2d
                0x000000000800241c                __aeabi_ul2d
                0x000000000800241c                __floatundidf
                0x000000000800242c                __floatdidf
                0x000000000800242c                __aeabi_l2d
 .text          0x0000000008002488      0x424 /usr/bin/../lib/gcc/arm-none-eabi/4.9.3/armv7-m/libgcc.a(_arm_muldivdf3.o)
                0x0000000008002488                __aeabi_dmul
                0x0000000008002488                __muldf3
                0x00000000080026dc                __aeabi_ddiv
                0x00000000080026dc                __divdf3
 .text          0x00000000080028ac      0x110 /usr/bin/../lib/gcc/arm-none-eabi/4.9.3/armv7-m/libgcc.a(_arm_cmpdf2.o)
                0x00000000080028ac                __gtdf2
                0x00000000080028ac                __gedf2
                0x00000000080028b4                __ltdf2
                0x00000000080028b4                __ledf2
                0x00000000080028bc                __cmpdf2
                0x00000000080028bc                __eqdf2
                0x00000000080028bc                __nedf2
                0x0000000008002938                __aeabi_cdrcmple
                0x0000000008002948                __aeabi_cdcmple
                0x0000000008002948                __aeabi_cdcmpeq
                0x0000000008002958                __aeabi_dcmpeq
                0x000000000800296c                __aeabi_dcmplt
                0x0000000008002980                __aeabi_dcmple
                0x0000000008002994                __aeabi_dcmpge
                0x00000000080029a8                __aeabi_dcmpgt
 .text          0x00000000080029bc       0x40 /usr/bin/../lib/gcc/arm-none-eabi/4.9.3/armv7-m/libgcc.a(_arm_fixunsdfsi.o)
                0x00000000080029bc                __fixunsdfsi
                0x00000000080029bc                __aeabi_d2uiz
 .text          0x00000000080029fc       0xa0 /usr/bin/../lib/gcc/arm-none-eabi/4.9.3/armv7-m/libgcc.a(_arm_truncdfsf2.o)
                0x00000000080029fc                __aeabi_d2f
                0x00000000080029fc                __truncdfsf2
 .text          0x0000000008002a9c      0x21c /usr/bin/../lib/gcc/arm-none-eabi/4.9.3/armv7-m/libgcc.a(_arm_addsubsf3.o)
                0x0000000008002a9c                __aeabi_frsub
                0x0000000008002aa4                __subsf3
                0x0000000008002aa4                __aeabi_fsub
                0x0000000008002aa8                __aeabi_fadd
                0x0000000008002aa8                __addsf3
                0x0000000008002c08                __aeabi_ui2f
                0x0000000008002c08                __floatunsisf
                0x0000000008002c10                __aeabi_i2f
                0x0000000008002c10                __floatsisf
                0x0000000008002c2c                __floatundisf
                0x0000000008002c2c                __aeabi_ul2f
                0x0000000008002c3c                __floatdisf
                0x0000000008002c3c                __aeabi_l2f
 .text          0x0000000008002cb8       0xec /usr/bin/../lib/gcc/arm-none-eabi/4.9.3/armv7-m/libgcc.a(_arm_cmpsf2.o)
                0x0000000008002cb8                __gtsf2
                0x0000000008002cb8                __gesf2
                0x0000000008002cc0                __lesf2
                0x0000000008002cc0                __ltsf2
                0x0000000008002cc8                __nesf2
                0x0000000008002cc8                __eqsf2
                0x0000000008002cc8                __cmpsf2
                0x0000000008002d28                __aeabi_cfrcmple
                0x0000000008002d30                __aeabi_cfcmple
                0x0000000008002d30                __aeabi_cfcmpeq
                0x0000000008002d40                __aeabi_fcmpeq
                0x0000000008002d54                __aeabi_fcmplt
                0x0000000008002d68                __aeabi_fcmple
                0x0000000008002d7c                __aeabi_fcmpge
                0x0000000008002d90                __aeabi_fcmpgt
 .text          0x0000000008002da4        0x0 /usr/bin/../lib/gcc/arm-none-eabi/4.9.3/../../../../arm-none-eabi/lib/armv7-m/libg.a(lib_a-exit.o)
 .text          0x0000000008002da4        0x0 /usr/bin/../lib/gcc/arm-none-eabi/4.9.3/../../../../arm-none-eabi/lib/armv7-m/libg.a(lib_a-impure.o)
 .text          0x0000000008002da4        0x0 /usr/bin/../lib/gcc/arm-none-eabi/4.9.3/../../../../arm-none-eabi/lib/armv7-m/libg.a(lib_a-init.o)
 .text          0x0000000008002da4        0x0 /usr/bin/../lib/gcc/arm-none-eabi/4.9.3/../../../../arm-none-eabi/lib/armv7-m/libg.a(lib_a-memset.o)
 .text          0x0000000008002da4        0x0 /usr/bin/../lib/gcc/arm-none-eabi/4.9.3/../../../../arm-none-eabi/lib/armv7-m/libg.a(lib_a-__call_atexit.o)
 .text          0x0000000008002da4        0x0 /usr/bin/../lib/gcc/arm-none-eabi/4.9.3/../../../../arm-none-eabi/lib/armv7-m/libg.a(lib_a-atexit.o)
 .text          0x0000000008002da4        0x0 /usr/bin/../lib/gcc/arm-none-eabi/4.9.3/../../../../arm-none-eabi/lib/armv7-m/libg.a(lib_a-fini.o)
 .text          0x0000000008002da4        0x0 /usr/bin/../lib/gcc/arm-none-eabi/4.9.3/../../../../arm-none-eabi/lib/armv7-m/libg.a(lib_a-__atexit.o)
 .text          0x0000000008002da4        0x0 /usr/bin/../lib/gcc/arm-none-eabi/4.9.3/../../../../arm-none-eabi/lib/armv7-m/libnosys.a(_exit.o)
 .text          0x0000000008002da4        0x0 /usr/bin/../lib/gcc/arm-none-eabi/4.9.3/armv7-m/crtend.o
 .text          0x0000000008002da4        0x0 /usr/bin/../lib/gcc/arm-none-eabi/4.9.3/armv7-m/crtn.o
 .text          0x0000000008002da4        0x0 /usr/bin/../lib/gcc/arm-none-eabi/4.9.3/../../../../arm-none-eabi/lib/armv7-m/libm.a(lib_a-s_round.o)
 *(.text*)
 .text.Reset_Handler
                0x0000000008002da4       0x48 build/src/startup_stm32l1xx_xl.o
                0x0000000008002da4                Reset_Handler
 .text.Default_Handler
                0x0000000008002dec        0x2 build/src/startup_stm32l1xx_xl.o
                0x0000000008002dec                RTC_Alarm_IRQHandler
                0x0000000008002dec                EXTI2_IRQHandler
                0x0000000008002dec                COMP_ACQ_IRQHandler
                0x0000000008002dec                DebugMon_Handler
                0x0000000008002dec                HardFault_Handler
                0x0000000008002dec                TIM10_IRQHandler
                0x0000000008002dec                USB_HP_IRQHandler
                0x0000000008002dec                TIM6_IRQHandler
                0x0000000008002dec                SysTick_Handler
                0x0000000008002dec                PVD_IRQHandler
                0x0000000008002dec                PendSV_Handler
                0x0000000008002dec                NMI_Handler
                0x0000000008002dec                EXTI3_IRQHandler
                0x0000000008002dec                EXTI0_IRQHandler
                0x0000000008002dec                I2C2_EV_IRQHandler
                0x0000000008002dec                UsageFault_Handler
                0x0000000008002dec                SPI1_IRQHandler
                0x0000000008002dec                USB_FS_WKUP_IRQHandler
                0x0000000008002dec                DMA2_Channel2_IRQHandler
                0x0000000008002dec                DMA1_Channel4_IRQHandler
                0x0000000008002dec                USART3_IRQHandler
                0x0000000008002dec                DMA1_Channel7_IRQHandler
                0x0000000008002dec                LCD_IRQHandler
                0x0000000008002dec                UART5_IRQHandler
                0x0000000008002dec                TIM4_IRQHandler
                0x0000000008002dec                DMA2_Channel1_IRQHandler
                0x0000000008002dec                I2C1_EV_IRQHandler
                0x0000000008002dec                DMA1_Channel6_IRQHandler
                0x0000000008002dec                UART4_IRQHandler
                0x0000000008002dec                DMA2_Channel4_IRQHandler
                0x0000000008002dec                TIM3_IRQHandler
                0x0000000008002dec                RCC_IRQHandler
                0x0000000008002dec                DMA1_Channel1_IRQHandler
                0x0000000008002dec                Default_Handler
                0x0000000008002dec                EXTI15_10_IRQHandler
                0x0000000008002dec                TIM7_IRQHandler
                0x0000000008002dec                TIM5_IRQHandler
                0x0000000008002dec                EXTI9_5_IRQHandler
                0x0000000008002dec                TIM9_IRQHandler
                0x0000000008002dec                TAMPER_STAMP_IRQHandler
                0x0000000008002dec                RTC_WKUP_IRQHandler
                0x0000000008002dec                SPI2_IRQHandler
                0x0000000008002dec                MemManage_Handler
                0x0000000008002dec                SVC_Handler
                0x0000000008002dec                DMA2_Channel5_IRQHandler
                0x0000000008002dec                DMA1_Channel5_IRQHandler
                0x0000000008002dec                USB_LP_IRQHandler
                0x0000000008002dec                EXTI4_IRQHandler
                0x0000000008002dec                DMA1_Channel3_IRQHandler
                0x0000000008002dec                COMP_IRQHandler
                0x0000000008002dec                WWDG_IRQHandler
                0x0000000008002dec                TIM2_IRQHandler
                0x0000000008002dec                DAC_IRQHandler
                0x0000000008002dec                EXTI1_IRQHandler
                0x0000000008002dec                AES_IRQHandler
                0x0000000008002dec                TIM11_IRQHandler
                0x0000000008002dec                USART2_IRQHandler
                0x0000000008002dec                I2C2_ER_IRQHandler
                0x0000000008002dec                DMA1_Channel2_IRQHandler
                0x0000000008002dec                FLASH_IRQHandler
                0x0000000008002dec                BusFault_Handler
                0x0000000008002dec                SPI3_IRQHandler
                0x0000000008002dec                I2C1_ER_IRQHandler
                0x0000000008002dec                DMA2_Channel3_IRQHandler
 *fill*         0x0000000008002dee        0x2 
 .text.exit     0x0000000008002df0       0x20 /usr/bin/../lib/gcc/arm-none-eabi/4.9.3/../../../../arm-none-eabi/lib/armv7-m/libg.a(lib_a-exit.o)
                0x0000000008002df0                exit
 .text.__libc_init_array
                0x0000000008002e10       0x50 /usr/bin/../lib/gcc/arm-none-eabi/4.9.3/../../../../arm-none-eabi/lib/armv7-m/libg.a(lib_a-init.o)
                0x0000000008002e10                __libc_init_array
 .text.memset   0x0000000008002e60       0x9c /usr/bin/../lib/gcc/arm-none-eabi/4.9.3/../../../../arm-none-eabi/lib/armv7-m/libg.a(lib_a-memset.o)
                0x0000000008002e60                memset
 .text.startup.register_fini
                0x0000000008002efc       0x14 /usr/bin/../lib/gcc/arm-none-eabi/4.9.3/../../../../arm-none-eabi/lib/armv7-m/libg.a(lib_a-__call_atexit.o)
 .text.__call_exitprocs
                0x0000000008002f10       0xd4 /usr/bin/../lib/gcc/arm-none-eabi/4.9.3/../../../../arm-none-eabi/lib/armv7-m/libg.a(lib_a-__call_atexit.o)
                0x0000000008002f10                __call_exitprocs
 .text.atexit   0x0000000008002fe4        0xc /usr/bin/../lib/gcc/arm-none-eabi/4.9.3/../../../../arm-none-eabi/lib/armv7-m/libg.a(lib_a-atexit.o)
                0x0000000008002fe4                atexit
 .text.__libc_fini_array
                0x0000000008002ff0       0x2c /usr/bin/../lib/gcc/arm-none-eabi/4.9.3/../../../../arm-none-eabi/lib/armv7-m/libg.a(lib_a-fini.o)
                0x0000000008002ff0                __libc_fini_array
 .text.__register_exitproc
                0x000000000800301c       0xa4 /usr/bin/../lib/gcc/arm-none-eabi/4.9.3/../../../../arm-none-eabi/lib/armv7-m/libg.a(lib_a-__atexit.o)
                0x000000000800301c                __register_exitproc
 .text._exit    0x00000000080030c0        0x4 /usr/bin/../lib/gcc/arm-none-eabi/4.9.3/../../../../arm-none-eabi/lib/armv7-m/libnosys.a(_exit.o)
                0x00000000080030c0                _exit
 .text.round    0x00000000080030c4       0xa0 /usr/bin/../lib/gcc/arm-none-eabi/4.9.3/../../../../arm-none-eabi/lib/armv7-m/libm.a(lib_a-s_round.o)
                0x00000000080030c4                round
 *(.glue_7)
 .glue_7        0x0000000000000000        0x0 linker stubs
 *(.glue_7t)
 .glue_7t       0x0000000000000000        0x0 linker stubs
 *(.eh_frame)
 .eh_frame      0x0000000008003164        0x0 /usr/bin/../lib/gcc/arm-none-eabi/4.9.3/armv7-m/crtbegin.o
 .eh_frame      0x0000000008003164        0x4 /usr/bin/../lib/gcc/arm-none-eabi/4.9.3/armv7-m/crtend.o
 *(.init)
 .init          0x0000000008003168        0x4 /usr/bin/../lib/gcc/arm-none-eabi/4.9.3/armv7-m/crti.o
                0x0000000008003168                _init
 .init          0x000000000800316c        0x8 /usr/bin/../lib/gcc/arm-none-eabi/4.9.3/armv7-m/crtn.o
 *(.fini)
 .fini          0x0000000008003174        0x4 /usr/bin/../lib/gcc/arm-none-eabi/4.9.3/armv7-m/crti.o
                0x0000000008003174                _fini
 .fini          0x0000000008003178        0x8 /usr/bin/../lib/gcc/arm-none-eabi/4.9.3/armv7-m/crtn.o
                0x0000000008003180                . = ALIGN (0x4)
                0x0000000008003180                _etext = .

.vfp11_veneer   0x0000000008003180        0x0
 .vfp11_veneer  0x0000000000000000        0x0 linker stubs

.v4_bx          0x0000000008003180        0x0
 .v4_bx         0x0000000000000000        0x0 linker stubs

.iplt           0x0000000008003180        0x0
 .iplt          0x0000000000000000        0x0 /usr/bin/../lib/gcc/arm-none-eabi/4.9.3/armv7-m/crtbegin.o

.rodata         0x0000000008003180       0x34
                0x0000000008003180                . = ALIGN (0x4)
 *(.rodata)
 .rodata        0x0000000008003180       0x2a build/src/bluetooth.o
 *(.rodata*)
 *fill*         0x00000000080031aa        0x2 
 .rodata.str1.4
                0x00000000080031ac        0x4 /usr/bin/../lib/gcc/arm-none-eabi/4.9.3/../../../../arm-none-eabi/lib/armv7-m/libg.a(lib_a-impure.o)
                                          0x2 (size before relaxing)
 .rodata._global_impure_ptr
                0x00000000080031b0        0x4 /usr/bin/../lib/gcc/arm-none-eabi/4.9.3/../../../../arm-none-eabi/lib/armv7-m/libg.a(lib_a-impure.o)
                0x00000000080031b0                _global_impure_ptr
                0x00000000080031b4                . = ALIGN (0x4)

.ARM.extab      0x00000000080031b4        0x0
 *(.ARM.extab* .gnu.linkonce.armextab.*)
 .ARM.extab     0x00000000080031b4        0x0 /usr/bin/../lib/gcc/arm-none-eabi/4.9.3/../../../../arm-none-eabi/lib/armv7-m/crt0.o

.ARM            0x00000000080031b4        0x8
                0x00000000080031b4                __exidx_start = .
 *(.ARM.exidx*)
 .ARM.exidx     0x00000000080031b4        0x8 /usr/bin/../lib/gcc/arm-none-eabi/4.9.3/../../../../arm-none-eabi/lib/armv7-m/crt0.o
                0x00000000080031bc                __exidx_end = .

.rel.dyn        0x00000000080031bc        0x0
 .rel.iplt      0x0000000000000000        0x0 /usr/bin/../lib/gcc/arm-none-eabi/4.9.3/armv7-m/crtbegin.o

.preinit_array  0x00000000080031bc        0x0
                0x00000000080031bc                PROVIDE (__preinit_array_start, .)
 *(.preinit_array*)
                0x00000000080031bc                PROVIDE (__preinit_array_end, .)

.init_array     0x00000000080031bc        0x8
                0x00000000080031bc                PROVIDE (__init_array_start, .)
 *(SORT(.init_array.*))
 .init_array.00000
                0x00000000080031bc        0x4 /usr/bin/../lib/gcc/arm-none-eabi/4.9.3/../../../../arm-none-eabi/lib/armv7-m/libg.a(lib_a-__call_atexit.o)
 *(.init_array*)
 .init_array    0x00000000080031c0        0x4 /usr/bin/../lib/gcc/arm-none-eabi/4.9.3/armv7-m/crtbegin.o
                0x00000000080031c4                PROVIDE (__init_array_end, .)

.fini_array     0x00000000080031c4        0x4
                0x00000000080031c4                PROVIDE (__fini_array_start, .)
 *(SORT(.fini_array.*))
 *(.fini_array*)
 .fini_array    0x00000000080031c4        0x4 /usr/bin/../lib/gcc/arm-none-eabi/4.9.3/armv7-m/crtbegin.o
                0x00000000080031c8                PROVIDE (__fini_array_end, .)
                0x00000000080031c8                _sidata = LOADADDR (.data)

.data           0x0000000020000000      0x46c load address 0x00000000080031c8
                0x0000000020000000                . = ALIGN (0x4)
                0x0000000020000000                _sdata = .
 *(.data)
 .data          0x0000000020000000        0x0 /usr/bin/../lib/gcc/arm-none-eabi/4.9.3/armv7-m/crti.o
 .data          0x0000000020000000        0x4 /usr/bin/../lib/gcc/arm-none-eabi/4.9.3/armv7-m/crtbegin.o
                0x0000000020000000                __dso_handle
 .data          0x0000000020000004        0x0 /usr/bin/../lib/gcc/arm-none-eabi/4.9.3/../../../../arm-none-eabi/lib/armv7-m/crt0.o
 .data          0x0000000020000004        0x0 build/src/main.o
 .data          0x0000000020000004       0x20 build/src/system_stm32l1xx.o
                0x0000000020000004                SystemCoreClock
                0x0000000020000008                PLLMulTable
                0x0000000020000014                AHBPrescTable
 .data          0x0000000020000024        0x0 build/src/startup_stm32l1xx_xl.o
 .data          0x0000000020000024        0x0 build/src/battery.o
 .data          0x0000000020000024        0x0 build/src/bluetooth.o
 .data          0x0000000020000024        0x0 build/src/display.o
 .data          0x0000000020000024        0x0 build/src/picture.o
 .data          0x0000000020000024        0x0 build/src/icons.o
 .data          0x0000000020000024        0x0 build/../../Libraries/STM32L1xx_StdPeriph_Driver/src/stm32l1xx_spi.o
 .data          0x0000000020000024        0x0 build/../../Libraries/STM32L1xx_StdPeriph_Driver/src/stm32l1xx_gpio.o
 .data          0x0000000020000024       0x1c build/../../Libraries/STM32L1xx_StdPeriph_Driver/src/stm32l1xx_rcc.o
 .data          0x0000000020000040        0x0 /usr/bin/../lib/gcc/arm-none-eabi/4.9.3/armv7-m/libgcc.a(_arm_addsubdf3.o)
 .data          0x0000000020000040        0x0 /usr/bin/../lib/gcc/arm-none-eabi/4.9.3/armv7-m/libgcc.a(_arm_muldivdf3.o)
 .data          0x0000000020000040        0x0 /usr/bin/../lib/gcc/arm-none-eabi/4.9.3/armv7-m/libgcc.a(_arm_cmpdf2.o)
 .data          0x0000000020000040        0x0 /usr/bin/../lib/gcc/arm-none-eabi/4.9.3/armv7-m/libgcc.a(_arm_fixunsdfsi.o)
 .data          0x0000000020000040        0x0 /usr/bin/../lib/gcc/arm-none-eabi/4.9.3/armv7-m/libgcc.a(_arm_truncdfsf2.o)
 .data          0x0000000020000040        0x0 /usr/bin/../lib/gcc/arm-none-eabi/4.9.3/armv7-m/libgcc.a(_arm_addsubsf3.o)
 .data          0x0000000020000040        0x0 /usr/bin/../lib/gcc/arm-none-eabi/4.9.3/armv7-m/libgcc.a(_arm_cmpsf2.o)
 .data          0x0000000020000040        0x0 /usr/bin/../lib/gcc/arm-none-eabi/4.9.3/../../../../arm-none-eabi/lib/armv7-m/libg.a(lib_a-exit.o)
 .data          0x0000000020000040        0x0 /usr/bin/../lib/gcc/arm-none-eabi/4.9.3/../../../../arm-none-eabi/lib/armv7-m/libg.a(lib_a-impure.o)
 .data          0x0000000020000040        0x0 /usr/bin/../lib/gcc/arm-none-eabi/4.9.3/../../../../arm-none-eabi/lib/armv7-m/libg.a(lib_a-init.o)
 .data          0x0000000020000040        0x0 /usr/bin/../lib/gcc/arm-none-eabi/4.9.3/../../../../arm-none-eabi/lib/armv7-m/libg.a(lib_a-memset.o)
 .data          0x0000000020000040        0x0 /usr/bin/../lib/gcc/arm-none-eabi/4.9.3/../../../../arm-none-eabi/lib/armv7-m/libg.a(lib_a-__call_atexit.o)
 .data          0x0000000020000040        0x0 /usr/bin/../lib/gcc/arm-none-eabi/4.9.3/../../../../arm-none-eabi/lib/armv7-m/libg.a(lib_a-atexit.o)
 .data          0x0000000020000040        0x0 /usr/bin/../lib/gcc/arm-none-eabi/4.9.3/../../../../arm-none-eabi/lib/armv7-m/libg.a(lib_a-fini.o)
 .data          0x0000000020000040        0x0 /usr/bin/../lib/gcc/arm-none-eabi/4.9.3/../../../../arm-none-eabi/lib/armv7-m/libg.a(lib_a-__atexit.o)
 .data          0x0000000020000040        0x0 /usr/bin/../lib/gcc/arm-none-eabi/4.9.3/../../../../arm-none-eabi/lib/armv7-m/libnosys.a(_exit.o)
 .data          0x0000000020000040        0x0 /usr/bin/../lib/gcc/arm-none-eabi/4.9.3/armv7-m/crtend.o
 .data          0x0000000020000040        0x0 /usr/bin/../lib/gcc/arm-none-eabi/4.9.3/armv7-m/crtn.o
 .data          0x0000000020000040        0x0 /usr/bin/../lib/gcc/arm-none-eabi/4.9.3/../../../../arm-none-eabi/lib/armv7-m/libm.a(lib_a-s_round.o)
 *(.data*)
 .data.impure_data
                0x0000000020000040      0x428 /usr/bin/../lib/gcc/arm-none-eabi/4.9.3/../../../../arm-none-eabi/lib/armv7-m/libg.a(lib_a-impure.o)
 .data._impure_ptr
                0x0000000020000468        0x4 /usr/bin/../lib/gcc/arm-none-eabi/4.9.3/../../../../arm-none-eabi/lib/armv7-m/libg.a(lib_a-impure.o)
                0x0000000020000468                _impure_ptr
 *(.RamFunc)
                0x000000002000046c                . = ALIGN (0x4)
                0x000000002000046c                _edata = .

.jcr            0x000000002000046c        0x4 load address 0x0000000008003634
 .jcr           0x000000002000046c        0x0 /usr/bin/../lib/gcc/arm-none-eabi/4.9.3/armv7-m/crtbegin.o
 .jcr           0x000000002000046c        0x4 /usr/bin/../lib/gcc/arm-none-eabi/4.9.3/armv7-m/crtend.o

.igot.plt       0x0000000020000470        0x0 load address 0x0000000008003638
 .igot.plt      0x0000000000000000        0x0 /usr/bin/../lib/gcc/arm-none-eabi/4.9.3/armv7-m/crtbegin.o
                0x0000000020000470                . = ALIGN (0x4)

.bss            0x0000000020000470       0x20 load address 0x0000000008003638
                0x0000000020000470                _sbss = .
                0x0000000020000470                __bss_start__ = _sbss
 *(.bss)
 .bss           0x0000000020000470        0x0 /usr/bin/../lib/gcc/arm-none-eabi/4.9.3/armv7-m/crti.o
 .bss           0x0000000020000470       0x1c /usr/bin/../lib/gcc/arm-none-eabi/4.9.3/armv7-m/crtbegin.o
 .bss           0x000000002000048c        0x0 /usr/bin/../lib/gcc/arm-none-eabi/4.9.3/../../../../arm-none-eabi/lib/armv7-m/crt0.o
 .bss           0x000000002000048c        0x0 build/src/main.o
 .bss           0x000000002000048c        0x0 build/src/system_stm32l1xx.o
 .bss           0x000000002000048c        0x0 build/src/startup_stm32l1xx_xl.o
 .bss           0x000000002000048c        0x0 build/src/battery.o
 .bss           0x000000002000048c        0x0 build/src/bluetooth.o
 .bss           0x000000002000048c        0x0 build/src/display.o
 .bss           0x000000002000048c        0x0 build/src/picture.o
 .bss           0x000000002000048c        0x0 build/src/icons.o
 .bss           0x000000002000048c        0x0 build/../../Libraries/STM32L1xx_StdPeriph_Driver/src/stm32l1xx_spi.o
 .bss           0x000000002000048c        0x0 build/../../Libraries/STM32L1xx_StdPeriph_Driver/src/stm32l1xx_gpio.o
 .bss           0x000000002000048c        0x0 build/../../Libraries/STM32L1xx_StdPeriph_Driver/src/stm32l1xx_rcc.o
 .bss           0x000000002000048c        0x0 /usr/bin/../lib/gcc/arm-none-eabi/4.9.3/armv7-m/libgcc.a(_arm_addsubdf3.o)
 .bss           0x000000002000048c        0x0 /usr/bin/../lib/gcc/arm-none-eabi/4.9.3/armv7-m/libgcc.a(_arm_muldivdf3.o)
 .bss           0x000000002000048c        0x0 /usr/bin/../lib/gcc/arm-none-eabi/4.9.3/armv7-m/libgcc.a(_arm_cmpdf2.o)
 .bss           0x000000002000048c        0x0 /usr/bin/../lib/gcc/arm-none-eabi/4.9.3/armv7-m/libgcc.a(_arm_fixunsdfsi.o)
 .bss           0x000000002000048c        0x0 /usr/bin/../lib/gcc/arm-none-eabi/4.9.3/armv7-m/libgcc.a(_arm_truncdfsf2.o)
 .bss           0x000000002000048c        0x0 /usr/bin/../lib/gcc/arm-none-eabi/4.9.3/armv7-m/libgcc.a(_arm_addsubsf3.o)
 .bss           0x000000002000048c        0x0 /usr/bin/../lib/gcc/arm-none-eabi/4.9.3/armv7-m/libgcc.a(_arm_cmpsf2.o)
 .bss           0x000000002000048c        0x0 /usr/bin/../lib/gcc/arm-none-eabi/4.9.3/../../../../arm-none-eabi/lib/armv7-m/libg.a(lib_a-exit.o)
 .bss           0x000000002000048c        0x0 /usr/bin/../lib/gcc/arm-none-eabi/4.9.3/../../../../arm-none-eabi/lib/armv7-m/libg.a(lib_a-impure.o)
 .bss           0x000000002000048c        0x0 /usr/bin/../lib/gcc/arm-none-eabi/4.9.3/../../../../arm-none-eabi/lib/armv7-m/libg.a(lib_a-init.o)
 .bss           0x000000002000048c        0x0 /usr/bin/../lib/gcc/arm-none-eabi/4.9.3/../../../../arm-none-eabi/lib/armv7-m/libg.a(lib_a-memset.o)
 .bss           0x000000002000048c        0x0 /usr/bin/../lib/gcc/arm-none-eabi/4.9.3/../../../../arm-none-eabi/lib/armv7-m/libg.a(lib_a-__call_atexit.o)
 .bss           0x000000002000048c        0x0 /usr/bin/../lib/gcc/arm-none-eabi/4.9.3/../../../../arm-none-eabi/lib/armv7-m/libg.a(lib_a-atexit.o)
 .bss           0x000000002000048c        0x0 /usr/bin/../lib/gcc/arm-none-eabi/4.9.3/../../../../arm-none-eabi/lib/armv7-m/libg.a(lib_a-fini.o)
 .bss           0x000000002000048c        0x0 /usr/bin/../lib/gcc/arm-none-eabi/4.9.3/../../../../arm-none-eabi/lib/armv7-m/libg.a(lib_a-__atexit.o)
 .bss           0x000000002000048c        0x0 /usr/bin/../lib/gcc/arm-none-eabi/4.9.3/../../../../arm-none-eabi/lib/armv7-m/libnosys.a(_exit.o)
 .bss           0x000000002000048c        0x0 /usr/bin/../lib/gcc/arm-none-eabi/4.9.3/armv7-m/crtend.o
 .bss           0x000000002000048c        0x0 /usr/bin/../lib/gcc/arm-none-eabi/4.9.3/armv7-m/crtn.o
 .bss           0x000000002000048c        0x0 /usr/bin/../lib/gcc/arm-none-eabi/4.9.3/../../../../arm-none-eabi/lib/armv7-m/libm.a(lib_a-s_round.o)
 *(.bss*)
 *(COMMON)
 COMMON         0x000000002000048c        0x1 build/src/battery.o
                0x000000002000048c                batteryCapacity
                0x0000000020000490                . = ALIGN (0x4)
 *fill*         0x000000002000048d        0x3 
                0x0000000020000490                _ebss = .
                0x0000000020000490                __bss_end__ = _ebss

._user_heap_stack
                0x0000000020000490      0x600 load address 0x0000000008003638
                0x0000000020000490                . = ALIGN (0x4)
                0x0000000020000490                PROVIDE (end, .)
                0x0000000020000490                PROVIDE (_end, .)
                0x0000000020000690                . = (. + _Min_Heap_Size)
 *fill*         0x0000000020000490      0x200 
                0x0000000020000a90                . = (. + _Min_Stack_Size)
 *fill*         0x0000000020000690      0x400 
                0x0000000020000a90                . = ALIGN (0x4)

.memory_b1_text
 *(.mb1text)
 *(.mb1text*)
 *(.mb1rodata)
 *(.mb1rodata*)

/DISCARD/
 libc.a(*)
 libm.a(*)
 libgcc.a(*)

.ARM.attributes
                0x0000000000000000       0x29
 *(.ARM.attributes)
 .ARM.attributes
                0x0000000000000000       0x1d /usr/bin/../lib/gcc/arm-none-eabi/4.9.3/armv7-m/crti.o
 .ARM.attributes
                0x000000000000001d       0x2d /usr/bin/../lib/gcc/arm-none-eabi/4.9.3/armv7-m/crtbegin.o
 .ARM.attributes
                0x000000000000004a       0x1b /usr/bin/../lib/gcc/arm-none-eabi/4.9.3/../../../../arm-none-eabi/lib/armv7-m/crt0.o
 .ARM.attributes
                0x0000000000000065       0x33 build/src/main.o
 .ARM.attributes
                0x0000000000000098       0x33 build/src/system_stm32l1xx.o
 .ARM.attributes
                0x00000000000000cb       0x21 build/src/startup_stm32l1xx_xl.o
 .ARM.attributes
                0x00000000000000ec       0x33 build/src/battery.o
 .ARM.attributes
                0x000000000000011f       0x33 build/src/bluetooth.o
 .ARM.attributes
                0x0000000000000152       0x33 build/src/display.o
 .ARM.attributes
                0x0000000000000185       0x33 build/src/picture.o
 .ARM.attributes
                0x00000000000001b8       0x33 build/src/icons.o
 .ARM.attributes
                0x00000000000001eb       0x33 build/../../Libraries/STM32L1xx_StdPeriph_Driver/src/stm32l1xx_spi.o
 .ARM.attributes
                0x000000000000021e       0x33 build/../../Libraries/STM32L1xx_StdPeriph_Driver/src/stm32l1xx_gpio.o
 .ARM.attributes
                0x0000000000000251       0x33 build/../../Libraries/STM32L1xx_StdPeriph_Driver/src/stm32l1xx_rcc.o
 .ARM.attributes
                0x0000000000000284       0x1d /usr/bin/../lib/gcc/arm-none-eabi/4.9.3/armv7-m/libgcc.a(_arm_addsubdf3.o)
 .ARM.attributes
                0x00000000000002a1       0x1d /usr/bin/../lib/gcc/arm-none-eabi/4.9.3/armv7-m/libgcc.a(_arm_muldivdf3.o)
 .ARM.attributes
                0x00000000000002be       0x1d /usr/bin/../lib/gcc/arm-none-eabi/4.9.3/armv7-m/libgcc.a(_arm_cmpdf2.o)
 .ARM.attributes
                0x00000000000002db       0x1d /usr/bin/../lib/gcc/arm-none-eabi/4.9.3/armv7-m/libgcc.a(_arm_fixunsdfsi.o)
 .ARM.attributes
                0x00000000000002f8       0x1d /usr/bin/../lib/gcc/arm-none-eabi/4.9.3/armv7-m/libgcc.a(_arm_truncdfsf2.o)
 .ARM.attributes
                0x0000000000000315       0x1d /usr/bin/../lib/gcc/arm-none-eabi/4.9.3/armv7-m/libgcc.a(_arm_addsubsf3.o)
 .ARM.attributes
                0x0000000000000332       0x1d /usr/bin/../lib/gcc/arm-none-eabi/4.9.3/armv7-m/libgcc.a(_arm_cmpsf2.o)
 .ARM.attributes
                0x000000000000034f       0x2d /usr/bin/../lib/gcc/arm-none-eabi/4.9.3/../../../../arm-none-eabi/lib/armv7-m/libg.a(lib_a-exit.o)
 .ARM.attributes
                0x000000000000037c       0x2d /usr/bin/../lib/gcc/arm-none-eabi/4.9.3/../../../../arm-none-eabi/lib/armv7-m/libg.a(lib_a-impure.o)
 .ARM.attributes
                0x00000000000003a9       0x2d /usr/bin/../lib/gcc/arm-none-eabi/4.9.3/../../../../arm-none-eabi/lib/armv7-m/libg.a(lib_a-init.o)
 .ARM.attributes
                0x00000000000003d6       0x2d /usr/bin/../lib/gcc/arm-none-eabi/4.9.3/../../../../arm-none-eabi/lib/armv7-m/libg.a(lib_a-memset.o)
 .ARM.attributes
                0x0000000000000403       0x2d /usr/bin/../lib/gcc/arm-none-eabi/4.9.3/../../../../arm-none-eabi/lib/armv7-m/libg.a(lib_a-__call_atexit.o)
 .ARM.attributes
                0x0000000000000430       0x2d /usr/bin/../lib/gcc/arm-none-eabi/4.9.3/../../../../arm-none-eabi/lib/armv7-m/libg.a(lib_a-atexit.o)
 .ARM.attributes
                0x000000000000045d       0x2d /usr/bin/../lib/gcc/arm-none-eabi/4.9.3/../../../../arm-none-eabi/lib/armv7-m/libg.a(lib_a-fini.o)
 .ARM.attributes
                0x000000000000048a       0x2d /usr/bin/../lib/gcc/arm-none-eabi/4.9.3/../../../../arm-none-eabi/lib/armv7-m/libg.a(lib_a-__atexit.o)
 .ARM.attributes
                0x00000000000004b7       0x2d /usr/bin/../lib/gcc/arm-none-eabi/4.9.3/../../../../arm-none-eabi/lib/armv7-m/libnosys.a(_exit.o)
 .ARM.attributes
                0x00000000000004e4       0x2d /usr/bin/../lib/gcc/arm-none-eabi/4.9.3/armv7-m/crtend.o
 .ARM.attributes
                0x0000000000000511       0x1d /usr/bin/../lib/gcc/arm-none-eabi/4.9.3/armv7-m/crtn.o
OUTPUT(build/main.elf elf32-littlearm)

.debug_info     0x0000000000000000     0x373f
 .debug_info    0x0000000000000000       0xd9 build/src/main.o
 .debug_info    0x00000000000000d9      0x54a build/src/system_stm32l1xx.o
 .debug_info    0x0000000000000623       0x7b build/src/startup_stm32l1xx_xl.o
 .debug_info    0x000000000000069e      0x795 build/src/battery.o
 .debug_info    0x0000000000000e33      0x764 build/src/bluetooth.o
 .debug_info    0x0000000000001597      0x63f build/src/display.o
 .debug_info    0x0000000000001bd6      0x213 build/src/picture.o
 .debug_info    0x0000000000001de9      0x8eb build/../../Libraries/STM32L1xx_StdPeriph_Driver/src/stm32l1xx_spi.o
 .debug_info    0x00000000000026d4      0x658 build/../../Libraries/STM32L1xx_StdPeriph_Driver/src/stm32l1xx_gpio.o
 .debug_info    0x0000000000002d2c      0xa13 build/../../Libraries/STM32L1xx_StdPeriph_Driver/src/stm32l1xx_rcc.o

.debug_abbrev   0x0000000000000000      0xbfb
 .debug_abbrev  0x0000000000000000       0x7d build/src/main.o
 .debug_abbrev  0x000000000000007d      0x147 build/src/system_stm32l1xx.o
 .debug_abbrev  0x00000000000001c4       0x12 build/src/startup_stm32l1xx_xl.o
 .debug_abbrev  0x00000000000001d6      0x19d build/src/battery.o
 .debug_abbrev  0x0000000000000373      0x193 build/src/bluetooth.o
 .debug_abbrev  0x0000000000000506      0x11e build/src/display.o
 .debug_abbrev  0x0000000000000624       0xcd build/src/picture.o
 .debug_abbrev  0x00000000000006f1      0x180 build/../../Libraries/STM32L1xx_StdPeriph_Driver/src/stm32l1xx_spi.o
 .debug_abbrev  0x0000000000000871      0x1a5 build/../../Libraries/STM32L1xx_StdPeriph_Driver/src/stm32l1xx_gpio.o
 .debug_abbrev  0x0000000000000a16      0x1e5 build/../../Libraries/STM32L1xx_StdPeriph_Driver/src/stm32l1xx_rcc.o

.debug_aranges  0x0000000000000000      0x148
 .debug_aranges
                0x0000000000000000       0x20 build/src/main.o
 .debug_aranges
                0x0000000000000020       0x20 build/src/system_stm32l1xx.o
 .debug_aranges
                0x0000000000000040       0x28 build/src/startup_stm32l1xx_xl.o
 .debug_aranges
                0x0000000000000068       0x20 build/src/battery.o
 .debug_aranges
                0x0000000000000088       0x20 build/src/bluetooth.o
 .debug_aranges
                0x00000000000000a8       0x20 build/src/display.o
 .debug_aranges
                0x00000000000000c8       0x20 build/src/picture.o
 .debug_aranges
                0x00000000000000e8       0x20 build/../../Libraries/STM32L1xx_StdPeriph_Driver/src/stm32l1xx_spi.o
 .debug_aranges
                0x0000000000000108       0x20 build/../../Libraries/STM32L1xx_StdPeriph_Driver/src/stm32l1xx_gpio.o
 .debug_aranges
                0x0000000000000128       0x20 build/../../Libraries/STM32L1xx_StdPeriph_Driver/src/stm32l1xx_rcc.o

.debug_line     0x0000000000000000      0xf08
 .debug_line    0x0000000000000000       0xc9 build/src/main.o
 .debug_line    0x00000000000000c9      0x181 build/src/system_stm32l1xx.o
 .debug_line    0x000000000000024a       0x77 build/src/startup_stm32l1xx_xl.o
 .debug_line    0x00000000000002c1      0x13d build/src/battery.o
 .debug_line    0x00000000000003fe      0x14a build/src/bluetooth.o
 .debug_line    0x0000000000000548      0x14a build/src/display.o
 .debug_line    0x0000000000000692      0x10d build/src/picture.o
 .debug_line    0x000000000000079f        0x0 build/src/icons.o
 .debug_line    0x000000000000079f      0x27f build/../../Libraries/STM32L1xx_StdPeriph_Driver/src/stm32l1xx_spi.o
 .debug_line    0x0000000000000a1e      0x224 build/../../Libraries/STM32L1xx_StdPeriph_Driver/src/stm32l1xx_gpio.o
 .debug_line    0x0000000000000c42      0x2c6 build/../../Libraries/STM32L1xx_StdPeriph_Driver/src/stm32l1xx_rcc.o

.debug_str      0x0000000000000000     0x1613
 .debug_str     0x0000000000000000      0x156 build/src/main.o
                                        0x19e (size before relaxing)
 .debug_str     0x0000000000000156      0x1cf build/src/system_stm32l1xx.o
                                        0x368 (size before relaxing)
 .debug_str     0x0000000000000325      0x501 build/src/battery.o
                                        0x733 (size before relaxing)
 .debug_str     0x0000000000000826       0xe2 build/src/bluetooth.o
                                        0x70c (size before relaxing)
 .debug_str     0x0000000000000908      0x16b build/src/display.o
                                        0x403 (size before relaxing)
 .debug_str     0x0000000000000a73       0xa3 build/src/picture.o
                                        0x229 (size before relaxing)
 .debug_str     0x0000000000000b16        0xc build/src/icons.o
                                         0xc6 (size before relaxing)
 .debug_str     0x0000000000000b22      0x3e9 build/../../Libraries/STM32L1xx_StdPeriph_Driver/src/stm32l1xx_spi.o
                                        0x630 (size before relaxing)
 .debug_str     0x0000000000000f0b      0x2e5 build/../../Libraries/STM32L1xx_StdPeriph_Driver/src/stm32l1xx_gpio.o
                                        0x506 (size before relaxing)
 .debug_str     0x00000000000011f0      0x423 build/../../Libraries/STM32L1xx_StdPeriph_Driver/src/stm32l1xx_rcc.o
                                        0x743 (size before relaxing)

.comment        0x0000000000000000       0x70
 .comment       0x0000000000000000       0x70 build/src/main.o
                                         0x71 (size before relaxing)
 .comment       0x0000000000000000       0x71 build/src/system_stm32l1xx.o
 .comment       0x0000000000000000       0x71 build/src/battery.o
 .comment       0x0000000000000000       0x71 build/src/bluetooth.o
 .comment       0x0000000000000000       0x71 build/src/display.o
 .comment       0x0000000000000000       0x71 build/src/picture.o
 .comment       0x0000000000000000       0x71 build/src/icons.o
 .comment       0x0000000000000000       0x71 build/../../Libraries/STM32L1xx_StdPeriph_Driver/src/stm32l1xx_spi.o
 .comment       0x0000000000000000       0x71 build/../../Libraries/STM32L1xx_StdPeriph_Driver/src/stm32l1xx_gpio.o
 .comment       0x0000000000000000       0x71 build/../../Libraries/STM32L1xx_StdPeriph_Driver/src/stm32l1xx_rcc.o

.debug_frame    0x0000000000000000     0x1174
 .debug_frame   0x0000000000000000       0x2c build/src/main.o
 .debug_frame   0x000000000000002c       0x7c build/src/system_stm32l1xx.o
 .debug_frame   0x00000000000000a8       0xd8 build/src/battery.o
 .debug_frame   0x0000000000000180      0x128 build/src/bluetooth.o
 .debug_frame   0x00000000000002a8      0x150 build/src/display.o
 .debug_frame   0x00000000000003f8       0x3c build/src/picture.o
 .debug_frame   0x0000000000000434      0x3a0 build/../../Libraries/STM32L1xx_StdPeriph_Driver/src/stm32l1xx_spi.o
 .debug_frame   0x00000000000007d4      0x23c build/../../Libraries/STM32L1xx_StdPeriph_Driver/src/stm32l1xx_gpio.o
 .debug_frame   0x0000000000000a10      0x5e4 build/../../Libraries/STM32L1xx_StdPeriph_Driver/src/stm32l1xx_rcc.o
 .debug_frame   0x0000000000000ff4       0x28 /usr/bin/../lib/gcc/arm-none-eabi/4.9.3/../../../../arm-none-eabi/lib/armv7-m/libg.a(lib_a-exit.o)
 .debug_frame   0x000000000000101c       0x2c /usr/bin/../lib/gcc/arm-none-eabi/4.9.3/../../../../arm-none-eabi/lib/armv7-m/libg.a(lib_a-init.o)
 .debug_frame   0x0000000000001048       0x34 /usr/bin/../lib/gcc/arm-none-eabi/4.9.3/../../../../arm-none-eabi/lib/armv7-m/libg.a(lib_a-memset.o)
 .debug_frame   0x000000000000107c       0x50 /usr/bin/../lib/gcc/arm-none-eabi/4.9.3/../../../../arm-none-eabi/lib/armv7-m/libg.a(lib_a-__call_atexit.o)
 .debug_frame   0x00000000000010cc       0x20 /usr/bin/../lib/gcc/arm-none-eabi/4.9.3/../../../../arm-none-eabi/lib/armv7-m/libg.a(lib_a-atexit.o)
 .debug_frame   0x00000000000010ec       0x34 /usr/bin/../lib/gcc/arm-none-eabi/4.9.3/../../../../arm-none-eabi/lib/armv7-m/libg.a(lib_a-fini.o)
 .debug_frame   0x0000000000001120       0x34 /usr/bin/../lib/gcc/arm-none-eabi/4.9.3/../../../../arm-none-eabi/lib/armv7-m/libg.a(lib_a-__atexit.o)
 .debug_frame   0x0000000000001154       0x20 /usr/bin/../lib/gcc/arm-none-eabi/4.9.3/../../../../arm-none-eabi/lib/armv7-m/libnosys.a(_exit.o)

.debug_ranges   0x0000000000000000       0x20
 .debug_ranges  0x0000000000000000       0x20 build/src/startup_stm32l1xx_xl.o
